03-07 18:07:09.435 12194 12202 D FiniteState: football_league2025---0e2d5971ec35132f5343adc732fcf04a100a223e3b60201be6c73f276ca12f48---com.google.android.gms.ads.identifier.AdvertisingIdClient---zza---null
03-07 18:07:09.435 12194 12202 D FiniteState: football_league2025---0e2d5971ec35132f5343adc732fcf04a100a223e3b60201be6c73f276ca12f48---com.google.android.gms.ads.identifier.AdvertisingIdClient---finalize---null
03-07 18:07:12.415 12194 12194 D FiniteState: football_league2025---0e2d5971ec35132f5343adc732fcf04a100a223e3b60201be6c73f276ca12f48---com.facebook.ads.internal.util.common.ANActivityLifecycleCallbacksListener---onActivityPaused---null
03-07 18:07:12.461 12194 12194 D FiniteState: football_league2025---0e2d5971ec35132f5343adc732fcf04a100a223e3b60201be6c73f276ca12f48---com.facebook.ads.internal.util.common.ANActivityLifecycleCallbacksListener---onActivityCreated---null
03-07 18:07:12.503 12194 12194 D FiniteState: football_league2025---0e2d5971ec35132f5343adc732fcf04a100a223e3b60201be6c73f276ca12f48---com.facebook.ads.internal.util.common.ANActivityLifecycleCallbacksListener---onActivityStarted---null
03-07 18:07:12.505 12194 12194 D FiniteState: football_league2025---0e2d5971ec35132f5343adc732fcf04a100a223e3b60201be6c73f276ca12f48---com.facebook.ads.internal.util.common.ANActivityLifecycleCallbacksListener---onActivityResumed---null
03-07 18:07:12.542 12194 12194 D FiniteState: football_league2025---0e2d5971ec35132f5343adc732fcf04a100a223e3b60201be6c73f276ca12f48---com.facebook.ads.internal.util.common.ANActivityLifecycleCallbacksListener---onActivityPaused---null
03-07 18:07:12.927 12194 12194 D FiniteState: football_league2025---0e2d5971ec35132f5343adc732fcf04a100a223e3b60201be6c73f276ca12f48---com.facebook.ads.internal.util.common.ANActivityLifecycleCallbacksListener---onActivityResumed---null
03-07 18:07:12.973 12194 12194 D FiniteState: football_league2025---0e2d5971ec35132f5343adc732fcf04a100a223e3b60201be6c73f276ca12f48---com.facebook.ads.internal.util.common.ANActivityLifecycleCallbacksListener---onActivityPaused---null
03-07 18:07:13.412 12194 12194 D FiniteState: football_league2025---0e2d5971ec35132f5343adc732fcf04a100a223e3b60201be6c73f276ca12f48---com.facebook.ads.internal.util.common.ANActivityLifecycleCallbacksListener---onActivityResumed---null
03-07 18:07:13.490 12194 12194 D FiniteState: football_league2025---0e2d5971ec35132f5343adc732fcf04a100a223e3b60201be6c73f276ca12f48---com.facebook.ads.internal.util.common.ANActivityLifecycleCallbacksListener---onActivityStopped---null
03-07 18:07:13.507 12194 12194 D FiniteState: football_league2025---0e2d5971ec35132f5343adc732fcf04a100a223e3b60201be6c73f276ca12f48---com.facebook.ads.internal.util.common.ANActivityLifecycleCallbacksListener---onActivityDestroyed---null
03-07 18:07:24.105 12194 12240 D FiniteState: football_league2025---0e2d5971ec35132f5343adc732fcf04a100a223e3b60201be6c73f276ca12f48---com.google.android.gms.ads.identifier.AdvertisingIdClient---getAdvertisingIdInfo---null
03-07 18:07:24.105 12194 12240 D FiniteState: football_league2025---0e2d5971ec35132f5343adc732fcf04a100a223e3b60201be6c73f276ca12f48---com.google.android.gms.ads.identifier.AdvertisingIdClient---zzb---null
03-07 18:07:24.111 12194 12240 D FiniteState: football_league2025---0e2d5971ec35132f5343adc732fcf04a100a223e3b60201be6c73f276ca12f48---com.google.android.gms.ads.identifier.AdvertisingIdClient---zzd---null
03-07 18:07:24.119 12194 12240 D FiniteState: football_league2025---0e2d5971ec35132f5343adc732fcf04a100a223e3b60201be6c73f276ca12f48---com.google.android.gms.ads.identifier.AdvertisingIdClient---zza---null
03-07 18:07:45.829 13043 13043 D FiniteState: fastfood_recipe---c25ef51a889d8ac23e69bdea5b897a69d74fe88da827b96584529ff1188c60cb---com.facebook.ads.internal.dynamicloading.DynamicLoaderFactory---initialize---null
03-07 18:07:45.829 13043 13043 D FiniteState: fastfood_recipe---c25ef51a889d8ac23e69bdea5b897a69d74fe88da827b96584529ff1188c60cb---com.facebook.ads.AudienceNetworkContentProvider---onCreate---null
03-07 18:07:45.845 13043 13057 D FiniteState: fastfood_recipe---c25ef51a889d8ac23e69bdea5b897a69d74fe88da827b96584529ff1188c60cb---com.facebook.ads.internal.util.common.ANActivityLifecycleCallbacksListener---registerActivityCallbacks---null
03-07 18:07:45.846 13043 13057 D FiniteState: fastfood_recipe---c25ef51a889d8ac23e69bdea5b897a69d74fe88da827b96584529ff1188c60cb---com.facebook.ads.internal.dynamicloading.DynamicLoaderFactory$a---run---null
03-07 18:07:45.846 13043 13057 D FiniteState: fastfood_recipe---c25ef51a889d8ac23e69bdea5b897a69d74fe88da827b96584529ff1188c60cb---com.facebook.ads.internal.dynamicloading.DynamicLoaderFactory---makeLegacyAdsSdkClassLoader---null
03-07 18:07:45.897 13043 13043 D FiniteState: fastfood_recipe---c25ef51a889d8ac23e69bdea5b897a69d74fe88da827b96584529ff1188c60cb---com.facebook.ads.internal.util.common.ANActivityLifecycleCallbacksListener---onActivityCreated---null
03-07 18:10:11.288 13946 13946 D FiniteState: website_builder---a6074a85f8f7473397ba1aa9811ca3855db7849db0b7afcf11e848b0ae3e2963---com.google.android.gms.ads.MobileAdsInitProvider---attachInfo---null
03-07 18:10:11.594 13946 13999 D FiniteState: website_builder---a6074a85f8f7473397ba1aa9811ca3855db7849db0b7afcf11e848b0ae3e2963---com.google.android.gms.ads.identifier.AdvertisingIdClient---getAdvertisingIdInfo---null
03-07 18:10:11.594 13946 13999 D FiniteState: website_builder---a6074a85f8f7473397ba1aa9811ca3855db7849db0b7afcf11e848b0ae3e2963---com.google.android.gms.ads.identifier.AdvertisingIdClient---zzb---null
03-07 18:10:11.693 13946 14003 D FiniteState: website_builder---a6074a85f8f7473397ba1aa9811ca3855db7849db0b7afcf11e848b0ae3e2963---com.google.android.gms.ads.identifier.AdvertisingIdClient---getAdvertisingIdInfo---null
03-07 18:10:11.693 13946 14003 D FiniteState: website_builder---a6074a85f8f7473397ba1aa9811ca3855db7849db0b7afcf11e848b0ae3e2963---com.google.android.gms.ads.identifier.AdvertisingIdClient---zzb---null
03-07 18:10:11.773 13946 13998 D FiniteState: website_builder---a6074a85f8f7473397ba1aa9811ca3855db7849db0b7afcf11e848b0ae3e2963---com.google.android.gms.ads.identifier.AdvertisingIdClient---getAdvertisingIdInfo---null
03-07 18:10:11.773 13946 13998 D FiniteState: website_builder---a6074a85f8f7473397ba1aa9811ca3855db7849db0b7afcf11e848b0ae3e2963---com.google.android.gms.ads.identifier.AdvertisingIdClient---zzb---null
03-07 18:10:11.860 13946 13991 D FiniteState: website_builder---a6074a85f8f7473397ba1aa9811ca3855db7849db0b7afcf11e848b0ae3e2963---com.google.android.gms.ads.identifier.AdvertisingIdClient---getAdvertisingIdInfo---null
03-07 18:10:11.860 13946 13991 D FiniteState: website_builder---a6074a85f8f7473397ba1aa9811ca3855db7849db0b7afcf11e848b0ae3e2963---com.google.android.gms.ads.identifier.AdvertisingIdClient---zzb---null
03-07 18:10:12.117 13946 13999 D FiniteState: website_builder---a6074a85f8f7473397ba1aa9811ca3855db7849db0b7afcf11e848b0ae3e2963---com.google.android.gms.ads.identifier.AdvertisingIdClient---zzd---null
03-07 18:10:12.130 13946 13999 D FiniteState: website_builder---a6074a85f8f7473397ba1aa9811ca3855db7849db0b7afcf11e848b0ae3e2963---com.google.android.gms.ads.identifier.AdvertisingIdClient---zza---null
03-07 18:10:12.240 13946 14003 D FiniteState: website_builder---a6074a85f8f7473397ba1aa9811ca3855db7849db0b7afcf11e848b0ae3e2963---com.google.android.gms.ads.identifier.AdvertisingIdClient---zzd---null
03-07 18:10:12.251 13946 14003 D FiniteState: website_builder---a6074a85f8f7473397ba1aa9811ca3855db7849db0b7afcf11e848b0ae3e2963---com.google.android.gms.ads.identifier.AdvertisingIdClient---zza---null
03-07 18:10:12.260 13946 13998 D FiniteState: website_builder---a6074a85f8f7473397ba1aa9811ca3855db7849db0b7afcf11e848b0ae3e2963---com.google.android.gms.ads.identifier.AdvertisingIdClient---zzd---null
03-07 18:10:12.264 13946 13991 D FiniteState: website_builder---a6074a85f8f7473397ba1aa9811ca3855db7849db0b7afcf11e848b0ae3e2963---com.google.android.gms.ads.identifier.AdvertisingIdClient---zzd---null
03-07 18:10:12.284 13946 13998 D FiniteState: website_builder---a6074a85f8f7473397ba1aa9811ca3855db7849db0b7afcf11e848b0ae3e2963---com.google.android.gms.ads.identifier.AdvertisingIdClient---zza---null
03-07 18:10:12.285 13946 13991 D FiniteState: website_builder---a6074a85f8f7473397ba1aa9811ca3855db7849db0b7afcf11e848b0ae3e2963---com.google.android.gms.ads.identifier.AdvertisingIdClient---zza---null
03-07 18:10:12.570 13946 13954 D FiniteState: website_builder---a6074a85f8f7473397ba1aa9811ca3855db7849db0b7afcf11e848b0ae3e2963---com.google.android.gms.ads.identifier.AdvertisingIdClient---zza---null
03-07 18:10:12.570 13946 13954 D FiniteState: website_builder---a6074a85f8f7473397ba1aa9811ca3855db7849db0b7afcf11e848b0ae3e2963---com.google.android.gms.ads.identifier.AdvertisingIdClient---finalize---null
03-07 18:10:12.570 13946 13954 D FiniteState: website_builder---a6074a85f8f7473397ba1aa9811ca3855db7849db0b7afcf11e848b0ae3e2963---com.google.android.gms.ads.identifier.AdvertisingIdClient---zza---null
03-07 18:10:12.570 13946 13954 D FiniteState: website_builder---a6074a85f8f7473397ba1aa9811ca3855db7849db0b7afcf11e848b0ae3e2963---com.google.android.gms.ads.identifier.AdvertisingIdClient---finalize---null
03-07 18:10:12.570 13946 13954 D FiniteState: website_builder---a6074a85f8f7473397ba1aa9811ca3855db7849db0b7afcf11e848b0ae3e2963---com.google.android.gms.ads.identifier.AdvertisingIdClient---zza---null
03-07 18:10:12.570 13946 13954 D FiniteState: website_builder---a6074a85f8f7473397ba1aa9811ca3855db7849db0b7afcf11e848b0ae3e2963---com.google.android.gms.ads.identifier.AdvertisingIdClient---finalize---null
03-07 18:10:12.570 13946 13954 D FiniteState: website_builder---a6074a85f8f7473397ba1aa9811ca3855db7849db0b7afcf11e848b0ae3e2963---com.google.android.gms.ads.identifier.AdvertisingIdClient---zza---null
03-07 18:10:12.570 13946 13954 D FiniteState: website_builder---a6074a85f8f7473397ba1aa9811ca3855db7849db0b7afcf11e848b0ae3e2963---com.google.android.gms.ads.identifier.AdvertisingIdClient---finalize---null
03-07 18:10:53.830 14812 14812 D FiniteState: drugs.com---25b8ca9fde6392c4c91bd01081df4486f1b755249e0e8de1e68ca51f74cb7b61---com.google.android.gms.ads.MobileAdsInitProvider---attachInfo---null
03-07 18:10:56.148 14812 14895 D FiniteState: drugs.com---25b8ca9fde6392c4c91bd01081df4486f1b755249e0e8de1e68ca51f74cb7b61---com.google.android.gms.ads.identifier.AdvertisingIdClient---getAdvertisingIdInfo---null
03-07 18:10:56.149 14812 14895 D FiniteState: drugs.com---25b8ca9fde6392c4c91bd01081df4486f1b755249e0e8de1e68ca51f74cb7b61---com.google.android.gms.ads.identifier.AdvertisingIdClient---zzb---null
03-07 18:10:56.270 14812 14895 D FiniteState: drugs.com---25b8ca9fde6392c4c91bd01081df4486f1b755249e0e8de1e68ca51f74cb7b61---com.google.android.gms.ads.identifier.AdvertisingIdClient---zzd---null
03-07 18:10:56.301 14812 14895 D FiniteState: drugs.com---25b8ca9fde6392c4c91bd01081df4486f1b755249e0e8de1e68ca51f74cb7b61---com.google.android.gms.ads.identifier.AdvertisingIdClient---zza---null
03-07 18:10:56.818 14812 14820 D FiniteState: drugs.com---25b8ca9fde6392c4c91bd01081df4486f1b755249e0e8de1e68ca51f74cb7b61---com.google.android.gms.ads.identifier.AdvertisingIdClient---zza---null
03-07 18:10:56.818 14812 14820 D FiniteState: drugs.com---25b8ca9fde6392c4c91bd01081df4486f1b755249e0e8de1e68ca51f74cb7b61---com.google.android.gms.ads.identifier.AdvertisingIdClient---finalize---null
03-07 18:14:03.830 16581 16581 D FiniteState: blood_sugar_tracker---2468fe972e2516fa7ccf3851698d29ac0c98b89988583eef705accd4cd1b9a2c---com.google.android.gms.ads.MobileAdsInitProvider---attachInfo---null
03-07 18:14:03.836 16581 16595 D FiniteState: blood_sugar_tracker---2468fe972e2516fa7ccf3851698d29ac0c98b89988583eef705accd4cd1b9a2c---com.google.android.gms.ads.identifier.AdvertisingIdClient---getAdvertisingIdInfo---null
03-07 18:14:03.836 16581 16595 D FiniteState: blood_sugar_tracker---2468fe972e2516fa7ccf3851698d29ac0c98b89988583eef705accd4cd1b9a2c---com.google.android.gms.ads.identifier.AdvertisingIdClient---zzb---null
03-07 18:17:20.476 18390 18390 D FiniteState: word_riddles---73295b497ab5aafd6c043f318b18e12f1fbe639762b9d7b2f15d61d3b07feb31---com.google.android.gms.ads.MobileAdsInitProvider---attachInfo---null
03-07 18:17:20.478 18390 18405 D FiniteState: word_riddles---73295b497ab5aafd6c043f318b18e12f1fbe639762b9d7b2f15d61d3b07feb31---com.google.android.gms.ads.identifier.AdvertisingIdClient---getAdvertisingIdInfo---null
03-07 18:17:20.479 18390 18405 D FiniteState: word_riddles---73295b497ab5aafd6c043f318b18e12f1fbe639762b9d7b2f15d61d3b07feb31---com.google.android.gms.ads.identifier.AdvertisingIdClient---zzb---null
03-07 18:17:20.586 18390 18390 D FiniteState: word_riddles---73295b497ab5aafd6c043f318b18e12f1fbe639762b9d7b2f15d61d3b07feb31---com.facebook.ads.internal.dynamicloading.DynamicLoaderFactory---initialize---null
03-07 18:17:20.599 18390 18390 D FiniteState: word_riddles---73295b497ab5aafd6c043f318b18e12f1fbe639762b9d7b2f15d61d3b07feb31---com.facebook.ads.AudienceNetworkContentProvider---onCreate---null
03-07 18:17:20.599 18390 18413 D FiniteState: word_riddles---73295b497ab5aafd6c043f318b18e12f1fbe639762b9d7b2f15d61d3b07feb31---com.facebook.ads.internal.util.common.ANActivityLifecycleCallbacksListener---registerActivityCallbacks---null
03-07 18:17:20.599 18390 18413 D FiniteState: word_riddles---73295b497ab5aafd6c043f318b18e12f1fbe639762b9d7b2f15d61d3b07feb31---com.facebook.ads.internal.dynamicloading.DynamicLoaderFactory$1---run---null
03-07 18:17:20.600 18390 18413 D FiniteState: word_riddles---73295b497ab5aafd6c043f318b18e12f1fbe639762b9d7b2f15d61d3b07feb31---com.facebook.ads.internal.dynamicloading.DynamicLoaderFactory---makeLegacyAdsSdkClassLoader---null
03-07 18:17:20.801 18390 18413 D FiniteState: word_riddles---73295b497ab5aafd6c043f318b18e12f1fbe639762b9d7b2f15d61d3b07feb31---com.facebook.ads.internal.dynamicloading.DynamicLoaderFactory---makeLegacyAdsSdkClassLoader---null
03-07 18:17:20.881 18390 18420 D FiniteState: word_riddles---73295b497ab5aafd6c043f318b18e12f1fbe639762b9d7b2f15d61d3b07feb31---com.google.android.gms.ads.identifier.AdvertisingIdClient---getAdvertisingIdInfo---null
03-07 18:17:20.881 18390 18420 D FiniteState: word_riddles---73295b497ab5aafd6c043f318b18e12f1fbe639762b9d7b2f15d61d3b07feb31---com.google.android.gms.ads.identifier.AdvertisingIdClient---zzb---null
03-07 18:17:20.896 18390 18437 D FiniteState: word_riddles---73295b497ab5aafd6c043f318b18e12f1fbe639762b9d7b2f15d61d3b07feb31---com.google.android.gms.ads.identifier.AdvertisingIdClient---getAdvertisingIdInfo---null
03-07 18:17:20.896 18390 18437 D FiniteState: word_riddles---73295b497ab5aafd6c043f318b18e12f1fbe639762b9d7b2f15d61d3b07feb31---com.google.android.gms.ads.identifier.AdvertisingIdClient---zzb---null
03-07 18:17:20.923 18390 18445 D FiniteState: word_riddles---73295b497ab5aafd6c043f318b18e12f1fbe639762b9d7b2f15d61d3b07feb31---com.google.android.gms.ads.identifier.AdvertisingIdClient---getAdvertisingIdInfo---null
03-07 18:17:20.924 18390 18445 D FiniteState: word_riddles---73295b497ab5aafd6c043f318b18e12f1fbe639762b9d7b2f15d61d3b07feb31---com.google.android.gms.ads.identifier.AdvertisingIdClient---zzb---null
03-07 18:17:20.990 18390 18390 D FiniteState: word_riddles---73295b497ab5aafd6c043f318b18e12f1fbe639762b9d7b2f15d61d3b07feb31---com.facebook.ads.internal.util.common.ANActivityLifecycleCallbacksListener---onActivityCreated---null
03-07 18:17:21.002 18390 18413 D FiniteState: word_riddles---73295b497ab5aafd6c043f318b18e12f1fbe639762b9d7b2f15d61d3b07feb31---com.facebook.ads.internal.dynamicloading.DynamicLoaderFactory---makeLegacyAdsSdkClassLoader---null
03-07 18:17:21.008 18390 18413 D FiniteState: word_riddles---73295b497ab5aafd6c043f318b18e12f1fbe639762b9d7b2f15d61d3b07feb31---com.facebook.ads.internal.dynamicloading.DynamicLoaderFactory---access$200---null
03-07 18:17:21.067 18390 18435 D FiniteState: word_riddles---73295b497ab5aafd6c043f318b18e12f1fbe639762b9d7b2f15d61d3b07feb31---com.google.android.gms.ads.identifier.AdvertisingIdClient---getAdvertisingIdInfo---null
03-07 18:17:21.067 18390 18435 D FiniteState: word_riddles---73295b497ab5aafd6c043f318b18e12f1fbe639762b9d7b2f15d61d3b07feb31---com.google.android.gms.ads.identifier.AdvertisingIdClient---zzb---null
03-07 18:17:21.075 18390 18390 D FiniteState: word_riddles---73295b497ab5aafd6c043f318b18e12f1fbe639762b9d7b2f15d61d3b07feb31---com.facebook.ads.internal.util.common.ANActivityLifecycleCallbacksListener---onActivityStarted---null
03-07 18:17:21.091 18390 18390 D FiniteState: word_riddles---73295b497ab5aafd6c043f318b18e12f1fbe639762b9d7b2f15d61d3b07feb31---com.facebook.ads.internal.util.common.ANActivityLifecycleCallbacksListener---onActivityResumed---null
03-07 18:17:21.145 18390 18405 D FiniteState: word_riddles---73295b497ab5aafd6c043f318b18e12f1fbe639762b9d7b2f15d61d3b07feb31---com.google.android.gms.ads.identifier.AdvertisingIdClient---zzd---null
03-07 18:17:21.157 18390 18405 D FiniteState: word_riddles---73295b497ab5aafd6c043f318b18e12f1fbe639762b9d7b2f15d61d3b07feb31---com.google.android.gms.ads.identifier.AdvertisingIdClient---zza---null
03-07 18:17:21.309 18390 18445 D FiniteState: word_riddles---73295b497ab5aafd6c043f318b18e12f1fbe639762b9d7b2f15d61d3b07feb31---com.google.android.gms.ads.identifier.AdvertisingIdClient---zzd---null
03-07 18:17:21.309 18390 18420 D FiniteState: word_riddles---73295b497ab5aafd6c043f318b18e12f1fbe639762b9d7b2f15d61d3b07feb31---com.google.android.gms.ads.identifier.AdvertisingIdClient---zzd---null
03-07 18:17:21.309 18390 18437 D FiniteState: word_riddles---73295b497ab5aafd6c043f318b18e12f1fbe639762b9d7b2f15d61d3b07feb31---com.google.android.gms.ads.identifier.AdvertisingIdClient---zzd---null
03-07 18:17:21.313 18390 18435 D FiniteState: word_riddles---73295b497ab5aafd6c043f318b18e12f1fbe639762b9d7b2f15d61d3b07feb31---com.google.android.gms.ads.identifier.AdvertisingIdClient---zzd---null
03-07 18:17:21.316 18390 18420 D FiniteState: word_riddles---73295b497ab5aafd6c043f318b18e12f1fbe639762b9d7b2f15d61d3b07feb31---com.google.android.gms.ads.identifier.AdvertisingIdClient---zza---null
03-07 18:17:21.320 18390 18437 D FiniteState: word_riddles---73295b497ab5aafd6c043f318b18e12f1fbe639762b9d7b2f15d61d3b07feb31---com.google.android.gms.ads.identifier.AdvertisingIdClient---zza---null
03-07 18:17:21.331 18390 18445 D FiniteState: word_riddles---73295b497ab5aafd6c043f318b18e12f1fbe639762b9d7b2f15d61d3b07feb31---com.google.android.gms.ads.identifier.AdvertisingIdClient---zza---null
03-07 18:17:21.331 18390 18435 D FiniteState: word_riddles---73295b497ab5aafd6c043f318b18e12f1fbe639762b9d7b2f15d61d3b07feb31---com.google.android.gms.ads.identifier.AdvertisingIdClient---zza---null
03-07 18:17:21.609 18390 18398 D FiniteState: word_riddles---73295b497ab5aafd6c043f318b18e12f1fbe639762b9d7b2f15d61d3b07feb31---com.google.android.gms.ads.identifier.AdvertisingIdClient---zza---null
03-07 18:17:21.610 18390 18398 D FiniteState: word_riddles---73295b497ab5aafd6c043f318b18e12f1fbe639762b9d7b2f15d61d3b07feb31---com.google.android.gms.ads.identifier.AdvertisingIdClient---finalize---null
03-07 18:17:21.610 18390 18398 D FiniteState: word_riddles---73295b497ab5aafd6c043f318b18e12f1fbe639762b9d7b2f15d61d3b07feb31---com.google.android.gms.ads.identifier.AdvertisingIdClient---zza---null
03-07 18:17:21.610 18390 18398 D FiniteState: word_riddles---73295b497ab5aafd6c043f318b18e12f1fbe639762b9d7b2f15d61d3b07feb31---com.google.android.gms.ads.identifier.AdvertisingIdClient---finalize---null
03-07 18:17:21.610 18390 18398 D FiniteState: word_riddles---73295b497ab5aafd6c043f318b18e12f1fbe639762b9d7b2f15d61d3b07feb31---com.google.android.gms.ads.identifier.AdvertisingIdClient---zza---null
03-07 18:17:21.610 18390 18398 D FiniteState: word_riddles---73295b497ab5aafd6c043f318b18e12f1fbe639762b9d7b2f15d61d3b07feb31---com.google.android.gms.ads.identifier.AdvertisingIdClient---finalize---null
03-07 18:17:21.610 18390 18398 D FiniteState: word_riddles---73295b497ab5aafd6c043f318b18e12f1fbe639762b9d7b2f15d61d3b07feb31---com.google.android.gms.ads.identifier.AdvertisingIdClient---zza---null
03-07 18:17:21.610 18390 18398 D FiniteState: word_riddles---73295b497ab5aafd6c043f318b18e12f1fbe639762b9d7b2f15d61d3b07feb31---com.google.android.gms.ads.identifier.AdvertisingIdClient---finalize---null
03-07 18:17:21.610 18390 18398 D FiniteState: word_riddles---73295b497ab5aafd6c043f318b18e12f1fbe639762b9d7b2f15d61d3b07feb31---com.google.android.gms.ads.identifier.AdvertisingIdClient---zza---null
03-07 18:17:21.610 18390 18398 D FiniteState: word_riddles---73295b497ab5aafd6c043f318b18e12f1fbe639762b9d7b2f15d61d3b07feb31---com.google.android.gms.ads.identifier.AdvertisingIdClient---finalize---null
03-07 18:17:24.480 18390 18390 D FiniteState: word_riddles---73295b497ab5aafd6c043f318b18e12f1fbe639762b9d7b2f15d61d3b07feb31---com.facebook.ads.internal.util.common.ANActivityLifecycleCallbacksListener---onActivityPaused---null
03-07 18:17:24.490 18390 18390 D FiniteState: word_riddles---73295b497ab5aafd6c043f318b18e12f1fbe639762b9d7b2f15d61d3b07feb31---com.facebook.ads.internal.util.common.ANActivityLifecycleCallbacksListener---onActivityResumed---null
03-07 18:17:35.119 18390 18390 D FiniteState: word_riddles---73295b497ab5aafd6c043f318b18e12f1fbe639762b9d7b2f15d61d3b07feb31---com.facebook.ads.internal.util.common.ANActivityLifecycleCallbacksListener---onActivityPaused---null
03-07 18:17:35.570 18390 18390 D FiniteState: word_riddles---73295b497ab5aafd6c043f318b18e12f1fbe639762b9d7b2f15d61d3b07feb31---com.facebook.ads.internal.util.common.ANActivityLifecycleCallbacksListener---onActivityStopped---null
03-07 18:18:34.115 19293 19293 D FiniteState: pubg_mobile---012012b68f50f37f6bb80235093446c58311bd8eab8935d732e9463a12bf1559---com.google.android.gms.ads.MobileAdsInitProvider---attachInfo---null
03-07 18:18:34.416 19293 19415 D FiniteState: pubg_mobile---012012b68f50f37f6bb80235093446c58311bd8eab8935d732e9463a12bf1559---com.google.android.gms.ads.identifier.AdvertisingIdClient---getAdvertisingIdInfo---null
03-07 18:18:34.417 19293 19415 D FiniteState: pubg_mobile---012012b68f50f37f6bb80235093446c58311bd8eab8935d732e9463a12bf1559---com.google.android.gms.ads.identifier.AdvertisingIdClient---a---null
03-07 18:18:34.594 19293 19419 D FiniteState: pubg_mobile---012012b68f50f37f6bb80235093446c58311bd8eab8935d732e9463a12bf1559---com.google.android.gms.ads.identifier.AdvertisingIdClient---getAdvertisingIdInfo---null
03-07 18:18:34.595 19293 19419 D FiniteState: pubg_mobile---012012b68f50f37f6bb80235093446c58311bd8eab8935d732e9463a12bf1559---com.google.android.gms.ads.identifier.AdvertisingIdClient---a---null
03-07 18:18:34.669 19293 19415 D FiniteState: pubg_mobile---012012b68f50f37f6bb80235093446c58311bd8eab8935d732e9463a12bf1559---com.google.android.gms.ads.identifier.AdvertisingIdClient---c---null
03-07 18:18:34.670 19293 19419 D FiniteState: pubg_mobile---012012b68f50f37f6bb80235093446c58311bd8eab8935d732e9463a12bf1559---com.google.android.gms.ads.identifier.AdvertisingIdClient---c---null
03-07 18:18:34.689 19293 19419 D FiniteState: pubg_mobile---012012b68f50f37f6bb80235093446c58311bd8eab8935d732e9463a12bf1559---com.google.android.gms.ads.identifier.AdvertisingIdClient---zza---null
03-07 18:18:34.690 19293 19415 D FiniteState: pubg_mobile---012012b68f50f37f6bb80235093446c58311bd8eab8935d732e9463a12bf1559---com.google.android.gms.ads.identifier.AdvertisingIdClient---zza---null
03-07 18:18:34.779 19293 19301 D FiniteState: pubg_mobile---012012b68f50f37f6bb80235093446c58311bd8eab8935d732e9463a12bf1559---com.google.android.gms.ads.identifier.AdvertisingIdClient---zza---null
03-07 18:18:34.779 19293 19301 D FiniteState: pubg_mobile---012012b68f50f37f6bb80235093446c58311bd8eab8935d732e9463a12bf1559---com.google.android.gms.ads.identifier.AdvertisingIdClient---finalize---null
03-07 18:18:34.781 19293 19301 D FiniteState: pubg_mobile---012012b68f50f37f6bb80235093446c58311bd8eab8935d732e9463a12bf1559---com.google.android.gms.ads.identifier.AdvertisingIdClient---zza---null
03-07 18:18:34.782 19293 19301 D FiniteState: pubg_mobile---012012b68f50f37f6bb80235093446c58311bd8eab8935d732e9463a12bf1559---com.google.android.gms.ads.identifier.AdvertisingIdClient---finalize---null
03-07 18:19:17.351 20208 20208 D FiniteState: video_player_for_android---ff71a710a86e7323516f847dd63405b9ae09dee77a795a91114b11c0bc16e45b---com.google.android.gms.ads.MobileAdsInitProvider---attachInfo---null
03-07 18:21:42.644 21029 21029 D FiniteState: invitation_maker---b70da404a707fe1063e9e98123c4edd9d2e84c26409fe71ed51d3cdf999c81fe---com.google.android.gms.ads.MobileAdsInitProvider---attachInfo---null
03-07 18:21:43.159 21029 21029 D FiniteState: invitation_maker---b70da404a707fe1063e9e98123c4edd9d2e84c26409fe71ed51d3cdf999c81fe---com.google.android.gms.ads.internal.client.zzdw---zzt---null
03-07 18:21:43.159 21029 21029 D FiniteState: invitation_maker---b70da404a707fe1063e9e98123c4edd9d2e84c26409fe71ed51d3cdf999c81fe---com.google.android.gms.ads.AdRequest$Builder---build---null
03-07 18:21:43.159 21029 21029 D FiniteState: invitation_maker---b70da404a707fe1063e9e98123c4edd9d2e84c26409fe71ed51d3cdf999c81fe---com.google.android.gms.ads.appopen.AppOpenAd---load---null
03-07 18:21:43.208 21029 21093 D FiniteState: invitation_maker---b70da404a707fe1063e9e98123c4edd9d2e84c26409fe71ed51d3cdf999c81fe---com.google.android.gms.ads.appopen.zzb---run---null
03-07 18:21:43.212 21029 21093 D FiniteState: invitation_maker---b70da404a707fe1063e9e98123c4edd9d2e84c26409fe71ed51d3cdf999c81fe---com.google.android.gms.ads.internal.client.zzq---zzb---null
03-07 18:21:43.231 21029 21093 D FiniteState: invitation_maker---b70da404a707fe1063e9e98123c4edd9d2e84c26409fe71ed51d3cdf999c81fe---com.google.android.gms.ads.internal.client.zzaw---zzd---null
03-07 18:21:43.231 21029 21093 D FiniteState: invitation_maker---b70da404a707fe1063e9e98123c4edd9d2e84c26409fe71ed51d3cdf999c81fe---com.google.android.gms.ads.internal.client.zzax---zzd---null
03-07 18:21:43.245 21029 21093 D FiniteState: invitation_maker---b70da404a707fe1063e9e98123c4edd9d2e84c26409fe71ed51d3cdf999c81fe---com.google.android.gms.ads.internal.client.zzk---zza---null
03-07 18:21:43.659 21029 21093 D FiniteState: invitation_maker---b70da404a707fe1063e9e98123c4edd9d2e84c26409fe71ed51d3cdf999c81fe---com.google.android.gms.ads.internal.client.zzk---getRemoteCreator---null
03-07 18:21:43.659 21029 21093 D FiniteState: invitation_maker---b70da404a707fe1063e9e98123c4edd9d2e84c26409fe71ed51d3cdf999c81fe---com.google.android.gms.ads.internal.client.zzbv---zze---null
03-07 18:21:43.659 21029 21093 D FiniteState: invitation_maker---b70da404a707fe1063e9e98123c4edd9d2e84c26409fe71ed51d3cdf999c81fe---com.google.android.gms.ads.internal.client.zzq---writeToParcel---null
03-07 18:21:44.808 21029 21093 D FiniteState: invitation_maker---b70da404a707fe1063e9e98123c4edd9d2e84c26409fe71ed51d3cdf999c81fe---com.google.android.gms.ads.internal.client.zzw---writeToParcel---null
03-07 18:21:44.808 21029 21093 D FiniteState: invitation_maker---b70da404a707fe1063e9e98123c4edd9d2e84c26409fe71ed51d3cdf999c81fe---com.google.android.gms.ads.internal.client.zzbs---zzI---null
03-07 18:21:44.810 21029 21093 D FiniteState: invitation_maker---b70da404a707fe1063e9e98123c4edd9d2e84c26409fe71ed51d3cdf999c81fe---com.google.android.gms.ads.internal.client.zzbs---zzH---null
03-07 18:21:44.811 21029 21093 D FiniteState: invitation_maker---b70da404a707fe1063e9e98123c4edd9d2e84c26409fe71ed51d3cdf999c81fe---com.google.android.gms.ads.RequestConfiguration$Builder---build---null
03-07 18:21:44.811 21029 21093 D FiniteState: invitation_maker---b70da404a707fe1063e9e98123c4edd9d2e84c26409fe71ed51d3cdf999c81fe---com.google.android.gms.ads.internal.client.zzej---zzf---null
03-07 18:21:44.811 21029 21093 D FiniteState: invitation_maker---b70da404a707fe1063e9e98123c4edd9d2e84c26409fe71ed51d3cdf999c81fe---com.google.android.gms.ads.internal.client.zzdx---zzq---null
03-07 18:21:44.814 21029 21093 D FiniteState: invitation_maker---b70da404a707fe1063e9e98123c4edd9d2e84c26409fe71ed51d3cdf999c81fe---com.google.android.gms.ads.RequestConfiguration---getTestDeviceIds---null
03-07 18:21:44.817 21029 21093 D FiniteState: invitation_maker---b70da404a707fe1063e9e98123c4edd9d2e84c26409fe71ed51d3cdf999c81fe---com.google.android.gms.ads.internal.client.zzdx---zzm---null
03-07 18:21:44.818 21029 21093 D FiniteState: invitation_maker---b70da404a707fe1063e9e98123c4edd9d2e84c26409fe71ed51d3cdf999c81fe---com.google.android.gms.ads.internal.client.zzl---writeToParcel---null
03-07 18:21:44.818 21029 21093 D FiniteState: invitation_maker---b70da404a707fe1063e9e98123c4edd9d2e84c26409fe71ed51d3cdf999c81fe---com.google.android.gms.ads.internal.client.zzbs---zzaa---null
03-07 18:21:45.266 21029 21093 D FiniteState: invitation_maker---b70da404a707fe1063e9e98123c4edd9d2e84c26409fe71ed51d3cdf999c81fe---com.google.android.gms.ads.internal.client.LiteSdkInfo---getLiteSdkVersion---null
03-07 18:21:45.267 21029 21093 D FiniteState: invitation_maker---b70da404a707fe1063e9e98123c4edd9d2e84c26409fe71ed51d3cdf999c81fe---com.google.android.gms.ads.internal.client.zzen---writeToParcel---null
03-07 18:21:45.989 21029 21093 D FiniteState: invitation_maker---b70da404a707fe1063e9e98123c4edd9d2e84c26409fe71ed51d3cdf999c81fe---com.google.android.gms.ads.internal.client.LiteSdkInfo---getLiteSdkVersion---null
03-07 18:21:45.989 21029 21093 D FiniteState: invitation_maker---b70da404a707fe1063e9e98123c4edd9d2e84c26409fe71ed51d3cdf999c81fe---com.google.android.gms.ads.internal.client.zzen---writeToParcel---null
03-07 18:21:45.990 21029 21093 D FiniteState: invitation_maker---b70da404a707fe1063e9e98123c4edd9d2e84c26409fe71ed51d3cdf999c81fe---com.google.android.gms.ads.internal.client.LiteSdkInfo---getLiteSdkVersion---null
03-07 18:21:45.990 21029 21093 D FiniteState: invitation_maker---b70da404a707fe1063e9e98123c4edd9d2e84c26409fe71ed51d3cdf999c81fe---com.google.android.gms.ads.internal.client.zzen---writeToParcel---null
03-07 18:21:46.166 21029 21093 D FiniteState: invitation_maker---b70da404a707fe1063e9e98123c4edd9d2e84c26409fe71ed51d3cdf999c81fe---com.google.android.gms.ads.internal.client.LiteSdkInfo---getLiteSdkVersion---null
03-07 18:21:46.166 21029 21093 D FiniteState: invitation_maker---b70da404a707fe1063e9e98123c4edd9d2e84c26409fe71ed51d3cdf999c81fe---com.google.android.gms.ads.internal.client.zzen---writeToParcel---null
03-07 18:21:47.036 21029 21077 D FiniteState: invitation_maker---b70da404a707fe1063e9e98123c4edd9d2e84c26409fe71ed51d3cdf999c81fe---com.google.android.gms.ads.internal.client.zzdw---zzt---null
03-07 18:21:47.036 21029 21077 D FiniteState: invitation_maker---b70da404a707fe1063e9e98123c4edd9d2e84c26409fe71ed51d3cdf999c81fe---com.google.android.gms.ads.AdRequest$Builder---build---null
03-07 18:21:47.037 21029 21029 D FiniteState: invitation_maker---b70da404a707fe1063e9e98123c4edd9d2e84c26409fe71ed51d3cdf999c81fe---com.google.android.gms.ads.interstitial.InterstitialAd---load---null
03-07 18:21:47.039 21029 21093 D FiniteState: invitation_maker---b70da404a707fe1063e9e98123c4edd9d2e84c26409fe71ed51d3cdf999c81fe---com.google.android.gms.ads.internal.client.zzaw---zze---null
03-07 18:21:47.040 21029 21093 D FiniteState: invitation_maker---b70da404a707fe1063e9e98123c4edd9d2e84c26409fe71ed51d3cdf999c81fe---com.google.android.gms.ads.internal.client.zzax---zzd---null
03-07 18:21:47.118 21029 21093 D FiniteState: invitation_maker---b70da404a707fe1063e9e98123c4edd9d2e84c26409fe71ed51d3cdf999c81fe---com.google.android.gms.ads.internal.client.zzk---zza---null
03-07 18:21:47.118 21029 21093 D FiniteState: invitation_maker---b70da404a707fe1063e9e98123c4edd9d2e84c26409fe71ed51d3cdf999c81fe---com.google.android.gms.ads.internal.client.zzbv---zze---null
03-07 18:21:47.118 21029 21093 D FiniteState: invitation_maker---b70da404a707fe1063e9e98123c4edd9d2e84c26409fe71ed51d3cdf999c81fe---com.google.android.gms.ads.internal.client.zzq---writeToParcel---null
03-07 18:21:47.163 21029 21093 D FiniteState: invitation_maker---b70da404a707fe1063e9e98123c4edd9d2e84c26409fe71ed51d3cdf999c81fe---com.google.android.gms.ads.interstitial.zza---run---null
03-07 18:21:47.163 21029 21093 D FiniteState: invitation_maker---b70da404a707fe1063e9e98123c4edd9d2e84c26409fe71ed51d3cdf999c81fe---com.google.android.gms.ads.internal.client.zzdx---zzq---null
03-07 18:21:47.164 21029 21093 D FiniteState: invitation_maker---b70da404a707fe1063e9e98123c4edd9d2e84c26409fe71ed51d3cdf999c81fe---com.google.android.gms.ads.RequestConfiguration---getTestDeviceIds---null
03-07 18:21:47.166 21029 21093 D FiniteState: invitation_maker---b70da404a707fe1063e9e98123c4edd9d2e84c26409fe71ed51d3cdf999c81fe---com.google.android.gms.ads.internal.client.zzdx---zzm---null
03-07 18:21:47.167 21029 21093 D FiniteState: invitation_maker---b70da404a707fe1063e9e98123c4edd9d2e84c26409fe71ed51d3cdf999c81fe---com.google.android.gms.ads.internal.client.zzl---writeToParcel---null
03-07 18:21:47.167 21029 21093 D FiniteState: invitation_maker---b70da404a707fe1063e9e98123c4edd9d2e84c26409fe71ed51d3cdf999c81fe---com.google.android.gms.ads.internal.client.zzbs---zzy---null
03-07 18:21:47.601 21029 21093 D FiniteState: invitation_maker---b70da404a707fe1063e9e98123c4edd9d2e84c26409fe71ed51d3cdf999c81fe---com.google.android.gms.ads.internal.client.LiteSdkInfo---getLiteSdkVersion---null
03-07 18:21:47.601 21029 21093 D FiniteState: invitation_maker---b70da404a707fe1063e9e98123c4edd9d2e84c26409fe71ed51d3cdf999c81fe---com.google.android.gms.ads.internal.client.zzen---writeToParcel---null
03-07 18:21:47.622 21029 21093 D FiniteState: invitation_maker---b70da404a707fe1063e9e98123c4edd9d2e84c26409fe71ed51d3cdf999c81fe---com.google.android.gms.ads.internal.client.LiteSdkInfo---getLiteSdkVersion---null
03-07 18:21:47.622 21029 21093 D FiniteState: invitation_maker---b70da404a707fe1063e9e98123c4edd9d2e84c26409fe71ed51d3cdf999c81fe---com.google.android.gms.ads.internal.client.zzen---writeToParcel---null
03-07 18:21:59.590 21029 21029 D FiniteState: invitation_maker---b70da404a707fe1063e9e98123c4edd9d2e84c26409fe71ed51d3cdf999c81fe---com.google.android.gms.ads.internal.client.zzdl---zzj---null
03-07 18:21:59.591 21029 21029 D FiniteState: invitation_maker---b70da404a707fe1063e9e98123c4edd9d2e84c26409fe71ed51d3cdf999c81fe---com.google.android.gms.ads.internal.client.zzdl---zzf---null
03-07 18:21:59.591 21029 21029 D FiniteState: invitation_maker---b70da404a707fe1063e9e98123c4edd9d2e84c26409fe71ed51d3cdf999c81fe---com.google.android.gms.ads.ResponseInfo---zza---null
03-07 18:21:59.591 21029 21029 D FiniteState: invitation_maker---b70da404a707fe1063e9e98123c4edd9d2e84c26409fe71ed51d3cdf999c81fe---com.google.android.gms.ads.AdError---zzb---null
03-07 18:21:59.591 21029 21029 D FiniteState: invitation_maker---b70da404a707fe1063e9e98123c4edd9d2e84c26409fe71ed51d3cdf999c81fe---com.google.android.gms.ads.ResponseInfo---zzd---null
03-07 18:21:59.591 21029 21029 D FiniteState: invitation_maker---b70da404a707fe1063e9e98123c4edd9d2e84c26409fe71ed51d3cdf999c81fe---com.google.android.gms.ads.internal.client.zzdl---zzi---null
03-07 18:21:59.591 21029 21029 D FiniteState: invitation_maker---b70da404a707fe1063e9e98123c4edd9d2e84c26409fe71ed51d3cdf999c81fe---com.google.android.gms.ads.internal.client.zzdl---zzg---null
03-07 18:21:59.592 21029 21029 D FiniteState: invitation_maker---b70da404a707fe1063e9e98123c4edd9d2e84c26409fe71ed51d3cdf999c81fe---com.google.android.gms.ads.internal.client.zzdl---zze---null
03-07 18:21:59.592 21029 21029 D FiniteState: invitation_maker---b70da404a707fe1063e9e98123c4edd9d2e84c26409fe71ed51d3cdf999c81fe---com.google.android.gms.ads.internal.client.zzdw---zzt---null
03-07 18:21:59.593 21029 21029 D FiniteState: invitation_maker---b70da404a707fe1063e9e98123c4edd9d2e84c26409fe71ed51d3cdf999c81fe---com.google.android.gms.ads.AdRequest$Builder---build---null
03-07 18:21:59.593 21029 21029 D FiniteState: invitation_maker---b70da404a707fe1063e9e98123c4edd9d2e84c26409fe71ed51d3cdf999c81fe---com.google.android.gms.ads.appopen.AppOpenAd---load---null
03-07 18:21:59.594 21029 21093 D FiniteState: invitation_maker---b70da404a707fe1063e9e98123c4edd9d2e84c26409fe71ed51d3cdf999c81fe---com.google.android.gms.ads.appopen.zzb---run---null
03-07 18:21:59.594 21029 21093 D FiniteState: invitation_maker---b70da404a707fe1063e9e98123c4edd9d2e84c26409fe71ed51d3cdf999c81fe---com.google.android.gms.ads.internal.client.zzq---zzb---null
03-07 18:21:59.594 21029 21093 D FiniteState: invitation_maker---b70da404a707fe1063e9e98123c4edd9d2e84c26409fe71ed51d3cdf999c81fe---com.google.android.gms.ads.internal.client.zzaw---zzd---null
03-07 18:21:59.594 21029 21093 D FiniteState: invitation_maker---b70da404a707fe1063e9e98123c4edd9d2e84c26409fe71ed51d3cdf999c81fe---com.google.android.gms.ads.internal.client.zzax---zzd---null
03-07 18:21:59.601 21029 21029 D FiniteState: invitation_maker---b70da404a707fe1063e9e98123c4edd9d2e84c26409fe71ed51d3cdf999c81fe---com.google.android.gms.ads.internal.client.zzbj---zzbO---null
03-07 18:21:59.601 21029 21029 D FiniteState: invitation_maker---b70da404a707fe1063e9e98123c4edd9d2e84c26409fe71ed51d3cdf999c81fe---com.google.android.gms.ads.internal.client.zzdl---zzj---null
03-07 18:21:59.601 21029 21029 D FiniteState: invitation_maker---b70da404a707fe1063e9e98123c4edd9d2e84c26409fe71ed51d3cdf999c81fe---com.google.android.gms.ads.internal.client.zzdl---zzf---null
03-07 18:21:59.601 21029 21029 D FiniteState: invitation_maker---b70da404a707fe1063e9e98123c4edd9d2e84c26409fe71ed51d3cdf999c81fe---com.google.android.gms.ads.ResponseInfo---zza---null
03-07 18:21:59.602 21029 21029 D FiniteState: invitation_maker---b70da404a707fe1063e9e98123c4edd9d2e84c26409fe71ed51d3cdf999c81fe---com.google.android.gms.ads.interstitial.InterstitialAd---load---null
03-07 18:21:59.602 21029 21029 D FiniteState: invitation_maker---b70da404a707fe1063e9e98123c4edd9d2e84c26409fe71ed51d3cdf999c81fe---com.google.android.gms.ads.internal.client.zzh---zzb---null
03-07 18:21:59.613 21029 21093 D FiniteState: invitation_maker---b70da404a707fe1063e9e98123c4edd9d2e84c26409fe71ed51d3cdf999c81fe---com.google.android.gms.ads.internal.client.zzk---zza---null
03-07 18:21:59.613 21029 21093 D FiniteState: invitation_maker---b70da404a707fe1063e9e98123c4edd9d2e84c26409fe71ed51d3cdf999c81fe---com.google.android.gms.ads.internal.client.zzbv---zze---null
03-07 18:21:59.613 21029 21093 D FiniteState: invitation_maker---b70da404a707fe1063e9e98123c4edd9d2e84c26409fe71ed51d3cdf999c81fe---com.google.android.gms.ads.internal.client.zzq---writeToParcel---null
03-07 18:21:59.617 21029 21093 D FiniteState: invitation_maker---b70da404a707fe1063e9e98123c4edd9d2e84c26409fe71ed51d3cdf999c81fe---com.google.android.gms.ads.internal.client.zzw---writeToParcel---null
03-07 18:21:59.617 21029 21093 D FiniteState: invitation_maker---b70da404a707fe1063e9e98123c4edd9d2e84c26409fe71ed51d3cdf999c81fe---com.google.android.gms.ads.internal.client.zzbs---zzI---null
03-07 18:21:59.617 21029 21093 D FiniteState: invitation_maker---b70da404a707fe1063e9e98123c4edd9d2e84c26409fe71ed51d3cdf999c81fe---com.google.android.gms.ads.internal.client.zzbs---zzH---null
03-07 18:21:59.618 21029 21093 D FiniteState: invitation_maker---b70da404a707fe1063e9e98123c4edd9d2e84c26409fe71ed51d3cdf999c81fe---com.google.android.gms.ads.internal.client.zzdx---zzq---null
03-07 18:21:59.618 21029 21093 D FiniteState: invitation_maker---b70da404a707fe1063e9e98123c4edd9d2e84c26409fe71ed51d3cdf999c81fe---com.google.android.gms.ads.RequestConfiguration---getTestDeviceIds---null
03-07 18:21:59.619 21029 21093 D FiniteState: invitation_maker---b70da404a707fe1063e9e98123c4edd9d2e84c26409fe71ed51d3cdf999c81fe---com.google.android.gms.ads.internal.client.zzdx---zzm---null
03-07 18:21:59.619 21029 21093 D FiniteState: invitation_maker---b70da404a707fe1063e9e98123c4edd9d2e84c26409fe71ed51d3cdf999c81fe---com.google.android.gms.ads.internal.client.zzl---writeToParcel---null
03-07 18:21:59.619 21029 21093 D FiniteState: invitation_maker---b70da404a707fe1063e9e98123c4edd9d2e84c26409fe71ed51d3cdf999c81fe---com.google.android.gms.ads.internal.client.zzbs---zzaa---null
03-07 18:21:59.633 21029 21093 D FiniteState: invitation_maker---b70da404a707fe1063e9e98123c4edd9d2e84c26409fe71ed51d3cdf999c81fe---com.google.android.gms.ads.internal.client.LiteSdkInfo---getLiteSdkVersion---null
03-07 18:21:59.634 21029 21093 D FiniteState: invitation_maker---b70da404a707fe1063e9e98123c4edd9d2e84c26409fe71ed51d3cdf999c81fe---com.google.android.gms.ads.internal.client.zzen---writeToParcel---null
03-07 18:21:59.640 21029 21093 D FiniteState: invitation_maker---b70da404a707fe1063e9e98123c4edd9d2e84c26409fe71ed51d3cdf999c81fe---com.google.android.gms.ads.internal.client.LiteSdkInfo---getLiteSdkVersion---null
03-07 18:21:59.640 21029 21093 D FiniteState: invitation_maker---b70da404a707fe1063e9e98123c4edd9d2e84c26409fe71ed51d3cdf999c81fe---com.google.android.gms.ads.internal.client.zzen---writeToParcel---null
03-07 18:21:59.673 21029 21093 D FiniteState: invitation_maker---b70da404a707fe1063e9e98123c4edd9d2e84c26409fe71ed51d3cdf999c81fe---com.google.android.gms.ads.internal.client.zzaw---zze---null
03-07 18:21:59.673 21029 21093 D FiniteState: invitation_maker---b70da404a707fe1063e9e98123c4edd9d2e84c26409fe71ed51d3cdf999c81fe---com.google.android.gms.ads.internal.client.zzax---zzd---null
03-07 18:21:59.686 21029 21093 D FiniteState: invitation_maker---b70da404a707fe1063e9e98123c4edd9d2e84c26409fe71ed51d3cdf999c81fe---com.google.android.gms.ads.internal.client.zzk---zza---null
03-07 18:21:59.686 21029 21093 D FiniteState: invitation_maker---b70da404a707fe1063e9e98123c4edd9d2e84c26409fe71ed51d3cdf999c81fe---com.google.android.gms.ads.internal.client.zzbv---zze---null
03-07 18:21:59.686 21029 21093 D FiniteState: invitation_maker---b70da404a707fe1063e9e98123c4edd9d2e84c26409fe71ed51d3cdf999c81fe---com.google.android.gms.ads.internal.client.zzq---writeToParcel---null
03-07 18:21:59.688 21029 21093 D FiniteState: invitation_maker---b70da404a707fe1063e9e98123c4edd9d2e84c26409fe71ed51d3cdf999c81fe---com.google.android.gms.ads.interstitial.zza---run---null
03-07 18:21:59.689 21029 21093 D FiniteState: invitation_maker---b70da404a707fe1063e9e98123c4edd9d2e84c26409fe71ed51d3cdf999c81fe---com.google.android.gms.ads.internal.client.zzdx---zzq---null
03-07 18:21:59.689 21029 21093 D FiniteState: invitation_maker---b70da404a707fe1063e9e98123c4edd9d2e84c26409fe71ed51d3cdf999c81fe---com.google.android.gms.ads.RequestConfiguration---getTestDeviceIds---null
03-07 18:21:59.689 21029 21093 D FiniteState: invitation_maker---b70da404a707fe1063e9e98123c4edd9d2e84c26409fe71ed51d3cdf999c81fe---com.google.android.gms.ads.internal.client.zzdx---zzm---null
03-07 18:21:59.690 21029 21093 D FiniteState: invitation_maker---b70da404a707fe1063e9e98123c4edd9d2e84c26409fe71ed51d3cdf999c81fe---com.google.android.gms.ads.internal.client.zzl---writeToParcel---null
03-07 18:21:59.690 21029 21093 D FiniteState: invitation_maker---b70da404a707fe1063e9e98123c4edd9d2e84c26409fe71ed51d3cdf999c81fe---com.google.android.gms.ads.internal.client.zzbs---zzy---null
03-07 18:21:59.704 21029 21093 D FiniteState: invitation_maker---b70da404a707fe1063e9e98123c4edd9d2e84c26409fe71ed51d3cdf999c81fe---com.google.android.gms.ads.internal.client.LiteSdkInfo---getLiteSdkVersion---null
03-07 18:21:59.704 21029 21093 D FiniteState: invitation_maker---b70da404a707fe1063e9e98123c4edd9d2e84c26409fe71ed51d3cdf999c81fe---com.google.android.gms.ads.internal.client.zzen---writeToParcel---null
03-07 18:21:59.710 21029 21093 D FiniteState: invitation_maker---b70da404a707fe1063e9e98123c4edd9d2e84c26409fe71ed51d3cdf999c81fe---com.google.android.gms.ads.internal.client.LiteSdkInfo---getLiteSdkVersion---null
03-07 18:21:59.710 21029 21093 D FiniteState: invitation_maker---b70da404a707fe1063e9e98123c4edd9d2e84c26409fe71ed51d3cdf999c81fe---com.google.android.gms.ads.internal.client.zzen---writeToParcel---null
03-07 18:22:32.113 22497 22512 D FiniteState: realme_hd_wallpapers---571cbbf66e905d882979e1d9a1d44427e862f7313e2a3930f0e84b33f80eca23---com.google.android.gms.ads.identifier.AdvertisingIdClient---getAdvertisingIdInfo---null
03-07 18:22:32.116 22497 22512 D FiniteState: realme_hd_wallpapers---571cbbf66e905d882979e1d9a1d44427e862f7313e2a3930f0e84b33f80eca23---com.google.android.gms.ads.identifier.AdvertisingIdClient---zzb---null
03-07 18:24:52.265 23179 23179 D FiniteState: home_plan---3f20dff2a1312bb343c3f3bedeb4dabd5e3262ec4b1f8d53afa409faee522bff---com.facebook.ads.internal.dynamicloading.DynamicLoaderFactory---initialize---null
03-07 18:24:52.265 23179 23193 D FiniteState: home_plan---3f20dff2a1312bb343c3f3bedeb4dabd5e3262ec4b1f8d53afa409faee522bff---com.google.android.gms.ads.identifier.AdvertisingIdClient---getAdvertisingIdInfo---null
03-07 18:24:52.266 23179 23179 D FiniteState: home_plan---3f20dff2a1312bb343c3f3bedeb4dabd5e3262ec4b1f8d53afa409faee522bff---com.facebook.ads.AudienceNetworkContentProvider---onCreate---null
03-07 18:24:52.270 23179 23193 D FiniteState: home_plan---3f20dff2a1312bb343c3f3bedeb4dabd5e3262ec4b1f8d53afa409faee522bff---com.google.android.gms.ads.identifier.AdvertisingIdClient---zzb---null
03-07 18:24:52.273 23179 23194 D FiniteState: home_plan---3f20dff2a1312bb343c3f3bedeb4dabd5e3262ec4b1f8d53afa409faee522bff---com.facebook.ads.internal.util.common.ANActivityLifecycleCallbacksListener---registerActivityCallbacks---null
03-07 18:24:52.275 23179 23194 D FiniteState: home_plan---3f20dff2a1312bb343c3f3bedeb4dabd5e3262ec4b1f8d53afa409faee522bff---com.facebook.ads.internal.dynamicloading.DynamicLoaderFactory$1---run---null
03-07 18:24:52.275 23179 23194 D FiniteState: home_plan---3f20dff2a1312bb343c3f3bedeb4dabd5e3262ec4b1f8d53afa409faee522bff---com.facebook.ads.internal.dynamicloading.DynamicLoaderFactory---makeLegacyAdsSdkClassLoader---null
03-07 18:24:52.386 23179 23179 D FiniteState: home_plan---3f20dff2a1312bb343c3f3bedeb4dabd5e3262ec4b1f8d53afa409faee522bff---com.facebook.ads.internal.util.common.ANActivityLifecycleCallbacksListener---onActivityCreated---null
03-07 18:24:52.485 23179 23194 D FiniteState: home_plan---3f20dff2a1312bb343c3f3bedeb4dabd5e3262ec4b1f8d53afa409faee522bff---com.facebook.ads.internal.dynamicloading.DynamicLoaderFactory---makeLegacyAdsSdkClassLoader---null
03-07 18:24:52.523 23179 23179 D FiniteState: home_plan---3f20dff2a1312bb343c3f3bedeb4dabd5e3262ec4b1f8d53afa409faee522bff---com.facebook.ads.internal.util.common.ANActivityLifecycleCallbacksListener---onActivityStarted---null
03-07 18:24:52.525 23179 23179 D FiniteState: home_plan---3f20dff2a1312bb343c3f3bedeb4dabd5e3262ec4b1f8d53afa409faee522bff---com.facebook.ads.internal.util.common.ANActivityLifecycleCallbacksListener---onActivityResumed---null
03-07 18:24:52.553 23179 23193 D FiniteState: home_plan---3f20dff2a1312bb343c3f3bedeb4dabd5e3262ec4b1f8d53afa409faee522bff---com.google.android.gms.ads.identifier.AdvertisingIdClient---zzd---null
03-07 18:24:52.565 23179 23193 D FiniteState: home_plan---3f20dff2a1312bb343c3f3bedeb4dabd5e3262ec4b1f8d53afa409faee522bff---com.google.android.gms.ads.identifier.AdvertisingIdClient---zza---null
03-07 18:24:52.689 23179 23194 D FiniteState: home_plan---3f20dff2a1312bb343c3f3bedeb4dabd5e3262ec4b1f8d53afa409faee522bff---com.facebook.ads.internal.dynamicloading.DynamicLoaderFactory---makeLegacyAdsSdkClassLoader---null
03-07 18:24:52.693 23179 23194 D FiniteState: home_plan---3f20dff2a1312bb343c3f3bedeb4dabd5e3262ec4b1f8d53afa409faee522bff---com.facebook.ads.internal.dynamicloading.DynamicLoaderFactory---access$200---null
03-07 18:24:53.202 23179 23187 D FiniteState: home_plan---3f20dff2a1312bb343c3f3bedeb4dabd5e3262ec4b1f8d53afa409faee522bff---com.google.android.gms.ads.identifier.AdvertisingIdClient---zza---null
03-07 18:24:53.202 23179 23187 D FiniteState: home_plan---3f20dff2a1312bb343c3f3bedeb4dabd5e3262ec4b1f8d53afa409faee522bff---com.google.android.gms.ads.identifier.AdvertisingIdClient---finalize---null
03-07 18:24:53.529 23179 23179 D FiniteState: home_plan---3f20dff2a1312bb343c3f3bedeb4dabd5e3262ec4b1f8d53afa409faee522bff---com.facebook.ads.internal.util.common.ANActivityLifecycleCallbacksListener---onActivityPaused---null
03-07 18:24:53.562 23179 23179 D FiniteState: home_plan---3f20dff2a1312bb343c3f3bedeb4dabd5e3262ec4b1f8d53afa409faee522bff---com.facebook.ads.internal.util.common.ANActivityLifecycleCallbacksListener---onActivityCreated---null
03-07 18:24:53.700 23179 23179 D FiniteState: home_plan---3f20dff2a1312bb343c3f3bedeb4dabd5e3262ec4b1f8d53afa409faee522bff---com.facebook.ads.internal.util.common.ANActivityLifecycleCallbacksListener---onActivityStarted---null
03-07 18:24:53.702 23179 23179 D FiniteState: home_plan---3f20dff2a1312bb343c3f3bedeb4dabd5e3262ec4b1f8d53afa409faee522bff---com.facebook.ads.internal.util.common.ANActivityLifecycleCallbacksListener---onActivityResumed---null
03-07 18:24:54.567 23179 23179 D FiniteState: home_plan---3f20dff2a1312bb343c3f3bedeb4dabd5e3262ec4b1f8d53afa409faee522bff---com.facebook.ads.internal.util.common.ANActivityLifecycleCallbacksListener---onActivityStopped---null
03-07 18:24:54.573 23179 23179 D FiniteState: home_plan---3f20dff2a1312bb343c3f3bedeb4dabd5e3262ec4b1f8d53afa409faee522bff---com.facebook.ads.internal.util.common.ANActivityLifecycleCallbacksListener---onActivityDestroyed---null
03-07 18:25:42.206 23901 23901 D FiniteState: lightx---c7696f5216f6ac9bbbb40e38e913fe94928642e991cc81dd4c0c3253fd111c7b---com.google.android.gms.ads.MobileAdsInitProvider---attachInfo---null
03-07 18:25:42.307 23901 23901 D FiniteState: lightx---c7696f5216f6ac9bbbb40e38e913fe94928642e991cc81dd4c0c3253fd111c7b---com.facebook.ads.internal.dynamicloading.DynamicLoaderFactory---initialize---null
