--------- beginning of main
--------- beginning of system
--------- beginning of crash
03-07 16:29:20.284  5873  5888 D FiniteState: shortmax---a3f382ad163ed323fd944c639806112e7e5ca07321de33fa2d95f341e9971929---com.google.android.gms.ads.identifier.AdvertisingIdClient---getAdvertisingIdInfo---null
03-07 16:29:20.287  5873  5888 D FiniteState: shortmax---a3f382ad163ed323fd944c639806112e7e5ca07321de33fa2d95f341e9971929---com.google.android.gms.ads.identifier.AdvertisingIdClient---zzb---null
03-07 16:29:20.311  5873  5873 D FiniteState: shortmax---a3f382ad163ed323fd944c639806112e7e5ca07321de33fa2d95f341e9971929---com.google.android.gms.ads.MobileAdsInitProvider---attachInfo---null
03-07 16:29:20.754  5873  5935 D FiniteState: shortmax---a3f382ad163ed323fd944c639806112e7e5ca07321de33fa2d95f341e9971929---com.google.android.gms.ads.identifier.AdvertisingIdClient---getAdvertisingIdInfo---null
03-07 16:29:20.754  5873  5935 D FiniteState: shortmax---a3f382ad163ed323fd944c639806112e7e5ca07321de33fa2d95f341e9971929---com.google.android.gms.ads.identifier.AdvertisingIdClient---zzb---null
03-07 16:29:20.760  5873  5873 D FiniteState: shortmax---a3f382ad163ed323fd944c639806112e7e5ca07321de33fa2d95f341e9971929---com.facebook.ads.internal.dynamicloading.DynamicLoaderFactory---initialize---null
03-07 16:29:20.761  5873  5873 D FiniteState: shortmax---a3f382ad163ed323fd944c639806112e7e5ca07321de33fa2d95f341e9971929---com.facebook.ads.AudienceNetworkContentProvider---onCreate---null
03-07 16:29:20.764  5873  5939 D FiniteState: shortmax---a3f382ad163ed323fd944c639806112e7e5ca07321de33fa2d95f341e9971929---com.facebook.ads.internal.util.common.ANActivityLifecycleCallbacksListener---registerActivityCallbacks---null
03-07 16:29:20.764  5873  5939 D FiniteState: shortmax---a3f382ad163ed323fd944c639806112e7e5ca07321de33fa2d95f341e9971929---com.facebook.ads.internal.dynamicloading.DynamicLoaderFactory$a---run---null
03-07 16:29:20.767  5873  5939 D FiniteState: shortmax---a3f382ad163ed323fd944c639806112e7e5ca07321de33fa2d95f341e9971929---com.facebook.ads.internal.dynamicloading.DynamicLoaderFactory---makeLegacyAdsSdkClassLoader---null
03-07 16:29:20.931  5873  5934 D FiniteState: shortmax---a3f382ad163ed323fd944c639806112e7e5ca07321de33fa2d95f341e9971929---com.google.android.gms.ads.identifier.AdvertisingIdClient---getAdvertisingIdInfo---null
03-07 16:29:20.931  5873  5934 D FiniteState: shortmax---a3f382ad163ed323fd944c639806112e7e5ca07321de33fa2d95f341e9971929---com.google.android.gms.ads.identifier.AdvertisingIdClient---zzb---null
03-07 16:29:20.965  5873  5907 D FiniteState: shortmax---a3f382ad163ed323fd944c639806112e7e5ca07321de33fa2d95f341e9971929---com.google.android.gms.ads.identifier.AdvertisingIdClient---getAdvertisingIdInfo---null
03-07 16:29:20.966  5873  5907 D FiniteState: shortmax---a3f382ad163ed323fd944c639806112e7e5ca07321de33fa2d95f341e9971929---com.google.android.gms.ads.identifier.AdvertisingIdClient---zzb---null
03-07 16:29:20.968  5873  5939 D FiniteState: shortmax---a3f382ad163ed323fd944c639806112e7e5ca07321de33fa2d95f341e9971929---com.facebook.ads.internal.dynamicloading.DynamicLoaderFactory---makeLegacyAdsSdkClassLoader---null
03-07 16:29:21.091  5873  5929 D FiniteState: shortmax---a3f382ad163ed323fd944c639806112e7e5ca07321de33fa2d95f341e9971929---com.google.android.gms.ads.identifier.AdvertisingIdClient---getAdvertisingIdInfo---null
03-07 16:29:21.091  5873  5929 D FiniteState: shortmax---a3f382ad163ed323fd944c639806112e7e5ca07321de33fa2d95f341e9971929---com.google.android.gms.ads.identifier.AdvertisingIdClient---zzb---null
03-07 16:29:21.169  5873  5939 D FiniteState: shortmax---a3f382ad163ed323fd944c639806112e7e5ca07321de33fa2d95f341e9971929---com.facebook.ads.internal.dynamicloading.DynamicLoaderFactory---makeLegacyAdsSdkClassLoader---null
03-07 16:29:21.176  5873  5939 D FiniteState: shortmax---a3f382ad163ed323fd944c639806112e7e5ca07321de33fa2d95f341e9971929---com.facebook.ads.internal.dynamicloading.DynamicLoaderFactory---access$200---null
03-07 16:29:21.277  5873  5873 D FiniteState: shortmax---a3f382ad163ed323fd944c639806112e7e5ca07321de33fa2d95f341e9971929---com.facebook.ads.internal.util.common.ANActivityLifecycleCallbacksListener---onActivityCreated---null
03-07 16:29:21.590  5873  5947 D FiniteState: shortmax---a3f382ad163ed323fd944c639806112e7e5ca07321de33fa2d95f341e9971929---com.facebook.ads.internal.settings.AdInternalSettings---setDataProcessingOptions---null
03-07 16:29:21.590  5873  5947 D FiniteState: shortmax---a3f382ad163ed323fd944c639806112e7e5ca07321de33fa2d95f341e9971929---com.facebook.ads.internal.settings.MultithreadedBundleWrapper---putStringArray---null
03-07 16:29:21.590  5873  5947 D FiniteState: shortmax---a3f382ad163ed323fd944c639806112e7e5ca07321de33fa2d95f341e9971929---com.facebook.ads.internal.settings.MultithreadedBundleWrapper---putInteger---null
03-07 16:29:21.590  5873  5947 D FiniteState: shortmax---a3f382ad163ed323fd944c639806112e7e5ca07321de33fa2d95f341e9971929---com.facebook.ads.internal.settings.MultithreadedBundleWrapper---putInteger---null
03-07 16:29:21.590  5873  5947 D FiniteState: shortmax---a3f382ad163ed323fd944c639806112e7e5ca07321de33fa2d95f341e9971929---com.facebook.ads.AdSettings---setDataProcessingOptions---null
03-07 16:29:21.596  5873  5873 D FiniteState: shortmax---a3f382ad163ed323fd944c639806112e7e5ca07321de33fa2d95f341e9971929---com.facebook.ads.internal.util.common.ANActivityLifecycleCallbacksListener---onActivityStarted---null
03-07 16:29:21.615  5873  5873 D FiniteState: shortmax---a3f382ad163ed323fd944c639806112e7e5ca07321de33fa2d95f341e9971929---com.facebook.ads.internal.util.common.ANActivityLifecycleCallbacksListener---onActivityResumed---null
03-07 16:29:21.670  5873  5935 D FiniteState: shortmax---a3f382ad163ed323fd944c639806112e7e5ca07321de33fa2d95f341e9971929---com.google.android.gms.ads.identifier.AdvertisingIdClient---zzd---null
03-07 16:29:21.670  5873  5888 D FiniteState: shortmax---a3f382ad163ed323fd944c639806112e7e5ca07321de33fa2d95f341e9971929---com.google.android.gms.ads.identifier.AdvertisingIdClient---zzd---null
03-07 16:29:21.683  5873  5934 D FiniteState: shortmax---a3f382ad163ed323fd944c639806112e7e5ca07321de33fa2d95f341e9971929---com.google.android.gms.ads.identifier.AdvertisingIdClient---zzd---null
03-07 16:29:21.684  5873  5907 D FiniteState: shortmax---a3f382ad163ed323fd944c639806112e7e5ca07321de33fa2d95f341e9971929---com.google.android.gms.ads.identifier.AdvertisingIdClient---zzd---null
03-07 16:29:21.687  5873  5929 D FiniteState: shortmax---a3f382ad163ed323fd944c639806112e7e5ca07321de33fa2d95f341e9971929---com.google.android.gms.ads.identifier.AdvertisingIdClient---zzd---null
03-07 16:29:21.687  5873  5935 D FiniteState: shortmax---a3f382ad163ed323fd944c639806112e7e5ca07321de33fa2d95f341e9971929---com.google.android.gms.ads.identifier.AdvertisingIdClient---zza---null
03-07 16:29:21.688  5873  5888 D FiniteState: shortmax---a3f382ad163ed323fd944c639806112e7e5ca07321de33fa2d95f341e9971929---com.google.android.gms.ads.identifier.AdvertisingIdClient---zza---null
03-07 16:29:21.693  5873  5934 D FiniteState: shortmax---a3f382ad163ed323fd944c639806112e7e5ca07321de33fa2d95f341e9971929---com.google.android.gms.ads.identifier.AdvertisingIdClient---zza---null
03-07 16:29:21.700  5873  5907 D FiniteState: shortmax---a3f382ad163ed323fd944c639806112e7e5ca07321de33fa2d95f341e9971929---com.google.android.gms.ads.identifier.AdvertisingIdClient---zza---null
03-07 16:29:21.713  5873  5929 D FiniteState: shortmax---a3f382ad163ed323fd944c639806112e7e5ca07321de33fa2d95f341e9971929---com.google.android.gms.ads.identifier.AdvertisingIdClient---zza---null
03-07 16:29:22.170  5873  5881 D FiniteState: shortmax---a3f382ad163ed323fd944c639806112e7e5ca07321de33fa2d95f341e9971929---com.google.android.gms.ads.identifier.AdvertisingIdClient---zza---null
03-07 16:29:22.170  5873  5881 D FiniteState: shortmax---a3f382ad163ed323fd944c639806112e7e5ca07321de33fa2d95f341e9971929---com.google.android.gms.ads.identifier.AdvertisingIdClient---finalize---null
03-07 16:29:22.170  5873  5881 D FiniteState: shortmax---a3f382ad163ed323fd944c639806112e7e5ca07321de33fa2d95f341e9971929---com.google.android.gms.ads.identifier.AdvertisingIdClient---zza---null
03-07 16:29:22.170  5873  5881 D FiniteState: shortmax---a3f382ad163ed323fd944c639806112e7e5ca07321de33fa2d95f341e9971929---com.google.android.gms.ads.identifier.AdvertisingIdClient---finalize---null
03-07 16:29:22.170  5873  5881 D FiniteState: shortmax---a3f382ad163ed323fd944c639806112e7e5ca07321de33fa2d95f341e9971929---com.google.android.gms.ads.identifier.AdvertisingIdClient---zza---null
03-07 16:29:22.170  5873  5881 D FiniteState: shortmax---a3f382ad163ed323fd944c639806112e7e5ca07321de33fa2d95f341e9971929---com.google.android.gms.ads.identifier.AdvertisingIdClient---finalize---null
03-07 16:29:22.170  5873  5881 D FiniteState: shortmax---a3f382ad163ed323fd944c639806112e7e5ca07321de33fa2d95f341e9971929---com.google.android.gms.ads.identifier.AdvertisingIdClient---zza---null
03-07 16:29:22.170  5873  5881 D FiniteState: shortmax---a3f382ad163ed323fd944c639806112e7e5ca07321de33fa2d95f341e9971929---com.google.android.gms.ads.identifier.AdvertisingIdClient---finalize---null
03-07 16:29:22.171  5873  5881 D FiniteState: shortmax---a3f382ad163ed323fd944c639806112e7e5ca07321de33fa2d95f341e9971929---com.google.android.gms.ads.identifier.AdvertisingIdClient---zza---null
03-07 16:29:22.171  5873  5881 D FiniteState: shortmax---a3f382ad163ed323fd944c639806112e7e5ca07321de33fa2d95f341e9971929---com.google.android.gms.ads.identifier.AdvertisingIdClient---finalize---null
03-07 16:29:24.344  5873  6238 D FiniteState: shortmax---a3f382ad163ed323fd944c639806112e7e5ca07321de33fa2d95f341e9971929---com.google.android.gms.ads.identifier.AdvertisingIdClient---getAdvertisingIdInfo---null
03-07 16:29:24.344  5873  6238 D FiniteState: shortmax---a3f382ad163ed323fd944c639806112e7e5ca07321de33fa2d95f341e9971929---com.google.android.gms.ads.identifier.AdvertisingIdClient---zzb---null
03-07 16:29:24.356  5873  6238 D FiniteState: shortmax---a3f382ad163ed323fd944c639806112e7e5ca07321de33fa2d95f341e9971929---com.google.android.gms.ads.identifier.AdvertisingIdClient---zzd---null
03-07 16:29:24.371  5873  6238 D FiniteState: shortmax---a3f382ad163ed323fd944c639806112e7e5ca07321de33fa2d95f341e9971929---com.google.android.gms.ads.identifier.AdvertisingIdClient---zza---null
03-07 16:29:26.503  5873  5881 D FiniteState: shortmax---a3f382ad163ed323fd944c639806112e7e5ca07321de33fa2d95f341e9971929---com.google.android.gms.ads.identifier.AdvertisingIdClient---zza---null
03-07 16:29:26.503  5873  5881 D FiniteState: shortmax---a3f382ad163ed323fd944c639806112e7e5ca07321de33fa2d95f341e9971929---com.google.android.gms.ads.identifier.AdvertisingIdClient---finalize---null
03-07 16:29:26.795  5873  5873 D FiniteState: shortmax---a3f382ad163ed323fd944c639806112e7e5ca07321de33fa2d95f341e9971929---com.facebook.ads.internal.util.common.ANActivityLifecycleCallbacksListener---onActivityPaused---null
03-07 16:29:26.866  5873  5873 D FiniteState: shortmax---a3f382ad163ed323fd944c639806112e7e5ca07321de33fa2d95f341e9971929---com.facebook.ads.internal.util.common.ANActivityLifecycleCallbacksListener---onActivityCreated---null
03-07 16:29:27.099  5873  5873 D FiniteState: shortmax---a3f382ad163ed323fd944c639806112e7e5ca07321de33fa2d95f341e9971929---com.facebook.ads.internal.util.common.ANActivityLifecycleCallbacksListener---onActivityStarted---null
03-07 16:29:27.102  5873  5873 D FiniteState: shortmax---a3f382ad163ed323fd944c639806112e7e5ca07321de33fa2d95f341e9971929---com.facebook.ads.internal.util.common.ANActivityLifecycleCallbacksListener---onActivityResumed---null
03-07 16:29:27.952  5873  5873 D FiniteState: shortmax---a3f382ad163ed323fd944c639806112e7e5ca07321de33fa2d95f341e9971929---com.facebook.ads.internal.util.common.ANActivityLifecycleCallbacksListener---onActivityStopped---null
03-07 16:29:27.957  5873  5873 D FiniteState: shortmax---a3f382ad163ed323fd944c639806112e7e5ca07321de33fa2d95f341e9971929---com.facebook.ads.internal.util.common.ANActivityLifecycleCallbacksListener---onActivityDestroyed---null
03-07 16:29:36.713  5873  5935 D FiniteState: shortmax---a3f382ad163ed323fd944c639806112e7e5ca07321de33fa2d95f341e9971929---com.google.android.gms.ads.identifier.AdvertisingIdClient---getAdvertisingIdInfo---null
03-07 16:29:36.713  5873  5935 D FiniteState: shortmax---a3f382ad163ed323fd944c639806112e7e5ca07321de33fa2d95f341e9971929---com.google.android.gms.ads.identifier.AdvertisingIdClient---zzb---null
03-07 16:29:36.719  5873  5935 D FiniteState: shortmax---a3f382ad163ed323fd944c639806112e7e5ca07321de33fa2d95f341e9971929---com.google.android.gms.ads.identifier.AdvertisingIdClient---zzd---null
03-07 16:29:36.725  5873  5935 D FiniteState: shortmax---a3f382ad163ed323fd944c639806112e7e5ca07321de33fa2d95f341e9971929---com.google.android.gms.ads.identifier.AdvertisingIdClient---zza---null
03-07 16:30:17.890  7323  7323 D FiniteState: all_football---1a09206ce3b7f519682fee1bbc46c68bcebd9a8ab31f218f5e817d9e6c2a9b11---com.google.android.gms.ads.MobileAdsInitProvider---attachInfo---null
03-07 16:30:18.023  7323  7396 D FiniteState: all_football---1a09206ce3b7f519682fee1bbc46c68bcebd9a8ab31f218f5e817d9e6c2a9b11---com.google.android.gms.ads.identifier.AdvertisingIdClient---getAdvertisingIdInfo---null
03-07 16:30:18.023  7323  7396 D FiniteState: all_football---1a09206ce3b7f519682fee1bbc46c68bcebd9a8ab31f218f5e817d9e6c2a9b11---com.google.android.gms.ads.identifier.AdvertisingIdClient---zzb---null
03-07 16:30:18.030  7323  7323 D FiniteState: all_football---1a09206ce3b7f519682fee1bbc46c68bcebd9a8ab31f218f5e817d9e6c2a9b11---com.facebook.ads.internal.dynamicloading.DynamicLoaderFactory---initialize---null
03-07 16:30:18.037  7323  7323 D FiniteState: all_football---1a09206ce3b7f519682fee1bbc46c68bcebd9a8ab31f218f5e817d9e6c2a9b11---com.facebook.ads.AudienceNetworkContentProvider---onCreate---null
03-07 16:30:18.057  7323  7401 D FiniteState: all_football---1a09206ce3b7f519682fee1bbc46c68bcebd9a8ab31f218f5e817d9e6c2a9b11---com.facebook.ads.internal.util.common.ANActivityLifecycleCallbacksListener---registerActivityCallbacks---null
03-07 16:30:18.057  7323  7401 D FiniteState: all_football---1a09206ce3b7f519682fee1bbc46c68bcebd9a8ab31f218f5e817d9e6c2a9b11---com.facebook.ads.internal.dynamicloading.DynamicLoaderFactory$a---run---null
03-07 16:30:18.059  7323  7401 D FiniteState: all_football---1a09206ce3b7f519682fee1bbc46c68bcebd9a8ab31f218f5e817d9e6c2a9b11---com.facebook.ads.internal.dynamicloading.DynamicLoaderFactory---makeLegacyAdsSdkClassLoader---null
03-07 16:30:18.262  7323  7401 D FiniteState: all_football---1a09206ce3b7f519682fee1bbc46c68bcebd9a8ab31f218f5e817d9e6c2a9b11---com.facebook.ads.internal.dynamicloading.DynamicLoaderFactory---makeLegacyAdsSdkClassLoader---null
03-07 16:30:18.707  7420  7420 D FiniteState: all_football---1a09206ce3b7f519682fee1bbc46c68bcebd9a8ab31f218f5e817d9e6c2a9b11---com.google.android.gms.ads.MobileAdsInitProvider---attachInfo---null
03-07 16:30:18.793  7420  7420 D FiniteState: all_football---1a09206ce3b7f519682fee1bbc46c68bcebd9a8ab31f218f5e817d9e6c2a9b11---com.facebook.ads.internal.dynamicloading.DynamicLoaderFactory---initialize---null
03-07 16:30:18.794  7420  7420 D FiniteState: all_football---1a09206ce3b7f519682fee1bbc46c68bcebd9a8ab31f218f5e817d9e6c2a9b11---com.facebook.ads.AudienceNetworkContentProvider---onCreate---null
03-07 16:30:18.797  7420  7492 D FiniteState: all_football---1a09206ce3b7f519682fee1bbc46c68bcebd9a8ab31f218f5e817d9e6c2a9b11---com.facebook.ads.internal.util.common.ANActivityLifecycleCallbacksListener---registerActivityCallbacks---null
03-07 16:30:18.797  7420  7492 D FiniteState: all_football---1a09206ce3b7f519682fee1bbc46c68bcebd9a8ab31f218f5e817d9e6c2a9b11---com.facebook.ads.internal.dynamicloading.DynamicLoaderFactory$a---run---null
03-07 16:30:18.797  7420  7492 D FiniteState: all_football---1a09206ce3b7f519682fee1bbc46c68bcebd9a8ab31f218f5e817d9e6c2a9b11---com.facebook.ads.internal.dynamicloading.DynamicLoaderFactory---makeLegacyAdsSdkClassLoader---null
03-07 16:30:19.000  7420  7492 D FiniteState: all_football---1a09206ce3b7f519682fee1bbc46c68bcebd9a8ab31f218f5e817d9e6c2a9b11---com.facebook.ads.internal.dynamicloading.DynamicLoaderFactory---makeLegacyAdsSdkClassLoader---null
03-07 16:30:19.434  7514  7514 D FiniteState: all_football---1a09206ce3b7f519682fee1bbc46c68bcebd9a8ab31f218f5e817d9e6c2a9b11---com.google.android.gms.ads.MobileAdsInitProvider---attachInfo---null
03-07 16:30:19.512  7514  7514 D FiniteState: all_football---1a09206ce3b7f519682fee1bbc46c68bcebd9a8ab31f218f5e817d9e6c2a9b11---com.facebook.ads.internal.dynamicloading.DynamicLoaderFactory---initialize---null
03-07 16:30:19.512  7514  7514 D FiniteState: all_football---1a09206ce3b7f519682fee1bbc46c68bcebd9a8ab31f218f5e817d9e6c2a9b11---com.facebook.ads.AudienceNetworkContentProvider---onCreate---null
03-07 16:30:19.514  7514  7587 D FiniteState: all_football---1a09206ce3b7f519682fee1bbc46c68bcebd9a8ab31f218f5e817d9e6c2a9b11---com.facebook.ads.internal.util.common.ANActivityLifecycleCallbacksListener---registerActivityCallbacks---null
03-07 16:30:19.514  7514  7587 D FiniteState: all_football---1a09206ce3b7f519682fee1bbc46c68bcebd9a8ab31f218f5e817d9e6c2a9b11---com.facebook.ads.internal.dynamicloading.DynamicLoaderFactory$a---run---null
03-07 16:30:19.515  7514  7587 D FiniteState: all_football---1a09206ce3b7f519682fee1bbc46c68bcebd9a8ab31f218f5e817d9e6c2a9b11---com.facebook.ads.internal.dynamicloading.DynamicLoaderFactory---makeLegacyAdsSdkClassLoader---null
03-07 16:30:19.716  7514  7587 D FiniteState: all_football---1a09206ce3b7f519682fee1bbc46c68bcebd9a8ab31f218f5e817d9e6c2a9b11---com.facebook.ads.internal.dynamicloading.DynamicLoaderFactory---makeLegacyAdsSdkClassLoader---null
03-07 16:30:20.106  7608  7608 D FiniteState: all_football---1a09206ce3b7f519682fee1bbc46c68bcebd9a8ab31f218f5e817d9e6c2a9b11---com.google.android.gms.ads.MobileAdsInitProvider---attachInfo---null
03-07 16:30:20.184  7608  7608 D FiniteState: all_football---1a09206ce3b7f519682fee1bbc46c68bcebd9a8ab31f218f5e817d9e6c2a9b11---com.facebook.ads.internal.dynamicloading.DynamicLoaderFactory---initialize---null
03-07 16:30:20.187  7608  7608 D FiniteState: all_football---1a09206ce3b7f519682fee1bbc46c68bcebd9a8ab31f218f5e817d9e6c2a9b11---com.facebook.ads.AudienceNetworkContentProvider---onCreate---null
03-07 16:30:20.193  7608  7680 D FiniteState: all_football---1a09206ce3b7f519682fee1bbc46c68bcebd9a8ab31f218f5e817d9e6c2a9b11---com.facebook.ads.internal.util.common.ANActivityLifecycleCallbacksListener---registerActivityCallbacks---null
03-07 16:30:20.193  7608  7680 D FiniteState: all_football---1a09206ce3b7f519682fee1bbc46c68bcebd9a8ab31f218f5e817d9e6c2a9b11---com.facebook.ads.internal.dynamicloading.DynamicLoaderFactory$a---run---null
03-07 16:30:20.193  7608  7680 D FiniteState: all_football---1a09206ce3b7f519682fee1bbc46c68bcebd9a8ab31f218f5e817d9e6c2a9b11---com.facebook.ads.internal.dynamicloading.DynamicLoaderFactory---makeLegacyAdsSdkClassLoader---null
03-07 16:30:20.395  7608  7680 D FiniteState: all_football---1a09206ce3b7f519682fee1bbc46c68bcebd9a8ab31f218f5e817d9e6c2a9b11---com.facebook.ads.internal.dynamicloading.DynamicLoaderFactory---makeLegacyAdsSdkClassLoader---null
03-07 16:30:20.779  7701  7701 D FiniteState: all_football---1a09206ce3b7f519682fee1bbc46c68bcebd9a8ab31f218f5e817d9e6c2a9b11---com.google.android.gms.ads.MobileAdsInitProvider---attachInfo---null
03-07 16:30:20.849  7701  7701 D FiniteState: all_football---1a09206ce3b7f519682fee1bbc46c68bcebd9a8ab31f218f5e817d9e6c2a9b11---com.facebook.ads.internal.dynamicloading.DynamicLoaderFactory---initialize---null
03-07 16:30:20.851  7701  7701 D FiniteState: all_football---1a09206ce3b7f519682fee1bbc46c68bcebd9a8ab31f218f5e817d9e6c2a9b11---com.facebook.ads.AudienceNetworkContentProvider---onCreate---null
03-07 16:30:20.855  7701  7775 D FiniteState: all_football---1a09206ce3b7f519682fee1bbc46c68bcebd9a8ab31f218f5e817d9e6c2a9b11---com.facebook.ads.internal.util.common.ANActivityLifecycleCallbacksListener---registerActivityCallbacks---null
03-07 16:30:20.855  7701  7775 D FiniteState: all_football---1a09206ce3b7f519682fee1bbc46c68bcebd9a8ab31f218f5e817d9e6c2a9b11---com.facebook.ads.internal.dynamicloading.DynamicLoaderFactory$a---run---null
03-07 16:30:20.855  7701  7775 D FiniteState: all_football---1a09206ce3b7f519682fee1bbc46c68bcebd9a8ab31f218f5e817d9e6c2a9b11---com.facebook.ads.internal.dynamicloading.DynamicLoaderFactory---makeLegacyAdsSdkClassLoader---null
03-07 16:30:21.056  7701  7775 D FiniteState: all_football---1a09206ce3b7f519682fee1bbc46c68bcebd9a8ab31f218f5e817d9e6c2a9b11---com.facebook.ads.internal.dynamicloading.DynamicLoaderFactory---makeLegacyAdsSdkClassLoader---null
03-07 16:30:21.471  7795  7795 D FiniteState: all_football---1a09206ce3b7f519682fee1bbc46c68bcebd9a8ab31f218f5e817d9e6c2a9b11---com.google.android.gms.ads.MobileAdsInitProvider---attachInfo---null
03-07 16:30:21.552  7795  7795 D FiniteState: all_football---1a09206ce3b7f519682fee1bbc46c68bcebd9a8ab31f218f5e817d9e6c2a9b11---com.facebook.ads.internal.dynamicloading.DynamicLoaderFactory---initialize---null
03-07 16:30:21.555  7795  7795 D FiniteState: all_football---1a09206ce3b7f519682fee1bbc46c68bcebd9a8ab31f218f5e817d9e6c2a9b11---com.facebook.ads.AudienceNetworkContentProvider---onCreate---null
03-07 16:30:21.566  7795  7866 D FiniteState: all_football---1a09206ce3b7f519682fee1bbc46c68bcebd9a8ab31f218f5e817d9e6c2a9b11---com.facebook.ads.internal.util.common.ANActivityLifecycleCallbacksListener---registerActivityCallbacks---null
03-07 16:30:21.566  7795  7866 D FiniteState: all_football---1a09206ce3b7f519682fee1bbc46c68bcebd9a8ab31f218f5e817d9e6c2a9b11---com.facebook.ads.internal.dynamicloading.DynamicLoaderFactory$a---run---null
03-07 16:30:21.567  7795  7866 D FiniteState: all_football---1a09206ce3b7f519682fee1bbc46c68bcebd9a8ab31f218f5e817d9e6c2a9b11---com.facebook.ads.internal.dynamicloading.DynamicLoaderFactory---makeLegacyAdsSdkClassLoader---null
03-07 16:30:21.774  7795  7866 D FiniteState: all_football---1a09206ce3b7f519682fee1bbc46c68bcebd9a8ab31f218f5e817d9e6c2a9b11---com.facebook.ads.internal.dynamicloading.DynamicLoaderFactory---makeLegacyAdsSdkClassLoader---null
03-07 16:30:22.197  7888  7888 D FiniteState: all_football---1a09206ce3b7f519682fee1bbc46c68bcebd9a8ab31f218f5e817d9e6c2a9b11---com.google.android.gms.ads.MobileAdsInitProvider---attachInfo---null
03-07 16:30:22.276  7888  7888 D FiniteState: all_football---1a09206ce3b7f519682fee1bbc46c68bcebd9a8ab31f218f5e817d9e6c2a9b11---com.facebook.ads.internal.dynamicloading.DynamicLoaderFactory---initialize---null
03-07 16:30:22.279  7888  7888 D FiniteState: all_football---1a09206ce3b7f519682fee1bbc46c68bcebd9a8ab31f218f5e817d9e6c2a9b11---com.facebook.ads.AudienceNetworkContentProvider---onCreate---null
03-07 16:30:22.290  7888  7961 D FiniteState: all_football---1a09206ce3b7f519682fee1bbc46c68bcebd9a8ab31f218f5e817d9e6c2a9b11---com.facebook.ads.internal.util.common.ANActivityLifecycleCallbacksListener---registerActivityCallbacks---null
03-07 16:30:22.291  7888  7961 D FiniteState: all_football---1a09206ce3b7f519682fee1bbc46c68bcebd9a8ab31f218f5e817d9e6c2a9b11---com.facebook.ads.internal.dynamicloading.DynamicLoaderFactory$a---run---null
03-07 16:30:22.291  7888  7961 D FiniteState: all_football---1a09206ce3b7f519682fee1bbc46c68bcebd9a8ab31f218f5e817d9e6c2a9b11---com.facebook.ads.internal.dynamicloading.DynamicLoaderFactory---makeLegacyAdsSdkClassLoader---null
03-07 16:30:22.492  7888  7961 D FiniteState: all_football---1a09206ce3b7f519682fee1bbc46c68bcebd9a8ab31f218f5e817d9e6c2a9b11---com.facebook.ads.internal.dynamicloading.DynamicLoaderFactory---makeLegacyAdsSdkClassLoader---null
03-07 16:30:22.895  7982  7982 D FiniteState: all_football---1a09206ce3b7f519682fee1bbc46c68bcebd9a8ab31f218f5e817d9e6c2a9b11---com.google.android.gms.ads.MobileAdsInitProvider---attachInfo---null
03-07 16:30:22.974  7982  7982 D FiniteState: all_football---1a09206ce3b7f519682fee1bbc46c68bcebd9a8ab31f218f5e817d9e6c2a9b11---com.facebook.ads.internal.dynamicloading.DynamicLoaderFactory---initialize---null
03-07 16:30:22.976  7982  7982 D FiniteState: all_football---1a09206ce3b7f519682fee1bbc46c68bcebd9a8ab31f218f5e817d9e6c2a9b11---com.facebook.ads.AudienceNetworkContentProvider---onCreate---null
03-07 16:30:22.983  7982  8055 D FiniteState: all_football---1a09206ce3b7f519682fee1bbc46c68bcebd9a8ab31f218f5e817d9e6c2a9b11---com.facebook.ads.internal.util.common.ANActivityLifecycleCallbacksListener---registerActivityCallbacks---null
03-07 16:30:22.984  7982  8055 D FiniteState: all_football---1a09206ce3b7f519682fee1bbc46c68bcebd9a8ab31f218f5e817d9e6c2a9b11---com.facebook.ads.internal.dynamicloading.DynamicLoaderFactory$a---run---null
03-07 16:30:22.984  7982  8055 D FiniteState: all_football---1a09206ce3b7f519682fee1bbc46c68bcebd9a8ab31f218f5e817d9e6c2a9b11---com.facebook.ads.internal.dynamicloading.DynamicLoaderFactory---makeLegacyAdsSdkClassLoader---null
03-07 16:30:23.186  7982  8055 D FiniteState: all_football---1a09206ce3b7f519682fee1bbc46c68bcebd9a8ab31f218f5e817d9e6c2a9b11---com.facebook.ads.internal.dynamicloading.DynamicLoaderFactory---makeLegacyAdsSdkClassLoader---null
03-07 16:30:23.560  8076  8076 D FiniteState: all_football---1a09206ce3b7f519682fee1bbc46c68bcebd9a8ab31f218f5e817d9e6c2a9b11---com.google.android.gms.ads.MobileAdsInitProvider---attachInfo---null
03-07 16:30:23.633  8076  8076 D FiniteState: all_football---1a09206ce3b7f519682fee1bbc46c68bcebd9a8ab31f218f5e817d9e6c2a9b11---com.facebook.ads.internal.dynamicloading.DynamicLoaderFactory---initialize---null
03-07 16:30:23.634  8076  8076 D FiniteState: all_football---1a09206ce3b7f519682fee1bbc46c68bcebd9a8ab31f218f5e817d9e6c2a9b11---com.facebook.ads.AudienceNetworkContentProvider---onCreate---null
03-07 16:30:23.640  8076  8153 D FiniteState: all_football---1a09206ce3b7f519682fee1bbc46c68bcebd9a8ab31f218f5e817d9e6c2a9b11---com.facebook.ads.internal.util.common.ANActivityLifecycleCallbacksListener---registerActivityCallbacks---null
03-07 16:30:23.640  8076  8153 D FiniteState: all_football---1a09206ce3b7f519682fee1bbc46c68bcebd9a8ab31f218f5e817d9e6c2a9b11---com.facebook.ads.internal.dynamicloading.DynamicLoaderFactory$a---run---null
03-07 16:30:23.641  8076  8153 D FiniteState: all_football---1a09206ce3b7f519682fee1bbc46c68bcebd9a8ab31f218f5e817d9e6c2a9b11---com.facebook.ads.internal.dynamicloading.DynamicLoaderFactory---makeLegacyAdsSdkClassLoader---null
03-07 16:30:23.843  8076  8153 D FiniteState: all_football---1a09206ce3b7f519682fee1bbc46c68bcebd9a8ab31f218f5e817d9e6c2a9b11---com.facebook.ads.internal.dynamicloading.DynamicLoaderFactory---makeLegacyAdsSdkClassLoader---null
03-07 16:30:24.239  8174  8174 D FiniteState: all_football---1a09206ce3b7f519682fee1bbc46c68bcebd9a8ab31f218f5e817d9e6c2a9b11---com.google.android.gms.ads.MobileAdsInitProvider---attachInfo---null
03-07 16:30:24.316  8174  8174 D FiniteState: all_football---1a09206ce3b7f519682fee1bbc46c68bcebd9a8ab31f218f5e817d9e6c2a9b11---com.facebook.ads.internal.dynamicloading.DynamicLoaderFactory---initialize---null
03-07 16:30:24.319  8174  8174 D FiniteState: all_football---1a09206ce3b7f519682fee1bbc46c68bcebd9a8ab31f218f5e817d9e6c2a9b11---com.facebook.ads.AudienceNetworkContentProvider---onCreate---null
03-07 16:30:24.321  8174  8246 D FiniteState: all_football---1a09206ce3b7f519682fee1bbc46c68bcebd9a8ab31f218f5e817d9e6c2a9b11---com.facebook.ads.internal.util.common.ANActivityLifecycleCallbacksListener---registerActivityCallbacks---null
03-07 16:30:24.321  8174  8246 D FiniteState: all_football---1a09206ce3b7f519682fee1bbc46c68bcebd9a8ab31f218f5e817d9e6c2a9b11---com.facebook.ads.internal.dynamicloading.DynamicLoaderFactory$a---run---null
03-07 16:30:24.323  8174  8246 D FiniteState: all_football---1a09206ce3b7f519682fee1bbc46c68bcebd9a8ab31f218f5e817d9e6c2a9b11---com.facebook.ads.internal.dynamicloading.DynamicLoaderFactory---makeLegacyAdsSdkClassLoader---null
03-07 16:30:24.527  8174  8246 D FiniteState: all_football---1a09206ce3b7f519682fee1bbc46c68bcebd9a8ab31f218f5e817d9e6c2a9b11---com.facebook.ads.internal.dynamicloading.DynamicLoaderFactory---makeLegacyAdsSdkClassLoader---null
03-07 16:30:24.913  8267  8267 D FiniteState: all_football---1a09206ce3b7f519682fee1bbc46c68bcebd9a8ab31f218f5e817d9e6c2a9b11---com.google.android.gms.ads.MobileAdsInitProvider---attachInfo---null
03-07 16:30:24.981  8267  8267 D FiniteState: all_football---1a09206ce3b7f519682fee1bbc46c68bcebd9a8ab31f218f5e817d9e6c2a9b11---com.facebook.ads.internal.dynamicloading.DynamicLoaderFactory---initialize---null
03-07 16:30:24.982  8267  8267 D FiniteState: all_football---1a09206ce3b7f519682fee1bbc46c68bcebd9a8ab31f218f5e817d9e6c2a9b11---com.facebook.ads.AudienceNetworkContentProvider---onCreate---null
03-07 16:30:24.987  8267  8340 D FiniteState: all_football---1a09206ce3b7f519682fee1bbc46c68bcebd9a8ab31f218f5e817d9e6c2a9b11---com.facebook.ads.internal.util.common.ANActivityLifecycleCallbacksListener---registerActivityCallbacks---null
03-07 16:30:24.988  8267  8340 D FiniteState: all_football---1a09206ce3b7f519682fee1bbc46c68bcebd9a8ab31f218f5e817d9e6c2a9b11---com.facebook.ads.internal.dynamicloading.DynamicLoaderFactory$a---run---null
03-07 16:30:24.990  8267  8340 D FiniteState: all_football---1a09206ce3b7f519682fee1bbc46c68bcebd9a8ab31f218f5e817d9e6c2a9b11---com.facebook.ads.internal.dynamicloading.DynamicLoaderFactory---makeLegacyAdsSdkClassLoader---null
03-07 16:30:25.193  8267  8340 D FiniteState: all_football---1a09206ce3b7f519682fee1bbc46c68bcebd9a8ab31f218f5e817d9e6c2a9b11---com.facebook.ads.internal.dynamicloading.DynamicLoaderFactory---makeLegacyAdsSdkClassLoader---null
03-07 16:30:25.570  8361  8361 D FiniteState: all_football---1a09206ce3b7f519682fee1bbc46c68bcebd9a8ab31f218f5e817d9e6c2a9b11---com.google.android.gms.ads.MobileAdsInitProvider---attachInfo---null
03-07 16:30:25.649  8361  8361 D FiniteState: all_football---1a09206ce3b7f519682fee1bbc46c68bcebd9a8ab31f218f5e817d9e6c2a9b11---com.facebook.ads.internal.dynamicloading.DynamicLoaderFactory---initialize---null
03-07 16:30:25.649  8361  8361 D FiniteState: all_football---1a09206ce3b7f519682fee1bbc46c68bcebd9a8ab31f218f5e817d9e6c2a9b11---com.facebook.ads.AudienceNetworkContentProvider---onCreate---null
03-07 16:30:25.650  8361  8434 D FiniteState: all_football---1a09206ce3b7f519682fee1bbc46c68bcebd9a8ab31f218f5e817d9e6c2a9b11---com.facebook.ads.internal.util.common.ANActivityLifecycleCallbacksListener---registerActivityCallbacks---null
03-07 16:30:25.650  8361  8434 D FiniteState: all_football---1a09206ce3b7f519682fee1bbc46c68bcebd9a8ab31f218f5e817d9e6c2a9b11---com.facebook.ads.internal.dynamicloading.DynamicLoaderFactory$a---run---null
03-07 16:30:25.651  8361  8434 D FiniteState: all_football---1a09206ce3b7f519682fee1bbc46c68bcebd9a8ab31f218f5e817d9e6c2a9b11---com.facebook.ads.internal.dynamicloading.DynamicLoaderFactory---makeLegacyAdsSdkClassLoader---null
03-07 16:30:25.854  8361  8434 D FiniteState: all_football---1a09206ce3b7f519682fee1bbc46c68bcebd9a8ab31f218f5e817d9e6c2a9b11---com.facebook.ads.internal.dynamicloading.DynamicLoaderFactory---makeLegacyAdsSdkClassLoader---null
03-07 16:30:26.256  8455  8455 D FiniteState: all_football---1a09206ce3b7f519682fee1bbc46c68bcebd9a8ab31f218f5e817d9e6c2a9b11---com.google.android.gms.ads.MobileAdsInitProvider---attachInfo---null
03-07 16:30:26.329  8455  8455 D FiniteState: all_football---1a09206ce3b7f519682fee1bbc46c68bcebd9a8ab31f218f5e817d9e6c2a9b11---com.facebook.ads.internal.dynamicloading.DynamicLoaderFactory---initialize---null
03-07 16:30:26.332  8455  8455 D FiniteState: all_football---1a09206ce3b7f519682fee1bbc46c68bcebd9a8ab31f218f5e817d9e6c2a9b11---com.facebook.ads.AudienceNetworkContentProvider---onCreate---null
03-07 16:30:26.336  8455  8529 D FiniteState: all_football---1a09206ce3b7f519682fee1bbc46c68bcebd9a8ab31f218f5e817d9e6c2a9b11---com.facebook.ads.internal.util.common.ANActivityLifecycleCallbacksListener---registerActivityCallbacks---null
03-07 16:30:26.336  8455  8529 D FiniteState: all_football---1a09206ce3b7f519682fee1bbc46c68bcebd9a8ab31f218f5e817d9e6c2a9b11---com.facebook.ads.internal.dynamicloading.DynamicLoaderFactory$a---run---null
03-07 16:30:26.337  8455  8529 D FiniteState: all_football---1a09206ce3b7f519682fee1bbc46c68bcebd9a8ab31f218f5e817d9e6c2a9b11---com.facebook.ads.internal.dynamicloading.DynamicLoaderFactory---makeLegacyAdsSdkClassLoader---null
03-07 16:30:26.540  8455  8529 D FiniteState: all_football---1a09206ce3b7f519682fee1bbc46c68bcebd9a8ab31f218f5e817d9e6c2a9b11---com.facebook.ads.internal.dynamicloading.DynamicLoaderFactory---makeLegacyAdsSdkClassLoader---null
03-07 16:30:26.741  8455  8529 D FiniteState: all_football---1a09206ce3b7f519682fee1bbc46c68bcebd9a8ab31f218f5e817d9e6c2a9b11---com.facebook.ads.internal.dynamicloading.DynamicLoaderFactory---makeLegacyAdsSdkClassLoader---null
03-07 16:30:26.742  8455  8529 D FiniteState: all_football---1a09206ce3b7f519682fee1bbc46c68bcebd9a8ab31f218f5e817d9e6c2a9b11---com.facebook.ads.internal.dynamicloading.DynamicLoaderFactory---access$200---null
03-07 16:32:46.159  9377  9377 D FiniteState: my_earthquake_alerts---084b17c3d54dba45ed49a653ecd068a861eae2a2644450974579bdce18bf107d---com.google.android.gms.ads.MobileAdsInitProvider---attachInfo---null
03-07 16:32:46.169  9377  9391 D FiniteState: my_earthquake_alerts---084b17c3d54dba45ed49a653ecd068a861eae2a2644450974579bdce18bf107d---com.google.android.gms.ads.identifier.AdvertisingIdClient---getAdvertisingIdInfo---null
03-07 16:32:46.171  9377  9391 D FiniteState: my_earthquake_alerts---084b17c3d54dba45ed49a653ecd068a861eae2a2644450974579bdce18bf107d---com.google.android.gms.ads.identifier.AdvertisingIdClient---zzb---null
03-07 16:32:48.157  9377  9377 D FiniteState: my_earthquake_alerts---084b17c3d54dba45ed49a653ecd068a861eae2a2644450974579bdce18bf107d---com.google.android.gms.ads.internal.util.h---a---null
03-07 16:32:48.161  9377  9377 D FiniteState: my_earthquake_alerts---084b17c3d54dba45ed49a653ecd068a861eae2a2644450974579bdce18bf107d---com.google.android.gms.ads.internal.util.e---a---null
03-07 16:32:48.243  9377  9391 D FiniteState: my_earthquake_alerts---084b17c3d54dba45ed49a653ecd068a861eae2a2644450974579bdce18bf107d---com.google.android.gms.ads.identifier.AdvertisingIdClient---zzd---null
03-07 16:32:48.256  9377  9391 D FiniteState: my_earthquake_alerts---084b17c3d54dba45ed49a653ecd068a861eae2a2644450974579bdce18bf107d---com.google.android.gms.ads.identifier.AdvertisingIdClient---zza---null
03-07 16:32:49.944  9543  9558 D FiniteState: my_earthquake_alerts---084b17c3d54dba45ed49a653ecd068a861eae2a2644450974579bdce18bf107d---com.google.android.gms.ads.identifier.AdvertisingIdClient---getAdvertisingIdInfo---null
03-07 16:32:49.945  9543  9558 D FiniteState: my_earthquake_alerts---084b17c3d54dba45ed49a653ecd068a861eae2a2644450974579bdce18bf107d---com.google.android.gms.ads.identifier.AdvertisingIdClient---zzb---null
03-07 16:32:49.950  9543  9543 D FiniteState: my_earthquake_alerts---084b17c3d54dba45ed49a653ecd068a861eae2a2644450974579bdce18bf107d---com.google.android.gms.ads.MobileAdsInitProvider---attachInfo---null
03-07 16:32:50.828  9543  9558 D FiniteState: my_earthquake_alerts---084b17c3d54dba45ed49a653ecd068a861eae2a2644450974579bdce18bf107d---com.google.android.gms.ads.identifier.AdvertisingIdClient---zzd---null
03-07 16:32:50.837  9543  9558 D FiniteState: my_earthquake_alerts---084b17c3d54dba45ed49a653ecd068a861eae2a2644450974579bdce18bf107d---com.google.android.gms.ads.identifier.AdvertisingIdClient---zza---null
03-07 16:32:51.187  9543  9551 D FiniteState: my_earthquake_alerts---084b17c3d54dba45ed49a653ecd068a861eae2a2644450974579bdce18bf107d---com.google.android.gms.ads.identifier.AdvertisingIdClient---zza---null
03-07 16:32:51.188  9543  9551 D FiniteState: my_earthquake_alerts---084b17c3d54dba45ed49a653ecd068a861eae2a2644450974579bdce18bf107d---com.google.android.gms.ads.identifier.AdvertisingIdClient---finalize---null
03-07 16:35:23.791 10766 10783 D FiniteState: youcam_perfect---b2b8e23a3ba2ade4e897c5372d54911bff773dc9614275b8f8fd828fb4d00aef---com.google.android.gms.ads.identifier.AdvertisingIdClient---getAdvertisingIdInfo---null
03-07 16:35:23.798 10766 10783 D FiniteState: youcam_perfect---b2b8e23a3ba2ade4e897c5372d54911bff773dc9614275b8f8fd828fb4d00aef---com.google.android.gms.ads.identifier.AdvertisingIdClient---zzb---null
03-07 16:35:23.831 10766 10766 D FiniteState: youcam_perfect---b2b8e23a3ba2ade4e897c5372d54911bff773dc9614275b8f8fd828fb4d00aef---com.google.android.gms.ads.MobileAdsInitProvider---attachInfo---null
03-07 16:35:25.016 10766 10842 D FiniteState: youcam_perfect---b2b8e23a3ba2ade4e897c5372d54911bff773dc9614275b8f8fd828fb4d00aef---com.google.android.gms.ads.identifier.AdvertisingIdClient---getAdvertisingIdInfo---null
03-07 16:35:25.016 10766 10842 D FiniteState: youcam_perfect---b2b8e23a3ba2ade4e897c5372d54911bff773dc9614275b8f8fd828fb4d00aef---com.google.android.gms.ads.identifier.AdvertisingIdClient---zzb---null
03-07 16:35:25.473 10766 10783 D FiniteState: youcam_perfect---b2b8e23a3ba2ade4e897c5372d54911bff773dc9614275b8f8fd828fb4d00aef---com.google.android.gms.ads.identifier.AdvertisingIdClient---zzd---null
03-07 16:35:25.495 10766 10783 D FiniteState: youcam_perfect---b2b8e23a3ba2ade4e897c5372d54911bff773dc9614275b8f8fd828fb4d00aef---com.google.android.gms.ads.identifier.AdvertisingIdClient---zza---null
03-07 16:35:25.657 10766 10842 D FiniteState: youcam_perfect---b2b8e23a3ba2ade4e897c5372d54911bff773dc9614275b8f8fd828fb4d00aef---com.google.android.gms.ads.identifier.AdvertisingIdClient---zzd---null
03-07 16:35:25.668 10766 10842 D FiniteState: youcam_perfect---b2b8e23a3ba2ade4e897c5372d54911bff773dc9614275b8f8fd828fb4d00aef---com.google.android.gms.ads.identifier.AdvertisingIdClient---zza---null
03-07 16:35:26.277 10766 10774 D FiniteState: youcam_perfect---b2b8e23a3ba2ade4e897c5372d54911bff773dc9614275b8f8fd828fb4d00aef---com.google.android.gms.ads.identifier.AdvertisingIdClient---zza---null
03-07 16:35:26.277 10766 10774 D FiniteState: youcam_perfect---b2b8e23a3ba2ade4e897c5372d54911bff773dc9614275b8f8fd828fb4d00aef---com.google.android.gms.ads.identifier.AdvertisingIdClient---finalize---null
03-07 16:35:26.278 10766 10774 D FiniteState: youcam_perfect---b2b8e23a3ba2ade4e897c5372d54911bff773dc9614275b8f8fd828fb4d00aef---com.google.android.gms.ads.identifier.AdvertisingIdClient---zza---null
03-07 16:35:26.278 10766 10774 D FiniteState: youcam_perfect---b2b8e23a3ba2ade4e897c5372d54911bff773dc9614275b8f8fd828fb4d00aef---com.google.android.gms.ads.identifier.AdvertisingIdClient---finalize---null
03-07 16:36:20.170 12992 12992 D FiniteState: x-ray_scanner---f82917b9c08185d00ddf312ab0ac8675483e46d63fa8a9533f2692f9447a649c---com.google.android.gms.ads.MobileAdsInitProvider---attachInfo---null
03-07 16:36:20.376 12992 12992 D FiniteState: x-ray_scanner---f82917b9c08185d00ddf312ab0ac8675483e46d63fa8a9533f2692f9447a649c---com.google.android.gms.ads.RequestConfiguration$Builder---build---null
03-07 16:36:20.376 12992 12992 D FiniteState: x-ray_scanner---f82917b9c08185d00ddf312ab0ac8675483e46d63fa8a9533f2692f9447a649c---com.google.android.gms.ads.internal.client.zzej---zzf---null
03-07 16:36:20.396 12992 12992 D FiniteState: x-ray_scanner---f82917b9c08185d00ddf312ab0ac8675483e46d63fa8a9533f2692f9447a649c---com.google.android.gms.ads.internal.client.zzej---zzA---null
03-07 16:36:20.396 12992 12992 D FiniteState: x-ray_scanner---f82917b9c08185d00ddf312ab0ac8675483e46d63fa8a9533f2692f9447a649c---com.google.android.gms.ads.internal.client.zzax---zzd---null
03-07 16:36:20.704 12992 12992 D FiniteState: x-ray_scanner---f82917b9c08185d00ddf312ab0ac8675483e46d63fa8a9533f2692f9447a649c---com.google.android.gms.ads.internal.client.zzaq---zzc---null
03-07 16:36:20.768 12992 12992 D FiniteState: x-ray_scanner---f82917b9c08185d00ddf312ab0ac8675483e46d63fa8a9533f2692f9447a649c---com.google.android.gms.ads.internal.client.zzeq---getRemoteCreator---null
03-07 16:36:20.769 12992 12992 D FiniteState: x-ray_scanner---f82917b9c08185d00ddf312ab0ac8675483e46d63fa8a9533f2692f9447a649c---com.google.android.gms.ads.internal.client.zzcp---zze---null
03-07 16:36:21.684 12992 12992 D FiniteState: x-ray_scanner---f82917b9c08185d00ddf312ab0ac8675483e46d63fa8a9533f2692f9447a649c---com.google.android.gms.ads.internal.client.LiteSdkInfo---getLiteSdkVersion---null
03-07 16:36:21.684 12992 12992 D FiniteState: x-ray_scanner---f82917b9c08185d00ddf312ab0ac8675483e46d63fa8a9533f2692f9447a649c---com.google.android.gms.ads.internal.client.zzen---writeToParcel---null
03-07 16:36:21.708 12992 12992 D FiniteState: x-ray_scanner---f82917b9c08185d00ddf312ab0ac8675483e46d63fa8a9533f2692f9447a649c---com.google.android.gms.ads.internal.client.zzeq---zza---null
03-07 16:36:21.708 12992 12992 D FiniteState: x-ray_scanner---f82917b9c08185d00ddf312ab0ac8675483e46d63fa8a9533f2692f9447a649c---com.google.android.gms.ads.internal.client.zzcm---zzs---null
03-07 16:36:21.709 12992 12992 D FiniteState: x-ray_scanner---f82917b9c08185d00ddf312ab0ac8675483e46d63fa8a9533f2692f9447a649c---com.google.android.gms.ads.internal.client.zzcm---zzo---null
03-07 16:36:21.712 12992 12992 D FiniteState: x-ray_scanner---f82917b9c08185d00ddf312ab0ac8675483e46d63fa8a9533f2692f9447a649c---com.google.android.gms.ads.internal.client.zzej---zzz---null
03-07 16:36:21.723 12992 12992 D FiniteState: x-ray_scanner---f82917b9c08185d00ddf312ab0ac8675483e46d63fa8a9533f2692f9447a649c---com.google.android.gms.ads.internal.client.zzcm---zzk---null
03-07 16:36:21.723 12992 12992 D FiniteState: x-ray_scanner---f82917b9c08185d00ddf312ab0ac8675483e46d63fa8a9533f2692f9447a649c---com.google.android.gms.ads.internal.client.zzcm---zzl---null
03-07 16:36:24.618 12992 12992 D FiniteState: x-ray_scanner---f82917b9c08185d00ddf312ab0ac8675483e46d63fa8a9533f2692f9447a649c---com.google.android.gms.ads.MobileAds---initialize---null
03-07 16:36:25.458 12992 12992 D FiniteState: x-ray_scanner---f82917b9c08185d00ddf312ab0ac8675483e46d63fa8a9533f2692f9447a649c---com.google.android.gms.ads.internal.client.zzdw---zzv---null
03-07 16:36:25.459 12992 12992 D FiniteState: x-ray_scanner---f82917b9c08185d00ddf312ab0ac8675483e46d63fa8a9533f2692f9447a649c---com.google.android.gms.ads.admanager.AdManagerAdRequest$Builder---build---null
03-07 16:36:25.463 12992 12992 D FiniteState: x-ray_scanner---f82917b9c08185d00ddf312ab0ac8675483e46d63fa8a9533f2692f9447a649c---com.google.android.gms.ads.appopen.AppOpenAd---load---null
03-07 16:36:25.491 12992 12992 D FiniteState: x-ray_scanner---f82917b9c08185d00ddf312ab0ac8675483e46d63fa8a9533f2692f9447a649c---com.google.android.gms.ads.internal.client.zzq---zzb---null
03-07 16:36:25.492 12992 12992 D FiniteState: x-ray_scanner---f82917b9c08185d00ddf312ab0ac8675483e46d63fa8a9533f2692f9447a649c---com.google.android.gms.ads.internal.client.zzaw---zzd---null
03-07 16:36:25.492 12992 12992 D FiniteState: x-ray_scanner---f82917b9c08185d00ddf312ab0ac8675483e46d63fa8a9533f2692f9447a649c---com.google.android.gms.ads.internal.client.zzax---zzd---null
03-07 16:36:25.511 12992 12992 D FiniteState: x-ray_scanner---f82917b9c08185d00ddf312ab0ac8675483e46d63fa8a9533f2692f9447a649c---com.google.android.gms.ads.internal.client.zzk---zza---null
03-07 16:36:25.526 12992 12992 D FiniteState: x-ray_scanner---f82917b9c08185d00ddf312ab0ac8675483e46d63fa8a9533f2692f9447a649c---com.google.android.gms.ads.internal.client.zzk---getRemoteCreator---null
03-07 16:36:25.526 12992 12992 D FiniteState: x-ray_scanner---f82917b9c08185d00ddf312ab0ac8675483e46d63fa8a9533f2692f9447a649c---com.google.android.gms.ads.internal.client.zzbv---zze---null
03-07 16:36:25.526 12992 12992 D FiniteState: x-ray_scanner---f82917b9c08185d00ddf312ab0ac8675483e46d63fa8a9533f2692f9447a649c---com.google.android.gms.ads.internal.client.zzq---writeToParcel---null
03-07 16:36:25.626 12992 12992 D FiniteState: x-ray_scanner---f82917b9c08185d00ddf312ab0ac8675483e46d63fa8a9533f2692f9447a649c---com.google.android.gms.ads.internal.client.zzw---writeToParcel---null
03-07 16:36:25.626 12992 12992 D FiniteState: x-ray_scanner---f82917b9c08185d00ddf312ab0ac8675483e46d63fa8a9533f2692f9447a649c---com.google.android.gms.ads.internal.client.zzbs---zzI---null
03-07 16:36:25.628 12992 12992 D FiniteState: x-ray_scanner---f82917b9c08185d00ddf312ab0ac8675483e46d63fa8a9533f2692f9447a649c---com.google.android.gms.ads.internal.client.zzbs---zzH---null
03-07 16:36:25.629 12992 12992 D FiniteState: x-ray_scanner---f82917b9c08185d00ddf312ab0ac8675483e46d63fa8a9533f2692f9447a649c---com.google.android.gms.ads.internal.client.zzdx---zzs---null
03-07 16:36:25.650 12992 12992 D FiniteState: x-ray_scanner---f82917b9c08185d00ddf312ab0ac8675483e46d63fa8a9533f2692f9447a649c---com.google.android.gms.ads.RequestConfiguration---getTestDeviceIds---null
03-07 16:36:25.658 12992 12992 D FiniteState: x-ray_scanner---f82917b9c08185d00ddf312ab0ac8675483e46d63fa8a9533f2692f9447a649c---com.google.android.gms.ads.internal.client.zzdx---zzo---null
03-07 16:36:25.658 12992 12992 D FiniteState: x-ray_scanner---f82917b9c08185d00ddf312ab0ac8675483e46d63fa8a9533f2692f9447a649c---com.google.android.gms.ads.internal.client.zzl---writeToParcel---null
03-07 16:36:25.659 12992 12992 D FiniteState: x-ray_scanner---f82917b9c08185d00ddf312ab0ac8675483e46d63fa8a9533f2692f9447a649c---com.google.android.gms.ads.internal.client.zzbs---zzaa---null
03-07 16:36:26.269 12992 12992 D FiniteState: x-ray_scanner---f82917b9c08185d00ddf312ab0ac8675483e46d63fa8a9533f2692f9447a649c---com.google.android.gms.ads.internal.client.LiteSdkInfo---getLiteSdkVersion---null
03-07 16:36:26.269 12992 12992 D FiniteState: x-ray_scanner---f82917b9c08185d00ddf312ab0ac8675483e46d63fa8a9533f2692f9447a649c---com.google.android.gms.ads.internal.client.zzen---writeToParcel---null
03-07 16:36:26.271 12992 12992 D FiniteState: x-ray_scanner---f82917b9c08185d00ddf312ab0ac8675483e46d63fa8a9533f2692f9447a649c---com.google.android.gms.ads.internal.client.LiteSdkInfo---getLiteSdkVersion---null
03-07 16:36:26.271 12992 12992 D FiniteState: x-ray_scanner---f82917b9c08185d00ddf312ab0ac8675483e46d63fa8a9533f2692f9447a649c---com.google.android.gms.ads.internal.client.zzen---writeToParcel---null
03-07 16:36:26.419 12992 12992 D FiniteState: x-ray_scanner---f82917b9c08185d00ddf312ab0ac8675483e46d63fa8a9533f2692f9447a649c---com.google.android.gms.ads.internal.client.LiteSdkInfo---getLiteSdkVersion---null
03-07 16:36:26.419 12992 12992 D FiniteState: x-ray_scanner---f82917b9c08185d00ddf312ab0ac8675483e46d63fa8a9533f2692f9447a649c---com.google.android.gms.ads.internal.client.zzen---writeToParcel---null
03-07 16:36:28.854 12992 12992 D FiniteState: x-ray_scanner---f82917b9c08185d00ddf312ab0ac8675483e46d63fa8a9533f2692f9447a649c---com.google.android.gms.ads.internal.client.zzdw---zzv---null
03-07 16:36:28.855 12992 12992 D FiniteState: x-ray_scanner---f82917b9c08185d00ddf312ab0ac8675483e46d63fa8a9533f2692f9447a649c---com.google.android.gms.ads.AdRequest$Builder---build---null
03-07 16:36:28.855 12992 12992 D FiniteState: x-ray_scanner---f82917b9c08185d00ddf312ab0ac8675483e46d63fa8a9533f2692f9447a649c---com.google.android.gms.ads.BaseAdView---loadAd---null
03-07 16:36:28.855 12992 12992 D FiniteState: x-ray_scanner---f82917b9c08185d00ddf312ab0ac8675483e46d63fa8a9533f2692f9447a649c---com.google.android.gms.ads.internal.client.zzea---zzC---null
03-07 16:36:28.855 12992 12992 D FiniteState: x-ray_scanner---f82917b9c08185d00ddf312ab0ac8675483e46d63fa8a9533f2692f9447a649c---com.google.android.gms.ads.internal.client.zzax---zzd---null
03-07 16:36:28.857 12992 13376 D FiniteState: x-ray_scanner---f82917b9c08185d00ddf312ab0ac8675483e46d63fa8a9533f2692f9447a649c---com.google.android.gms.ads.identifier.AdvertisingIdClient---getAdvertisingIdInfo---null
03-07 16:36:28.858 12992 13376 D FiniteState: x-ray_scanner---f82917b9c08185d00ddf312ab0ac8675483e46d63fa8a9533f2692f9447a649c---com.google.android.gms.ads.identifier.AdvertisingIdClient---zzb---null
03-07 16:36:28.865 12992 12992 D FiniteState: x-ray_scanner---f82917b9c08185d00ddf312ab0ac8675483e46d63fa8a9533f2692f9447a649c---com.google.android.gms.ads.internal.client.zzk---zza---null
03-07 16:36:28.865 12992 12992 D FiniteState: x-ray_scanner---f82917b9c08185d00ddf312ab0ac8675483e46d63fa8a9533f2692f9447a649c---com.google.android.gms.ads.internal.client.zzbv---zze---null
03-07 16:36:28.865 12992 12992 D FiniteState: x-ray_scanner---f82917b9c08185d00ddf312ab0ac8675483e46d63fa8a9533f2692f9447a649c---com.google.android.gms.ads.internal.client.zzq---writeToParcel---null
03-07 16:36:28.889 12992 12992 D FiniteState: x-ray_scanner---f82917b9c08185d00ddf312ab0ac8675483e46d63fa8a9533f2692f9447a649c---com.google.android.gms.ads.internal.client.zzbs---zzD---null
03-07 16:36:28.890 12992 12992 D FiniteState: x-ray_scanner---f82917b9c08185d00ddf312ab0ac8675483e46d63fa8a9533f2692f9447a649c---com.google.android.gms.ads.internal.client.zzbs---zzP---null
03-07 16:36:28.891 12992 12992 D FiniteState: x-ray_scanner---f82917b9c08185d00ddf312ab0ac8675483e46d63fa8a9533f2692f9447a649c---com.google.android.gms.ads.internal.client.zzdf---zzbK---null
03-07 16:36:28.891 12992 12992 D FiniteState: x-ray_scanner---f82917b9c08185d00ddf312ab0ac8675483e46d63fa8a9533f2692f9447a649c---com.google.android.gms.ads.internal.client.zzbs---zzN---null
03-07 16:36:28.891 12992 12992 D FiniteState: x-ray_scanner---f82917b9c08185d00ddf312ab0ac8675483e46d63fa8a9533f2692f9447a649c---com.google.android.gms.ads.internal.client.zzbs---zzn---null
03-07 16:36:28.892 12992 12992 D FiniteState: x-ray_scanner---f82917b9c08185d00ddf312ab0ac8675483e46d63fa8a9533f2692f9447a649c---com.google.android.gms.ads.internal.client.zzdx---zzs---null
