03-07 16:38:33.293 16770 16770 D FiniteState: location_share---4a0ee577cd5273f491d891b0ba424b0d9bccd4e702adce17c6440c975485140b---com.google.android.gms.ads.AdRequest$Builder---build---null
03-07 16:38:33.293 16770 16770 D FiniteState: location_share---4a0ee577cd5273f491d891b0ba424b0d9bccd4e702adce17c6440c975485140b---com.google.android.gms.ads.AdLoader---zzb---null
03-07 16:38:33.295 16770 16770 D FiniteState: location_share---4a0ee577cd5273f491d891b0ba424b0d9bccd4e702adce17c6440c975485140b---com.google.android.gms.ads.internal.client.zzdx---zzs---null
03-07 16:38:33.295 16770 16770 D FiniteState: location_share---4a0ee577cd5273f491d891b0ba424b0d9bccd4e702adce17c6440c975485140b---com.google.android.gms.ads.internal.util.client.zzf---zzA---null
03-07 16:38:33.295 16770 16770 D FiniteState: location_share---4a0ee577cd5273f491d891b0ba424b0d9bccd4e702adce17c6440c975485140b---com.google.android.gms.ads.RequestConfiguration---getTestDeviceIds---null
03-07 16:38:33.296 16770 16770 D FiniteState: location_share---4a0ee577cd5273f491d891b0ba424b0d9bccd4e702adce17c6440c975485140b---com.google.android.gms.ads.internal.util.client.zzf---zzr---null
03-07 16:38:33.296 16770 16770 D FiniteState: location_share---4a0ee577cd5273f491d891b0ba424b0d9bccd4e702adce17c6440c975485140b---com.google.android.gms.ads.internal.client.zzdx---zzn---null
03-07 16:38:33.297 16770 16770 D FiniteState: location_share---4a0ee577cd5273f491d891b0ba424b0d9bccd4e702adce17c6440c975485140b---com.google.android.gms.ads.internal.client.zzl---writeToParcel---null
03-07 16:38:33.297 16770 16770 D FiniteState: location_share---4a0ee577cd5273f491d891b0ba424b0d9bccd4e702adce17c6440c975485140b---com.google.android.gms.ads.internal.client.zzbl---zzg---null
03-07 16:38:33.320 16770 16770 D FiniteState: location_share---4a0ee577cd5273f491d891b0ba424b0d9bccd4e702adce17c6440c975485140b---com.google.android.gms.ads.internal.client.LiteSdkInfo---getLiteSdkVersion---null
03-07 16:38:33.320 16770 16770 D FiniteState: location_share---4a0ee577cd5273f491d891b0ba424b0d9bccd4e702adce17c6440c975485140b---com.google.android.gms.ads.internal.client.zzen---writeToParcel---null
03-07 16:38:33.326 16770 16770 D FiniteState: location_share---4a0ee577cd5273f491d891b0ba424b0d9bccd4e702adce17c6440c975485140b---com.google.android.gms.ads.internal.client.LiteSdkInfo---getLiteSdkVersion---null
03-07 16:38:33.327 16770 16770 D FiniteState: location_share---4a0ee577cd5273f491d891b0ba424b0d9bccd4e702adce17c6440c975485140b---com.google.android.gms.ads.internal.client.zzen---writeToParcel---null
03-07 16:38:33.364 16770 16770 D FiniteState: location_share---4a0ee577cd5273f491d891b0ba424b0d9bccd4e702adce17c6440c975485140b---com.google.android.gms.ads.AdLoader---loadAd---null
03-07 16:38:33.374 16770 16770 D FiniteState: location_share---4a0ee577cd5273f491d891b0ba424b0d9bccd4e702adce17c6440c975485140b---com.google.android.gms.ads.internal.client.zzdw---zzt---null
03-07 16:38:33.374 16770 16770 D FiniteState: location_share---4a0ee577cd5273f491d891b0ba424b0d9bccd4e702adce17c6440c975485140b---com.google.android.gms.ads.AdRequest$Builder---build---null
03-07 16:38:33.374 16770 16770 D FiniteState: location_share---4a0ee577cd5273f491d891b0ba424b0d9bccd4e702adce17c6440c975485140b---com.google.android.gms.ads.appopen.AppOpenAd---load---null
03-07 16:38:33.374 16770 16770 D FiniteState: location_share---4a0ee577cd5273f491d891b0ba424b0d9bccd4e702adce17c6440c975485140b---com.google.android.gms.ads.internal.client.zzq---zzb---null
03-07 16:38:33.374 16770 16770 D FiniteState: location_share---4a0ee577cd5273f491d891b0ba424b0d9bccd4e702adce17c6440c975485140b---com.google.android.gms.ads.internal.client.zzaw---zzd---null
03-07 16:38:33.374 16770 16770 D FiniteState: location_share---4a0ee577cd5273f491d891b0ba424b0d9bccd4e702adce17c6440c975485140b---com.google.android.gms.ads.internal.client.zzax---zzd---null
03-07 16:38:33.388 16770 16770 D FiniteState: location_share---4a0ee577cd5273f491d891b0ba424b0d9bccd4e702adce17c6440c975485140b---com.google.android.gms.ads.internal.client.zzk---zza---null
03-07 16:38:33.389 16770 16770 D FiniteState: location_share---4a0ee577cd5273f491d891b0ba424b0d9bccd4e702adce17c6440c975485140b---com.google.android.gms.ads.internal.client.zzbv---zze---null
03-07 16:38:33.389 16770 16770 D FiniteState: location_share---4a0ee577cd5273f491d891b0ba424b0d9bccd4e702adce17c6440c975485140b---com.google.android.gms.ads.internal.client.zzq---writeToParcel---null
03-07 16:38:33.391 16770 16770 D FiniteState: location_share---4a0ee577cd5273f491d891b0ba424b0d9bccd4e702adce17c6440c975485140b---com.google.android.gms.ads.internal.client.zzbs---zzH---null
03-07 16:38:33.392 16770 16770 D FiniteState: location_share---4a0ee577cd5273f491d891b0ba424b0d9bccd4e702adce17c6440c975485140b---com.google.android.gms.ads.internal.client.zzdx---zzs---null
03-07 16:38:33.392 16770 16770 D FiniteState: location_share---4a0ee577cd5273f491d891b0ba424b0d9bccd4e702adce17c6440c975485140b---com.google.android.gms.ads.internal.util.client.zzf---zzA---null
03-07 16:38:33.393 16770 16770 D FiniteState: location_share---4a0ee577cd5273f491d891b0ba424b0d9bccd4e702adce17c6440c975485140b---com.google.android.gms.ads.RequestConfiguration---getTestDeviceIds---null
03-07 16:38:33.393 16770 16770 D FiniteState: location_share---4a0ee577cd5273f491d891b0ba424b0d9bccd4e702adce17c6440c975485140b---com.google.android.gms.ads.internal.util.client.zzf---zzr---null
03-07 16:38:33.393 16770 16770 D FiniteState: location_share---4a0ee577cd5273f491d891b0ba424b0d9bccd4e702adce17c6440c975485140b---com.google.android.gms.ads.internal.client.zzdx---zzn---null
03-07 16:38:33.393 16770 16770 D FiniteState: location_share---4a0ee577cd5273f491d891b0ba424b0d9bccd4e702adce17c6440c975485140b---com.google.android.gms.ads.internal.client.zzl---writeToParcel---null
03-07 16:38:33.394 16770 16770 D FiniteState: location_share---4a0ee577cd5273f491d891b0ba424b0d9bccd4e702adce17c6440c975485140b---com.google.android.gms.ads.internal.client.zzbs---zzab---null
03-07 16:38:33.410 16770 16770 D FiniteState: location_share---4a0ee577cd5273f491d891b0ba424b0d9bccd4e702adce17c6440c975485140b---com.google.android.gms.ads.internal.client.LiteSdkInfo---getLiteSdkVersion---null
03-07 16:38:33.410 16770 16770 D FiniteState: location_share---4a0ee577cd5273f491d891b0ba424b0d9bccd4e702adce17c6440c975485140b---com.google.android.gms.ads.internal.client.zzen---writeToParcel---null
03-07 16:38:33.422 16770 16770 D FiniteState: location_share---4a0ee577cd5273f491d891b0ba424b0d9bccd4e702adce17c6440c975485140b---com.google.android.gms.ads.internal.client.LiteSdkInfo---getLiteSdkVersion---null
03-07 16:38:33.422 16770 16770 D FiniteState: location_share---4a0ee577cd5273f491d891b0ba424b0d9bccd4e702adce17c6440c975485140b---com.google.android.gms.ads.internal.client.zzen---writeToParcel---null
03-07 16:38:37.623 16770 16770 D FiniteState: location_share---4a0ee577cd5273f491d891b0ba424b0d9bccd4e702adce17c6440c975485140b---com.google.android.gms.ads.internal.client.zzei---zzb---null
03-07 16:38:37.623 16770 16770 D FiniteState: location_share---4a0ee577cd5273f491d891b0ba424b0d9bccd4e702adce17c6440c975485140b---com.google.android.gms.ads.internal.client.zzej---zzy---null
03-07 16:38:41.376 16770 16770 D FiniteState: location_share---4a0ee577cd5273f491d891b0ba424b0d9bccd4e702adce17c6440c975485140b---com.google.android.gms.ads.internal.client.zzdl---zzj---null
03-07 16:38:41.377 16770 16770 D FiniteState: location_share---4a0ee577cd5273f491d891b0ba424b0d9bccd4e702adce17c6440c975485140b---com.google.android.gms.ads.internal.client.zzdl---zzf---null
03-07 16:38:41.377 16770 16770 D FiniteState: location_share---4a0ee577cd5273f491d891b0ba424b0d9bccd4e702adce17c6440c975485140b---com.google.android.gms.ads.ResponseInfo---zza---null
03-07 16:38:41.391 16770 16770 D FiniteState: location_share---4a0ee577cd5273f491d891b0ba424b0d9bccd4e702adce17c6440c975485140b---com.google.android.gms.ads.internal.client.zzdl---zzj---null
03-07 16:38:41.391 16770 16770 D FiniteState: location_share---4a0ee577cd5273f491d891b0ba424b0d9bccd4e702adce17c6440c975485140b---com.google.android.gms.ads.internal.client.zzdl---zzf---null
03-07 16:38:41.392 16770 16770 D FiniteState: location_share---4a0ee577cd5273f491d891b0ba424b0d9bccd4e702adce17c6440c975485140b---com.google.android.gms.ads.ResponseInfo---zza---null
03-07 16:38:41.395 16770 16770 D FiniteState: location_share---4a0ee577cd5273f491d891b0ba424b0d9bccd4e702adce17c6440c975485140b---com.google.android.gms.ads.internal.client.zzaw---zzc---null
03-07 16:38:41.395 16770 16770 D FiniteState: location_share---4a0ee577cd5273f491d891b0ba424b0d9bccd4e702adce17c6440c975485140b---com.google.android.gms.ads.internal.client.zzax---zzd---null
03-07 16:38:41.413 16770 16770 D FiniteState: location_share---4a0ee577cd5273f491d891b0ba424b0d9bccd4e702adce17c6440c975485140b---com.google.android.gms.ads.internal.client.zzao---zzc---null
03-07 16:38:41.413 16770 16770 D FiniteState: location_share---4a0ee577cd5273f491d891b0ba424b0d9bccd4e702adce17c6440c975485140b---com.google.android.gms.ads.internal.client.zzbr---zze---null
03-07 16:38:41.415 16770 16770 D FiniteState: location_share---4a0ee577cd5273f491d891b0ba424b0d9bccd4e702adce17c6440c975485140b---com.google.android.gms.ads.internal.client.zzi---zza---null
03-07 16:38:41.415 16770 16770 D FiniteState: location_share---4a0ee577cd5273f491d891b0ba424b0d9bccd4e702adce17c6440c975485140b---com.google.android.gms.ads.AdLoader$Builder---forNativeAd---null
03-07 16:38:41.415 16770 16770 D FiniteState: location_share---4a0ee577cd5273f491d891b0ba424b0d9bccd4e702adce17c6440c975485140b---com.google.android.gms.ads.internal.client.zzbo---zzk---null
03-07 16:38:41.415 16770 16770 D FiniteState: location_share---4a0ee577cd5273f491d891b0ba424b0d9bccd4e702adce17c6440c975485140b---com.google.android.gms.ads.AdLoader$Builder---withAdListener---null
03-07 16:38:41.416 16770 16770 D FiniteState: location_share---4a0ee577cd5273f491d891b0ba424b0d9bccd4e702adce17c6440c975485140b---com.google.android.gms.ads.internal.client.zzbo---zzl---null
03-07 16:38:41.416 16770 16770 D FiniteState: location_share---4a0ee577cd5273f491d891b0ba424b0d9bccd4e702adce17c6440c975485140b---com.google.android.gms.ads.nativead.NativeAdOptions$Builder---build---null
03-07 16:38:41.416 16770 16770 D FiniteState: location_share---4a0ee577cd5273f491d891b0ba424b0d9bccd4e702adce17c6440c975485140b---com.google.android.gms.ads.internal.client.zzbo---zzo---null
03-07 16:38:41.417 16770 16770 D FiniteState: location_share---4a0ee577cd5273f491d891b0ba424b0d9bccd4e702adce17c6440c975485140b---com.google.android.gms.ads.internal.client.zzbo---zze---null
03-07 16:38:41.417 16770 16770 D FiniteState: location_share---4a0ee577cd5273f491d891b0ba424b0d9bccd4e702adce17c6440c975485140b---com.google.android.gms.ads.AdLoader$Builder---build---null
03-07 16:38:41.417 16770 16770 D FiniteState: location_share---4a0ee577cd5273f491d891b0ba424b0d9bccd4e702adce17c6440c975485140b---com.google.android.gms.ads.internal.client.zzdw---zzt---null
03-07 16:38:41.417 16770 16770 D FiniteState: location_share---4a0ee577cd5273f491d891b0ba424b0d9bccd4e702adce17c6440c975485140b---com.google.android.gms.ads.AdRequest$Builder---build---null
03-07 16:38:41.417 16770 16770 D FiniteState: location_share---4a0ee577cd5273f491d891b0ba424b0d9bccd4e702adce17c6440c975485140b---com.google.android.gms.ads.AdLoader---zzb---null
03-07 16:38:41.417 16770 16770 D FiniteState: location_share---4a0ee577cd5273f491d891b0ba424b0d9bccd4e702adce17c6440c975485140b---com.google.android.gms.ads.internal.client.zzdx---zzs---null
03-07 16:38:41.417 16770 16770 D FiniteState: location_share---4a0ee577cd5273f491d891b0ba424b0d9bccd4e702adce17c6440c975485140b---com.google.android.gms.ads.internal.util.client.zzf---zzA---null
03-07 16:38:41.418 16770 16770 D FiniteState: location_share---4a0ee577cd5273f491d891b0ba424b0d9bccd4e702adce17c6440c975485140b---com.google.android.gms.ads.RequestConfiguration---getTestDeviceIds---null
03-07 16:38:41.418 16770 16770 D FiniteState: location_share---4a0ee577cd5273f491d891b0ba424b0d9bccd4e702adce17c6440c975485140b---com.google.android.gms.ads.internal.util.client.zzf---zzr---null
03-07 16:38:41.418 16770 16770 D FiniteState: location_share---4a0ee577cd5273f491d891b0ba424b0d9bccd4e702adce17c6440c975485140b---com.google.android.gms.ads.internal.client.zzdx---zzn---null
03-07 16:38:41.418 16770 16770 D FiniteState: location_share---4a0ee577cd5273f491d891b0ba424b0d9bccd4e702adce17c6440c975485140b---com.google.android.gms.ads.internal.client.zzl---writeToParcel---null
03-07 16:38:41.419 16770 16770 D FiniteState: location_share---4a0ee577cd5273f491d891b0ba424b0d9bccd4e702adce17c6440c975485140b---com.google.android.gms.ads.internal.client.zzbl---zzg---null
03-07 16:38:41.433 16770 16770 D FiniteState: location_share---4a0ee577cd5273f491d891b0ba424b0d9bccd4e702adce17c6440c975485140b---com.google.android.gms.ads.internal.client.LiteSdkInfo---getLiteSdkVersion---null
03-07 16:38:41.433 16770 16770 D FiniteState: location_share---4a0ee577cd5273f491d891b0ba424b0d9bccd4e702adce17c6440c975485140b---com.google.android.gms.ads.internal.client.zzen---writeToParcel---null
03-07 16:38:41.439 16770 16770 D FiniteState: location_share---4a0ee577cd5273f491d891b0ba424b0d9bccd4e702adce17c6440c975485140b---com.google.android.gms.ads.internal.client.LiteSdkInfo---getLiteSdkVersion---null
03-07 16:38:41.440 16770 16770 D FiniteState: location_share---4a0ee577cd5273f491d891b0ba424b0d9bccd4e702adce17c6440c975485140b---com.google.android.gms.ads.internal.client.zzen---writeToParcel---null
03-07 16:38:41.469 16770 16770 D FiniteState: location_share---4a0ee577cd5273f491d891b0ba424b0d9bccd4e702adce17c6440c975485140b---com.google.android.gms.ads.AdLoader---loadAd---null
03-07 16:38:41.469 16770 16770 D FiniteState: location_share---4a0ee577cd5273f491d891b0ba424b0d9bccd4e702adce17c6440c975485140b---com.google.android.gms.ads.internal.client.zzg---zzf---null
03-07 16:38:41.471 16770 16770 D FiniteState: location_share---4a0ee577cd5273f491d891b0ba424b0d9bccd4e702adce17c6440c975485140b---com.google.android.gms.ads.internal.client.zzdl---zzj---null
03-07 16:38:41.471 16770 16770 D FiniteState: location_share---4a0ee577cd5273f491d891b0ba424b0d9bccd4e702adce17c6440c975485140b---com.google.android.gms.ads.internal.client.zzdl---zzf---null
03-07 16:38:41.471 16770 16770 D FiniteState: location_share---4a0ee577cd5273f491d891b0ba424b0d9bccd4e702adce17c6440c975485140b---com.google.android.gms.ads.ResponseInfo---zza---null
03-07 16:38:41.474 16770 16770 D FiniteState: location_share---4a0ee577cd5273f491d891b0ba424b0d9bccd4e702adce17c6440c975485140b---com.google.android.gms.ads.internal.client.zzaw---zzc---null
03-07 16:38:41.474 16770 16770 D FiniteState: location_share---4a0ee577cd5273f491d891b0ba424b0d9bccd4e702adce17c6440c975485140b---com.google.android.gms.ads.internal.client.zzax---zzd---null
03-07 16:38:41.487 16770 16770 D FiniteState: location_share---4a0ee577cd5273f491d891b0ba424b0d9bccd4e702adce17c6440c975485140b---com.google.android.gms.ads.internal.client.zzao---zzc---null
03-07 16:38:41.488 16770 16770 D FiniteState: location_share---4a0ee577cd5273f491d891b0ba424b0d9bccd4e702adce17c6440c975485140b---com.google.android.gms.ads.internal.client.zzbr---zze---null
03-07 16:38:41.489 16770 16770 D FiniteState: location_share---4a0ee577cd5273f491d891b0ba424b0d9bccd4e702adce17c6440c975485140b---com.google.android.gms.ads.internal.client.zzi---zza---null
03-07 16:38:41.489 16770 16770 D FiniteState: location_share---4a0ee577cd5273f491d891b0ba424b0d9bccd4e702adce17c6440c975485140b---com.google.android.gms.ads.AdLoader$Builder---forNativeAd---null
03-07 16:38:41.489 16770 16770 D FiniteState: location_share---4a0ee577cd5273f491d891b0ba424b0d9bccd4e702adce17c6440c975485140b---com.google.android.gms.ads.internal.client.zzbo---zzk---null
03-07 16:38:41.489 16770 16770 D FiniteState: location_share---4a0ee577cd5273f491d891b0ba424b0d9bccd4e702adce17c6440c975485140b---com.google.android.gms.ads.AdLoader$Builder---withAdListener---null
03-07 16:38:41.489 16770 16770 D FiniteState: location_share---4a0ee577cd5273f491d891b0ba424b0d9bccd4e702adce17c6440c975485140b---com.google.android.gms.ads.internal.client.zzbo---zzl---null
03-07 16:38:41.489 16770 16770 D FiniteState: location_share---4a0ee577cd5273f491d891b0ba424b0d9bccd4e702adce17c6440c975485140b---com.google.android.gms.ads.nativead.NativeAdOptions$Builder---build---null
03-07 16:38:41.489 16770 16770 D FiniteState: location_share---4a0ee577cd5273f491d891b0ba424b0d9bccd4e702adce17c6440c975485140b---com.google.android.gms.ads.internal.client.zzbo---zzo---null
03-07 16:38:41.492 16770 16770 D FiniteState: location_share---4a0ee577cd5273f491d891b0ba424b0d9bccd4e702adce17c6440c975485140b---com.google.android.gms.ads.internal.client.zzbo---zze---null
03-07 16:38:41.492 16770 16770 D FiniteState: location_share---4a0ee577cd5273f491d891b0ba424b0d9bccd4e702adce17c6440c975485140b---com.google.android.gms.ads.AdLoader$Builder---build---null
03-07 16:38:41.492 16770 16770 D FiniteState: location_share---4a0ee577cd5273f491d891b0ba424b0d9bccd4e702adce17c6440c975485140b---com.google.android.gms.ads.internal.client.zzdw---zzt---null
03-07 16:38:41.492 16770 16770 D FiniteState: location_share---4a0ee577cd5273f491d891b0ba424b0d9bccd4e702adce17c6440c975485140b---com.google.android.gms.ads.AdRequest$Builder---build---null
03-07 16:38:41.492 16770 16770 D FiniteState: location_share---4a0ee577cd5273f491d891b0ba424b0d9bccd4e702adce17c6440c975485140b---com.google.android.gms.ads.AdLoader---zzb---null
03-07 16:38:41.492 16770 16770 D FiniteState: location_share---4a0ee577cd5273f491d891b0ba424b0d9bccd4e702adce17c6440c975485140b---com.google.android.gms.ads.internal.client.zzdx---zzs---null
03-07 16:38:41.492 16770 16770 D FiniteState: location_share---4a0ee577cd5273f491d891b0ba424b0d9bccd4e702adce17c6440c975485140b---com.google.android.gms.ads.internal.util.client.zzf---zzA---null
03-07 16:38:41.493 16770 16770 D FiniteState: location_share---4a0ee577cd5273f491d891b0ba424b0d9bccd4e702adce17c6440c975485140b---com.google.android.gms.ads.RequestConfiguration---getTestDeviceIds---null
03-07 16:38:41.493 16770 16770 D FiniteState: location_share---4a0ee577cd5273f491d891b0ba424b0d9bccd4e702adce17c6440c975485140b---com.google.android.gms.ads.internal.util.client.zzf---zzr---null
03-07 16:38:41.493 16770 16770 D FiniteState: location_share---4a0ee577cd5273f491d891b0ba424b0d9bccd4e702adce17c6440c975485140b---com.google.android.gms.ads.internal.client.zzdx---zzn---null
03-07 16:38:41.494 16770 16770 D FiniteState: location_share---4a0ee577cd5273f491d891b0ba424b0d9bccd4e702adce17c6440c975485140b---com.google.android.gms.ads.internal.client.zzl---writeToParcel---null
03-07 16:38:41.494 16770 16770 D FiniteState: location_share---4a0ee577cd5273f491d891b0ba424b0d9bccd4e702adce17c6440c975485140b---com.google.android.gms.ads.internal.client.zzbl---zzg---null
03-07 16:38:41.510 16770 16770 D FiniteState: location_share---4a0ee577cd5273f491d891b0ba424b0d9bccd4e702adce17c6440c975485140b---com.google.android.gms.ads.internal.client.LiteSdkInfo---getLiteSdkVersion---null
03-07 16:38:41.510 16770 16770 D FiniteState: location_share---4a0ee577cd5273f491d891b0ba424b0d9bccd4e702adce17c6440c975485140b---com.google.android.gms.ads.internal.client.zzen---writeToParcel---null
03-07 16:38:41.516 16770 16770 D FiniteState: location_share---4a0ee577cd5273f491d891b0ba424b0d9bccd4e702adce17c6440c975485140b---com.google.android.gms.ads.internal.client.LiteSdkInfo---getLiteSdkVersion---null
03-07 16:38:41.516 16770 16770 D FiniteState: location_share---4a0ee577cd5273f491d891b0ba424b0d9bccd4e702adce17c6440c975485140b---com.google.android.gms.ads.internal.client.zzen---writeToParcel---null
03-07 16:38:41.535 16770 16770 D FiniteState: location_share---4a0ee577cd5273f491d891b0ba424b0d9bccd4e702adce17c6440c975485140b---com.google.android.gms.ads.AdLoader---loadAd---null
03-07 16:38:41.535 16770 16770 D FiniteState: location_share---4a0ee577cd5273f491d891b0ba424b0d9bccd4e702adce17c6440c975485140b---com.google.android.gms.ads.internal.client.zzg---zzf---null
03-07 16:38:41.536 16770 16770 D FiniteState: location_share---4a0ee577cd5273f491d891b0ba424b0d9bccd4e702adce17c6440c975485140b---com.google.android.gms.ads.internal.client.zzdl---zzj---null
03-07 16:38:41.537 16770 16770 D FiniteState: location_share---4a0ee577cd5273f491d891b0ba424b0d9bccd4e702adce17c6440c975485140b---com.google.android.gms.ads.internal.client.zzdl---zzf---null
03-07 16:38:41.537 16770 16770 D FiniteState: location_share---4a0ee577cd5273f491d891b0ba424b0d9bccd4e702adce17c6440c975485140b---com.google.android.gms.ads.ResponseInfo---zza---null
03-07 16:39:11.703 18055 18055 D FiniteState: cartoon_video---c8661a7cd45fadef6b5f9563510ac66087cfead33b2dd0bd674af7434959eb11---com.google.android.gms.ads.MobileAdsInitProvider---attachInfo---null
03-07 16:43:49.710 19725 19725 D FiniteState: video_to_audio---fef50d8185f9ba534db3743d0ca7aaef9bfd406e549112ebcecffd5255b89203---com.google.android.gms.ads.MobileAdsInitProvider---attachInfo---null
03-07 16:43:50.063 19725 19773 D FiniteState: video_to_audio---fef50d8185f9ba534db3743d0ca7aaef9bfd406e549112ebcecffd5255b89203---com.google.android.gms.ads.identifier.AdvertisingIdClient---getAdvertisingIdInfo---null
03-07 16:43:50.063 19725 19773 D FiniteState: video_to_audio---fef50d8185f9ba534db3743d0ca7aaef9bfd406e549112ebcecffd5255b89203---com.google.android.gms.ads.identifier.AdvertisingIdClient---zzb---null
03-07 16:43:50.076 19725 19725 D FiniteState: video_to_audio---fef50d8185f9ba534db3743d0ca7aaef9bfd406e549112ebcecffd5255b89203---com.google.android.gms.ads.internal.client.zzdw---zzv---null
03-07 16:43:50.076 19725 19725 D FiniteState: video_to_audio---fef50d8185f9ba534db3743d0ca7aaef9bfd406e549112ebcecffd5255b89203---com.google.android.gms.ads.AdRequest$Builder---build---null
03-07 16:43:50.077 19725 19725 D FiniteState: video_to_audio---fef50d8185f9ba534db3743d0ca7aaef9bfd406e549112ebcecffd5255b89203---com.google.android.gms.ads.appopen.AppOpenAd---load---null
03-07 16:43:50.085 19725 19774 D FiniteState: video_to_audio---fef50d8185f9ba534db3743d0ca7aaef9bfd406e549112ebcecffd5255b89203---com.google.android.gms.ads.appopen.zza---run---null
03-07 16:43:50.086 19725 19774 D FiniteState: video_to_audio---fef50d8185f9ba534db3743d0ca7aaef9bfd406e549112ebcecffd5255b89203---com.google.android.gms.ads.internal.client.zzq---zzb---null
03-07 16:43:50.096 19725 19774 D FiniteState: video_to_audio---fef50d8185f9ba534db3743d0ca7aaef9bfd406e549112ebcecffd5255b89203---com.google.android.gms.ads.internal.client.zzaw---zzd---null
03-07 16:43:50.096 19725 19774 D FiniteState: video_to_audio---fef50d8185f9ba534db3743d0ca7aaef9bfd406e549112ebcecffd5255b89203---com.google.android.gms.ads.internal.client.o---d---null
03-07 16:43:50.108 19725 19774 D FiniteState: video_to_audio---fef50d8185f9ba534db3743d0ca7aaef9bfd406e549112ebcecffd5255b89203---com.google.android.gms.ads.internal.client.zzk---zza---null
03-07 16:43:50.151 19725 19773 D FiniteState: video_to_audio---fef50d8185f9ba534db3743d0ca7aaef9bfd406e549112ebcecffd5255b89203---com.google.android.gms.ads.identifier.AdvertisingIdClient---zzd---null
03-07 16:43:50.162 19725 19773 D FiniteState: video_to_audio---fef50d8185f9ba534db3743d0ca7aaef9bfd406e549112ebcecffd5255b89203---com.google.android.gms.ads.identifier.AdvertisingIdClient---zza---null
03-07 16:43:50.327 19725 19774 D FiniteState: video_to_audio---fef50d8185f9ba534db3743d0ca7aaef9bfd406e549112ebcecffd5255b89203---com.google.android.gms.ads.internal.client.zzk---getRemoteCreator---null
03-07 16:43:50.327 19725 19774 D FiniteState: video_to_audio---fef50d8185f9ba534db3743d0ca7aaef9bfd406e549112ebcecffd5255b89203---com.google.android.gms.ads.internal.client.zzbv---zze---null
03-07 16:43:50.327 19725 19774 D FiniteState: video_to_audio---fef50d8185f9ba534db3743d0ca7aaef9bfd406e549112ebcecffd5255b89203---com.google.android.gms.ads.internal.client.zzq---writeToParcel---null
03-07 16:43:51.547 19725 19733 D FiniteState: video_to_audio---fef50d8185f9ba534db3743d0ca7aaef9bfd406e549112ebcecffd5255b89203---com.google.android.gms.ads.identifier.AdvertisingIdClient---zza---null
03-07 16:43:51.547 19725 19733 D FiniteState: video_to_audio---fef50d8185f9ba534db3743d0ca7aaef9bfd406e549112ebcecffd5255b89203---com.google.android.gms.ads.identifier.AdvertisingIdClient---finalize---null
03-07 16:43:51.857 19725 19774 D FiniteState: video_to_audio---fef50d8185f9ba534db3743d0ca7aaef9bfd406e549112ebcecffd5255b89203---com.google.android.gms.ads.internal.client.zzbs---zzH---null
03-07 16:43:51.858 19725 19774 D FiniteState: video_to_audio---fef50d8185f9ba534db3743d0ca7aaef9bfd406e549112ebcecffd5255b89203---com.google.android.gms.ads.RequestConfiguration$Builder---build---null
03-07 16:43:51.858 19725 19774 D FiniteState: video_to_audio---fef50d8185f9ba534db3743d0ca7aaef9bfd406e549112ebcecffd5255b89203---com.google.android.gms.ads.internal.client.zzej---zzf---null
03-07 16:43:51.858 19725 19774 D FiniteState: video_to_audio---fef50d8185f9ba534db3743d0ca7aaef9bfd406e549112ebcecffd5255b89203---com.google.android.gms.ads.internal.client.zzdx---zzs---null
03-07 16:43:51.860 19725 19774 D FiniteState: video_to_audio---fef50d8185f9ba534db3743d0ca7aaef9bfd406e549112ebcecffd5255b89203---com.google.android.gms.ads.RequestConfiguration---getTestDeviceIds---null
03-07 16:43:51.870 19725 19774 D FiniteState: video_to_audio---fef50d8185f9ba534db3743d0ca7aaef9bfd406e549112ebcecffd5255b89203---com.google.android.gms.ads.internal.client.zzdx---zzo---null
03-07 16:43:51.870 19725 19774 D FiniteState: video_to_audio---fef50d8185f9ba534db3743d0ca7aaef9bfd406e549112ebcecffd5255b89203---com.google.android.gms.ads.internal.client.zzl---writeToParcel---null
03-07 16:43:51.871 19725 19774 D FiniteState: video_to_audio---fef50d8185f9ba534db3743d0ca7aaef9bfd406e549112ebcecffd5255b89203---com.google.android.gms.ads.internal.client.zzbs---zzaa---null
03-07 16:43:52.362 19725 19774 D FiniteState: video_to_audio---fef50d8185f9ba534db3743d0ca7aaef9bfd406e549112ebcecffd5255b89203---com.google.android.gms.ads.internal.client.LiteSdkInfo---getLiteSdkVersion---null
03-07 16:43:52.363 19725 19774 D FiniteState: video_to_audio---fef50d8185f9ba534db3743d0ca7aaef9bfd406e549112ebcecffd5255b89203---com.google.android.gms.ads.internal.client.zzen---writeToParcel---null
03-07 16:43:52.996 19725 19774 D FiniteState: video_to_audio---fef50d8185f9ba534db3743d0ca7aaef9bfd406e549112ebcecffd5255b89203---com.google.android.gms.ads.internal.client.LiteSdkInfo---getLiteSdkVersion---null
03-07 16:43:52.996 19725 19774 D FiniteState: video_to_audio---fef50d8185f9ba534db3743d0ca7aaef9bfd406e549112ebcecffd5255b89203---com.google.android.gms.ads.internal.client.zzen---writeToParcel---null
03-07 16:43:52.997 19725 19774 D FiniteState: video_to_audio---fef50d8185f9ba534db3743d0ca7aaef9bfd406e549112ebcecffd5255b89203---com.google.android.gms.ads.internal.client.LiteSdkInfo---getLiteSdkVersion---null
03-07 16:43:52.998 19725 19774 D FiniteState: video_to_audio---fef50d8185f9ba534db3743d0ca7aaef9bfd406e549112ebcecffd5255b89203---com.google.android.gms.ads.internal.client.zzen---writeToParcel---null
03-07 16:43:53.215 19725 19774 D FiniteState: video_to_audio---fef50d8185f9ba534db3743d0ca7aaef9bfd406e549112ebcecffd5255b89203---com.google.android.gms.ads.internal.client.LiteSdkInfo---getLiteSdkVersion---null
03-07 16:43:53.215 19725 19774 D FiniteState: video_to_audio---fef50d8185f9ba534db3743d0ca7aaef9bfd406e549112ebcecffd5255b89203---com.google.android.gms.ads.internal.client.zzen---writeToParcel---null
03-07 16:44:04.978 20084 20084 D FiniteState: video_to_audio---fef50d8185f9ba534db3743d0ca7aaef9bfd406e549112ebcecffd5255b89203---com.google.android.gms.ads.MobileAdsInitProvider---attachInfo---null
03-07 16:44:44.503 20808 20808 D FiniteState: stunt_car_extreme---98bf80ba73a02c35e4a5f743e53597b9fbef6e5398d40e7221f4270d75f5ae04---com.google.android.gms.ads.MobileAdsInitProvider---attachInfo---null
03-07 16:44:46.382 20808 20808 D FiniteState: stunt_car_extreme---98bf80ba73a02c35e4a5f743e53597b9fbef6e5398d40e7221f4270d75f5ae04---com.facebook.ads.internal.dynamicloading.DynamicLoaderFactory---initialize---null
03-07 16:44:46.384 20808 20808 D FiniteState: stunt_car_extreme---98bf80ba73a02c35e4a5f743e53597b9fbef6e5398d40e7221f4270d75f5ae04---com.facebook.ads.AudienceNetworkContentProvider---onCreate---null
03-07 16:44:46.392 20808 20883 D FiniteState: stunt_car_extreme---98bf80ba73a02c35e4a5f743e53597b9fbef6e5398d40e7221f4270d75f5ae04---com.facebook.ads.internal.util.common.ANActivityLifecycleCallbacksListener---registerActivityCallbacks---null
03-07 16:44:46.392 20808 20883 D FiniteState: stunt_car_extreme---98bf80ba73a02c35e4a5f743e53597b9fbef6e5398d40e7221f4270d75f5ae04---com.facebook.ads.internal.dynamicloading.DynamicLoaderFactory$1---run---null
03-07 16:44:46.392 20808 20883 D FiniteState: stunt_car_extreme---98bf80ba73a02c35e4a5f743e53597b9fbef6e5398d40e7221f4270d75f5ae04---com.facebook.ads.internal.dynamicloading.DynamicLoaderFactory---makeLegacyAdsSdkClassLoader---null
03-07 16:44:46.537 20808 20808 D FiniteState: stunt_car_extreme---98bf80ba73a02c35e4a5f743e53597b9fbef6e5398d40e7221f4270d75f5ae04---com.facebook.ads.internal.util.common.ANActivityLifecycleCallbacksListener---onActivityCreated---null
03-07 16:44:46.593 20808 20883 D FiniteState: stunt_car_extreme---98bf80ba73a02c35e4a5f743e53597b9fbef6e5398d40e7221f4270d75f5ae04---com.facebook.ads.internal.dynamicloading.DynamicLoaderFactory---makeLegacyAdsSdkClassLoader---null
03-07 16:44:46.646 20808 20808 D FiniteState: stunt_car_extreme---98bf80ba73a02c35e4a5f743e53597b9fbef6e5398d40e7221f4270d75f5ae04---com.facebook.ads.internal.util.common.ANActivityLifecycleCallbacksListener---onActivityStarted---null
03-07 16:44:46.661 20808 20808 D FiniteState: stunt_car_extreme---98bf80ba73a02c35e4a5f743e53597b9fbef6e5398d40e7221f4270d75f5ae04---com.facebook.ads.internal.util.common.ANActivityLifecycleCallbacksListener---onActivityResumed---null
03-07 16:44:46.794 20808 20883 D FiniteState: stunt_car_extreme---98bf80ba73a02c35e4a5f743e53597b9fbef6e5398d40e7221f4270d75f5ae04---com.facebook.ads.internal.dynamicloading.DynamicLoaderFactory---makeLegacyAdsSdkClassLoader---null
03-07 16:44:46.801 20808 20883 D FiniteState: stunt_car_extreme---98bf80ba73a02c35e4a5f743e53597b9fbef6e5398d40e7221f4270d75f5ae04---com.facebook.ads.internal.dynamicloading.DynamicLoaderFactory---access$200---null
03-07 16:44:50.152 20808 20808 D FiniteState: stunt_car_extreme---98bf80ba73a02c35e4a5f743e53597b9fbef6e5398d40e7221f4270d75f5ae04---com.facebook.ads.internal.util.common.ANActivityLifecycleCallbacksListener---onActivityPaused---null
03-07 16:44:50.160 20808 20808 D FiniteState: stunt_car_extreme---98bf80ba73a02c35e4a5f743e53597b9fbef6e5398d40e7221f4270d75f5ae04---com.facebook.ads.internal.util.common.ANActivityLifecycleCallbacksListener---onActivityResumed---null
03-07 16:48:06.417 23356 23356 D FiniteState: animal_wallapers4k---b2e19811601ab0007dbce416f4f1212a4b12d0d310d72ed66d9d6ed2c2235b9e---com.google.android.gms.ads.MobileAdsInitProvider---attachInfo---null
03-07 16:48:07.025 23356 23422 D FiniteState: animal_wallapers4k---b2e19811601ab0007dbce416f4f1212a4b12d0d310d72ed66d9d6ed2c2235b9e---com.google.android.gms.ads.identifier.AdvertisingIdClient---getAdvertisingIdInfo---null
03-07 16:48:07.027 23356 23422 D FiniteState: animal_wallapers4k---b2e19811601ab0007dbce416f4f1212a4b12d0d310d72ed66d9d6ed2c2235b9e---com.google.android.gms.ads.identifier.AdvertisingIdClient---zzb---null
03-07 16:48:07.304 23356 23422 D FiniteState: animal_wallapers4k---b2e19811601ab0007dbce416f4f1212a4b12d0d310d72ed66d9d6ed2c2235b9e---com.google.android.gms.ads.identifier.AdvertisingIdClient---zzd---null
03-07 16:48:07.326 23356 23422 D FiniteState: animal_wallapers4k---b2e19811601ab0007dbce416f4f1212a4b12d0d310d72ed66d9d6ed2c2235b9e---com.google.android.gms.ads.identifier.AdvertisingIdClient---zza---null
03-07 16:48:07.726 23426 23468 D FiniteState: animal_wallapers4k---b2e19811601ab0007dbce416f4f1212a4b12d0d310d72ed66d9d6ed2c2235b9e---com.google.android.gms.ads.identifier.AdvertisingIdClient---getAdvertisingIdInfo---null
03-07 16:48:07.726 23426 23468 D FiniteState: animal_wallapers4k---b2e19811601ab0007dbce416f4f1212a4b12d0d310d72ed66d9d6ed2c2235b9e---com.google.android.gms.ads.identifier.AdvertisingIdClient---zzb---null
03-07 16:48:07.761 23426 23468 D FiniteState: animal_wallapers4k---b2e19811601ab0007dbce416f4f1212a4b12d0d310d72ed66d9d6ed2c2235b9e---com.google.android.gms.ads.identifier.AdvertisingIdClient---zzd---null
03-07 16:48:07.772 23426 23468 D FiniteState: animal_wallapers4k---b2e19811601ab0007dbce416f4f1212a4b12d0d310d72ed66d9d6ed2c2235b9e---com.google.android.gms.ads.identifier.AdvertisingIdClient---zza---null
03-07 16:48:07.809 23426 23468 D FiniteState: animal_wallapers4k---b2e19811601ab0007dbce416f4f1212a4b12d0d310d72ed66d9d6ed2c2235b9e---com.google.android.gms.ads.identifier.AdvertisingIdClient---getAdvertisingIdInfo---null
03-07 16:48:07.809 23426 23468 D FiniteState: animal_wallapers4k---b2e19811601ab0007dbce416f4f1212a4b12d0d310d72ed66d9d6ed2c2235b9e---com.google.android.gms.ads.identifier.AdvertisingIdClient---zzb---null
03-07 16:48:08.155 23356 23364 D FiniteState: animal_wallapers4k---b2e19811601ab0007dbce416f4f1212a4b12d0d310d72ed66d9d6ed2c2235b9e---com.google.android.gms.ads.identifier.AdvertisingIdClient---zza---null
03-07 16:48:08.156 23356 23364 D FiniteState: animal_wallapers4k---b2e19811601ab0007dbce416f4f1212a4b12d0d310d72ed66d9d6ed2c2235b9e---com.google.android.gms.ads.identifier.AdvertisingIdClient---finalize---null
03-07 16:48:08.238 23426 23468 D FiniteState: animal_wallapers4k---b2e19811601ab0007dbce416f4f1212a4b12d0d310d72ed66d9d6ed2c2235b9e---com.google.android.gms.ads.identifier.AdvertisingIdClient---zzd---null
03-07 16:48:08.249 23426 23468 D FiniteState: animal_wallapers4k---b2e19811601ab0007dbce416f4f1212a4b12d0d310d72ed66d9d6ed2c2235b9e---com.google.android.gms.ads.identifier.AdvertisingIdClient---zza---null
03-07 16:48:08.300 23426 23437 D FiniteState: animal_wallapers4k---b2e19811601ab0007dbce416f4f1212a4b12d0d310d72ed66d9d6ed2c2235b9e---com.google.android.gms.ads.identifier.AdvertisingIdClient---zza---null
03-07 16:48:08.300 23426 23437 D FiniteState: animal_wallapers4k---b2e19811601ab0007dbce416f4f1212a4b12d0d310d72ed66d9d6ed2c2235b9e---com.google.android.gms.ads.identifier.AdvertisingIdClient---finalize---null
03-07 16:48:08.300 23426 23437 D FiniteState: animal_wallapers4k---b2e19811601ab0007dbce416f4f1212a4b12d0d310d72ed66d9d6ed2c2235b9e---com.google.android.gms.ads.identifier.AdvertisingIdClient---zza---null
03-07 16:48:08.301 23426 23437 D FiniteState: animal_wallapers4k---b2e19811601ab0007dbce416f4f1212a4b12d0d310d72ed66d9d6ed2c2235b9e---com.google.android.gms.ads.identifier.AdvertisingIdClient---finalize---null
03-07 16:48:11.782 23552 23552 D FiniteState: animal_wallapers4k---b2e19811601ab0007dbce416f4f1212a4b12d0d310d72ed66d9d6ed2c2235b9e---com.google.android.gms.ads.MobileAdsInitProvider---attachInfo---null
03-07 16:48:12.370 23552 23600 D FiniteState: animal_wallapers4k---b2e19811601ab0007dbce416f4f1212a4b12d0d310d72ed66d9d6ed2c2235b9e---com.google.android.gms.ads.identifier.AdvertisingIdClient---getAdvertisingIdInfo---null
03-07 16:48:12.371 23552 23600 D FiniteState: animal_wallapers4k---b2e19811601ab0007dbce416f4f1212a4b12d0d310d72ed66d9d6ed2c2235b9e---com.google.android.gms.ads.identifier.AdvertisingIdClient---zzb---null
03-07 16:48:12.593 23552 23600 D FiniteState: animal_wallapers4k---b2e19811601ab0007dbce416f4f1212a4b12d0d310d72ed66d9d6ed2c2235b9e---com.google.android.gms.ads.identifier.AdvertisingIdClient---zzd---null
03-07 16:48:12.603 23552 23600 D FiniteState: animal_wallapers4k---b2e19811601ab0007dbce416f4f1212a4b12d0d310d72ed66d9d6ed2c2235b9e---com.google.android.gms.ads.identifier.AdvertisingIdClient---zza---null
03-07 16:48:16.580 23552 23560 D FiniteState: animal_wallapers4k---b2e19811601ab0007dbce416f4f1212a4b12d0d310d72ed66d9d6ed2c2235b9e---com.google.android.gms.ads.identifier.AdvertisingIdClient---zza---null
03-07 16:48:16.580 23552 23560 D FiniteState: animal_wallapers4k---b2e19811601ab0007dbce416f4f1212a4b12d0d310d72ed66d9d6ed2c2235b9e---com.google.android.gms.ads.identifier.AdvertisingIdClient---finalize---null
03-07 16:48:58.437 24300 24300 D FiniteState: accuweather---49572cde3aaef1f4c37388529eff52154f1fb4c411ad638a83ceec12d4710de3---com.google.android.gms.ads.MobileAdsInitProvider---attachInfo---null
03-07 16:49:02.300 24371 24371 D FiniteState: accuweather---49572cde3aaef1f4c37388529eff52154f1fb4c411ad638a83ceec12d4710de3---com.google.android.gms.ads.MobileAdsInitProvider---attachInfo---null
03-07 16:51:29.751 25333 25347 D FiniteState: xe_money_transfer---6a53ede459fd737a038534cafbbb4e42a7125b1e37f7c79ae365a3ec11de24b5---com.google.android.gms.ads.identifier.AdvertisingIdClient---getAdvertisingIdInfo---null
03-07 16:51:29.757 25333 25347 D FiniteState: xe_money_transfer---6a53ede459fd737a038534cafbbb4e42a7125b1e37f7c79ae365a3ec11de24b5---com.google.android.gms.ads.identifier.AdvertisingIdClient---zzb---null
03-07 16:51:30.226 25333 25387 D FiniteState: xe_money_transfer---6a53ede459fd737a038534cafbbb4e42a7125b1e37f7c79ae365a3ec11de24b5---com.google.android.gms.ads.identifier.AdvertisingIdClient---getAdvertisingIdInfo---null
03-07 16:51:30.226 25333 25387 D FiniteState: xe_money_transfer---6a53ede459fd737a038534cafbbb4e42a7125b1e37f7c79ae365a3ec11de24b5---com.google.android.gms.ads.identifier.AdvertisingIdClient---zzb---null
03-07 16:51:31.884 25333 25347 D FiniteState: xe_money_transfer---6a53ede459fd737a038534cafbbb4e42a7125b1e37f7c79ae365a3ec11de24b5---com.google.android.gms.ads.identifier.AdvertisingIdClient---zzd---null
03-07 16:51:31.888 25333 25387 D FiniteState: xe_money_transfer---6a53ede459fd737a038534cafbbb4e42a7125b1e37f7c79ae365a3ec11de24b5---com.google.android.gms.ads.identifier.AdvertisingIdClient---zzd---null
03-07 16:51:31.902 25333 25347 D FiniteState: xe_money_transfer---6a53ede459fd737a038534cafbbb4e42a7125b1e37f7c79ae365a3ec11de24b5---com.google.android.gms.ads.identifier.AdvertisingIdClient---zza---null
03-07 16:51:31.914 25333 25387 D FiniteState: xe_money_transfer---6a53ede459fd737a038534cafbbb4e42a7125b1e37f7c79ae365a3ec11de24b5---com.google.android.gms.ads.identifier.AdvertisingIdClient---zza---null
03-07 16:51:32.548 25333 25341 D FiniteState: xe_money_transfer---6a53ede459fd737a038534cafbbb4e42a7125b1e37f7c79ae365a3ec11de24b5---com.google.android.gms.ads.identifier.AdvertisingIdClient---zza---null
03-07 16:51:32.548 25333 25341 D FiniteState: xe_money_transfer---6a53ede459fd737a038534cafbbb4e42a7125b1e37f7c79ae365a3ec11de24b5---com.google.android.gms.ads.identifier.AdvertisingIdClient---finalize---null
03-07 16:51:32.549 25333 25341 D FiniteState: xe_money_transfer---6a53ede459fd737a038534cafbbb4e42a7125b1e37f7c79ae365a3ec11de24b5---com.google.android.gms.ads.identifier.AdvertisingIdClient---zza---null
03-07 16:51:32.549 25333 25341 D FiniteState: xe_money_transfer---6a53ede459fd737a038534cafbbb4e42a7125b1e37f7c79ae365a3ec11de24b5---com.google.android.gms.ads.identifier.AdvertisingIdClient---finalize---null
03-07 16:51:37.890 25684 25699 D FiniteState: xe_money_transfer---6a53ede459fd737a038534cafbbb4e42a7125b1e37f7c79ae365a3ec11de24b5---com.google.android.gms.ads.identifier.AdvertisingIdClient---getAdvertisingIdInfo---null
03-07 16:51:37.891 25684 25699 D FiniteState: xe_money_transfer---6a53ede459fd737a038534cafbbb4e42a7125b1e37f7c79ae365a3ec11de24b5---com.google.android.gms.ads.identifier.AdvertisingIdClient---zzb---null
03-07 16:51:38.306 25684 25736 D FiniteState: xe_money_transfer---6a53ede459fd737a038534cafbbb4e42a7125b1e37f7c79ae365a3ec11de24b5---com.google.android.gms.ads.identifier.AdvertisingIdClient---getAdvertisingIdInfo---null
03-07 16:51:38.307 25684 25736 D FiniteState: xe_money_transfer---6a53ede459fd737a038534cafbbb4e42a7125b1e37f7c79ae365a3ec11de24b5---com.google.android.gms.ads.identifier.AdvertisingIdClient---zzb---null
03-07 16:51:38.326 25684 25699 D FiniteState: xe_money_transfer---6a53ede459fd737a038534cafbbb4e42a7125b1e37f7c79ae365a3ec11de24b5---com.google.android.gms.ads.identifier.AdvertisingIdClient---zzd---null
03-07 16:51:38.333 25684 25699 D FiniteState: xe_money_transfer---6a53ede459fd737a038534cafbbb4e42a7125b1e37f7c79ae365a3ec11de24b5---com.google.android.gms.ads.identifier.AdvertisingIdClient---zza---null
03-07 16:51:38.349 25684 25736 D FiniteState: xe_money_transfer---6a53ede459fd737a038534cafbbb4e42a7125b1e37f7c79ae365a3ec11de24b5---com.google.android.gms.ads.identifier.AdvertisingIdClient---zzd---null
03-07 16:51:38.363 25684 25736 D FiniteState: xe_money_transfer---6a53ede459fd737a038534cafbbb4e42a7125b1e37f7c79ae365a3ec11de24b5---com.google.android.gms.ads.identifier.AdvertisingIdClient---zza---null
03-07 16:51:38.475 25684 25692 D FiniteState: xe_money_transfer---6a53ede459fd737a038534cafbbb4e42a7125b1e37f7c79ae365a3ec11de24b5---com.google.android.gms.ads.identifier.AdvertisingIdClient---zza---null
03-07 16:51:38.475 25684 25692 D FiniteState: xe_money_transfer---6a53ede459fd737a038534cafbbb4e42a7125b1e37f7c79ae365a3ec11de24b5---com.google.android.gms.ads.identifier.AdvertisingIdClient---finalize---null
03-07 16:51:38.476 25684 25692 D FiniteState: xe_money_transfer---6a53ede459fd737a038534cafbbb4e42a7125b1e37f7c79ae365a3ec11de24b5---com.google.android.gms.ads.identifier.AdvertisingIdClient---zza---null
03-07 16:51:38.476 25684 25692 D FiniteState: xe_money_transfer---6a53ede459fd737a038534cafbbb4e42a7125b1e37f7c79ae365a3ec11de24b5---com.google.android.gms.ads.identifier.AdvertisingIdClient---finalize---null
03-07 16:57:26.559 28428 28428 D FiniteState: that_recipe---0ea32574a7fcaba690114d916809cd6d58c370ecb51dc9828494db0150750d4f---com.google.android.gms.ads.MobileAdsInitProvider---attachInfo---null
03-07 16:57:28.362 28505 28505 D FiniteState: that_recipe---0ea32574a7fcaba690114d916809cd6d58c370ecb51dc9828494db0150750d4f---com.google.android.gms.ads.MobileAdsInitProvider---attachInfo---null
03-07 16:59:46.834 29727 29727 D FiniteState: numerology---b1ec4f1f023fb433bb7546cedb57eb1015d46f692f446f4ce161219daefa0e22---com.google.android.gms.ads.MobileAdsInitProvider---attachInfo---null
03-07 16:59:50.557 29811 29811 D FiniteState: numerology---b1ec4f1f023fb433bb7546cedb57eb1015d46f692f446f4ce161219daefa0e22---com.google.android.gms.ads.MobileAdsInitProvider---attachInfo---null
03-07 17:02:13.271 30966 30981 D FiniteState: daily_weather---cf06ab3e9b76717adab34bfcc757be7adfe87acc8c7a38b2a385a1c1a786246e---com.google.android.gms.ads.identifier.AdvertisingIdClient---getAdvertisingIdInfo---null
03-07 17:02:13.272 30966 30981 D FiniteState: daily_weather---cf06ab3e9b76717adab34bfcc757be7adfe87acc8c7a38b2a385a1c1a786246e---com.google.android.gms.ads.identifier.AdvertisingIdClient---zzb---null
03-07 17:02:13.545 30966 30966 D FiniteState: daily_weather---cf06ab3e9b76717adab34bfcc757be7adfe87acc8c7a38b2a385a1c1a786246e---com.google.android.gms.ads.MobileAdsInitProvider---attachInfo---null
03-07 17:02:13.653 30966 31026 D FiniteState: daily_weather---cf06ab3e9b76717adab34bfcc757be7adfe87acc8c7a38b2a385a1c1a786246e---com.google.android.gms.ads.identifier.AdvertisingIdClient---getAdvertisingIdInfo---null
03-07 17:02:13.653 30966 31026 D FiniteState: daily_weather---cf06ab3e9b76717adab34bfcc757be7adfe87acc8c7a38b2a385a1c1a786246e---com.google.android.gms.ads.identifier.AdvertisingIdClient---zzb---null
03-07 17:02:13.659 30966 30966 D FiniteState: daily_weather---cf06ab3e9b76717adab34bfcc757be7adfe87acc8c7a38b2a385a1c1a786246e---com.facebook.ads.internal.dynamicloading.DynamicLoaderFactory---initialize---null
03-07 17:02:13.663 30966 30966 D FiniteState: daily_weather---cf06ab3e9b76717adab34bfcc757be7adfe87acc8c7a38b2a385a1c1a786246e---com.facebook.ads.AudienceNetworkContentProvider---onCreate---null
03-07 17:02:13.675 30966 31033 D FiniteState: daily_weather---cf06ab3e9b76717adab34bfcc757be7adfe87acc8c7a38b2a385a1c1a786246e---com.facebook.ads.internal.util.common.ANActivityLifecycleCallbacksListener---registerActivityCallbacks---null
03-07 17:02:13.675 30966 31033 D FiniteState: daily_weather---cf06ab3e9b76717adab34bfcc757be7adfe87acc8c7a38b2a385a1c1a786246e---com.facebook.ads.internal.dynamicloading.DynamicLoaderFactory$oCUgn---run---null
03-07 17:02:13.675 30966 31033 D FiniteState: daily_weather---cf06ab3e9b76717adab34bfcc757be7adfe87acc8c7a38b2a385a1c1a786246e---com.facebook.ads.internal.dynamicloading.DynamicLoaderFactory---doMakeLoader---null
03-07 17:02:13.675 30966 31033 D FiniteState: daily_weather---cf06ab3e9b76717adab34bfcc757be7adfe87acc8c7a38b2a385a1c1a786246e---com.facebook.ads.internal.dynamicloading.DynamicLoaderFactory---makeLegacyAdsSdkClassLoader---null
03-07 17:02:13.876 30966 31033 D FiniteState: daily_weather---cf06ab3e9b76717adab34bfcc757be7adfe87acc8c7a38b2a385a1c1a786246e---com.facebook.ads.internal.dynamicloading.DynamicLoaderFactory---doMakeLoader---null
03-07 17:02:13.876 30966 31033 D FiniteState: daily_weather---cf06ab3e9b76717adab34bfcc757be7adfe87acc8c7a38b2a385a1c1a786246e---com.facebook.ads.internal.dynamicloading.DynamicLoaderFactory---makeLegacyAdsSdkClassLoader---null
03-07 17:02:13.912 30966 31029 D FiniteState: daily_weather---cf06ab3e9b76717adab34bfcc757be7adfe87acc8c7a38b2a385a1c1a786246e---com.google.android.gms.ads.identifier.AdvertisingIdClient---getAdvertisingIdInfo---null
03-07 17:02:13.913 30966 31029 D FiniteState: daily_weather---cf06ab3e9b76717adab34bfcc757be7adfe87acc8c7a38b2a385a1c1a786246e---com.google.android.gms.ads.identifier.AdvertisingIdClient---zzb---null
03-07 17:02:13.983 30966 31051 D FiniteState: daily_weather---cf06ab3e9b76717adab34bfcc757be7adfe87acc8c7a38b2a385a1c1a786246e---com.google.android.gms.ads.identifier.AdvertisingIdClient---getAdvertisingIdInfo---null
03-07 17:02:13.984 30966 31051 D FiniteState: daily_weather---cf06ab3e9b76717adab34bfcc757be7adfe87acc8c7a38b2a385a1c1a786246e---com.google.android.gms.ads.identifier.AdvertisingIdClient---zzb---null
03-07 17:02:13.987 30966 31019 D FiniteState: daily_weather---cf06ab3e9b76717adab34bfcc757be7adfe87acc8c7a38b2a385a1c1a786246e---com.google.android.gms.ads.identifier.AdvertisingIdClient---getAdvertisingIdInfo---null
03-07 17:02:13.988 30966 31019 D FiniteState: daily_weather---cf06ab3e9b76717adab34bfcc757be7adfe87acc8c7a38b2a385a1c1a786246e---com.google.android.gms.ads.identifier.AdvertisingIdClient---zzb---null
03-07 17:02:14.025 30966 30966 D FiniteState: daily_weather---cf06ab3e9b76717adab34bfcc757be7adfe87acc8c7a38b2a385a1c1a786246e---com.google.android.gms.ads.RequestConfiguration$Builder---build---null
03-07 17:02:14.025 30966 30966 D FiniteState: daily_weather---cf06ab3e9b76717adab34bfcc757be7adfe87acc8c7a38b2a385a1c1a786246e---com.google.android.gms.ads.internal.client.zzej---zzf---null
03-07 17:02:14.032 30966 30966 D FiniteState: daily_weather---cf06ab3e9b76717adab34bfcc757be7adfe87acc8c7a38b2a385a1c1a786246e---com.google.android.gms.ads.internal.client.zzej---zzz---null
03-07 17:02:14.032 30966 30966 D FiniteState: daily_weather---cf06ab3e9b76717adab34bfcc757be7adfe87acc8c7a38b2a385a1c1a786246e---com.google.android.gms.ads.internal.client.zzax---zzd---null
03-07 17:02:14.045 30966 30966 D FiniteState: daily_weather---cf06ab3e9b76717adab34bfcc757be7adfe87acc8c7a38b2a385a1c1a786246e---com.google.android.gms.ads.internal.client.zzaq---zzc---null
03-07 17:02:14.077 30966 31033 D FiniteState: daily_weather---cf06ab3e9b76717adab34bfcc757be7adfe87acc8c7a38b2a385a1c1a786246e---com.facebook.ads.internal.dynamicloading.DynamicLoaderFactory---doMakeLoader---null
03-07 17:02:14.078 30966 31033 D FiniteState: daily_weather---cf06ab3e9b76717adab34bfcc757be7adfe87acc8c7a38b2a385a1c1a786246e---com.facebook.ads.internal.dynamicloading.DynamicLoaderFactory---makeLegacyAdsSdkClassLoader---null
03-07 17:02:14.078 30966 31033 D FiniteState: daily_weather---cf06ab3e9b76717adab34bfcc757be7adfe87acc8c7a38b2a385a1c1a786246e---com.facebook.ads.internal.dynamicloading.DynamicLoaderFactory---access$200---null
03-07 17:02:14.251 30966 30966 D FiniteState: daily_weather---cf06ab3e9b76717adab34bfcc757be7adfe87acc8c7a38b2a385a1c1a786246e---com.google.android.gms.ads.internal.client.zzeq---getRemoteCreator---null
03-07 17:02:14.251 30966 30966 D FiniteState: daily_weather---cf06ab3e9b76717adab34bfcc757be7adfe87acc8c7a38b2a385a1c1a786246e---com.google.android.gms.ads.internal.client.zzcp---zze---null
03-07 17:02:14.626 30966 30966 D FiniteState: daily_weather---cf06ab3e9b76717adab34bfcc757be7adfe87acc8c7a38b2a385a1c1a786246e---com.google.android.gms.ads.internal.client.LiteSdkInfo---getLiteSdkVersion---null
03-07 17:02:14.626 30966 30966 D FiniteState: daily_weather---cf06ab3e9b76717adab34bfcc757be7adfe87acc8c7a38b2a385a1c1a786246e---com.google.android.gms.ads.internal.client.zzen---writeToParcel---null
03-07 17:02:14.643 30966 30966 D FiniteState: daily_weather---cf06ab3e9b76717adab34bfcc757be7adfe87acc8c7a38b2a385a1c1a786246e---com.google.android.gms.ads.internal.client.zzeq---zza---null
03-07 17:02:14.643 30966 30966 D FiniteState: daily_weather---cf06ab3e9b76717adab34bfcc757be7adfe87acc8c7a38b2a385a1c1a786246e---com.google.android.gms.ads.internal.client.zzcm---zzs---null
03-07 17:02:14.644 30966 30966 D FiniteState: daily_weather---cf06ab3e9b76717adab34bfcc757be7adfe87acc8c7a38b2a385a1c1a786246e---com.google.android.gms.ads.internal.client.zzcm---zzo---null
03-07 17:02:14.647 30966 30966 D FiniteState: daily_weather---cf06ab3e9b76717adab34bfcc757be7adfe87acc8c7a38b2a385a1c1a786246e---com.google.android.gms.ads.internal.client.zzej---zzy---null
