03-07 17:03:20.673 32451 32494 D FiniteState: ichota---ed14f6569d287fbe322f9bd52fc8548e41084033b477fcac3361c48eb962f3a3---com.google.android.gms.ads.identifier.AdvertisingIdClient---zza---null
03-07 17:03:20.707 32451 32487 D FiniteState: ichota---ed14f6569d287fbe322f9bd52fc8548e41084033b477fcac3361c48eb962f3a3---com.google.android.gms.ads.identifier.AdvertisingIdClient---zzd---null
03-07 17:03:20.716 32451 32487 D FiniteState: ichota---ed14f6569d287fbe322f9bd52fc8548e41084033b477fcac3361c48eb962f3a3---com.google.android.gms.ads.identifier.AdvertisingIdClient---zza---null
03-07 17:03:20.870 32451 32459 D FiniteState: ichota---ed14f6569d287fbe322f9bd52fc8548e41084033b477fcac3361c48eb962f3a3---com.google.android.gms.ads.identifier.AdvertisingIdClient---zza---null
03-07 17:03:20.871 32451 32459 D FiniteState: ichota---ed14f6569d287fbe322f9bd52fc8548e41084033b477fcac3361c48eb962f3a3---com.google.android.gms.ads.identifier.AdvertisingIdClient---finalize---null
03-07 17:03:21.275 32451 32459 D FiniteState: ichota---ed14f6569d287fbe322f9bd52fc8548e41084033b477fcac3361c48eb962f3a3---com.google.android.gms.ads.identifier.AdvertisingIdClient---zza---null
03-07 17:03:21.275 32451 32459 D FiniteState: ichota---ed14f6569d287fbe322f9bd52fc8548e41084033b477fcac3361c48eb962f3a3---com.google.android.gms.ads.identifier.AdvertisingIdClient---finalize---null
03-07 17:03:30.160 32451 32451 D FiniteState: ichota---ed14f6569d287fbe322f9bd52fc8548e41084033b477fcac3361c48eb962f3a3---com.google.android.gms.ads.internal.client.zzei---zzb---null
03-07 17:03:30.162 32451 32451 D FiniteState: ichota---ed14f6569d287fbe322f9bd52fc8548e41084033b477fcac3361c48eb962f3a3---com.google.android.gms.ads.internal.client.zzej---zzy---null
03-07 17:06:14.085  2135  2135 D FiniteState: business_profile_manager---a8318c3faa4400ee1daed352b3d5db058816cbd2ab8d55ff77b6f1f1e229587c---com.google.android.gms.ads.MobileAdsInitProvider---attachInfo---null
03-07 17:06:20.070  2362  2362 D FiniteState: business_profile_manager---a8318c3faa4400ee1daed352b3d5db058816cbd2ab8d55ff77b6f1f1e229587c---com.google.android.gms.ads.MobileAdsInitProvider---attachInfo---null
03-07 17:06:56.341  3191  3191 D FiniteState: 2ca414340473f9e706848cc75ee3d8a58b1fbe33a8b0e60ee0bb30b877a7b8d5---2ca414340473f9e706848cc75ee3d8a58b1fbe33a8b0e60ee0bb30b877a7b8d5---com.google.android.gms.ads.RequestConfiguration$Builder---build---null
03-07 17:06:57.011  3191  3191 D FiniteState: 2ca414340473f9e706848cc75ee3d8a58b1fbe33a8b0e60ee0bb30b877a7b8d5---2ca414340473f9e706848cc75ee3d8a58b1fbe33a8b0e60ee0bb30b877a7b8d5---com.google.android.gms.ads.MobileAds---initialize---null
03-07 17:06:57.011  3191  3191 D FiniteState: 2ca414340473f9e706848cc75ee3d8a58b1fbe33a8b0e60ee0bb30b877a7b8d5---2ca414340473f9e706848cc75ee3d8a58b1fbe33a8b0e60ee0bb30b877a7b8d5---com.google.android.gms.ads.RequestConfiguration$Builder---setTestDeviceIds---null
03-07 17:06:57.011  3191  3191 D FiniteState: 2ca414340473f9e706848cc75ee3d8a58b1fbe33a8b0e60ee0bb30b877a7b8d5---2ca414340473f9e706848cc75ee3d8a58b1fbe33a8b0e60ee0bb30b877a7b8d5---com.google.android.gms.ads.RequestConfiguration$Builder---build---null
03-07 17:06:57.011  3191  3191 D FiniteState: 2ca414340473f9e706848cc75ee3d8a58b1fbe33a8b0e60ee0bb30b877a7b8d5---2ca414340473f9e706848cc75ee3d8a58b1fbe33a8b0e60ee0bb30b877a7b8d5---com.google.android.gms.ads.MobileAds---setRequestConfiguration---null
03-07 17:07:37.040  3916  3916 D FiniteState: flash_alert---6259fb6e590cec3486e98b177f9b34a2701613ec6c7792b14a3ca1a635dcea10---com.google.android.gms.ads.MobileAdsInitProvider---attachInfo---null
03-07 17:07:37.311  3916  3916 D FiniteState: flash_alert---6259fb6e590cec3486e98b177f9b34a2701613ec6c7792b14a3ca1a635dcea10---com.facebook.ads.internal.dynamicloading.DynamicLoaderFactory---initialize---null
03-07 17:07:37.312  3916  3916 D FiniteState: flash_alert---6259fb6e590cec3486e98b177f9b34a2701613ec6c7792b14a3ca1a635dcea10---com.facebook.ads.AudienceNetworkContentProvider---onCreate---null
03-07 17:07:37.316  3916  3947 D FiniteState: flash_alert---6259fb6e590cec3486e98b177f9b34a2701613ec6c7792b14a3ca1a635dcea10---com.facebook.ads.internal.util.common.ANActivityLifecycleCallbacksListener---registerActivityCallbacks---null
03-07 17:07:37.316  3916  3947 D FiniteState: flash_alert---6259fb6e590cec3486e98b177f9b34a2701613ec6c7792b14a3ca1a635dcea10---com.facebook.ads.internal.dynamicloading.DynamicLoaderFactory$a---run---null
03-07 17:07:37.316  3916  3947 D FiniteState: flash_alert---6259fb6e590cec3486e98b177f9b34a2701613ec6c7792b14a3ca1a635dcea10---com.facebook.ads.internal.dynamicloading.DynamicLoaderFactory---makeLegacyAdsSdkClassLoader---null
03-07 17:07:37.410  3916  3916 D FiniteState: flash_alert---6259fb6e590cec3486e98b177f9b34a2701613ec6c7792b14a3ca1a635dcea10---com.facebook.ads.internal.util.common.ANActivityLifecycleCallbacksListener---onActivityCreated---null
03-07 17:07:37.492  3916  3916 D FiniteState: flash_alert---6259fb6e590cec3486e98b177f9b34a2701613ec6c7792b14a3ca1a635dcea10---com.facebook.ads.internal.util.common.ANActivityLifecycleCallbacksListener---onActivityStarted---null
03-07 17:07:37.494  3916  3916 D FiniteState: flash_alert---6259fb6e590cec3486e98b177f9b34a2701613ec6c7792b14a3ca1a635dcea10---com.facebook.ads.internal.util.common.ANActivityLifecycleCallbacksListener---onActivityResumed---null
03-07 17:07:37.519  3916  3947 D FiniteState: flash_alert---6259fb6e590cec3486e98b177f9b34a2701613ec6c7792b14a3ca1a635dcea10---com.facebook.ads.internal.dynamicloading.DynamicLoaderFactory---makeLegacyAdsSdkClassLoader---null
03-07 17:07:37.720  3916  3947 D FiniteState: flash_alert---6259fb6e590cec3486e98b177f9b34a2701613ec6c7792b14a3ca1a635dcea10---com.facebook.ads.internal.dynamicloading.DynamicLoaderFactory---makeLegacyAdsSdkClassLoader---null
03-07 17:07:37.730  3916  3947 D FiniteState: flash_alert---6259fb6e590cec3486e98b177f9b34a2701613ec6c7792b14a3ca1a635dcea10---com.facebook.ads.internal.dynamicloading.DynamicLoaderFactory---access$200---null
03-07 17:07:38.941  3916  3916 D FiniteState: flash_alert---6259fb6e590cec3486e98b177f9b34a2701613ec6c7792b14a3ca1a635dcea10---com.google.android.gms.ads.RequestConfiguration$Builder---setTestDeviceIds---null
03-07 17:07:38.941  3916  3916 D FiniteState: flash_alert---6259fb6e590cec3486e98b177f9b34a2701613ec6c7792b14a3ca1a635dcea10---com.google.android.gms.ads.RequestConfiguration$Builder---build---null
03-07 17:07:38.942  3916  3916 D FiniteState: flash_alert---6259fb6e590cec3486e98b177f9b34a2701613ec6c7792b14a3ca1a635dcea10---com.google.android.gms.ads.RequestConfiguration$Builder---build---null
03-07 17:07:38.942  3916  3916 D FiniteState: flash_alert---6259fb6e590cec3486e98b177f9b34a2701613ec6c7792b14a3ca1a635dcea10---com.google.android.gms.ads.internal.client.zzex---zzf---null
03-07 17:07:38.942  3916  3916 D FiniteState: flash_alert---6259fb6e590cec3486e98b177f9b34a2701613ec6c7792b14a3ca1a635dcea10---com.google.android.gms.ads.internal.client.zzex---zzx---null
03-07 17:07:38.942  3916  3916 D FiniteState: flash_alert---6259fb6e590cec3486e98b177f9b34a2701613ec6c7792b14a3ca1a635dcea10---com.google.android.gms.ads.MobileAds---setRequestConfiguration---null
03-07 17:07:38.951  3916  3916 D FiniteState: flash_alert---6259fb6e590cec3486e98b177f9b34a2701613ec6c7792b14a3ca1a635dcea10---com.google.android.gms.ads.internal.util.client.zzf---zze---null
03-07 17:07:38.952  3916  3916 D FiniteState: flash_alert---6259fb6e590cec3486e98b177f9b34a2701613ec6c7792b14a3ca1a635dcea10---com.google.android.gms.ads.internal.client.zzex---zzC---null
03-07 17:07:38.952  3916  3916 D FiniteState: flash_alert---6259fb6e590cec3486e98b177f9b34a2701613ec6c7792b14a3ca1a635dcea10---com.google.android.gms.ads.internal.client.zzbb---zzd---null
03-07 17:07:38.964  3916  3916 D FiniteState: flash_alert---6259fb6e590cec3486e98b177f9b34a2701613ec6c7792b14a3ca1a635dcea10---com.google.android.gms.ads.internal.client.zzav---zzc---null
03-07 17:07:39.127  3916  3916 D FiniteState: flash_alert---6259fb6e590cec3486e98b177f9b34a2701613ec6c7792b14a3ca1a635dcea10---com.google.android.gms.ads.internal.client.zzfe---getRemoteCreator---null
03-07 17:07:39.127  3916  3916 D FiniteState: flash_alert---6259fb6e590cec3486e98b177f9b34a2701613ec6c7792b14a3ca1a635dcea10---com.google.android.gms.ads.internal.client.zzda---zze---null
03-07 17:07:39.596  3916  3916 D FiniteState: flash_alert---6259fb6e590cec3486e98b177f9b34a2701613ec6c7792b14a3ca1a635dcea10---com.google.android.gms.ads.internal.client.LiteSdkInfo---getLiteSdkVersion---null
03-07 17:07:39.597  3916  3916 D FiniteState: flash_alert---6259fb6e590cec3486e98b177f9b34a2701613ec6c7792b14a3ca1a635dcea10---com.google.android.gms.ads.internal.client.zzfb---writeToParcel---null
03-07 17:07:39.613  3916  3916 D FiniteState: flash_alert---6259fb6e590cec3486e98b177f9b34a2701613ec6c7792b14a3ca1a635dcea10---com.google.android.gms.ads.internal.client.zzfe---zza---null
03-07 17:07:39.614  3916  3916 D FiniteState: flash_alert---6259fb6e590cec3486e98b177f9b34a2701613ec6c7792b14a3ca1a635dcea10---com.google.android.gms.ads.internal.client.zzcx---zzs---null
03-07 17:07:39.615  3916  3916 D FiniteState: flash_alert---6259fb6e590cec3486e98b177f9b34a2701613ec6c7792b14a3ca1a635dcea10---com.google.android.gms.ads.internal.client.zzcx---zzo---null
03-07 17:07:39.617  3916  3916 D FiniteState: flash_alert---6259fb6e590cec3486e98b177f9b34a2701613ec6c7792b14a3ca1a635dcea10---com.google.android.gms.ads.internal.client.zzex---zzB---null
03-07 17:07:39.624  3916  3916 D FiniteState: flash_alert---6259fb6e590cec3486e98b177f9b34a2701613ec6c7792b14a3ca1a635dcea10---com.google.android.gms.ads.internal.client.zzcx---zzk---null
03-07 17:07:39.624  3916  3916 D FiniteState: flash_alert---6259fb6e590cec3486e98b177f9b34a2701613ec6c7792b14a3ca1a635dcea10---com.google.android.gms.ads.internal.client.zzcx---zzl---null
03-07 17:07:39.891  3916  3916 D FiniteState: flash_alert---6259fb6e590cec3486e98b177f9b34a2701613ec6c7792b14a3ca1a635dcea10---com.google.android.gms.ads.MobileAds---initialize---null
03-07 17:07:39.892  3916  3916 D FiniteState: flash_alert---6259fb6e590cec3486e98b177f9b34a2701613ec6c7792b14a3ca1a635dcea10---com.google.android.gms.ads.internal.client.zzeh---zzt---null
03-07 17:07:39.892  3916  3916 D FiniteState: flash_alert---6259fb6e590cec3486e98b177f9b34a2701613ec6c7792b14a3ca1a635dcea10---com.google.android.gms.ads.AdRequest$Builder---build---null
03-07 17:07:39.893  3916  3916 D FiniteState: flash_alert---6259fb6e590cec3486e98b177f9b34a2701613ec6c7792b14a3ca1a635dcea10---com.google.android.gms.ads.appopen.AppOpenAd---load---null
03-07 17:07:39.893  3916  3916 D FiniteState: flash_alert---6259fb6e590cec3486e98b177f9b34a2701613ec6c7792b14a3ca1a635dcea10---com.google.android.gms.ads.internal.util.client.zza---newThread---null
03-07 17:07:39.895  3916  4063 D FiniteState: flash_alert---6259fb6e590cec3486e98b177f9b34a2701613ec6c7792b14a3ca1a635dcea10---com.google.android.gms.ads.appopen.zza---run---null
03-07 17:07:39.896  3916  4063 D FiniteState: flash_alert---6259fb6e590cec3486e98b177f9b34a2701613ec6c7792b14a3ca1a635dcea10---com.google.android.gms.ads.internal.client.zzs---zzb---null
03-07 17:07:39.896  3916  4063 D FiniteState: flash_alert---6259fb6e590cec3486e98b177f9b34a2701613ec6c7792b14a3ca1a635dcea10---com.google.android.gms.ads.internal.client.zzba---zze---null
03-07 17:07:39.896  3916  4063 D FiniteState: flash_alert---6259fb6e590cec3486e98b177f9b34a2701613ec6c7792b14a3ca1a635dcea10---com.google.android.gms.ads.internal.client.zzbb---zzd---null
03-07 17:07:39.914  3916  4063 D FiniteState: flash_alert---6259fb6e590cec3486e98b177f9b34a2701613ec6c7792b14a3ca1a635dcea10---com.google.android.gms.ads.internal.client.zzk---zza---null
03-07 17:07:39.919  3916  4063 D FiniteState: flash_alert---6259fb6e590cec3486e98b177f9b34a2701613ec6c7792b14a3ca1a635dcea10---com.google.android.gms.ads.internal.client.zzk---getRemoteCreator---null
03-07 17:07:39.919  3916  4063 D FiniteState: flash_alert---6259fb6e590cec3486e98b177f9b34a2701613ec6c7792b14a3ca1a635dcea10---com.google.android.gms.ads.internal.client.zzbz---zze---null
03-07 17:07:39.919  3916  4063 D FiniteState: flash_alert---6259fb6e590cec3486e98b177f9b34a2701613ec6c7792b14a3ca1a635dcea10---com.google.android.gms.ads.internal.client.zzs---writeToParcel---null
03-07 17:07:39.985  3916  4063 D FiniteState: flash_alert---6259fb6e590cec3486e98b177f9b34a2701613ec6c7792b14a3ca1a635dcea10---com.google.android.gms.ads.internal.client.zzbw---zzH---null
03-07 17:07:39.986  3916  4063 D FiniteState: flash_alert---6259fb6e590cec3486e98b177f9b34a2701613ec6c7792b14a3ca1a635dcea10---com.google.android.gms.ads.internal.client.zzei---zzs---null
03-07 17:07:39.987  3916  4063 D FiniteState: flash_alert---6259fb6e590cec3486e98b177f9b34a2701613ec6c7792b14a3ca1a635dcea10---com.google.android.gms.ads.internal.util.client.zzf---zzz---null
03-07 17:07:39.988  3916  4063 D FiniteState: flash_alert---6259fb6e590cec3486e98b177f9b34a2701613ec6c7792b14a3ca1a635dcea10---com.google.android.gms.ads.RequestConfiguration---getTestDeviceIds---null
03-07 17:07:39.993  3916  4063 D FiniteState: flash_alert---6259fb6e590cec3486e98b177f9b34a2701613ec6c7792b14a3ca1a635dcea10---com.google.android.gms.ads.internal.util.client.zzf---zzq---null
03-07 17:07:39.995  3916  4063 D FiniteState: flash_alert---6259fb6e590cec3486e98b177f9b34a2701613ec6c7792b14a3ca1a635dcea10---com.google.android.gms.ads.internal.client.zzei---zzn---null
03-07 17:07:39.995  3916  4063 D FiniteState: flash_alert---6259fb6e590cec3486e98b177f9b34a2701613ec6c7792b14a3ca1a635dcea10---com.google.android.gms.ads.internal.client.zzm---writeToParcel---null
03-07 17:07:39.996  3916  4063 D FiniteState: flash_alert---6259fb6e590cec3486e98b177f9b34a2701613ec6c7792b14a3ca1a635dcea10---com.google.android.gms.ads.internal.client.zzbw---zzab---null
03-07 17:07:40.411  3916  4063 D FiniteState: flash_alert---6259fb6e590cec3486e98b177f9b34a2701613ec6c7792b14a3ca1a635dcea10---com.google.android.gms.ads.internal.client.LiteSdkInfo---getLiteSdkVersion---null
03-07 17:07:40.411  3916  4063 D FiniteState: flash_alert---6259fb6e590cec3486e98b177f9b34a2701613ec6c7792b14a3ca1a635dcea10---com.google.android.gms.ads.internal.client.zzfb---writeToParcel---null
03-07 17:07:40.412  3916  4063 D FiniteState: flash_alert---6259fb6e590cec3486e98b177f9b34a2701613ec6c7792b14a3ca1a635dcea10---com.google.android.gms.ads.internal.client.LiteSdkInfo---getLiteSdkVersion---null
03-07 17:07:40.413  3916  4063 D FiniteState: flash_alert---6259fb6e590cec3486e98b177f9b34a2701613ec6c7792b14a3ca1a635dcea10---com.google.android.gms.ads.internal.client.zzfb---writeToParcel---null
03-07 17:07:40.528  3916  4063 D FiniteState: flash_alert---6259fb6e590cec3486e98b177f9b34a2701613ec6c7792b14a3ca1a635dcea10---com.google.android.gms.ads.internal.client.LiteSdkInfo---getLiteSdkVersion---null
03-07 17:07:40.528  3916  4063 D FiniteState: flash_alert---6259fb6e590cec3486e98b177f9b34a2701613ec6c7792b14a3ca1a635dcea10---com.google.android.gms.ads.internal.client.zzfb---writeToParcel---null
03-07 17:07:49.628  3916  3916 D FiniteState: flash_alert---6259fb6e590cec3486e98b177f9b34a2701613ec6c7792b14a3ca1a635dcea10---com.google.android.gms.ads.internal.client.zzev---zzb---null
03-07 17:07:49.628  3916  3916 D FiniteState: flash_alert---6259fb6e590cec3486e98b177f9b34a2701613ec6c7792b14a3ca1a635dcea10---com.google.android.gms.ads.internal.client.zzex---zzA---null
03-07 17:07:49.922  3916  3916 D FiniteState: flash_alert---6259fb6e590cec3486e98b177f9b34a2701613ec6c7792b14a3ca1a635dcea10---com.facebook.ads.internal.util.common.ANActivityLifecycleCallbacksListener---onActivityPaused---null
03-07 17:07:49.952  3916  3916 D FiniteState: flash_alert---6259fb6e590cec3486e98b177f9b34a2701613ec6c7792b14a3ca1a635dcea10---com.facebook.ads.internal.util.common.ANActivityLifecycleCallbacksListener---onActivityCreated---null
03-07 17:07:50.098  3916  3916 D FiniteState: flash_alert---6259fb6e590cec3486e98b177f9b34a2701613ec6c7792b14a3ca1a635dcea10---com.google.android.gms.ads.nativead.NativeAdView---zzd---null
03-07 17:07:50.098  3916  3916 D FiniteState: flash_alert---6259fb6e590cec3486e98b177f9b34a2701613ec6c7792b14a3ca1a635dcea10---com.google.android.gms.ads.nativead.NativeAdView---addView---null
03-07 17:07:50.099  3916  3916 D FiniteState: flash_alert---6259fb6e590cec3486e98b177f9b34a2701613ec6c7792b14a3ca1a635dcea10---com.google.android.gms.ads.internal.client.zzba---zzj---null
03-07 17:07:50.099  3916  3916 D FiniteState: flash_alert---6259fb6e590cec3486e98b177f9b34a2701613ec6c7792b14a3ca1a635dcea10---com.google.android.gms.ads.internal.client.zzbb---zzd---null
03-07 17:07:50.107  3916  3916 D FiniteState: flash_alert---6259fb6e590cec3486e98b177f9b34a2701613ec6c7792b14a3ca1a635dcea10---com.google.android.gms.ads.internal.client.zzax---zzc---null
03-07 17:07:50.140  3916  3916 D FiniteState: flash_alert---6259fb6e590cec3486e98b177f9b34a2701613ec6c7792b14a3ca1a635dcea10---com.google.android.gms.ads.nativead.NativeAdView---addView---null
03-07 17:07:50.141  3916  3916 D FiniteState: flash_alert---6259fb6e590cec3486e98b177f9b34a2701613ec6c7792b14a3ca1a635dcea10---com.google.android.gms.ads.internal.client.zzba---zzd---null
03-07 17:07:50.141  3916  3916 D FiniteState: flash_alert---6259fb6e590cec3486e98b177f9b34a2701613ec6c7792b14a3ca1a635dcea10---com.google.android.gms.ads.internal.client.zzbb---zzd---null
03-07 17:07:50.147  3916  3916 D FiniteState: flash_alert---6259fb6e590cec3486e98b177f9b34a2701613ec6c7792b14a3ca1a635dcea10---com.google.android.gms.ads.internal.client.zzar---zzc---null
03-07 17:07:50.148  3916  3916 D FiniteState: flash_alert---6259fb6e590cec3486e98b177f9b34a2701613ec6c7792b14a3ca1a635dcea10---com.google.android.gms.ads.internal.client.zzi---getRemoteCreator---null
03-07 17:07:50.148  3916  3916 D FiniteState: flash_alert---6259fb6e590cec3486e98b177f9b34a2701613ec6c7792b14a3ca1a635dcea10---com.google.android.gms.ads.internal.client.zzbv---zze---null
03-07 17:07:50.158  3916  3916 D FiniteState: flash_alert---6259fb6e590cec3486e98b177f9b34a2701613ec6c7792b14a3ca1a635dcea10---com.google.android.gms.ads.internal.client.zzi---zza---null
03-07 17:07:50.158  3916  3916 D FiniteState: flash_alert---6259fb6e590cec3486e98b177f9b34a2701613ec6c7792b14a3ca1a635dcea10---com.google.android.gms.ads.AdLoader$Builder---forNativeAd---null
03-07 17:07:50.158  3916  3916 D FiniteState: flash_alert---6259fb6e590cec3486e98b177f9b34a2701613ec6c7792b14a3ca1a635dcea10---com.google.android.gms.ads.internal.client.zzbs---zzk---null
03-07 17:07:50.170  3916  3916 D FiniteState: flash_alert---6259fb6e590cec3486e98b177f9b34a2701613ec6c7792b14a3ca1a635dcea10---com.google.android.gms.ads.internal.client.zzbs---zze---null
03-07 17:07:50.170  3916  3916 D FiniteState: flash_alert---6259fb6e590cec3486e98b177f9b34a2701613ec6c7792b14a3ca1a635dcea10---com.google.android.gms.ads.AdLoader$Builder---build---null
03-07 17:07:50.174  3916  3916 D FiniteState: flash_alert---6259fb6e590cec3486e98b177f9b34a2701613ec6c7792b14a3ca1a635dcea10---com.facebook.ads.internal.util.common.ANActivityLifecycleCallbacksListener---onActivityStarted---null
03-07 17:07:50.176  3916  3916 D FiniteState: flash_alert---6259fb6e590cec3486e98b177f9b34a2701613ec6c7792b14a3ca1a635dcea10---com.facebook.ads.internal.util.common.ANActivityLifecycleCallbacksListener---onActivityResumed---null
03-07 17:07:50.666  3916  3916 D FiniteState: flash_alert---6259fb6e590cec3486e98b177f9b34a2701613ec6c7792b14a3ca1a635dcea10---com.facebook.ads.internal.util.common.ANActivityLifecycleCallbacksListener---onActivityStopped---null
03-07 17:07:50.668  3916  3916 D FiniteState: flash_alert---6259fb6e590cec3486e98b177f9b34a2701613ec6c7792b14a3ca1a635dcea10---com.facebook.ads.internal.util.common.ANActivityLifecycleCallbacksListener---onActivityDestroyed---null
03-07 17:07:51.325  3916  3916 D FiniteState: flash_alert---6259fb6e590cec3486e98b177f9b34a2701613ec6c7792b14a3ca1a635dcea10---com.google.android.gms.ads.internal.client.zzdw---zzj---null
03-07 17:07:51.325  3916  3916 D FiniteState: flash_alert---6259fb6e590cec3486e98b177f9b34a2701613ec6c7792b14a3ca1a635dcea10---com.google.android.gms.ads.internal.client.zzdw---zzf---null
03-07 17:07:51.325  3916  3916 D FiniteState: flash_alert---6259fb6e590cec3486e98b177f9b34a2701613ec6c7792b14a3ca1a635dcea10---com.google.android.gms.ads.ResponseInfo---zza---null
03-07 17:08:35.539  5174  5174 D FiniteState: email_aqua---6cb3c57350ce6aa751447df4cc286f1e2e685ea5d2e1f7d6ebfc0924bbe1552e---com.google.android.gms.ads.MobileAdsInitProvider---attachInfo---null
03-07 17:08:35.970  5174  5174 D FiniteState: email_aqua---6cb3c57350ce6aa751447df4cc286f1e2e685ea5d2e1f7d6ebfc0924bbe1552e---com.facebook.ads.internal.dynamicloading.DynamicLoaderFactory---initialize---null
03-07 17:08:35.971  5174  5174 D FiniteState: email_aqua---6cb3c57350ce6aa751447df4cc286f1e2e685ea5d2e1f7d6ebfc0924bbe1552e---com.facebook.ads.AudienceNetworkContentProvider---onCreate---null
03-07 17:08:35.979  5174  5247 D FiniteState: email_aqua---6cb3c57350ce6aa751447df4cc286f1e2e685ea5d2e1f7d6ebfc0924bbe1552e---com.facebook.ads.internal.util.common.ANActivityLifecycleCallbacksListener---registerActivityCallbacks---null
03-07 17:08:35.979  5174  5247 D FiniteState: email_aqua---6cb3c57350ce6aa751447df4cc286f1e2e685ea5d2e1f7d6ebfc0924bbe1552e---com.facebook.ads.internal.dynamicloading.DynamicLoaderFactory$1---run---null
03-07 17:08:35.981  5174  5247 D FiniteState: email_aqua---6cb3c57350ce6aa751447df4cc286f1e2e685ea5d2e1f7d6ebfc0924bbe1552e---com.facebook.ads.internal.dynamicloading.DynamicLoaderFactory---makeLegacyAdsSdkClassLoader---null
03-07 17:08:36.187  5174  5247 D FiniteState: email_aqua---6cb3c57350ce6aa751447df4cc286f1e2e685ea5d2e1f7d6ebfc0924bbe1552e---com.facebook.ads.internal.dynamicloading.DynamicLoaderFactory---makeLegacyAdsSdkClassLoader---null
03-07 17:08:36.258  5174  5174 D FiniteState: email_aqua---6cb3c57350ce6aa751447df4cc286f1e2e685ea5d2e1f7d6ebfc0924bbe1552e---com.facebook.ads.internal.util.common.ANActivityLifecycleCallbacksListener---onActivityCreated---null
03-07 17:08:36.388  5174  5247 D FiniteState: email_aqua---6cb3c57350ce6aa751447df4cc286f1e2e685ea5d2e1f7d6ebfc0924bbe1552e---com.facebook.ads.internal.dynamicloading.DynamicLoaderFactory---makeLegacyAdsSdkClassLoader---null
03-07 17:08:36.389  5174  5247 D FiniteState: email_aqua---6cb3c57350ce6aa751447df4cc286f1e2e685ea5d2e1f7d6ebfc0924bbe1552e---com.facebook.ads.internal.dynamicloading.DynamicLoaderFactory---access$200---null
03-07 17:08:37.124  5174  5273 D FiniteState: email_aqua---6cb3c57350ce6aa751447df4cc286f1e2e685ea5d2e1f7d6ebfc0924bbe1552e---com.google.android.gms.ads.identifier.AdvertisingIdClient---getAdvertisingIdInfo---null
03-07 17:08:37.124  5174  5273 D FiniteState: email_aqua---6cb3c57350ce6aa751447df4cc286f1e2e685ea5d2e1f7d6ebfc0924bbe1552e---com.google.android.gms.ads.identifier.AdvertisingIdClient---zzb---null
03-07 17:08:39.738  5278  5278 D FiniteState: email_aqua---6cb3c57350ce6aa751447df4cc286f1e2e685ea5d2e1f7d6ebfc0924bbe1552e---com.google.android.gms.ads.MobileAdsInitProvider---attachInfo---null
03-07 17:08:40.431  5278  5278 D FiniteState: email_aqua---6cb3c57350ce6aa751447df4cc286f1e2e685ea5d2e1f7d6ebfc0924bbe1552e---com.facebook.ads.internal.dynamicloading.DynamicLoaderFactory---initialize---null
03-07 17:08:40.434  5278  5278 D FiniteState: email_aqua---6cb3c57350ce6aa751447df4cc286f1e2e685ea5d2e1f7d6ebfc0924bbe1552e---com.facebook.ads.AudienceNetworkContentProvider---onCreate---null
03-07 17:08:40.452  5278  5336 D FiniteState: email_aqua---6cb3c57350ce6aa751447df4cc286f1e2e685ea5d2e1f7d6ebfc0924bbe1552e---com.facebook.ads.internal.util.common.ANActivityLifecycleCallbacksListener---registerActivityCallbacks---null
03-07 17:08:40.452  5278  5336 D FiniteState: email_aqua---6cb3c57350ce6aa751447df4cc286f1e2e685ea5d2e1f7d6ebfc0924bbe1552e---com.facebook.ads.internal.dynamicloading.DynamicLoaderFactory$1---run---null
03-07 17:08:40.453  5278  5336 D FiniteState: email_aqua---6cb3c57350ce6aa751447df4cc286f1e2e685ea5d2e1f7d6ebfc0924bbe1552e---com.facebook.ads.internal.dynamicloading.DynamicLoaderFactory---makeLegacyAdsSdkClassLoader---null
03-07 17:08:40.695  5278  5336 D FiniteState: email_aqua---6cb3c57350ce6aa751447df4cc286f1e2e685ea5d2e1f7d6ebfc0924bbe1552e---com.facebook.ads.internal.dynamicloading.DynamicLoaderFactory---makeLegacyAdsSdkClassLoader---null
03-07 17:08:40.932  5278  5336 D FiniteState: email_aqua---6cb3c57350ce6aa751447df4cc286f1e2e685ea5d2e1f7d6ebfc0924bbe1552e---com.facebook.ads.internal.dynamicloading.DynamicLoaderFactory---makeLegacyAdsSdkClassLoader---null
03-07 17:08:40.933  5278  5336 D FiniteState: email_aqua---6cb3c57350ce6aa751447df4cc286f1e2e685ea5d2e1f7d6ebfc0924bbe1552e---com.facebook.ads.internal.dynamicloading.DynamicLoaderFactory---access$200---null
03-07 17:11:15.394  6696  6711 D FiniteState: hiwatch_ultrags---48624e893b1cb6b9991444f54d8d15a6b32bdc1a321a660b716fad27c67811d8---com.google.android.gms.ads.identifier.AdvertisingIdClient---getAdvertisingIdInfo---null
03-07 17:11:15.400  6696  6711 D FiniteState: hiwatch_ultrags---48624e893b1cb6b9991444f54d8d15a6b32bdc1a321a660b716fad27c67811d8---com.google.android.gms.ads.identifier.AdvertisingIdClient---zzb---null
03-07 17:11:15.411  6696  6696 D FiniteState: hiwatch_ultrags---48624e893b1cb6b9991444f54d8d15a6b32bdc1a321a660b716fad27c67811d8---com.google.android.gms.ads.MobileAdsInitProvider---attachInfo---null
03-07 17:11:15.412  6696  6696 D FiniteState: hiwatch_ultrags---48624e893b1cb6b9991444f54d8d15a6b32bdc1a321a660b716fad27c67811d8---com.facebook.ads.internal.dynamicloading.DynamicLoaderFactory---initialize---null
03-07 17:11:15.415  6696  6696 D FiniteState: hiwatch_ultrags---48624e893b1cb6b9991444f54d8d15a6b32bdc1a321a660b716fad27c67811d8---com.facebook.ads.AudienceNetworkContentProvider---onCreate---null
03-07 17:11:15.421  6696  6714 D FiniteState: hiwatch_ultrags---48624e893b1cb6b9991444f54d8d15a6b32bdc1a321a660b716fad27c67811d8---com.facebook.ads.internal.util.common.ANActivityLifecycleCallbacksListener---registerActivityCallbacks---null
03-07 17:11:15.421  6696  6714 D FiniteState: hiwatch_ultrags---48624e893b1cb6b9991444f54d8d15a6b32bdc1a321a660b716fad27c67811d8---com.facebook.ads.internal.dynamicloading.DynamicLoaderFactory$1---run---null
03-07 17:11:15.421  6696  6714 D FiniteState: hiwatch_ultrags---48624e893b1cb6b9991444f54d8d15a6b32bdc1a321a660b716fad27c67811d8---com.facebook.ads.internal.dynamicloading.DynamicLoaderFactory---makeLegacyAdsSdkClassLoader---null
03-07 17:11:15.623  6696  6714 D FiniteState: hiwatch_ultrags---48624e893b1cb6b9991444f54d8d15a6b32bdc1a321a660b716fad27c67811d8---com.facebook.ads.internal.dynamicloading.DynamicLoaderFactory---makeLegacyAdsSdkClassLoader---null
03-07 17:11:15.650  6696  6696 D FiniteState: hiwatch_ultrags---48624e893b1cb6b9991444f54d8d15a6b32bdc1a321a660b716fad27c67811d8---com.facebook.ads.internal.util.common.ANActivityLifecycleCallbacksListener---onActivityCreated---null
03-07 17:11:15.824  6696  6714 D FiniteState: hiwatch_ultrags---48624e893b1cb6b9991444f54d8d15a6b32bdc1a321a660b716fad27c67811d8---com.facebook.ads.internal.dynamicloading.DynamicLoaderFactory---makeLegacyAdsSdkClassLoader---null
03-07 17:11:15.829  6696  6714 D FiniteState: hiwatch_ultrags---48624e893b1cb6b9991444f54d8d15a6b32bdc1a321a660b716fad27c67811d8---com.facebook.ads.internal.dynamicloading.DynamicLoaderFactory---access$200---null
03-07 17:11:15.948  6696  6696 D FiniteState: hiwatch_ultrags---48624e893b1cb6b9991444f54d8d15a6b32bdc1a321a660b716fad27c67811d8---com.facebook.ads.internal.util.common.ANActivityLifecycleCallbacksListener---onActivityStarted---null
03-07 17:11:15.969  6696  6696 D FiniteState: hiwatch_ultrags---48624e893b1cb6b9991444f54d8d15a6b32bdc1a321a660b716fad27c67811d8---com.facebook.ads.internal.util.common.ANActivityLifecycleCallbacksListener---onActivityResumed---null
03-07 17:11:15.987  6696  6711 D FiniteState: hiwatch_ultrags---48624e893b1cb6b9991444f54d8d15a6b32bdc1a321a660b716fad27c67811d8---com.google.android.gms.ads.identifier.AdvertisingIdClient---zzd---null
03-07 17:11:16.000  6696  6711 D FiniteState: hiwatch_ultrags---48624e893b1cb6b9991444f54d8d15a6b32bdc1a321a660b716fad27c67811d8---com.google.android.gms.ads.identifier.AdvertisingIdClient---zza---null
03-07 17:11:16.143  6696  6705 D FiniteState: hiwatch_ultrags---48624e893b1cb6b9991444f54d8d15a6b32bdc1a321a660b716fad27c67811d8---com.google.android.gms.ads.identifier.AdvertisingIdClient---zza---null
03-07 17:11:16.143  6696  6705 D FiniteState: hiwatch_ultrags---48624e893b1cb6b9991444f54d8d15a6b32bdc1a321a660b716fad27c67811d8---com.google.android.gms.ads.identifier.AdvertisingIdClient---finalize---null
03-07 17:11:17.051  6696  6696 D FiniteState: hiwatch_ultrags---48624e893b1cb6b9991444f54d8d15a6b32bdc1a321a660b716fad27c67811d8---com.facebook.ads.internal.util.common.ANActivityLifecycleCallbacksListener---onActivityPaused---null
03-07 17:11:17.149  6696  6696 D FiniteState: hiwatch_ultrags---48624e893b1cb6b9991444f54d8d15a6b32bdc1a321a660b716fad27c67811d8---com.facebook.ads.internal.util.common.ANActivityLifecycleCallbacksListener---onActivityCreated---null
03-07 17:11:17.157  6696  6696 D FiniteState: hiwatch_ultrags---48624e893b1cb6b9991444f54d8d15a6b32bdc1a321a660b716fad27c67811d8---com.facebook.ads.internal.util.common.ANActivityLifecycleCallbacksListener---onActivityStarted---null
03-07 17:11:18.463  6797  6815 D FiniteState: hiwatch_ultrags---48624e893b1cb6b9991444f54d8d15a6b32bdc1a321a660b716fad27c67811d8---com.google.android.gms.ads.identifier.AdvertisingIdClient---getAdvertisingIdInfo---null
03-07 17:11:18.463  6797  6815 D FiniteState: hiwatch_ultrags---48624e893b1cb6b9991444f54d8d15a6b32bdc1a321a660b716fad27c67811d8---com.google.android.gms.ads.identifier.AdvertisingIdClient---zzb---null
03-07 17:11:18.476  6797  6797 D FiniteState: hiwatch_ultrags---48624e893b1cb6b9991444f54d8d15a6b32bdc1a321a660b716fad27c67811d8---com.google.android.gms.ads.MobileAdsInitProvider---attachInfo---null
03-07 17:11:18.479  6797  6797 D FiniteState: hiwatch_ultrags---48624e893b1cb6b9991444f54d8d15a6b32bdc1a321a660b716fad27c67811d8---com.facebook.ads.internal.dynamicloading.DynamicLoaderFactory---initialize---null
03-07 17:11:18.481  6797  6797 D FiniteState: hiwatch_ultrags---48624e893b1cb6b9991444f54d8d15a6b32bdc1a321a660b716fad27c67811d8---com.facebook.ads.AudienceNetworkContentProvider---onCreate---null
03-07 17:11:18.488  6797  6817 D FiniteState: hiwatch_ultrags---48624e893b1cb6b9991444f54d8d15a6b32bdc1a321a660b716fad27c67811d8---com.facebook.ads.internal.util.common.ANActivityLifecycleCallbacksListener---registerActivityCallbacks---null
03-07 17:11:18.488  6797  6817 D FiniteState: hiwatch_ultrags---48624e893b1cb6b9991444f54d8d15a6b32bdc1a321a660b716fad27c67811d8---com.facebook.ads.internal.dynamicloading.DynamicLoaderFactory$1---run---null
03-07 17:11:18.488  6797  6817 D FiniteState: hiwatch_ultrags---48624e893b1cb6b9991444f54d8d15a6b32bdc1a321a660b716fad27c67811d8---com.facebook.ads.internal.dynamicloading.DynamicLoaderFactory---makeLegacyAdsSdkClassLoader---null
03-07 17:11:18.689  6797  6817 D FiniteState: hiwatch_ultrags---48624e893b1cb6b9991444f54d8d15a6b32bdc1a321a660b716fad27c67811d8---com.facebook.ads.internal.dynamicloading.DynamicLoaderFactory---makeLegacyAdsSdkClassLoader---null
03-07 17:11:18.691  6797  6815 D FiniteState: hiwatch_ultrags---48624e893b1cb6b9991444f54d8d15a6b32bdc1a321a660b716fad27c67811d8---com.google.android.gms.ads.identifier.AdvertisingIdClient---zzd---null
03-07 17:11:18.701  6797  6815 D FiniteState: hiwatch_ultrags---48624e893b1cb6b9991444f54d8d15a6b32bdc1a321a660b716fad27c67811d8---com.google.android.gms.ads.identifier.AdvertisingIdClient---zza---null
03-07 17:11:20.089  6860  6875 D FiniteState: hiwatch_ultrags---48624e893b1cb6b9991444f54d8d15a6b32bdc1a321a660b716fad27c67811d8---com.google.android.gms.ads.identifier.AdvertisingIdClient---getAdvertisingIdInfo---null
03-07 17:11:20.090  6860  6875 D FiniteState: hiwatch_ultrags---48624e893b1cb6b9991444f54d8d15a6b32bdc1a321a660b716fad27c67811d8---com.google.android.gms.ads.identifier.AdvertisingIdClient---zzb---null
03-07 17:11:20.100  6860  6860 D FiniteState: hiwatch_ultrags---48624e893b1cb6b9991444f54d8d15a6b32bdc1a321a660b716fad27c67811d8---com.google.android.gms.ads.MobileAdsInitProvider---attachInfo---null
03-07 17:11:20.101  6860  6860 D FiniteState: hiwatch_ultrags---48624e893b1cb6b9991444f54d8d15a6b32bdc1a321a660b716fad27c67811d8---com.facebook.ads.internal.dynamicloading.DynamicLoaderFactory---initialize---null
03-07 17:11:20.102  6860  6860 D FiniteState: hiwatch_ultrags---48624e893b1cb6b9991444f54d8d15a6b32bdc1a321a660b716fad27c67811d8---com.facebook.ads.AudienceNetworkContentProvider---onCreate---null
03-07 17:11:20.107  6860  6877 D FiniteState: hiwatch_ultrags---48624e893b1cb6b9991444f54d8d15a6b32bdc1a321a660b716fad27c67811d8---com.facebook.ads.internal.util.common.ANActivityLifecycleCallbacksListener---registerActivityCallbacks---null
03-07 17:11:20.107  6860  6877 D FiniteState: hiwatch_ultrags---48624e893b1cb6b9991444f54d8d15a6b32bdc1a321a660b716fad27c67811d8---com.facebook.ads.internal.dynamicloading.DynamicLoaderFactory$1---run---null
03-07 17:11:20.107  6860  6877 D FiniteState: hiwatch_ultrags---48624e893b1cb6b9991444f54d8d15a6b32bdc1a321a660b716fad27c67811d8---com.facebook.ads.internal.dynamicloading.DynamicLoaderFactory---makeLegacyAdsSdkClassLoader---null
03-07 17:11:20.257  6860  6860 D FiniteState: hiwatch_ultrags---48624e893b1cb6b9991444f54d8d15a6b32bdc1a321a660b716fad27c67811d8---com.facebook.ads.internal.util.common.ANActivityLifecycleCallbacksListener---onActivityCreated---null
03-07 17:11:20.308  6860  6877 D FiniteState: hiwatch_ultrags---48624e893b1cb6b9991444f54d8d15a6b32bdc1a321a660b716fad27c67811d8---com.facebook.ads.internal.dynamicloading.DynamicLoaderFactory---makeLegacyAdsSdkClassLoader---null
03-07 17:11:20.495  6860  6860 D FiniteState: hiwatch_ultrags---48624e893b1cb6b9991444f54d8d15a6b32bdc1a321a660b716fad27c67811d8---com.facebook.ads.internal.util.common.ANActivityLifecycleCallbacksListener---onActivityStarted---null
03-07 17:11:20.509  6860  6877 D FiniteState: hiwatch_ultrags---48624e893b1cb6b9991444f54d8d15a6b32bdc1a321a660b716fad27c67811d8---com.facebook.ads.internal.dynamicloading.DynamicLoaderFactory---makeLegacyAdsSdkClassLoader---null
03-07 17:11:20.510  6860  6877 D FiniteState: hiwatch_ultrags---48624e893b1cb6b9991444f54d8d15a6b32bdc1a321a660b716fad27c67811d8---com.facebook.ads.internal.dynamicloading.DynamicLoaderFactory---access$200---null
03-07 17:11:20.511  6860  6860 D FiniteState: hiwatch_ultrags---48624e893b1cb6b9991444f54d8d15a6b32bdc1a321a660b716fad27c67811d8---com.facebook.ads.internal.util.common.ANActivityLifecycleCallbacksListener---onActivityResumed---null
03-07 17:11:20.532  6860  6875 D FiniteState: hiwatch_ultrags---48624e893b1cb6b9991444f54d8d15a6b32bdc1a321a660b716fad27c67811d8---com.google.android.gms.ads.identifier.AdvertisingIdClient---zzd---null
03-07 17:11:20.541  6860  6875 D FiniteState: hiwatch_ultrags---48624e893b1cb6b9991444f54d8d15a6b32bdc1a321a660b716fad27c67811d8---com.google.android.gms.ads.identifier.AdvertisingIdClient---zza---null
03-07 17:11:20.767  6860  6868 D FiniteState: hiwatch_ultrags---48624e893b1cb6b9991444f54d8d15a6b32bdc1a321a660b716fad27c67811d8---com.google.android.gms.ads.identifier.AdvertisingIdClient---zza---null
03-07 17:11:20.767  6860  6868 D FiniteState: hiwatch_ultrags---48624e893b1cb6b9991444f54d8d15a6b32bdc1a321a660b716fad27c67811d8---com.google.android.gms.ads.identifier.AdvertisingIdClient---finalize---null
03-07 17:11:20.995  6860  6860 D FiniteState: hiwatch_ultrags---48624e893b1cb6b9991444f54d8d15a6b32bdc1a321a660b716fad27c67811d8---com.facebook.ads.internal.util.common.ANActivityLifecycleCallbacksListener---onActivityPaused---null
03-07 17:11:21.044  6860  6860 D FiniteState: hiwatch_ultrags---48624e893b1cb6b9991444f54d8d15a6b32bdc1a321a660b716fad27c67811d8---com.facebook.ads.internal.util.common.ANActivityLifecycleCallbacksListener---onActivityCreated---null
03-07 17:11:21.055  6860  6860 D FiniteState: hiwatch_ultrags---48624e893b1cb6b9991444f54d8d15a6b32bdc1a321a660b716fad27c67811d8---com.facebook.ads.internal.util.common.ANActivityLifecycleCallbacksListener---onActivityStarted---null
03-07 17:11:52.604  7826  7826 D FiniteState: banner_example---f01c07cd791bcfe5a46317e1d5907ccddbe00d7e73a6288bf24b8f414e5796d3---com.google.android.gms.ads.MobileAdsInitProvider---attachInfo---null
03-07 17:11:53.171  7826  7826 D FiniteState: banner_example---f01c07cd791bcfe5a46317e1d5907ccddbe00d7e73a6288bf24b8f414e5796d3---com.google.android.gms.ads.RequestConfiguration$Builder---build---null
03-07 17:11:53.171  7826  7826 D FiniteState: banner_example---f01c07cd791bcfe5a46317e1d5907ccddbe00d7e73a6288bf24b8f414e5796d3---com.google.android.gms.ads.internal.client.zzej---zzf---null
03-07 17:11:53.171  7826  7826 D FiniteState: banner_example---f01c07cd791bcfe5a46317e1d5907ccddbe00d7e73a6288bf24b8f414e5796d3---com.google.android.gms.ads.MobileAds---getVersion---null
03-07 17:11:53.224  7826  7826 D FiniteState: banner_example---f01c07cd791bcfe5a46317e1d5907ccddbe00d7e73a6288bf24b8f414e5796d3---com.google.android.gms.ads.RequestConfiguration$Builder---setTestDeviceIds---null
03-07 17:11:53.224  7826  7826 D FiniteState: banner_example---f01c07cd791bcfe5a46317e1d5907ccddbe00d7e73a6288bf24b8f414e5796d3---com.google.android.gms.ads.RequestConfiguration$Builder---build---null
03-07 17:11:53.224  7826  7826 D FiniteState: banner_example---f01c07cd791bcfe5a46317e1d5907ccddbe00d7e73a6288bf24b8f414e5796d3---com.google.android.gms.ads.internal.client.zzej---zzv---null
03-07 17:11:53.224  7826  7826 D FiniteState: banner_example---f01c07cd791bcfe5a46317e1d5907ccddbe00d7e73a6288bf24b8f414e5796d3---com.google.android.gms.ads.MobileAds---setRequestConfiguration---null
03-07 17:11:56.315  7826  7826 D FiniteState: banner_example---f01c07cd791bcfe5a46317e1d5907ccddbe00d7e73a6288bf24b8f414e5796d3---com.google.android.gms.ads.internal.client.zzej---zzA---null
03-07 17:11:56.315  7826  7826 D FiniteState: banner_example---f01c07cd791bcfe5a46317e1d5907ccddbe00d7e73a6288bf24b8f414e5796d3---com.google.android.gms.ads.internal.client.zzax---zzd---null
03-07 17:11:56.338  7826  7826 D FiniteState: banner_example---f01c07cd791bcfe5a46317e1d5907ccddbe00d7e73a6288bf24b8f414e5796d3---com.google.android.gms.ads.internal.client.zzaq---zzc---null
03-07 17:11:56.497  7826  7826 D FiniteState: banner_example---f01c07cd791bcfe5a46317e1d5907ccddbe00d7e73a6288bf24b8f414e5796d3---com.google.android.gms.ads.internal.client.zzeq---getRemoteCreator---null
03-07 17:11:56.498  7826  7826 D FiniteState: banner_example---f01c07cd791bcfe5a46317e1d5907ccddbe00d7e73a6288bf24b8f414e5796d3---com.google.android.gms.ads.internal.client.zzcp---zze---null
03-07 17:11:57.024  7826  7826 D FiniteState: banner_example---f01c07cd791bcfe5a46317e1d5907ccddbe00d7e73a6288bf24b8f414e5796d3---com.google.android.gms.ads.internal.client.LiteSdkInfo---getLiteSdkVersion---null
03-07 17:11:57.025  7826  7826 D FiniteState: banner_example---f01c07cd791bcfe5a46317e1d5907ccddbe00d7e73a6288bf24b8f414e5796d3---com.google.android.gms.ads.internal.client.zzen---writeToParcel---null
03-07 17:11:57.045  7826  7826 D FiniteState: banner_example---f01c07cd791bcfe5a46317e1d5907ccddbe00d7e73a6288bf24b8f414e5796d3---com.google.android.gms.ads.internal.client.zzeq---zza---null
03-07 17:11:57.046  7826  7826 D FiniteState: banner_example---f01c07cd791bcfe5a46317e1d5907ccddbe00d7e73a6288bf24b8f414e5796d3---com.google.android.gms.ads.internal.client.zzcm---zzs---null
03-07 17:11:57.051  7826  7826 D FiniteState: banner_example---f01c07cd791bcfe5a46317e1d5907ccddbe00d7e73a6288bf24b8f414e5796d3---com.google.android.gms.ads.internal.client.zzcm---zzo---null
03-07 17:11:57.053  7826  7826 D FiniteState: banner_example---f01c07cd791bcfe5a46317e1d5907ccddbe00d7e73a6288bf24b8f414e5796d3---com.google.android.gms.ads.internal.client.zzej---zzz---null
03-07 17:11:57.063  7826  7826 D FiniteState: banner_example---f01c07cd791bcfe5a46317e1d5907ccddbe00d7e73a6288bf24b8f414e5796d3---com.google.android.gms.ads.internal.client.zzcm---zzk---null
03-07 17:11:57.063  7826  7826 D FiniteState: banner_example---f01c07cd791bcfe5a46317e1d5907ccddbe00d7e73a6288bf24b8f414e5796d3---com.google.android.gms.ads.internal.client.zzcm---zzl---null
03-07 17:11:57.370  7826  7826 D FiniteState: banner_example---f01c07cd791bcfe5a46317e1d5907ccddbe00d7e73a6288bf24b8f414e5796d3---com.google.android.gms.ads.MobileAds---initialize---null
03-07 17:11:57.384  7826  7826 D FiniteState: banner_example---f01c07cd791bcfe5a46317e1d5907ccddbe00d7e73a6288bf24b8f414e5796d3---com.google.android.gms.ads.BaseAdView---setAdUnitId---null
03-07 17:11:57.388  7826  7826 D FiniteState: banner_example---f01c07cd791bcfe5a46317e1d5907ccddbe00d7e73a6288bf24b8f414e5796d3---com.google.android.gms.ads.internal.client.zzea---zzs---null
03-07 17:11:57.388  7826  7826 D FiniteState: banner_example---f01c07cd791bcfe5a46317e1d5907ccddbe00d7e73a6288bf24b8f414e5796d3---com.google.android.gms.ads.BaseAdView---setAdSize---null
03-07 17:11:57.393  7826  7826 D FiniteState: banner_example---f01c07cd791bcfe5a46317e1d5907ccddbe00d7e73a6288bf24b8f414e5796d3---com.google.android.gms.ads.internal.client.zzdw---zzt---null
03-07 17:11:57.393  7826  7826 D FiniteState: banner_example---f01c07cd791bcfe5a46317e1d5907ccddbe00d7e73a6288bf24b8f414e5796d3---com.google.android.gms.ads.AdRequest$Builder---build---null
03-07 17:11:57.394  7826  7826 D FiniteState: banner_example---f01c07cd791bcfe5a46317e1d5907ccddbe00d7e73a6288bf24b8f414e5796d3---com.google.android.gms.ads.BaseAdView---loadAd---null
03-07 17:11:57.398  7826  7826 D FiniteState: banner_example---f01c07cd791bcfe5a46317e1d5907ccddbe00d7e73a6288bf24b8f414e5796d3---com.google.android.gms.ads.internal.client.zzea---zzC---null
03-07 17:11:57.398  7826  7826 D FiniteState: banner_example---f01c07cd791bcfe5a46317e1d5907ccddbe00d7e73a6288bf24b8f414e5796d3---com.google.android.gms.ads.internal.client.zzax---zzd---null
03-07 17:11:57.414  7826  7826 D FiniteState: banner_example---f01c07cd791bcfe5a46317e1d5907ccddbe00d7e73a6288bf24b8f414e5796d3---com.google.android.gms.ads.internal.client.zzk---zza---null
03-07 17:11:57.417  7826  7826 D FiniteState: banner_example---f01c07cd791bcfe5a46317e1d5907ccddbe00d7e73a6288bf24b8f414e5796d3---com.google.android.gms.ads.internal.client.zzk---getRemoteCreator---null
03-07 17:11:57.417  7826  7826 D FiniteState: banner_example---f01c07cd791bcfe5a46317e1d5907ccddbe00d7e73a6288bf24b8f414e5796d3---com.google.android.gms.ads.internal.client.zzbv---zze---null
03-07 17:11:57.417  7826  7826 D FiniteState: banner_example---f01c07cd791bcfe5a46317e1d5907ccddbe00d7e73a6288bf24b8f414e5796d3---com.google.android.gms.ads.internal.client.zzq---writeToParcel---null
03-07 17:11:57.484  7826  7826 D FiniteState: banner_example---f01c07cd791bcfe5a46317e1d5907ccddbe00d7e73a6288bf24b8f414e5796d3---com.google.android.gms.ads.internal.client.zzbs---zzD---null
03-07 17:11:57.487  7826  7826 D FiniteState: banner_example---f01c07cd791bcfe5a46317e1d5907ccddbe00d7e73a6288bf24b8f414e5796d3---com.google.android.gms.ads.internal.client.zzbs---zzP---null
03-07 17:11:57.489  7826  7826 D FiniteState: banner_example---f01c07cd791bcfe5a46317e1d5907ccddbe00d7e73a6288bf24b8f414e5796d3---com.google.android.gms.ads.internal.client.zzdf---zzbO---null
03-07 17:11:57.489  7826  7826 D FiniteState: banner_example---f01c07cd791bcfe5a46317e1d5907ccddbe00d7e73a6288bf24b8f414e5796d3---com.google.android.gms.ads.internal.client.zzbs---zzN---null
03-07 17:11:57.490  7826  7826 D FiniteState: banner_example---f01c07cd791bcfe5a46317e1d5907ccddbe00d7e73a6288bf24b8f414e5796d3---com.google.android.gms.ads.internal.client.zzbs---zzn---null
03-07 17:11:57.492  7826  7826 D FiniteState: banner_example---f01c07cd791bcfe5a46317e1d5907ccddbe00d7e73a6288bf24b8f414e5796d3---com.google.android.gms.ads.internal.client.zzdx---zzq---null
03-07 17:11:57.495  7826  7826 D FiniteState: banner_example---f01c07cd791bcfe5a46317e1d5907ccddbe00d7e73a6288bf24b8f414e5796d3---com.google.android.gms.ads.RequestConfiguration---getTestDeviceIds---null
03-07 17:11:57.497  7826  7826 D FiniteState: banner_example---f01c07cd791bcfe5a46317e1d5907ccddbe00d7e73a6288bf24b8f414e5796d3---com.google.android.gms.ads.internal.client.zzdx---zzm---null
03-07 17:11:57.502  7826  7826 D FiniteState: banner_example---f01c07cd791bcfe5a46317e1d5907ccddbe00d7e73a6288bf24b8f414e5796d3---com.google.android.gms.ads.internal.client.zzl---writeToParcel---null
03-07 17:11:57.502  7826  7826 D FiniteState: banner_example---f01c07cd791bcfe5a46317e1d5907ccddbe00d7e73a6288bf24b8f414e5796d3---com.google.android.gms.ads.internal.client.zzbs---zzaa---null
03-07 17:11:57.997  7826  7826 D FiniteState: banner_example---f01c07cd791bcfe5a46317e1d5907ccddbe00d7e73a6288bf24b8f414e5796d3---com.google.android.gms.ads.internal.client.LiteSdkInfo---getLiteSdkVersion---null
03-07 17:11:57.997  7826  7826 D FiniteState: banner_example---f01c07cd791bcfe5a46317e1d5907ccddbe00d7e73a6288bf24b8f414e5796d3---com.google.android.gms.ads.internal.client.zzen---writeToParcel---null
03-07 17:11:57.998  7826  7826 D FiniteState: banner_example---f01c07cd791bcfe5a46317e1d5907ccddbe00d7e73a6288bf24b8f414e5796d3---com.google.android.gms.ads.internal.client.LiteSdkInfo---getLiteSdkVersion---null
03-07 17:11:57.999  7826  7826 D FiniteState: banner_example---f01c07cd791bcfe5a46317e1d5907ccddbe00d7e73a6288bf24b8f414e5796d3---com.google.android.gms.ads.internal.client.zzen---writeToParcel---null
03-07 17:11:58.115  7826  7826 D FiniteState: banner_example---f01c07cd791bcfe5a46317e1d5907ccddbe00d7e73a6288bf24b8f414e5796d3---com.google.android.gms.ads.internal.client.LiteSdkInfo---getLiteSdkVersion---null
03-07 17:11:58.115  7826  7826 D FiniteState: banner_example---f01c07cd791bcfe5a46317e1d5907ccddbe00d7e73a6288bf24b8f414e5796d3---com.google.android.gms.ads.internal.client.zzen---writeToParcel---null
03-07 17:11:58.378  7826  7826 D FiniteState: banner_example---f01c07cd791bcfe5a46317e1d5907ccddbe00d7e73a6288bf24b8f414e5796d3---com.google.android.gms.ads.BaseAdView---onMeasure---null
03-07 17:11:58.380  7826  7826 D FiniteState: banner_example---f01c07cd791bcfe5a46317e1d5907ccddbe00d7e73a6288bf24b8f414e5796d3---com.google.android.gms.ads.BaseAdView---onMeasure---null
03-07 17:11:58.385  7826  7826 D FiniteState: banner_example---f01c07cd791bcfe5a46317e1d5907ccddbe00d7e73a6288bf24b8f414e5796d3---com.google.android.gms.ads.BaseAdView---onLayout---null
03-07 17:12:07.072  7826  7826 D FiniteState: banner_example---f01c07cd791bcfe5a46317e1d5907ccddbe00d7e73a6288bf24b8f414e5796d3---com.google.android.gms.ads.internal.client.zzei---zzb---null
03-07 17:12:07.072  7826  7826 D FiniteState: banner_example---f01c07cd791bcfe5a46317e1d5907ccddbe00d7e73a6288bf24b8f414e5796d3---com.google.android.gms.ads.internal.client.zzej---zzy---null
03-07 17:12:08.907  7826  7826 D FiniteState: banner_example---f01c07cd791bcfe5a46317e1d5907ccddbe00d7e73a6288bf24b8f414e5796d3---com.google.android.gms.ads.internal.client.zzdl---zzj---null
03-07 17:12:08.908  7826  7826 D FiniteState: banner_example---f01c07cd791bcfe5a46317e1d5907ccddbe00d7e73a6288bf24b8f414e5796d3---com.google.android.gms.ads.internal.client.zzdl---zzf---null
03-07 17:12:08.908  7826  7826 D FiniteState: banner_example---f01c07cd791bcfe5a46317e1d5907ccddbe00d7e73a6288bf24b8f414e5796d3---com.google.android.gms.ads.ResponseInfo---zza---null
03-07 17:12:08.909  7826  7826 D FiniteState: banner_example---f01c07cd791bcfe5a46317e1d5907ccddbe00d7e73a6288bf24b8f414e5796d3---com.google.android.gms.ads.internal.client.zzdz---onAdFailedToLoad---null
03-07 17:12:08.909  7826  7826 D FiniteState: banner_example---f01c07cd791bcfe5a46317e1d5907ccddbe00d7e73a6288bf24b8f414e5796d3---com.google.android.gms.ads.internal.client.zzg---zzf---null
03-07 17:12:39.131  8905  8905 D FiniteState: sky_sports_scores---d00bd74cfd8e0405d3e7acae239833339ab842730a5d8c582f976e737fe90f9e---com.google.android.gms.ads.MobileAdsInitProvider---attachInfo---null
03-07 17:15:57.461 10668 10686 D FiniteState: focus---fe0dac185d0c400a519f019c10b17d8e0dc70da7a479d14326825581f444e035---com.google.android.gms.ads.identifier.AdvertisingIdClient---getAdvertisingIdInfo---null
03-07 17:15:57.475 10668 10686 D FiniteState: focus---fe0dac185d0c400a519f019c10b17d8e0dc70da7a479d14326825581f444e035---com.google.android.gms.ads.identifier.AdvertisingIdClient---zzb---null
03-07 17:15:57.666 10668 10706 D FiniteState: focus---fe0dac185d0c400a519f019c10b17d8e0dc70da7a479d14326825581f444e035---com.google.android.gms.ads.identifier.AdvertisingIdClient---getAdvertisingIdInfo---null
03-07 17:15:57.666 10668 10706 D FiniteState: focus---fe0dac185d0c400a519f019c10b17d8e0dc70da7a479d14326825581f444e035---com.google.android.gms.ads.identifier.AdvertisingIdClient---zzb---null
03-07 17:15:57.673 10668 10668 D FiniteState: focus---fe0dac185d0c400a519f019c10b17d8e0dc70da7a479d14326825581f444e035---com.google.android.gms.ads.MobileAdsInitProvider---attachInfo---null
03-07 17:15:58.407 10668 10668 D FiniteState: focus---fe0dac185d0c400a519f019c10b17d8e0dc70da7a479d14326825581f444e035---com.facebook.ads.internal.dynamicloading.DynamicLoaderFactory---initialize---null
03-07 17:15:58.408 10668 10668 D FiniteState: focus---fe0dac185d0c400a519f019c10b17d8e0dc70da7a479d14326825581f444e035---com.facebook.ads.AudienceNetworkContentProvider---onCreate---null
03-07 17:15:58.421 10668 10779 D FiniteState: focus---fe0dac185d0c400a519f019c10b17d8e0dc70da7a479d14326825581f444e035---com.facebook.ads.internal.util.common.ANActivityLifecycleCallbacksListener---registerActivityCallbacks---null
