03-31 09:24:11.386 22679 22679 D FiniteState: x_launcher---4c54bdb4b90ae0e001a8fd35699a16b3f9eacfc75b61f1dc2c20bb3366469d39---com.facebook.ads.internal.util.common.ANActivityLifecycleCallbacksListener---onActivityDestroyed---null
03-31 09:24:11.393 22679 22679 D FiniteState: x_launcher---4c54bdb4b90ae0e001a8fd35699a16b3f9eacfc75b61f1dc2c20bb3366469d39---com.facebook.ads.internal.util.common.ANActivityLifecycleCallbacksListener---onActivityStopped---null
03-31 09:24:11.393 22679 22679 D FiniteState: x_launcher---4c54bdb4b90ae0e001a8fd35699a16b3f9eacfc75b61f1dc2c20bb3366469d39---com.facebook.ads.internal.util.common.ANActivityLifecycleCallbacksListener---onActivityDestroyed---null
03-31 09:24:35.908 23273 23273 D FiniteState: podcast_player---37a4eb127262d974d40607c786d4b4ccd649139f9a55b22247a8ee9911fee4f4---com.google.android.gms.ads.MobileAdsInitProvider---attachInfo---null
03-31 09:24:35.912 23273 23286 D FiniteState: podcast_player---37a4eb127262d974d40607c786d4b4ccd649139f9a55b22247a8ee9911fee4f4---com.google.android.gms.ads.identifier.AdvertisingIdClient---getAdvertisingIdInfo---null
03-31 09:24:35.912 23273 23286 D FiniteState: podcast_player---37a4eb127262d974d40607c786d4b4ccd649139f9a55b22247a8ee9911fee4f4---com.google.android.gms.ads.identifier.AdvertisingIdClient---zzb---null
03-31 09:24:36.052 23273 23292 D FiniteState: podcast_player---37a4eb127262d974d40607c786d4b4ccd649139f9a55b22247a8ee9911fee4f4---com.google.android.gms.ads.internal.client.a---a---null
03-31 09:24:36.142 23273 23290 D FiniteState: podcast_player---37a4eb127262d974d40607c786d4b4ccd649139f9a55b22247a8ee9911fee4f4---com.google.android.gms.ads.internal.client.a---a---null
03-31 09:24:36.219 23273 23273 D FiniteState: podcast_player---37a4eb127262d974d40607c786d4b4ccd649139f9a55b22247a8ee9911fee4f4---com.facebook.ads.internal.dynamicloading.DynamicLoaderFactory---initialize---null
03-31 09:24:36.219 23273 23273 D FiniteState: podcast_player---37a4eb127262d974d40607c786d4b4ccd649139f9a55b22247a8ee9911fee4f4---com.facebook.ads.AudienceNetworkContentProvider---onCreate---null
03-31 09:24:36.221 23273 23324 D FiniteState: podcast_player---37a4eb127262d974d40607c786d4b4ccd649139f9a55b22247a8ee9911fee4f4---com.facebook.ads.internal.util.common.ANActivityLifecycleCallbacksListener---registerActivityCallbacks---null
03-31 09:24:36.221 23273 23324 D FiniteState: podcast_player---37a4eb127262d974d40607c786d4b4ccd649139f9a55b22247a8ee9911fee4f4---com.facebook.ads.internal.dynamicloading.DynamicLoaderFactory$1---run---null
03-31 09:24:36.221 23273 23324 D FiniteState: podcast_player---37a4eb127262d974d40607c786d4b4ccd649139f9a55b22247a8ee9911fee4f4---com.facebook.ads.internal.dynamicloading.DynamicLoaderFactory---doMakeLoader---null
03-31 09:24:36.245 23273 23330 D FiniteState: podcast_player---37a4eb127262d974d40607c786d4b4ccd649139f9a55b22247a8ee9911fee4f4---com.google.android.gms.ads.identifier.AdvertisingIdClient---getAdvertisingIdInfo---null
03-31 09:24:36.245 23273 23330 D FiniteState: podcast_player---37a4eb127262d974d40607c786d4b4ccd649139f9a55b22247a8ee9911fee4f4---com.google.android.gms.ads.identifier.AdvertisingIdClient---zzb---null
03-31 09:24:36.262 23273 23344 D FiniteState: podcast_player---37a4eb127262d974d40607c786d4b4ccd649139f9a55b22247a8ee9911fee4f4---com.google.android.gms.ads.identifier.AdvertisingIdClient---getAdvertisingIdInfo---null
03-31 09:24:36.262 23273 23344 D FiniteState: podcast_player---37a4eb127262d974d40607c786d4b4ccd649139f9a55b22247a8ee9911fee4f4---com.google.android.gms.ads.identifier.AdvertisingIdClient---zzb---null
03-31 09:24:36.370 23273 23329 D FiniteState: podcast_player---37a4eb127262d974d40607c786d4b4ccd649139f9a55b22247a8ee9911fee4f4---com.google.android.gms.ads.identifier.AdvertisingIdClient---getAdvertisingIdInfo---null
03-31 09:24:36.370 23273 23329 D FiniteState: podcast_player---37a4eb127262d974d40607c786d4b4ccd649139f9a55b22247a8ee9911fee4f4---com.google.android.gms.ads.identifier.AdvertisingIdClient---zzb---null
03-31 09:24:36.384 23273 23344 D FiniteState: podcast_player---37a4eb127262d974d40607c786d4b4ccd649139f9a55b22247a8ee9911fee4f4---com.google.android.gms.ads.identifier.AdvertisingIdClient---zzd---null
03-31 09:24:36.384 23273 23330 D FiniteState: podcast_player---37a4eb127262d974d40607c786d4b4ccd649139f9a55b22247a8ee9911fee4f4---com.google.android.gms.ads.identifier.AdvertisingIdClient---zzd---null
03-31 09:24:36.384 23273 23286 D FiniteState: podcast_player---37a4eb127262d974d40607c786d4b4ccd649139f9a55b22247a8ee9911fee4f4---com.google.android.gms.ads.identifier.AdvertisingIdClient---zzd---null
03-31 09:24:36.389 23273 23329 D FiniteState: podcast_player---37a4eb127262d974d40607c786d4b4ccd649139f9a55b22247a8ee9911fee4f4---com.google.android.gms.ads.identifier.AdvertisingIdClient---zzd---null
03-31 09:24:36.391 23273 23329 D FiniteState: podcast_player---37a4eb127262d974d40607c786d4b4ccd649139f9a55b22247a8ee9911fee4f4---com.google.android.gms.ads.identifier.AdvertisingIdClient---zza---null
03-31 09:24:36.392 23273 23330 D FiniteState: podcast_player---37a4eb127262d974d40607c786d4b4ccd649139f9a55b22247a8ee9911fee4f4---com.google.android.gms.ads.identifier.AdvertisingIdClient---zza---null
03-31 09:24:36.392 23273 23286 D FiniteState: podcast_player---37a4eb127262d974d40607c786d4b4ccd649139f9a55b22247a8ee9911fee4f4---com.google.android.gms.ads.identifier.AdvertisingIdClient---zza---null
03-31 09:24:36.393 23273 23344 D FiniteState: podcast_player---37a4eb127262d974d40607c786d4b4ccd649139f9a55b22247a8ee9911fee4f4---com.google.android.gms.ads.identifier.AdvertisingIdClient---zza---null
03-31 09:24:36.417 23273 23273 D FiniteState: podcast_player---37a4eb127262d974d40607c786d4b4ccd649139f9a55b22247a8ee9911fee4f4---com.facebook.ads.internal.util.common.ANActivityLifecycleCallbacksListener---onActivityCreated---null
03-31 09:24:36.418 23273 23273 D FiniteState: podcast_player---37a4eb127262d974d40607c786d4b4ccd649139f9a55b22247a8ee9911fee4f4---com.google.android.gms.ads.RequestConfiguration$Builder---build---null
03-31 09:24:36.418 23273 23273 D FiniteState: podcast_player---37a4eb127262d974d40607c786d4b4ccd649139f9a55b22247a8ee9911fee4f4---com.google.android.gms.ads.internal.client.zzej---zzf---null
03-31 09:24:36.419 23273 23273 D FiniteState: podcast_player---37a4eb127262d974d40607c786d4b4ccd649139f9a55b22247a8ee9911fee4f4---com.google.android.gms.ads.internal.client.zzej---zzA---null
03-31 09:24:36.419 23273 23273 D FiniteState: podcast_player---37a4eb127262d974d40607c786d4b4ccd649139f9a55b22247a8ee9911fee4f4---com.google.android.gms.ads.internal.client.zzax---zzd---null
03-31 09:24:36.421 23273 23273 D FiniteState: podcast_player---37a4eb127262d974d40607c786d4b4ccd649139f9a55b22247a8ee9911fee4f4---com.google.android.gms.ads.internal.client.zzaq---zzc---null
03-31 09:24:36.423 23273 23273 D FiniteState: podcast_player---37a4eb127262d974d40607c786d4b4ccd649139f9a55b22247a8ee9911fee4f4---com.google.android.gms.ads.internal.client.zzeq---getRemoteCreator---null
03-31 09:24:36.423 23273 23273 D FiniteState: podcast_player---37a4eb127262d974d40607c786d4b4ccd649139f9a55b22247a8ee9911fee4f4---com.google.android.gms.ads.internal.client.zzcp---zze---null
03-31 09:24:36.425 23273 23324 D FiniteState: podcast_player---37a4eb127262d974d40607c786d4b4ccd649139f9a55b22247a8ee9911fee4f4---com.facebook.ads.internal.dynamicloading.DynamicLoaderFactory---doMakeLoader---null
03-31 09:24:36.459 23273 23273 D FiniteState: podcast_player---37a4eb127262d974d40607c786d4b4ccd649139f9a55b22247a8ee9911fee4f4---com.google.android.gms.ads.internal.client.LiteSdkInfo---getLiteSdkVersion---null
03-31 09:24:36.459 23273 23273 D FiniteState: podcast_player---37a4eb127262d974d40607c786d4b4ccd649139f9a55b22247a8ee9911fee4f4---com.google.android.gms.ads.internal.client.zzen---writeToParcel---null
03-31 09:24:36.461 23273 23273 D FiniteState: podcast_player---37a4eb127262d974d40607c786d4b4ccd649139f9a55b22247a8ee9911fee4f4---com.google.android.gms.ads.internal.client.zzeq---zza---null
03-31 09:24:36.462 23273 23273 D FiniteState: podcast_player---37a4eb127262d974d40607c786d4b4ccd649139f9a55b22247a8ee9911fee4f4---com.google.android.gms.ads.internal.client.zzcm---zzs---null
03-31 09:24:36.462 23273 23273 D FiniteState: podcast_player---37a4eb127262d974d40607c786d4b4ccd649139f9a55b22247a8ee9911fee4f4---com.google.android.gms.ads.internal.client.zzcm---zzo---null
03-31 09:24:36.462 23273 23273 D FiniteState: podcast_player---37a4eb127262d974d40607c786d4b4ccd649139f9a55b22247a8ee9911fee4f4---com.google.android.gms.ads.internal.client.zzej---zzz---null
03-31 09:24:36.465 23273 23273 D FiniteState: podcast_player---37a4eb127262d974d40607c786d4b4ccd649139f9a55b22247a8ee9911fee4f4---com.google.android.gms.ads.internal.client.zzcm---zzk---null
03-31 09:24:36.465 23273 23273 D FiniteState: podcast_player---37a4eb127262d974d40607c786d4b4ccd649139f9a55b22247a8ee9911fee4f4---com.google.android.gms.ads.internal.client.zzcm---zzl---null
03-31 09:24:36.486 23273 23325 D FiniteState: podcast_player---37a4eb127262d974d40607c786d4b4ccd649139f9a55b22247a8ee9911fee4f4---com.google.android.gms.ads.identifier.AdvertisingIdClient---getAdvertisingIdInfo---null
03-31 09:24:36.486 23273 23325 D FiniteState: podcast_player---37a4eb127262d974d40607c786d4b4ccd649139f9a55b22247a8ee9911fee4f4---com.google.android.gms.ads.identifier.AdvertisingIdClient---zzb---null
03-31 09:24:36.581 23273 23273 D FiniteState: podcast_player---37a4eb127262d974d40607c786d4b4ccd649139f9a55b22247a8ee9911fee4f4---com.google.android.gms.ads.MobileAds---initialize---null
03-31 09:24:36.582 23273 23273 D FiniteState: podcast_player---37a4eb127262d974d40607c786d4b4ccd649139f9a55b22247a8ee9911fee4f4---com.google.android.gms.ads.RequestConfiguration$Builder---setTestDeviceIds---null
03-31 09:24:36.582 23273 23273 D FiniteState: podcast_player---37a4eb127262d974d40607c786d4b4ccd649139f9a55b22247a8ee9911fee4f4---com.google.android.gms.ads.RequestConfiguration$Builder---build---null
03-31 09:24:36.582 23273 23273 D FiniteState: podcast_player---37a4eb127262d974d40607c786d4b4ccd649139f9a55b22247a8ee9911fee4f4---com.google.android.gms.ads.internal.client.zzej---zzw---null
03-31 09:24:36.582 23273 23273 D FiniteState: podcast_player---37a4eb127262d974d40607c786d4b4ccd649139f9a55b22247a8ee9911fee4f4---com.google.android.gms.ads.MobileAds---setRequestConfiguration---null
03-31 09:24:36.625 23273 23324 D FiniteState: podcast_player---37a4eb127262d974d40607c786d4b4ccd649139f9a55b22247a8ee9911fee4f4---com.facebook.ads.internal.dynamicloading.DynamicLoaderFactory---doMakeLoader---null
03-31 09:24:36.625 23273 23324 D FiniteState: podcast_player---37a4eb127262d974d40607c786d4b4ccd649139f9a55b22247a8ee9911fee4f4---com.facebook.ads.internal.dynamicloading.DynamicLoaderFactory---access$200---null
03-31 09:24:36.679 23273 23325 D FiniteState: podcast_player---37a4eb127262d974d40607c786d4b4ccd649139f9a55b22247a8ee9911fee4f4---com.google.android.gms.ads.identifier.AdvertisingIdClient---zzd---null
03-31 09:24:36.691 23273 23325 D FiniteState: podcast_player---37a4eb127262d974d40607c786d4b4ccd649139f9a55b22247a8ee9911fee4f4---com.google.android.gms.ads.identifier.AdvertisingIdClient---zza---null
03-31 09:24:36.745 23273 23331 D FiniteState: podcast_player---37a4eb127262d974d40607c786d4b4ccd649139f9a55b22247a8ee9911fee4f4---com.google.android.gms.ads.identifier.AdvertisingIdClient---getAdvertisingIdInfo---null
03-31 09:24:36.745 23273 23331 D FiniteState: podcast_player---37a4eb127262d974d40607c786d4b4ccd649139f9a55b22247a8ee9911fee4f4---com.google.android.gms.ads.identifier.AdvertisingIdClient---zzb---null
03-31 09:24:36.769 23273 23435 D FiniteState: podcast_player---37a4eb127262d974d40607c786d4b4ccd649139f9a55b22247a8ee9911fee4f4---com.google.android.gms.ads.identifier.AdvertisingIdClient---getAdvertisingIdInfo---null
03-31 09:24:36.769 23273 23435 D FiniteState: podcast_player---37a4eb127262d974d40607c786d4b4ccd649139f9a55b22247a8ee9911fee4f4---com.google.android.gms.ads.identifier.AdvertisingIdClient---zzb---null
03-31 09:24:36.779 23273 23273 D FiniteState: podcast_player---37a4eb127262d974d40607c786d4b4ccd649139f9a55b22247a8ee9911fee4f4---com.facebook.ads.internal.util.common.ANActivityLifecycleCallbacksListener---onActivityCreated---null
03-31 09:24:36.884 23273 23273 D FiniteState: podcast_player---37a4eb127262d974d40607c786d4b4ccd649139f9a55b22247a8ee9911fee4f4---com.facebook.ads.internal.util.common.ANActivityLifecycleCallbacksListener---onActivityStarted---null
03-31 09:24:36.887 23273 23273 D FiniteState: podcast_player---37a4eb127262d974d40607c786d4b4ccd649139f9a55b22247a8ee9911fee4f4---com.facebook.ads.internal.util.common.ANActivityLifecycleCallbacksListener---onActivityResumed---null
03-31 09:24:37.439 23273 23435 D FiniteState: podcast_player---37a4eb127262d974d40607c786d4b4ccd649139f9a55b22247a8ee9911fee4f4---com.google.android.gms.ads.identifier.AdvertisingIdClient---zzd---null
03-31 09:24:37.442 23273 23331 D FiniteState: podcast_player---37a4eb127262d974d40607c786d4b4ccd649139f9a55b22247a8ee9911fee4f4---com.google.android.gms.ads.identifier.AdvertisingIdClient---zzd---null
03-31 09:24:37.444 23273 23331 D FiniteState: podcast_player---37a4eb127262d974d40607c786d4b4ccd649139f9a55b22247a8ee9911fee4f4---com.google.android.gms.ads.identifier.AdvertisingIdClient---zza---null
03-31 09:24:37.446 23273 23435 D FiniteState: podcast_player---37a4eb127262d974d40607c786d4b4ccd649139f9a55b22247a8ee9911fee4f4---com.google.android.gms.ads.identifier.AdvertisingIdClient---zza---null
03-31 09:24:37.887 23273 23273 D FiniteState: podcast_player---37a4eb127262d974d40607c786d4b4ccd649139f9a55b22247a8ee9911fee4f4---com.facebook.ads.AudienceNetworkAds---buildInitSettings---null
03-31 09:24:37.887 23273 23273 D FiniteState: podcast_player---37a4eb127262d974d40607c786d4b4ccd649139f9a55b22247a8ee9911fee4f4---com.facebook.ads.internal.settings.MultithreadedBundleWrapper---putString---null
03-31 09:24:37.887 23273 23273 D FiniteState: podcast_player---37a4eb127262d974d40607c786d4b4ccd649139f9a55b22247a8ee9911fee4f4---com.facebook.ads.internal.settings.AdInternalSettings---setMediationService---null
03-31 09:24:37.887 23273 23273 D FiniteState: podcast_player---37a4eb127262d974d40607c786d4b4ccd649139f9a55b22247a8ee9911fee4f4---com.facebook.ads.AdSettings---setMediationService---null
03-31 09:24:37.887 23273 23273 D FiniteState: podcast_player---37a4eb127262d974d40607c786d4b4ccd649139f9a55b22247a8ee9911fee4f4---com.facebook.ads.internal.api.InitSettingsBuilder---withMediationService---null
03-31 09:24:37.887 23273 23273 D FiniteState: podcast_player---37a4eb127262d974d40607c786d4b4ccd649139f9a55b22247a8ee9911fee4f4---com.facebook.ads.internal.api.InitSettingsBuilder---withPlacementIds---null
03-31 09:24:37.887 23273 23273 D FiniteState: podcast_player---37a4eb127262d974d40607c786d4b4ccd649139f9a55b22247a8ee9911fee4f4---com.facebook.ads.internal.settings.MultithreadedBundleWrapper---putStringArrayList---null
03-31 09:24:37.887 23273 23273 D FiniteState: podcast_player---37a4eb127262d974d40607c786d4b4ccd649139f9a55b22247a8ee9911fee4f4---com.facebook.ads.internal.dynamicloading.DynamicLoaderFactory---initialize---null
03-31 09:24:37.888 23273 23273 D FiniteState: podcast_player---37a4eb127262d974d40607c786d4b4ccd649139f9a55b22247a8ee9911fee4f4---com.facebook.ads.internal.api.InitSettingsBuilder---initialize---null
03-31 09:24:37.888 23273 23532 D FiniteState: podcast_player---37a4eb127262d974d40607c786d4b4ccd649139f9a55b22247a8ee9911fee4f4---com.facebook.ads.internal.dynamicloading.DynamicLoaderFactory$1---run---null
03-31 09:24:37.890 23273 23532 D FiniteState: podcast_player---37a4eb127262d974d40607c786d4b4ccd649139f9a55b22247a8ee9911fee4f4---com.facebook.ads.internal.dynamicloading.DynamicLoaderFactory---doMakeLoader---null
03-31 09:24:37.974 23273 23280 D FiniteState: podcast_player---37a4eb127262d974d40607c786d4b4ccd649139f9a55b22247a8ee9911fee4f4---com.google.android.gms.ads.identifier.AdvertisingIdClient---zza---null
03-31 09:24:37.974 23273 23280 D FiniteState: podcast_player---37a4eb127262d974d40607c786d4b4ccd649139f9a55b22247a8ee9911fee4f4---com.google.android.gms.ads.identifier.AdvertisingIdClient---finalize---null
03-31 09:24:37.976 23273 23280 D FiniteState: podcast_player---37a4eb127262d974d40607c786d4b4ccd649139f9a55b22247a8ee9911fee4f4---com.google.android.gms.ads.identifier.AdvertisingIdClient---zza---null
03-31 09:24:37.976 23273 23280 D FiniteState: podcast_player---37a4eb127262d974d40607c786d4b4ccd649139f9a55b22247a8ee9911fee4f4---com.google.android.gms.ads.identifier.AdvertisingIdClient---finalize---null
03-31 09:24:37.976 23273 23280 D FiniteState: podcast_player---37a4eb127262d974d40607c786d4b4ccd649139f9a55b22247a8ee9911fee4f4---com.google.android.gms.ads.identifier.AdvertisingIdClient---zza---null
03-31 09:24:37.976 23273 23280 D FiniteState: podcast_player---37a4eb127262d974d40607c786d4b4ccd649139f9a55b22247a8ee9911fee4f4---com.google.android.gms.ads.identifier.AdvertisingIdClient---finalize---null
03-31 09:24:37.977 23273 23280 D FiniteState: podcast_player---37a4eb127262d974d40607c786d4b4ccd649139f9a55b22247a8ee9911fee4f4---com.google.android.gms.ads.identifier.AdvertisingIdClient---zza---null
03-31 09:24:37.977 23273 23280 D FiniteState: podcast_player---37a4eb127262d974d40607c786d4b4ccd649139f9a55b22247a8ee9911fee4f4---com.google.android.gms.ads.identifier.AdvertisingIdClient---finalize---null
03-31 09:24:37.978 23273 23280 D FiniteState: podcast_player---37a4eb127262d974d40607c786d4b4ccd649139f9a55b22247a8ee9911fee4f4---com.google.android.gms.ads.identifier.AdvertisingIdClient---zza---null
03-31 09:24:37.978 23273 23280 D FiniteState: podcast_player---37a4eb127262d974d40607c786d4b4ccd649139f9a55b22247a8ee9911fee4f4---com.google.android.gms.ads.identifier.AdvertisingIdClient---finalize---null
03-31 09:24:37.980 23273 23280 D FiniteState: podcast_player---37a4eb127262d974d40607c786d4b4ccd649139f9a55b22247a8ee9911fee4f4---com.google.android.gms.ads.identifier.AdvertisingIdClient---zza---null
03-31 09:24:37.980 23273 23280 D FiniteState: podcast_player---37a4eb127262d974d40607c786d4b4ccd649139f9a55b22247a8ee9911fee4f4---com.google.android.gms.ads.identifier.AdvertisingIdClient---finalize---null
03-31 09:24:37.980 23273 23280 D FiniteState: podcast_player---37a4eb127262d974d40607c786d4b4ccd649139f9a55b22247a8ee9911fee4f4---com.google.android.gms.ads.identifier.AdvertisingIdClient---zza---null
03-31 09:24:37.980 23273 23280 D FiniteState: podcast_player---37a4eb127262d974d40607c786d4b4ccd649139f9a55b22247a8ee9911fee4f4---com.google.android.gms.ads.identifier.AdvertisingIdClient---finalize---null
03-31 09:24:38.007 23273 23273 D FiniteState: podcast_player---37a4eb127262d974d40607c786d4b4ccd649139f9a55b22247a8ee9911fee4f4---com.facebook.ads.internal.util.common.ANActivityLifecycleCallbacksListener---onActivityDestroyed---null
03-31 09:24:38.090 23273 23532 D FiniteState: podcast_player---37a4eb127262d974d40607c786d4b4ccd649139f9a55b22247a8ee9911fee4f4---com.facebook.ads.internal.dynamicloading.DynamicLoaderFactory---doMakeLoader---null
03-31 09:24:38.091 23273 23433 D FiniteState: podcast_player---37a4eb127262d974d40607c786d4b4ccd649139f9a55b22247a8ee9911fee4f4---com.google.android.gms.ads.MobileAds---getVersion---null
03-31 09:24:38.092 23273 23433 D FiniteState: podcast_player---37a4eb127262d974d40607c786d4b4ccd649139f9a55b22247a8ee9911fee4f4---com.google.android.gms.ads.MobileAds---getVersion---null
03-31 09:24:38.218 23273 23273 D FiniteState: podcast_player---37a4eb127262d974d40607c786d4b4ccd649139f9a55b22247a8ee9911fee4f4---com.google.android.gms.ads.internal.client.zzej---zzl---null
03-31 09:24:38.218 23273 23273 D FiniteState: podcast_player---37a4eb127262d974d40607c786d4b4ccd649139f9a55b22247a8ee9911fee4f4---com.google.android.gms.ads.internal.client.zzcm---zzi---null
03-31 09:24:38.218 23273 23273 D FiniteState: podcast_player---37a4eb127262d974d40607c786d4b4ccd649139f9a55b22247a8ee9911fee4f4---com.google.android.gms.ads.MobileAds---disableMediationAdapterInitialization---null
03-31 09:24:38.218 23273 23273 D FiniteState: podcast_player---37a4eb127262d974d40607c786d4b4ccd649139f9a55b22247a8ee9911fee4f4---com.google.android.gms.ads.MobileAds---initialize---null
03-31 09:24:38.222 23273 23273 D FiniteState: podcast_player---37a4eb127262d974d40607c786d4b4ccd649139f9a55b22247a8ee9911fee4f4---com.facebook.ads.internal.settings.MultithreadedBundleWrapper---putString---null
03-31 09:24:38.222 23273 23273 D FiniteState: podcast_player---37a4eb127262d974d40607c786d4b4ccd649139f9a55b22247a8ee9911fee4f4---com.facebook.ads.internal.settings.AdInternalSettings---setMediationService---null
03-31 09:24:38.222 23273 23273 D FiniteState: podcast_player---37a4eb127262d974d40607c786d4b4ccd649139f9a55b22247a8ee9911fee4f4---com.facebook.ads.AdSettings---setMediationService---null
03-31 09:24:38.222 23273 23273 D FiniteState: podcast_player---37a4eb127262d974d40607c786d4b4ccd649139f9a55b22247a8ee9911fee4f4---com.facebook.ads.internal.settings.MultithreadedBundleWrapper---putBoolean---null
03-31 09:24:38.222 23273 23273 D FiniteState: podcast_player---37a4eb127262d974d40607c786d4b4ccd649139f9a55b22247a8ee9911fee4f4---com.facebook.ads.AdSettings---setDebugBuild---null
03-31 09:24:38.222 23273 23273 D FiniteState: podcast_player---37a4eb127262d974d40607c786d4b4ccd649139f9a55b22247a8ee9911fee4f4---com.facebook.ads.AudienceNetworkAds---buildInitSettings---null
03-31 09:24:38.222 23273 23273 D FiniteState: podcast_player---37a4eb127262d974d40607c786d4b4ccd649139f9a55b22247a8ee9911fee4f4---com.facebook.ads.internal.settings.MultithreadedBundleWrapper---putString---null
03-31 09:24:38.222 23273 23273 D FiniteState: podcast_player---37a4eb127262d974d40607c786d4b4ccd649139f9a55b22247a8ee9911fee4f4---com.facebook.ads.internal.settings.AdInternalSettings---setMediationService---null
03-31 09:24:38.222 23273 23273 D FiniteState: podcast_player---37a4eb127262d974d40607c786d4b4ccd649139f9a55b22247a8ee9911fee4f4---com.facebook.ads.AdSettings---setMediationService---null
03-31 09:24:38.222 23273 23273 D FiniteState: podcast_player---37a4eb127262d974d40607c786d4b4ccd649139f9a55b22247a8ee9911fee4f4---com.facebook.ads.internal.api.InitSettingsBuilder---withMediationService---null
03-31 09:24:38.222 23273 23273 D FiniteState: podcast_player---37a4eb127262d974d40607c786d4b4ccd649139f9a55b22247a8ee9911fee4f4---com.facebook.ads.internal.api.InitSettingsBuilder---withPlacementIds---null
03-31 09:24:38.222 23273 23273 D FiniteState: podcast_player---37a4eb127262d974d40607c786d4b4ccd649139f9a55b22247a8ee9911fee4f4---com.facebook.ads.internal.settings.MultithreadedBundleWrapper---putStringArrayList---null
03-31 09:24:38.223 23273 23273 D FiniteState: podcast_player---37a4eb127262d974d40607c786d4b4ccd649139f9a55b22247a8ee9911fee4f4---com.facebook.ads.internal.api.InitSettingsBuilder---initialize---null
03-31 09:24:38.223 23273 23273 D FiniteState: podcast_player---37a4eb127262d974d40607c786d4b4ccd649139f9a55b22247a8ee9911fee4f4---com.facebook.ads.internal.settings.MultithreadedBundleWrapper---putString---null
03-31 09:24:38.223 23273 23273 D FiniteState: podcast_player---37a4eb127262d974d40607c786d4b4ccd649139f9a55b22247a8ee9911fee4f4---com.facebook.ads.internal.settings.AdInternalSettings---setMediationService---null
03-31 09:24:38.223 23273 23273 D FiniteState: podcast_player---37a4eb127262d974d40607c786d4b4ccd649139f9a55b22247a8ee9911fee4f4---com.facebook.ads.AdSettings---setMediationService---null
03-31 09:24:38.226 23273 23570 D FiniteState: podcast_player---37a4eb127262d974d40607c786d4b4ccd649139f9a55b22247a8ee9911fee4f4---com.google.android.gms.ads.identifier.AdvertisingIdClient---getAdvertisingIdInfo---null
03-31 09:24:38.227 23273 23570 D FiniteState: podcast_player---37a4eb127262d974d40607c786d4b4ccd649139f9a55b22247a8ee9911fee4f4---com.google.android.gms.ads.identifier.AdvertisingIdClient---zzb---null
03-31 09:24:38.230 23273 23273 D FiniteState: podcast_player---37a4eb127262d974d40607c786d4b4ccd649139f9a55b22247a8ee9911fee4f4---com.google.android.gms.ads.MobileAds---initialize---null
03-31 09:24:38.232 23273 23490 D FiniteState: podcast_player---37a4eb127262d974d40607c786d4b4ccd649139f9a55b22247a8ee9911fee4f4---com.google.android.gms.ads.identifier.AdvertisingIdClient---getAdvertisingIdInfo---null
03-31 09:24:38.232 23273 23490 D FiniteState: podcast_player---37a4eb127262d974d40607c786d4b4ccd649139f9a55b22247a8ee9911fee4f4---com.google.android.gms.ads.identifier.AdvertisingIdClient---zzb---null
03-31 09:24:38.255 23273 23325 D FiniteState: podcast_player---37a4eb127262d974d40607c786d4b4ccd649139f9a55b22247a8ee9911fee4f4---com.google.android.gms.ads.identifier.AdvertisingIdClient---getAdvertisingIdInfo---null
03-31 09:24:38.255 23273 23325 D FiniteState: podcast_player---37a4eb127262d974d40607c786d4b4ccd649139f9a55b22247a8ee9911fee4f4---com.google.android.gms.ads.identifier.AdvertisingIdClient---zzb---null
03-31 09:24:38.258 23273 23570 D FiniteState: podcast_player---37a4eb127262d974d40607c786d4b4ccd649139f9a55b22247a8ee9911fee4f4---com.google.android.gms.ads.identifier.AdvertisingIdClient---zzd---null
03-31 09:24:38.259 23273 23570 D FiniteState: podcast_player---37a4eb127262d974d40607c786d4b4ccd649139f9a55b22247a8ee9911fee4f4---com.google.android.gms.ads.identifier.AdvertisingIdClient---zza---null
03-31 09:24:38.285 23273 23598 D FiniteState: podcast_player---37a4eb127262d974d40607c786d4b4ccd649139f9a55b22247a8ee9911fee4f4---com.google.android.gms.ads.identifier.AdvertisingIdClient---getAdvertisingIdInfo---null
03-31 09:24:38.285 23273 23598 D FiniteState: podcast_player---37a4eb127262d974d40607c786d4b4ccd649139f9a55b22247a8ee9911fee4f4---com.google.android.gms.ads.identifier.AdvertisingIdClient---zzb---null
03-31 09:24:38.289 23273 23490 D FiniteState: podcast_player---37a4eb127262d974d40607c786d4b4ccd649139f9a55b22247a8ee9911fee4f4---com.google.android.gms.ads.identifier.AdvertisingIdClient---zzd---null
03-31 09:24:38.291 23273 23532 D FiniteState: podcast_player---37a4eb127262d974d40607c786d4b4ccd649139f9a55b22247a8ee9911fee4f4---com.facebook.ads.internal.dynamicloading.DynamicLoaderFactory---doMakeLoader---null
03-31 09:24:38.291 23273 23532 D FiniteState: podcast_player---37a4eb127262d974d40607c786d4b4ccd649139f9a55b22247a8ee9911fee4f4---com.facebook.ads.internal.dynamicloading.DynamicLoaderFactory---createErrorMessage---null
03-31 09:24:38.291 23273 23532 D FiniteState: podcast_player---37a4eb127262d974d40607c786d4b4ccd649139f9a55b22247a8ee9911fee4f4---com.facebook.ads.internal.dynamicloading.DynamicLoaderFallback---makeFallbackLoader---null
03-31 09:24:38.294 23273 23532 D FiniteState: podcast_player---37a4eb127262d974d40607c786d4b4ccd649139f9a55b22247a8ee9911fee4f4---com.facebook.ads.internal.dynamicloading.DynamicLoaderFallback$SimpleMethodCaptor$1---invoke---null
03-31 09:24:38.294 23273 23532 D FiniteState: podcast_player---37a4eb127262d974d40607c786d4b4ccd649139f9a55b22247a8ee9911fee4f4---com.facebook.ads.internal.dynamicloading.DynamicLoaderFallback$SimpleMethodCaptor$1---invoke---null
03-31 09:24:38.294 23273 23532 D FiniteState: podcast_player---37a4eb127262d974d40607c786d4b4ccd649139f9a55b22247a8ee9911fee4f4---com.facebook.ads.internal.dynamicloading.DynamicLoaderFallback$SimpleMethodCaptor$1---invoke---null
03-31 09:24:38.294 23273 23532 D FiniteState: podcast_player---37a4eb127262d974d40607c786d4b4ccd649139f9a55b22247a8ee9911fee4f4---com.facebook.ads.internal.dynamicloading.DynamicLoaderFallback$SimpleMethodCaptor$1---invoke---null
03-31 09:24:38.294 23273 23532 D FiniteState: podcast_player---37a4eb127262d974d40607c786d4b4ccd649139f9a55b22247a8ee9911fee4f4---com.facebook.ads.internal.dynamicloading.DynamicLoaderFallback$SimpleMethodCaptor$1---invoke---null
03-31 09:24:38.294 23273 23532 D FiniteState: podcast_player---37a4eb127262d974d40607c786d4b4ccd649139f9a55b22247a8ee9911fee4f4---com.facebook.ads.internal.dynamicloading.DynamicLoaderFallback$SimpleMethodCaptor$1---invoke---null
03-31 09:24:38.295 23273 23532 D FiniteState: podcast_player---37a4eb127262d974d40607c786d4b4ccd649139f9a55b22247a8ee9911fee4f4---com.facebook.ads.internal.dynamicloading.DynamicLoaderFallback$SimpleMethodCaptor$1---invoke---null
03-31 09:24:38.295 23273 23532 D FiniteState: podcast_player---37a4eb127262d974d40607c786d4b4ccd649139f9a55b22247a8ee9911fee4f4---com.facebook.ads.internal.dynamicloading.DynamicLoaderFallback$SimpleMethodCaptor$1---invoke---null
03-31 09:24:38.295 23273 23532 D FiniteState: podcast_player---37a4eb127262d974d40607c786d4b4ccd649139f9a55b22247a8ee9911fee4f4---com.facebook.ads.internal.dynamicloading.DynamicLoaderFallback$SimpleMethodCaptor$1---invoke---null
03-31 09:24:38.295 23273 23532 D FiniteState: podcast_player---37a4eb127262d974d40607c786d4b4ccd649139f9a55b22247a8ee9911fee4f4---com.facebook.ads.internal.dynamicloading.DynamicLoaderFallback$SimpleMethodCaptor$1---invoke---null
03-31 09:24:38.295 23273 23532 D FiniteState: podcast_player---37a4eb127262d974d40607c786d4b4ccd649139f9a55b22247a8ee9911fee4f4---com.facebook.ads.internal.dynamicloading.DynamicLoaderFallback$SimpleMethodCaptor$1---invoke---null
03-31 09:24:38.296 23273 23532 D FiniteState: podcast_player---37a4eb127262d974d40607c786d4b4ccd649139f9a55b22247a8ee9911fee4f4---com.facebook.ads.internal.dynamicloading.DynamicLoaderFallback$SimpleMethodCaptor$1---invoke---null
03-31 09:24:38.297 23273 23490 D FiniteState: podcast_player---37a4eb127262d974d40607c786d4b4ccd649139f9a55b22247a8ee9911fee4f4---com.google.android.gms.ads.identifier.AdvertisingIdClient---zza---null
03-31 09:24:38.299 23273 23532 D FiniteState: podcast_player---37a4eb127262d974d40607c786d4b4ccd649139f9a55b22247a8ee9911fee4f4---com.facebook.ads.internal.dynamicloading.DynamicLoaderFallback$SimpleMethodCaptor$1---invoke---null
03-31 09:24:38.299 23273 23532 D FiniteState: podcast_player---37a4eb127262d974d40607c786d4b4ccd649139f9a55b22247a8ee9911fee4f4---com.facebook.ads.internal.dynamicloading.DynamicLoaderFallback$SimpleMethodCaptor$1---invoke---null
03-31 09:24:38.299 23273 23532 D FiniteState: podcast_player---37a4eb127262d974d40607c786d4b4ccd649139f9a55b22247a8ee9911fee4f4---com.facebook.ads.internal.dynamicloading.DynamicLoaderFallback$SimpleMethodCaptor$1---invoke---null
03-31 09:24:38.299 23273 23532 D FiniteState: podcast_player---37a4eb127262d974d40607c786d4b4ccd649139f9a55b22247a8ee9911fee4f4---com.facebook.ads.internal.dynamicloading.DynamicLoaderFallback$SimpleMethodCaptor$1---invoke---null
03-31 09:24:38.299 23273 23532 D FiniteState: podcast_player---37a4eb127262d974d40607c786d4b4ccd649139f9a55b22247a8ee9911fee4f4---com.facebook.ads.internal.dynamicloading.DynamicLoaderFallback$SimpleMethodCaptor$1---invoke---null
03-31 09:24:38.299 23273 23532 D FiniteState: podcast_player---37a4eb127262d974d40607c786d4b4ccd649139f9a55b22247a8ee9911fee4f4---com.facebook.ads.internal.dynamicloading.DynamicLoaderFallback$SimpleMethodCaptor$1---invoke---null
03-31 09:24:38.299 23273 23532 D FiniteState: podcast_player---37a4eb127262d974d40607c786d4b4ccd649139f9a55b22247a8ee9911fee4f4---com.facebook.ads.internal.dynamicloading.DynamicLoaderFallback$SimpleMethodCaptor$1---invoke---null
03-31 09:24:38.300 23273 23532 D FiniteState: podcast_player---37a4eb127262d974d40607c786d4b4ccd649139f9a55b22247a8ee9911fee4f4---com.facebook.ads.internal.dynamicloading.DynamicLoaderFallback$SimpleMethodCaptor$1---invoke---null
03-31 09:24:38.302 23273 23532 D FiniteState: podcast_player---37a4eb127262d974d40607c786d4b4ccd649139f9a55b22247a8ee9911fee4f4---com.facebook.ads.internal.dynamicloading.DynamicLoaderFallback$SimpleMethodCaptor$1---invoke---null
03-31 09:24:38.302 23273 23532 D FiniteState: podcast_player---37a4eb127262d974d40607c786d4b4ccd649139f9a55b22247a8ee9911fee4f4---com.facebook.ads.internal.dynamicloading.DynamicLoaderFallback$SimpleMethodCaptor$1---invoke---null
03-31 09:24:38.303 23273 23532 D FiniteState: podcast_player---37a4eb127262d974d40607c786d4b4ccd649139f9a55b22247a8ee9911fee4f4---com.facebook.ads.internal.dynamicloading.DynamicLoaderFactory---setFallbackMode---null
03-31 09:24:38.303 23273 23532 D FiniteState: podcast_player---37a4eb127262d974d40607c786d4b4ccd649139f9a55b22247a8ee9911fee4f4---com.facebook.ads.internal.dynamicloading.DynamicLoaderFactory---doCallInitialize---null
03-31 09:24:38.303 23273 23532 D FiniteState: podcast_player---37a4eb127262d974d40607c786d4b4ccd649139f9a55b22247a8ee9911fee4f4---com.facebook.ads.internal.dynamicloading.DynamicLoaderFactory---access$200---null
03-31 09:24:38.305 23273 23325 D FiniteState: podcast_player---37a4eb127262d974d40607c786d4b4ccd649139f9a55b22247a8ee9911fee4f4---com.google.android.gms.ads.identifier.AdvertisingIdClient---zzd---null
03-31 09:24:38.305 23273 23325 D FiniteState: podcast_player---37a4eb127262d974d40607c786d4b4ccd649139f9a55b22247a8ee9911fee4f4---com.google.android.gms.ads.identifier.AdvertisingIdClient---zza---null
03-31 09:24:38.310 23273 23598 D FiniteState: podcast_player---37a4eb127262d974d40607c786d4b4ccd649139f9a55b22247a8ee9911fee4f4---com.google.android.gms.ads.identifier.AdvertisingIdClient---zzd---null
03-31 09:24:38.315 23273 23598 D FiniteState: podcast_player---37a4eb127262d974d40607c786d4b4ccd649139f9a55b22247a8ee9911fee4f4---com.google.android.gms.ads.identifier.AdvertisingIdClient---zza---null
03-31 09:24:38.324 23273 23591 D FiniteState: podcast_player---37a4eb127262d974d40607c786d4b4ccd649139f9a55b22247a8ee9911fee4f4---com.google.android.gms.ads.identifier.AdvertisingIdClient---getAdvertisingIdInfo---null
03-31 09:24:38.324 23273 23591 D FiniteState: podcast_player---37a4eb127262d974d40607c786d4b4ccd649139f9a55b22247a8ee9911fee4f4---com.google.android.gms.ads.identifier.AdvertisingIdClient---zzb---null
03-31 09:24:38.334 23273 23591 D FiniteState: podcast_player---37a4eb127262d974d40607c786d4b4ccd649139f9a55b22247a8ee9911fee4f4---com.google.android.gms.ads.identifier.AdvertisingIdClient---zzd---null
03-31 09:24:38.335 23273 23591 D FiniteState: podcast_player---37a4eb127262d974d40607c786d4b4ccd649139f9a55b22247a8ee9911fee4f4---com.google.android.gms.ads.identifier.AdvertisingIdClient---zza---null
03-31 09:24:38.403 23273 23273 D FiniteState: podcast_player---37a4eb127262d974d40607c786d4b4ccd649139f9a55b22247a8ee9911fee4f4---com.facebook.ads.internal.dynamicloading.DynamicLoaderFactory---createErrorInitResult---null
03-31 09:24:38.403 23273 23273 D FiniteState: podcast_player---37a4eb127262d974d40607c786d4b4ccd649139f9a55b22247a8ee9911fee4f4---com.facebook.ads.internal.dynamicloading.DynamicLoaderFactory---createErrorMessage---null
03-31 09:24:38.403 23273 23273 D FiniteState: podcast_player---37a4eb127262d974d40607c786d4b4ccd649139f9a55b22247a8ee9911fee4f4---com.facebook.ads.internal.dynamicloading.DynamicLoaderFactory$2---run---null
03-31 09:24:38.406 23273 23280 D FiniteState: podcast_player---37a4eb127262d974d40607c786d4b4ccd649139f9a55b22247a8ee9911fee4f4---com.google.android.gms.ads.identifier.AdvertisingIdClient---zza---null
03-31 09:24:38.406 23273 23280 D FiniteState: podcast_player---37a4eb127262d974d40607c786d4b4ccd649139f9a55b22247a8ee9911fee4f4---com.google.android.gms.ads.identifier.AdvertisingIdClient---finalize---null
03-31 09:24:38.406 23273 23280 D FiniteState: podcast_player---37a4eb127262d974d40607c786d4b4ccd649139f9a55b22247a8ee9911fee4f4---com.google.android.gms.ads.identifier.AdvertisingIdClient---zza---null
03-31 09:24:38.406 23273 23280 D FiniteState: podcast_player---37a4eb127262d974d40607c786d4b4ccd649139f9a55b22247a8ee9911fee4f4---com.google.android.gms.ads.identifier.AdvertisingIdClient---finalize---null
03-31 09:24:38.406 23273 23280 D FiniteState: podcast_player---37a4eb127262d974d40607c786d4b4ccd649139f9a55b22247a8ee9911fee4f4---com.google.android.gms.ads.identifier.AdvertisingIdClient---zza---null
03-31 09:24:38.406 23273 23280 D FiniteState: podcast_player---37a4eb127262d974d40607c786d4b4ccd649139f9a55b22247a8ee9911fee4f4---com.google.android.gms.ads.identifier.AdvertisingIdClient---finalize---null
03-31 09:24:38.406 23273 23280 D FiniteState: podcast_player---37a4eb127262d974d40607c786d4b4ccd649139f9a55b22247a8ee9911fee4f4---com.google.android.gms.ads.identifier.AdvertisingIdClient---zza---null
03-31 09:24:38.406 23273 23280 D FiniteState: podcast_player---37a4eb127262d974d40607c786d4b4ccd649139f9a55b22247a8ee9911fee4f4---com.google.android.gms.ads.identifier.AdvertisingIdClient---finalize---null
03-31 09:24:38.406 23273 23280 D FiniteState: podcast_player---37a4eb127262d974d40607c786d4b4ccd649139f9a55b22247a8ee9911fee4f4---com.google.android.gms.ads.identifier.AdvertisingIdClient---zza---null
03-31 09:24:38.406 23273 23280 D FiniteState: podcast_player---37a4eb127262d974d40607c786d4b4ccd649139f9a55b22247a8ee9911fee4f4---com.google.android.gms.ads.identifier.AdvertisingIdClient---finalize---null
03-31 09:24:38.408 23273 23273 D FiniteState: podcast_player---37a4eb127262d974d40607c786d4b4ccd649139f9a55b22247a8ee9911fee4f4---com.google.android.gms.ads.internal.client.zzei---zzb---null
03-31 09:24:38.408 23273 23273 D FiniteState: podcast_player---37a4eb127262d974d40607c786d4b4ccd649139f9a55b22247a8ee9911fee4f4---com.google.android.gms.ads.internal.client.zzej---zzy---null
03-31 09:24:38.418 23273 23591 D FiniteState: podcast_player---37a4eb127262d974d40607c786d4b4ccd649139f9a55b22247a8ee9911fee4f4---com.google.android.gms.ads.identifier.AdvertisingIdClient---getAdvertisingIdInfo---null
03-31 09:24:38.418 23273 23591 D FiniteState: podcast_player---37a4eb127262d974d40607c786d4b4ccd649139f9a55b22247a8ee9911fee4f4---com.google.android.gms.ads.identifier.AdvertisingIdClient---zzb---null
03-31 09:24:38.420 23273 23591 D FiniteState: podcast_player---37a4eb127262d974d40607c786d4b4ccd649139f9a55b22247a8ee9911fee4f4---com.google.android.gms.ads.identifier.AdvertisingIdClient---zzd---null
03-31 09:24:38.421 23273 23591 D FiniteState: podcast_player---37a4eb127262d974d40607c786d4b4ccd649139f9a55b22247a8ee9911fee4f4---com.google.android.gms.ads.identifier.AdvertisingIdClient---zza---null
03-31 09:24:39.856 23273 23273 D FiniteState: podcast_player---37a4eb127262d974d40607c786d4b4ccd649139f9a55b22247a8ee9911fee4f4---com.facebook.ads.internal.util.common.ANActivityLifecycleCallbacksListener---onActivityPaused---null
03-31 09:24:39.873 23273 23273 D FiniteState: podcast_player---37a4eb127262d974d40607c786d4b4ccd649139f9a55b22247a8ee9911fee4f4---com.facebook.ads.internal.util.common.ANActivityLifecycleCallbacksListener---onActivityCreated---null
03-31 09:24:39.918 23273 23273 D FiniteState: podcast_player---37a4eb127262d974d40607c786d4b4ccd649139f9a55b22247a8ee9911fee4f4---com.facebook.ads.internal.util.common.ANActivityLifecycleCallbacksListener---onActivityResumed---null
03-31 09:24:39.945 23273 23273 D FiniteState: podcast_player---37a4eb127262d974d40607c786d4b4ccd649139f9a55b22247a8ee9911fee4f4---com.facebook.ads.internal.util.common.ANActivityLifecycleCallbacksListener---onActivityDestroyed---null
03-31 09:25:02.425 23966 23966 D FiniteState: weather_forecast---d7e673945c90d7d84d3785076aab6c3509ab7d5795f85be6e869c10c37812e23---com.google.android.gms.ads.MobileAdsInitProvider---attachInfo---null
03-31 09:25:03.846 23966 24088 D FiniteState: weather_forecast---d7e673945c90d7d84d3785076aab6c3509ab7d5795f85be6e869c10c37812e23---com.google.android.gms.ads.internal.client.LiteSdkInfo---getLiteSdkVersion---null
03-31 09:25:03.871 23966 24088 D FiniteState: weather_forecast---d7e673945c90d7d84d3785076aab6c3509ab7d5795f85be6e869c10c37812e23---com.google.android.gms.ads.MobileAds---a---null
03-31 09:25:03.871 23966 24088 D FiniteState: weather_forecast---d7e673945c90d7d84d3785076aab6c3509ab7d5795f85be6e869c10c37812e23---com.google.android.gms.ads.MobileAds---b---null
03-31 09:25:03.871 23966 24088 D FiniteState: weather_forecast---d7e673945c90d7d84d3785076aab6c3509ab7d5795f85be6e869c10c37812e23---com.google.android.gms.ads.MobileAds---c---null
03-31 09:25:03.991 23966 24089 D FiniteState: weather_forecast---d7e673945c90d7d84d3785076aab6c3509ab7d5795f85be6e869c10c37812e23---com.google.android.gms.ads.internal.client.LiteSdkInfo---getLiteSdkVersion---null
03-31 09:25:03.991 23966 24089 D FiniteState: weather_forecast---d7e673945c90d7d84d3785076aab6c3509ab7d5795f85be6e869c10c37812e23---com.google.android.gms.ads.internal.client.LiteSdkInfo---getLiteSdkVersion---null
03-31 09:25:04.006 23966 24089 D FiniteState: weather_forecast---d7e673945c90d7d84d3785076aab6c3509ab7d5795f85be6e869c10c37812e23---com.google.android.gms.ads.internal.client.LiteSdkInfo---getLiteSdkVersion---null
03-31 09:25:06.766 23966 24089 D FiniteState: weather_forecast---d7e673945c90d7d84d3785076aab6c3509ab7d5795f85be6e869c10c37812e23---com.google.android.gms.ads.internal.client.LiteSdkInfo---getLiteSdkVersion---null
03-31 09:25:06.769 23966 24089 D FiniteState: weather_forecast---d7e673945c90d7d84d3785076aab6c3509ab7d5795f85be6e869c10c37812e23---com.google.android.gms.ads.internal.client.LiteSdkInfo---getLiteSdkVersion---null
03-31 09:25:06.778 23966 24089 D FiniteState: weather_forecast---d7e673945c90d7d84d3785076aab6c3509ab7d5795f85be6e869c10c37812e23---com.google.android.gms.ads.internal.client.LiteSdkInfo---getLiteSdkVersion---null
03-31 09:25:06.779 23966 24089 D FiniteState: weather_forecast---d7e673945c90d7d84d3785076aab6c3509ab7d5795f85be6e869c10c37812e23---com.google.android.gms.ads.internal.client.LiteSdkInfo---getLiteSdkVersion---null
03-31 09:25:06.788 23966 24089 D FiniteState: weather_forecast---d7e673945c90d7d84d3785076aab6c3509ab7d5795f85be6e869c10c37812e23---com.google.android.gms.ads.internal.client.LiteSdkInfo---getLiteSdkVersion---null
03-31 09:25:06.793 23966 24089 D FiniteState: weather_forecast---d7e673945c90d7d84d3785076aab6c3509ab7d5795f85be6e869c10c37812e23---com.google.android.gms.ads.internal.client.LiteSdkInfo---getLiteSdkVersion---null
03-31 09:25:34.837 24976 24976 D FiniteState: drugs.com---25b8ca9fde6392c4c91bd01081df4486f1b755249e0e8de1e68ca51f74cb7b61---com.google.android.gms.ads.MobileAdsInitProvider---attachInfo---null
03-31 09:25:36.082 24976 25026 D FiniteState: drugs.com---25b8ca9fde6392c4c91bd01081df4486f1b755249e0e8de1e68ca51f74cb7b61---com.google.android.gms.ads.identifier.AdvertisingIdClient---getAdvertisingIdInfo---null
03-31 09:25:36.082 24976 25026 D FiniteState: drugs.com---25b8ca9fde6392c4c91bd01081df4486f1b755249e0e8de1e68ca51f74cb7b61---com.google.android.gms.ads.identifier.AdvertisingIdClient---zzb---null
03-31 09:25:36.141 24976 25026 D FiniteState: drugs.com---25b8ca9fde6392c4c91bd01081df4486f1b755249e0e8de1e68ca51f74cb7b61---com.google.android.gms.ads.identifier.AdvertisingIdClient---zzd---null
03-31 09:25:36.158 24976 25026 D FiniteState: drugs.com---25b8ca9fde6392c4c91bd01081df4486f1b755249e0e8de1e68ca51f74cb7b61---com.google.android.gms.ads.identifier.AdvertisingIdClient---zza---null
03-31 09:25:37.274 24976 25026 D FiniteState: drugs.com---25b8ca9fde6392c4c91bd01081df4486f1b755249e0e8de1e68ca51f74cb7b61---com.google.android.gms.ads.identifier.AdvertisingIdClient---getAdvertisingIdInfo---null
03-31 09:25:37.274 24976 25026 D FiniteState: drugs.com---25b8ca9fde6392c4c91bd01081df4486f1b755249e0e8de1e68ca51f74cb7b61---com.google.android.gms.ads.identifier.AdvertisingIdClient---zzb---null
03-31 09:25:37.745 24976 25026 D FiniteState: drugs.com---25b8ca9fde6392c4c91bd01081df4486f1b755249e0e8de1e68ca51f74cb7b61---com.google.android.gms.ads.identifier.AdvertisingIdClient---zzd---null
03-31 09:25:37.751 24976 25026 D FiniteState: drugs.com---25b8ca9fde6392c4c91bd01081df4486f1b755249e0e8de1e68ca51f74cb7b61---com.google.android.gms.ads.identifier.AdvertisingIdClient---zza---null
03-31 09:25:41.438 25090 25090 D FiniteState: drugs.com---25b8ca9fde6392c4c91bd01081df4486f1b755249e0e8de1e68ca51f74cb7b61---com.google.android.gms.ads.MobileAdsInitProvider---attachInfo---null
03-31 09:25:42.713 25090 25138 D FiniteState: drugs.com---25b8ca9fde6392c4c91bd01081df4486f1b755249e0e8de1e68ca51f74cb7b61---com.google.android.gms.ads.identifier.AdvertisingIdClient---getAdvertisingIdInfo---null
03-31 09:25:42.713 25090 25138 D FiniteState: drugs.com---25b8ca9fde6392c4c91bd01081df4486f1b755249e0e8de1e68ca51f74cb7b61---com.google.android.gms.ads.identifier.AdvertisingIdClient---zzb---null
03-31 09:25:42.760 25090 25138 D FiniteState: drugs.com---25b8ca9fde6392c4c91bd01081df4486f1b755249e0e8de1e68ca51f74cb7b61---com.google.android.gms.ads.identifier.AdvertisingIdClient---zzd---null
03-31 09:25:42.763 25090 25138 D FiniteState: drugs.com---25b8ca9fde6392c4c91bd01081df4486f1b755249e0e8de1e68ca51f74cb7b61---com.google.android.gms.ads.identifier.AdvertisingIdClient---zza---null
03-31 09:26:38.805 26651 26664 D FiniteState: home_plan---3f20dff2a1312bb343c3f3bedeb4dabd5e3262ec4b1f8d53afa409faee522bff---com.google.android.gms.ads.identifier.AdvertisingIdClient---getAdvertisingIdInfo---null
03-31 09:26:38.806 26651 26664 D FiniteState: home_plan---3f20dff2a1312bb343c3f3bedeb4dabd5e3262ec4b1f8d53afa409faee522bff---com.google.android.gms.ads.identifier.AdvertisingIdClient---zzb---null
03-31 09:26:38.813 26651 26651 D FiniteState: home_plan---3f20dff2a1312bb343c3f3bedeb4dabd5e3262ec4b1f8d53afa409faee522bff---com.facebook.ads.internal.dynamicloading.DynamicLoaderFactory---initialize---null
03-31 09:26:38.814 26651 26651 D FiniteState: home_plan---3f20dff2a1312bb343c3f3bedeb4dabd5e3262ec4b1f8d53afa409faee522bff---com.facebook.ads.AudienceNetworkContentProvider---onCreate---null
03-31 09:26:38.818 26651 26665 D FiniteState: home_plan---3f20dff2a1312bb343c3f3bedeb4dabd5e3262ec4b1f8d53afa409faee522bff---com.facebook.ads.internal.util.common.ANActivityLifecycleCallbacksListener---registerActivityCallbacks---null
03-31 09:26:38.818 26651 26665 D FiniteState: home_plan---3f20dff2a1312bb343c3f3bedeb4dabd5e3262ec4b1f8d53afa409faee522bff---com.facebook.ads.internal.dynamicloading.DynamicLoaderFactory$1---run---null
03-31 09:26:38.925 26651 26651 D FiniteState: home_plan---3f20dff2a1312bb343c3f3bedeb4dabd5e3262ec4b1f8d53afa409faee522bff---com.facebook.ads.internal.util.common.ANActivityLifecycleCallbacksListener---onActivityCreated---null
03-31 09:26:38.985 26651 26651 D FiniteState: home_plan---3f20dff2a1312bb343c3f3bedeb4dabd5e3262ec4b1f8d53afa409faee522bff---com.facebook.ads.internal.util.common.ANActivityLifecycleCallbacksListener---onActivityStarted---null
03-31 09:26:38.988 26651 26651 D FiniteState: home_plan---3f20dff2a1312bb343c3f3bedeb4dabd5e3262ec4b1f8d53afa409faee522bff---com.facebook.ads.internal.util.common.ANActivityLifecycleCallbacksListener---onActivityResumed---null
03-31 09:26:39.003 26651 26664 D FiniteState: home_plan---3f20dff2a1312bb343c3f3bedeb4dabd5e3262ec4b1f8d53afa409faee522bff---com.google.android.gms.ads.identifier.AdvertisingIdClient---zzd---null
03-31 09:26:39.008 26651 26664 D FiniteState: home_plan---3f20dff2a1312bb343c3f3bedeb4dabd5e3262ec4b1f8d53afa409faee522bff---com.google.android.gms.ads.identifier.AdvertisingIdClient---zza---null
03-31 09:26:39.227 26651 26665 D FiniteState: home_plan---3f20dff2a1312bb343c3f3bedeb4dabd5e3262ec4b1f8d53afa409faee522bff---com.facebook.ads.internal.dynamicloading.DynamicLoaderFactory---access$200---null
03-31 09:26:39.993 26651 26651 D FiniteState: home_plan---3f20dff2a1312bb343c3f3bedeb4dabd5e3262ec4b1f8d53afa409faee522bff---com.facebook.ads.internal.util.common.ANActivityLifecycleCallbacksListener---onActivityPaused---null
03-31 09:26:40.001 26651 26651 D FiniteState: home_plan---3f20dff2a1312bb343c3f3bedeb4dabd5e3262ec4b1f8d53afa409faee522bff---com.facebook.ads.internal.util.common.ANActivityLifecycleCallbacksListener---onActivityCreated---null
03-31 09:26:40.032 26651 26651 D FiniteState: home_plan---3f20dff2a1312bb343c3f3bedeb4dabd5e3262ec4b1f8d53afa409faee522bff---com.facebook.ads.internal.util.common.ANActivityLifecycleCallbacksListener---onActivityStarted---null
03-31 09:26:40.032 26651 26651 D FiniteState: home_plan---3f20dff2a1312bb343c3f3bedeb4dabd5e3262ec4b1f8d53afa409faee522bff---com.facebook.ads.internal.util.common.ANActivityLifecycleCallbacksListener---onActivityResumed---null
03-31 09:26:41.085 26651 26651 D FiniteState: home_plan---3f20dff2a1312bb343c3f3bedeb4dabd5e3262ec4b1f8d53afa409faee522bff---com.facebook.ads.internal.util.common.ANActivityLifecycleCallbacksListener---onActivityStopped---null
03-31 09:26:41.086 26651 26651 D FiniteState: home_plan---3f20dff2a1312bb343c3f3bedeb4dabd5e3262ec4b1f8d53afa409faee522bff---com.facebook.ads.internal.util.common.ANActivityLifecycleCallbacksListener---onActivityDestroyed---null
03-31 09:26:56.916 26651 26658 D FiniteState: home_plan---3f20dff2a1312bb343c3f3bedeb4dabd5e3262ec4b1f8d53afa409faee522bff---com.google.android.gms.ads.identifier.AdvertisingIdClient---zza---null
03-31 09:26:56.916 26651 26658 D FiniteState: home_plan---3f20dff2a1312bb343c3f3bedeb4dabd5e3262ec4b1f8d53afa409faee522bff---com.google.android.gms.ads.identifier.AdvertisingIdClient---finalize---null
03-31 09:27:08.747 27267 27280 D FiniteState: status_saver---58dfcc84a9c3b60020d970715921dbe6645f7aecef914dd9ecfde01c80b940d0---com.google.android.gms.ads.identifier.AdvertisingIdClient---getAdvertisingIdInfo---null
03-31 09:27:08.747 27267 27280 D FiniteState: status_saver---58dfcc84a9c3b60020d970715921dbe6645f7aecef914dd9ecfde01c80b940d0---com.google.android.gms.ads.identifier.AdvertisingIdClient---zzb---null
03-31 09:27:08.832 27267 27267 D FiniteState: status_saver---58dfcc84a9c3b60020d970715921dbe6645f7aecef914dd9ecfde01c80b940d0---com.google.android.gms.ads.MobileAdsInitProvider---attachInfo---null
03-31 09:27:08.895 27267 27267 D FiniteState: status_saver---58dfcc84a9c3b60020d970715921dbe6645f7aecef914dd9ecfde01c80b940d0---com.facebook.ads.internal.dynamicloading.DynamicLoaderFactory---initialize---null
03-31 09:27:08.895 27267 27267 D FiniteState: status_saver---58dfcc84a9c3b60020d970715921dbe6645f7aecef914dd9ecfde01c80b940d0---com.facebook.ads.AudienceNetworkContentProvider---onCreate---null
