03-31 09:27:08.896 27267 27308 D FiniteState: status_saver---58dfcc84a9c3b60020d970715921dbe6645f7aecef914dd9ecfde01c80b940d0---com.facebook.ads.internal.util.common.ANActivityLifecycleCallbacksListener---registerActivityCallbacks---null
03-31 09:27:08.896 27267 27308 D FiniteState: status_saver---58dfcc84a9c3b60020d970715921dbe6645f7aecef914dd9ecfde01c80b940d0---com.facebook.ads.internal.dynamicloading.DynamicLoaderFactory$a---run---null
03-31 09:27:09.135 27267 27280 D FiniteState: status_saver---58dfcc84a9c3b60020d970715921dbe6645f7aecef914dd9ecfde01c80b940d0---com.google.android.gms.ads.identifier.AdvertisingIdClient---zzd---null
03-31 09:27:09.156 27267 27280 D FiniteState: status_saver---58dfcc84a9c3b60020d970715921dbe6645f7aecef914dd9ecfde01c80b940d0---com.google.android.gms.ads.identifier.AdvertisingIdClient---zza---null
03-31 09:27:09.163 27267 27267 D FiniteState: status_saver---58dfcc84a9c3b60020d970715921dbe6645f7aecef914dd9ecfde01c80b940d0---com.facebook.ads.internal.util.common.ANActivityLifecycleCallbacksListener---onActivityCreated---null
03-31 09:27:09.200 27267 27267 D FiniteState: status_saver---58dfcc84a9c3b60020d970715921dbe6645f7aecef914dd9ecfde01c80b940d0---com.facebook.ads.internal.util.common.ANActivityLifecycleCallbacksListener---onActivityStarted---null
03-31 09:27:09.202 27267 27267 D FiniteState: status_saver---58dfcc84a9c3b60020d970715921dbe6645f7aecef914dd9ecfde01c80b940d0---com.facebook.ads.internal.util.common.ANActivityLifecycleCallbacksListener---onActivityResumed---null
03-31 09:27:09.203 27267 27347 D FiniteState: status_saver---58dfcc84a9c3b60020d970715921dbe6645f7aecef914dd9ecfde01c80b940d0---com.google.android.gms.ads.identifier.AdvertisingIdClient---getAdvertisingIdInfo---null
03-31 09:27:09.203 27267 27347 D FiniteState: status_saver---58dfcc84a9c3b60020d970715921dbe6645f7aecef914dd9ecfde01c80b940d0---com.google.android.gms.ads.identifier.AdvertisingIdClient---zzb---null
03-31 09:27:09.355 27267 27308 D FiniteState: status_saver---58dfcc84a9c3b60020d970715921dbe6645f7aecef914dd9ecfde01c80b940d0---com.facebook.ads.internal.dynamicloading.DynamicLoaderFactory---access$200---null
03-31 09:27:09.435 27267 27368 D FiniteState: status_saver---58dfcc84a9c3b60020d970715921dbe6645f7aecef914dd9ecfde01c80b940d0---com.google.android.gms.ads.identifier.AdvertisingIdClient---getAdvertisingIdInfo---null
03-31 09:27:09.435 27267 27368 D FiniteState: status_saver---58dfcc84a9c3b60020d970715921dbe6645f7aecef914dd9ecfde01c80b940d0---com.google.android.gms.ads.identifier.AdvertisingIdClient---zzb---null
03-31 09:27:09.798 27267 27347 D FiniteState: status_saver---58dfcc84a9c3b60020d970715921dbe6645f7aecef914dd9ecfde01c80b940d0---com.google.android.gms.ads.identifier.AdvertisingIdClient---zzd---null
03-31 09:27:09.833 27267 27347 D FiniteState: status_saver---58dfcc84a9c3b60020d970715921dbe6645f7aecef914dd9ecfde01c80b940d0---com.google.android.gms.ads.identifier.AdvertisingIdClient---zza---null
03-31 09:27:10.038 27267 27368 D FiniteState: status_saver---58dfcc84a9c3b60020d970715921dbe6645f7aecef914dd9ecfde01c80b940d0---com.google.android.gms.ads.identifier.AdvertisingIdClient---zzd---null
03-31 09:27:10.046 27267 27368 D FiniteState: status_saver---58dfcc84a9c3b60020d970715921dbe6645f7aecef914dd9ecfde01c80b940d0---com.google.android.gms.ads.identifier.AdvertisingIdClient---zza---null
03-31 09:27:10.311 27370 27386 D FiniteState: status_saver---58dfcc84a9c3b60020d970715921dbe6645f7aecef914dd9ecfde01c80b940d0---com.google.android.gms.ads.identifier.AdvertisingIdClient---getAdvertisingIdInfo---null
03-31 09:27:10.311 27370 27386 D FiniteState: status_saver---58dfcc84a9c3b60020d970715921dbe6645f7aecef914dd9ecfde01c80b940d0---com.google.android.gms.ads.identifier.AdvertisingIdClient---zzb---null
03-31 09:27:10.348 27370 27386 D FiniteState: status_saver---58dfcc84a9c3b60020d970715921dbe6645f7aecef914dd9ecfde01c80b940d0---com.google.android.gms.ads.identifier.AdvertisingIdClient---zzd---null
03-31 09:27:10.351 27370 27386 D FiniteState: status_saver---58dfcc84a9c3b60020d970715921dbe6645f7aecef914dd9ecfde01c80b940d0---com.google.android.gms.ads.identifier.AdvertisingIdClient---zza---null
03-31 09:27:10.415 27370 27386 D FiniteState: status_saver---58dfcc84a9c3b60020d970715921dbe6645f7aecef914dd9ecfde01c80b940d0---com.google.android.gms.ads.identifier.AdvertisingIdClient---getAdvertisingIdInfo---null
03-31 09:27:10.415 27370 27386 D FiniteState: status_saver---58dfcc84a9c3b60020d970715921dbe6645f7aecef914dd9ecfde01c80b940d0---com.google.android.gms.ads.identifier.AdvertisingIdClient---zzb---null
03-31 09:27:10.422 27370 27386 D FiniteState: status_saver---58dfcc84a9c3b60020d970715921dbe6645f7aecef914dd9ecfde01c80b940d0---com.google.android.gms.ads.identifier.AdvertisingIdClient---zzd---null
03-31 09:27:10.445 27370 27386 D FiniteState: status_saver---58dfcc84a9c3b60020d970715921dbe6645f7aecef914dd9ecfde01c80b940d0---com.google.android.gms.ads.identifier.AdvertisingIdClient---zza---null
03-31 09:27:12.525 27370 27386 D FiniteState: status_saver---58dfcc84a9c3b60020d970715921dbe6645f7aecef914dd9ecfde01c80b940d0---com.google.android.gms.ads.identifier.AdvertisingIdClient---getAdvertisingIdInfo---null
03-31 09:27:12.525 27370 27386 D FiniteState: status_saver---58dfcc84a9c3b60020d970715921dbe6645f7aecef914dd9ecfde01c80b940d0---com.google.android.gms.ads.identifier.AdvertisingIdClient---zzb---null
03-31 09:27:12.528 27370 27386 D FiniteState: status_saver---58dfcc84a9c3b60020d970715921dbe6645f7aecef914dd9ecfde01c80b940d0---com.google.android.gms.ads.identifier.AdvertisingIdClient---zzd---null
03-31 09:27:12.530 27370 27386 D FiniteState: status_saver---58dfcc84a9c3b60020d970715921dbe6645f7aecef914dd9ecfde01c80b940d0---com.google.android.gms.ads.identifier.AdvertisingIdClient---zza---null
03-31 09:27:12.532 27370 27386 D FiniteState: status_saver---58dfcc84a9c3b60020d970715921dbe6645f7aecef914dd9ecfde01c80b940d0---com.google.android.gms.ads.identifier.AdvertisingIdClient---getAdvertisingIdInfo---null
03-31 09:27:12.532 27370 27386 D FiniteState: status_saver---58dfcc84a9c3b60020d970715921dbe6645f7aecef914dd9ecfde01c80b940d0---com.google.android.gms.ads.identifier.AdvertisingIdClient---zzb---null
03-31 09:27:12.533 27370 27386 D FiniteState: status_saver---58dfcc84a9c3b60020d970715921dbe6645f7aecef914dd9ecfde01c80b940d0---com.google.android.gms.ads.identifier.AdvertisingIdClient---zzd---null
03-31 09:27:12.534 27370 27386 D FiniteState: status_saver---58dfcc84a9c3b60020d970715921dbe6645f7aecef914dd9ecfde01c80b940d0---com.google.android.gms.ads.identifier.AdvertisingIdClient---zza---null
03-31 09:27:14.967 27267 27324 D FiniteState: status_saver---58dfcc84a9c3b60020d970715921dbe6645f7aecef914dd9ecfde01c80b940d0---com.google.android.gms.ads.RequestConfiguration$Builder---build---null
03-31 09:27:14.967 27267 27324 D FiniteState: status_saver---58dfcc84a9c3b60020d970715921dbe6645f7aecef914dd9ecfde01c80b940d0---com.google.android.gms.ads.internal.client.zzej---zzf---null
03-31 09:27:14.970 27267 27324 D FiniteState: status_saver---58dfcc84a9c3b60020d970715921dbe6645f7aecef914dd9ecfde01c80b940d0---com.google.android.gms.ads.internal.client.zzej---a---null
03-31 09:27:14.986 27267 27324 D FiniteState: status_saver---58dfcc84a9c3b60020d970715921dbe6645f7aecef914dd9ecfde01c80b940d0---com.google.android.gms.ads.internal.client.zzeq---zza---null
03-31 09:27:14.990 27267 27324 D FiniteState: status_saver---58dfcc84a9c3b60020d970715921dbe6645f7aecef914dd9ecfde01c80b940d0---com.google.android.gms.ads.internal.client.zzeq---a---null
03-31 09:27:14.990 27267 27324 D FiniteState: status_saver---58dfcc84a9c3b60020d970715921dbe6645f7aecef914dd9ecfde01c80b940d0---com.google.android.gms.ads.internal.client.zzcp---zze---null
03-31 09:27:15.069 27267 27324 D FiniteState: status_saver---58dfcc84a9c3b60020d970715921dbe6645f7aecef914dd9ecfde01c80b940d0---com.google.android.gms.ads.internal.client.LiteSdkInfo---getLiteSdkVersion---null
03-31 09:27:15.069 27267 27324 D FiniteState: status_saver---58dfcc84a9c3b60020d970715921dbe6645f7aecef914dd9ecfde01c80b940d0---com.google.android.gms.ads.internal.client.zzen---writeToParcel---null
03-31 09:27:15.072 27267 27324 D FiniteState: status_saver---58dfcc84a9c3b60020d970715921dbe6645f7aecef914dd9ecfde01c80b940d0---com.google.android.gms.ads.internal.client.zzcm---zzs---null
03-31 09:27:15.072 27267 27324 D FiniteState: status_saver---58dfcc84a9c3b60020d970715921dbe6645f7aecef914dd9ecfde01c80b940d0---com.google.android.gms.ads.internal.client.zzcm---zzo---null
03-31 09:27:15.077 27267 27324 D FiniteState: status_saver---58dfcc84a9c3b60020d970715921dbe6645f7aecef914dd9ecfde01c80b940d0---com.google.android.gms.ads.internal.client.zzcm---zzk---null
03-31 09:27:15.077 27267 27324 D FiniteState: status_saver---58dfcc84a9c3b60020d970715921dbe6645f7aecef914dd9ecfde01c80b940d0---com.google.android.gms.ads.internal.client.zzcm---zzl---null
03-31 09:27:15.079 27267 27324 D FiniteState: status_saver---58dfcc84a9c3b60020d970715921dbe6645f7aecef914dd9ecfde01c80b940d0---com.google.android.gms.ads.MobileAds---initialize---null
03-31 09:27:15.873 27267 27267 D FiniteState: status_saver---58dfcc84a9c3b60020d970715921dbe6645f7aecef914dd9ecfde01c80b940d0---com.facebook.ads.AudienceNetworkAds---buildInitSettings---null
03-31 09:27:15.873 27267 27267 D FiniteState: status_saver---58dfcc84a9c3b60020d970715921dbe6645f7aecef914dd9ecfde01c80b940d0---com.facebook.ads.internal.settings.MultithreadedBundleWrapper---putString---null
03-31 09:27:15.873 27267 27267 D FiniteState: status_saver---58dfcc84a9c3b60020d970715921dbe6645f7aecef914dd9ecfde01c80b940d0---com.facebook.ads.internal.settings.AdInternalSettings---setMediationService---null
03-31 09:27:15.873 27267 27267 D FiniteState: status_saver---58dfcc84a9c3b60020d970715921dbe6645f7aecef914dd9ecfde01c80b940d0---com.facebook.ads.AdSettings---setMediationService---null
03-31 09:27:15.873 27267 27267 D FiniteState: status_saver---58dfcc84a9c3b60020d970715921dbe6645f7aecef914dd9ecfde01c80b940d0---com.facebook.ads.internal.api.InitSettingsBuilder---withMediationService---null
03-31 09:27:15.873 27267 27267 D FiniteState: status_saver---58dfcc84a9c3b60020d970715921dbe6645f7aecef914dd9ecfde01c80b940d0---com.facebook.ads.internal.api.InitSettingsBuilder---withPlacementIds---null
03-31 09:27:15.873 27267 27267 D FiniteState: status_saver---58dfcc84a9c3b60020d970715921dbe6645f7aecef914dd9ecfde01c80b940d0---com.facebook.ads.internal.settings.MultithreadedBundleWrapper---putStringArrayList---null
03-31 09:27:15.873 27267 27267 D FiniteState: status_saver---58dfcc84a9c3b60020d970715921dbe6645f7aecef914dd9ecfde01c80b940d0---com.facebook.ads.internal.dynamicloading.DynamicLoaderFactory---initialize---null
03-31 09:27:15.873 27267 27267 D FiniteState: status_saver---58dfcc84a9c3b60020d970715921dbe6645f7aecef914dd9ecfde01c80b940d0---com.facebook.ads.internal.api.InitSettingsBuilder---initialize---null
03-31 09:27:15.874 27267 27551 D FiniteState: status_saver---58dfcc84a9c3b60020d970715921dbe6645f7aecef914dd9ecfde01c80b940d0---com.facebook.ads.internal.dynamicloading.DynamicLoaderFactory$a---run---null
03-31 09:27:16.275 27267 27551 D FiniteState: status_saver---58dfcc84a9c3b60020d970715921dbe6645f7aecef914dd9ecfde01c80b940d0---com.facebook.ads.internal.dynamicloading.DynamicLoaderFactory---createErrorMessage---null
03-31 09:27:16.275 27267 27551 D FiniteState: status_saver---58dfcc84a9c3b60020d970715921dbe6645f7aecef914dd9ecfde01c80b940d0---com.facebook.ads.internal.dynamicloading.DynamicLoaderFallback---makeFallbackLoader---null
03-31 09:27:16.281 27267 27551 D FiniteState: status_saver---58dfcc84a9c3b60020d970715921dbe6645f7aecef914dd9ecfde01c80b940d0---com.facebook.ads.internal.dynamicloading.DynamicLoaderFactory---setFallbackMode---null
03-31 09:27:16.281 27267 27551 D FiniteState: status_saver---58dfcc84a9c3b60020d970715921dbe6645f7aecef914dd9ecfde01c80b940d0---com.facebook.ads.internal.dynamicloading.DynamicLoaderFactory---doCallInitialize---null
03-31 09:27:16.281 27267 27551 D FiniteState: status_saver---58dfcc84a9c3b60020d970715921dbe6645f7aecef914dd9ecfde01c80b940d0---com.facebook.ads.internal.dynamicloading.DynamicLoaderFactory---access$200---null
03-31 09:27:16.382 27267 27267 D FiniteState: status_saver---58dfcc84a9c3b60020d970715921dbe6645f7aecef914dd9ecfde01c80b940d0---com.facebook.ads.internal.dynamicloading.DynamicLoaderFactory---createErrorInitResult---null
03-31 09:27:16.382 27267 27267 D FiniteState: status_saver---58dfcc84a9c3b60020d970715921dbe6645f7aecef914dd9ecfde01c80b940d0---com.facebook.ads.internal.dynamicloading.DynamicLoaderFactory---createErrorMessage---null
03-31 09:27:16.382 27267 27267 D FiniteState: status_saver---58dfcc84a9c3b60020d970715921dbe6645f7aecef914dd9ecfde01c80b940d0---com.facebook.ads.internal.dynamicloading.DynamicLoaderFactory$b---run---null
03-31 09:27:17.369 27267 27545 D FiniteState: status_saver---58dfcc84a9c3b60020d970715921dbe6645f7aecef914dd9ecfde01c80b940d0---com.google.android.gms.ads.MobileAds---getVersion---null
03-31 09:27:17.369 27267 27545 D FiniteState: status_saver---58dfcc84a9c3b60020d970715921dbe6645f7aecef914dd9ecfde01c80b940d0---com.google.android.gms.ads.MobileAds---getVersion---null
03-31 09:27:17.537 27267 27267 D FiniteState: status_saver---58dfcc84a9c3b60020d970715921dbe6645f7aecef914dd9ecfde01c80b940d0---com.google.android.gms.ads.internal.client.zzej---b---null
03-31 09:27:17.538 27267 27324 D FiniteState: status_saver---58dfcc84a9c3b60020d970715921dbe6645f7aecef914dd9ecfde01c80b940d0---com.google.android.gms.ads.internal.client.zzej---zzt---null
03-31 09:27:17.538 27267 27324 D FiniteState: status_saver---58dfcc84a9c3b60020d970715921dbe6645f7aecef914dd9ecfde01c80b940d0---com.google.android.gms.ads.internal.client.zzcm---zzp---null
03-31 09:27:17.538 27267 27324 D FiniteState: status_saver---58dfcc84a9c3b60020d970715921dbe6645f7aecef914dd9ecfde01c80b940d0---com.google.android.gms.ads.MobileAds---setAppMuted---null
03-31 09:27:17.545 27267 27267 D FiniteState: status_saver---58dfcc84a9c3b60020d970715921dbe6645f7aecef914dd9ecfde01c80b940d0---com.google.android.gms.ads.internal.client.zzdw---zzv---null
03-31 09:27:17.546 27267 27267 D FiniteState: status_saver---58dfcc84a9c3b60020d970715921dbe6645f7aecef914dd9ecfde01c80b940d0---com.google.android.gms.ads.AdRequest$Builder---build---null
03-31 09:27:17.546 27267 27267 D FiniteState: status_saver---58dfcc84a9c3b60020d970715921dbe6645f7aecef914dd9ecfde01c80b940d0---com.google.android.gms.ads.interstitial.InterstitialAd---load---null
03-31 09:27:17.547 27267 27267 D FiniteState: status_saver---58dfcc84a9c3b60020d970715921dbe6645f7aecef914dd9ecfde01c80b940d0---com.google.android.gms.ads.internal.client.zzaw---zze---null
03-31 09:27:17.555 27267 27267 D FiniteState: status_saver---58dfcc84a9c3b60020d970715921dbe6645f7aecef914dd9ecfde01c80b940d0---com.google.android.gms.ads.internal.client.zzk---zza---null
03-31 09:27:17.556 27267 27267 D FiniteState: status_saver---58dfcc84a9c3b60020d970715921dbe6645f7aecef914dd9ecfde01c80b940d0---com.google.android.gms.ads.internal.client.zzk---a---null
03-31 09:27:17.556 27267 27267 D FiniteState: status_saver---58dfcc84a9c3b60020d970715921dbe6645f7aecef914dd9ecfde01c80b940d0---com.google.android.gms.ads.internal.client.zzbv---zze---null
03-31 09:27:17.556 27267 27267 D FiniteState: status_saver---58dfcc84a9c3b60020d970715921dbe6645f7aecef914dd9ecfde01c80b940d0---com.google.android.gms.ads.internal.client.zzq---writeToParcel---null
03-31 09:27:17.568 27267 27267 D FiniteState: status_saver---58dfcc84a9c3b60020d970715921dbe6645f7aecef914dd9ecfde01c80b940d0---com.google.android.gms.ads.internal.client.zzdx---zzs---null
03-31 09:27:17.569 27267 27267 D FiniteState: status_saver---58dfcc84a9c3b60020d970715921dbe6645f7aecef914dd9ecfde01c80b940d0---com.google.android.gms.ads.RequestConfiguration---getTestDeviceIds---null
03-31 09:27:17.570 27267 27267 D FiniteState: status_saver---58dfcc84a9c3b60020d970715921dbe6645f7aecef914dd9ecfde01c80b940d0---com.google.android.gms.ads.internal.client.zzdx---zzo---null
03-31 09:27:17.570 27267 27267 D FiniteState: status_saver---58dfcc84a9c3b60020d970715921dbe6645f7aecef914dd9ecfde01c80b940d0---com.google.android.gms.ads.internal.client.zzl---writeToParcel---null
03-31 09:27:17.570 27267 27267 D FiniteState: status_saver---58dfcc84a9c3b60020d970715921dbe6645f7aecef914dd9ecfde01c80b940d0---com.google.android.gms.ads.internal.client.zzbs---zzy---null
03-31 09:27:17.624 27267 27267 D FiniteState: status_saver---58dfcc84a9c3b60020d970715921dbe6645f7aecef914dd9ecfde01c80b940d0---com.google.android.gms.ads.internal.client.LiteSdkInfo---getLiteSdkVersion---null
03-31 09:27:17.627 27267 27267 D FiniteState: status_saver---58dfcc84a9c3b60020d970715921dbe6645f7aecef914dd9ecfde01c80b940d0---com.google.android.gms.ads.internal.client.zzen---writeToParcel---null
03-31 09:27:17.633 27267 27267 D FiniteState: status_saver---58dfcc84a9c3b60020d970715921dbe6645f7aecef914dd9ecfde01c80b940d0---com.google.android.gms.ads.internal.client.LiteSdkInfo---getLiteSdkVersion---null
03-31 09:27:17.633 27267 27267 D FiniteState: status_saver---58dfcc84a9c3b60020d970715921dbe6645f7aecef914dd9ecfde01c80b940d0---com.google.android.gms.ads.internal.client.zzen---writeToParcel---null
03-31 09:27:17.662 27267 27267 D FiniteState: status_saver---58dfcc84a9c3b60020d970715921dbe6645f7aecef914dd9ecfde01c80b940d0---com.google.android.gms.ads.internal.client.LiteSdkInfo---getLiteSdkVersion---null
03-31 09:27:17.663 27267 27267 D FiniteState: status_saver---58dfcc84a9c3b60020d970715921dbe6645f7aecef914dd9ecfde01c80b940d0---com.google.android.gms.ads.internal.client.zzen---writeToParcel---null
03-31 09:27:17.669 27267 27540 D FiniteState: status_saver---58dfcc84a9c3b60020d970715921dbe6645f7aecef914dd9ecfde01c80b940d0---com.google.android.gms.ads.zzb---zzc---null
03-31 09:27:17.671 27267 27538 D FiniteState: status_saver---58dfcc84a9c3b60020d970715921dbe6645f7aecef914dd9ecfde01c80b940d0---com.google.android.gms.ads.zzb---zzc---null
03-31 09:27:17.672 27267 27538 D FiniteState: status_saver---58dfcc84a9c3b60020d970715921dbe6645f7aecef914dd9ecfde01c80b940d0---com.facebook.ads.BidderTokenProvider---getBidderToken---null
03-31 09:27:17.672 27267 27538 D FiniteState: status_saver---58dfcc84a9c3b60020d970715921dbe6645f7aecef914dd9ecfde01c80b940d0---com.facebook.ads.internal.dynamicloading.DynamicLoaderFactory---makeLoader---null
03-31 09:27:19.236 27267 27273 D FiniteState: status_saver---58dfcc84a9c3b60020d970715921dbe6645f7aecef914dd9ecfde01c80b940d0---com.google.android.gms.ads.identifier.AdvertisingIdClient---zza---null
03-31 09:27:19.236 27267 27273 D FiniteState: status_saver---58dfcc84a9c3b60020d970715921dbe6645f7aecef914dd9ecfde01c80b940d0---com.google.android.gms.ads.identifier.AdvertisingIdClient---finalize---null
03-31 09:27:19.237 27267 27273 D FiniteState: status_saver---58dfcc84a9c3b60020d970715921dbe6645f7aecef914dd9ecfde01c80b940d0---com.google.android.gms.ads.identifier.AdvertisingIdClient---zza---null
03-31 09:27:19.237 27267 27273 D FiniteState: status_saver---58dfcc84a9c3b60020d970715921dbe6645f7aecef914dd9ecfde01c80b940d0---com.google.android.gms.ads.identifier.AdvertisingIdClient---finalize---null
03-31 09:27:19.238 27267 27273 D FiniteState: status_saver---58dfcc84a9c3b60020d970715921dbe6645f7aecef914dd9ecfde01c80b940d0---com.google.android.gms.ads.identifier.AdvertisingIdClient---zza---null
03-31 09:27:19.238 27267 27273 D FiniteState: status_saver---58dfcc84a9c3b60020d970715921dbe6645f7aecef914dd9ecfde01c80b940d0---com.google.android.gms.ads.identifier.AdvertisingIdClient---finalize---null
03-31 09:27:20.632 27267 27267 D FiniteState: status_saver---58dfcc84a9c3b60020d970715921dbe6645f7aecef914dd9ecfde01c80b940d0---com.google.android.gms.ads.internal.client.zzbs---zzk---null
03-31 09:27:20.633 27267 27267 D FiniteState: status_saver---58dfcc84a9c3b60020d970715921dbe6645f7aecef914dd9ecfde01c80b940d0---com.google.android.gms.ads.internal.client.zzdl---zzj---null
03-31 09:27:20.633 27267 27267 D FiniteState: status_saver---58dfcc84a9c3b60020d970715921dbe6645f7aecef914dd9ecfde01c80b940d0---com.google.android.gms.ads.AdapterResponseInfo---zza---null
03-31 09:27:20.634 27267 27267 D FiniteState: status_saver---58dfcc84a9c3b60020d970715921dbe6645f7aecef914dd9ecfde01c80b940d0---com.google.android.gms.ads.internal.client.zzdl---zzf---null
03-31 09:27:20.634 27267 27267 D FiniteState: status_saver---58dfcc84a9c3b60020d970715921dbe6645f7aecef914dd9ecfde01c80b940d0---com.google.android.gms.ads.AdapterResponseInfo---zza---null
03-31 09:27:20.634 27267 27267 D FiniteState: status_saver---58dfcc84a9c3b60020d970715921dbe6645f7aecef914dd9ecfde01c80b940d0---com.google.android.gms.ads.ResponseInfo---zzb---null
03-31 09:27:20.634 27267 27267 D FiniteState: status_saver---58dfcc84a9c3b60020d970715921dbe6645f7aecef914dd9ecfde01c80b940d0---com.google.android.gms.ads.internal.client.zzdl---zzg---null
03-31 09:27:20.634 27267 27267 D FiniteState: status_saver---58dfcc84a9c3b60020d970715921dbe6645f7aecef914dd9ecfde01c80b940d0---com.google.android.gms.ads.internal.client.zzbs---zzP---null
03-31 09:27:20.634 27267 27267 D FiniteState: status_saver---58dfcc84a9c3b60020d970715921dbe6645f7aecef914dd9ecfde01c80b940d0---com.google.android.gms.ads.internal.client.zzdf---x1---null
03-31 09:27:20.635 27267 27267 D FiniteState: status_saver---58dfcc84a9c3b60020d970715921dbe6645f7aecef914dd9ecfde01c80b940d0---com.google.android.gms.ads.internal.client.zzh---zzc---null
03-31 09:27:20.670 27267 27267 D FiniteState: status_saver---58dfcc84a9c3b60020d970715921dbe6645f7aecef914dd9ecfde01c80b940d0---com.facebook.ads.internal.util.common.ANActivityLifecycleCallbacksListener---onActivityPaused---null
03-31 09:27:20.699 27267 27267 D FiniteState: status_saver---58dfcc84a9c3b60020d970715921dbe6645f7aecef914dd9ecfde01c80b940d0---com.facebook.ads.internal.util.common.ANActivityLifecycleCallbacksListener---onActivityCreated---null
03-31 09:27:20.757 27267 27267 D FiniteState: status_saver---58dfcc84a9c3b60020d970715921dbe6645f7aecef914dd9ecfde01c80b940d0---com.facebook.ads.internal.util.common.ANActivityLifecycleCallbacksListener---onActivityStarted---null
03-31 09:27:20.759 27267 27267 D FiniteState: status_saver---58dfcc84a9c3b60020d970715921dbe6645f7aecef914dd9ecfde01c80b940d0---com.facebook.ads.internal.util.common.ANActivityLifecycleCallbacksListener---onActivityResumed---null
03-31 09:27:21.734 27267 27267 D FiniteState: status_saver---58dfcc84a9c3b60020d970715921dbe6645f7aecef914dd9ecfde01c80b940d0---com.facebook.ads.internal.util.common.ANActivityLifecycleCallbacksListener---onActivityStopped---null
03-31 09:27:21.737 27267 27267 D FiniteState: status_saver---58dfcc84a9c3b60020d970715921dbe6645f7aecef914dd9ecfde01c80b940d0---com.facebook.ads.internal.util.common.ANActivityLifecycleCallbacksListener---onActivityDestroyed---null
03-31 09:27:39.647 28209 28209 D FiniteState: transparent_wallpaper---f97e7155e6cd72b529960fa72e4937675542cb26053fd4248d4e9b5c7cfc387a---com.google.android.gms.ads.MobileAdsInitProvider---attachInfo---null
03-31 09:27:39.650 28209 28222 D FiniteState: transparent_wallpaper---f97e7155e6cd72b529960fa72e4937675542cb26053fd4248d4e9b5c7cfc387a---com.google.android.gms.ads.identifier.AdvertisingIdClient---getAdvertisingIdInfo---null
03-31 09:27:39.651 28209 28222 D FiniteState: transparent_wallpaper---f97e7155e6cd72b529960fa72e4937675542cb26053fd4248d4e9b5c7cfc387a---com.google.android.gms.ads.identifier.AdvertisingIdClient---zzb---null
03-31 09:27:39.807 28209 28209 D FiniteState: transparent_wallpaper---f97e7155e6cd72b529960fa72e4937675542cb26053fd4248d4e9b5c7cfc387a---com.facebook.ads.internal.dynamicloading.DynamicLoaderFactory---initialize---null
03-31 09:27:39.807 28209 28209 D FiniteState: transparent_wallpaper---f97e7155e6cd72b529960fa72e4937675542cb26053fd4248d4e9b5c7cfc387a---com.facebook.ads.AudienceNetworkContentProvider---onCreate---null
03-31 09:27:39.812 28209 28248 D FiniteState: transparent_wallpaper---f97e7155e6cd72b529960fa72e4937675542cb26053fd4248d4e9b5c7cfc387a---com.facebook.ads.internal.util.common.ANActivityLifecycleCallbacksListener---registerActivityCallbacks---null
03-31 09:27:39.812 28209 28248 D FiniteState: transparent_wallpaper---f97e7155e6cd72b529960fa72e4937675542cb26053fd4248d4e9b5c7cfc387a---com.facebook.ads.internal.dynamicloading.DynamicLoaderFactory$1---run---null
03-31 09:27:39.885 28209 28222 D FiniteState: transparent_wallpaper---f97e7155e6cd72b529960fa72e4937675542cb26053fd4248d4e9b5c7cfc387a---com.google.android.gms.ads.identifier.AdvertisingIdClient---zzd---null
03-31 09:27:39.942 28209 28222 D FiniteState: transparent_wallpaper---f97e7155e6cd72b529960fa72e4937675542cb26053fd4248d4e9b5c7cfc387a---com.google.android.gms.ads.identifier.AdvertisingIdClient---zza---null
03-31 09:27:39.958 28209 28209 D FiniteState: transparent_wallpaper---f97e7155e6cd72b529960fa72e4937675542cb26053fd4248d4e9b5c7cfc387a---com.facebook.ads.internal.util.common.ANActivityLifecycleCallbacksListener---onActivityCreated---null
03-31 09:27:40.193 28209 28301 D FiniteState: transparent_wallpaper---f97e7155e6cd72b529960fa72e4937675542cb26053fd4248d4e9b5c7cfc387a---com.google.android.gms.ads.identifier.AdvertisingIdClient---getAdvertisingIdInfo---null
03-31 09:27:40.193 28209 28301 D FiniteState: transparent_wallpaper---f97e7155e6cd72b529960fa72e4937675542cb26053fd4248d4e9b5c7cfc387a---com.google.android.gms.ads.identifier.AdvertisingIdClient---zzb---null
03-31 09:27:40.213 28209 28248 D FiniteState: transparent_wallpaper---f97e7155e6cd72b529960fa72e4937675542cb26053fd4248d4e9b5c7cfc387a---com.facebook.ads.internal.dynamicloading.DynamicLoaderFactory---access$200---null
03-31 09:27:40.291 28303 28319 D FiniteState: transparent_wallpaper---f97e7155e6cd72b529960fa72e4937675542cb26053fd4248d4e9b5c7cfc387a---com.google.android.gms.ads.identifier.AdvertisingIdClient---getAdvertisingIdInfo---null
03-31 09:27:40.292 28303 28319 D FiniteState: transparent_wallpaper---f97e7155e6cd72b529960fa72e4937675542cb26053fd4248d4e9b5c7cfc387a---com.google.android.gms.ads.identifier.AdvertisingIdClient---zzb---null
03-31 09:27:40.295 28303 28319 D FiniteState: transparent_wallpaper---f97e7155e6cd72b529960fa72e4937675542cb26053fd4248d4e9b5c7cfc387a---com.google.android.gms.ads.identifier.AdvertisingIdClient---zzd---null
03-31 09:27:40.296 28303 28319 D FiniteState: transparent_wallpaper---f97e7155e6cd72b529960fa72e4937675542cb26053fd4248d4e9b5c7cfc387a---com.google.android.gms.ads.identifier.AdvertisingIdClient---zza---null
03-31 09:27:40.302 28303 28319 D FiniteState: transparent_wallpaper---f97e7155e6cd72b529960fa72e4937675542cb26053fd4248d4e9b5c7cfc387a---com.google.android.gms.ads.identifier.AdvertisingIdClient---getAdvertisingIdInfo---null
03-31 09:27:40.302 28303 28319 D FiniteState: transparent_wallpaper---f97e7155e6cd72b529960fa72e4937675542cb26053fd4248d4e9b5c7cfc387a---com.google.android.gms.ads.identifier.AdvertisingIdClient---zzb---null
03-31 09:27:40.302 28303 28319 D FiniteState: transparent_wallpaper---f97e7155e6cd72b529960fa72e4937675542cb26053fd4248d4e9b5c7cfc387a---com.google.android.gms.ads.identifier.AdvertisingIdClient---zzd---null
03-31 09:27:40.303 28303 28319 D FiniteState: transparent_wallpaper---f97e7155e6cd72b529960fa72e4937675542cb26053fd4248d4e9b5c7cfc387a---com.google.android.gms.ads.identifier.AdvertisingIdClient---zza---null
03-31 09:27:42.114 28344 28356 D FiniteState: transparent_wallpaper---f97e7155e6cd72b529960fa72e4937675542cb26053fd4248d4e9b5c7cfc387a---com.google.android.gms.ads.identifier.AdvertisingIdClient---getAdvertisingIdInfo---null
03-31 09:27:42.114 28344 28356 D FiniteState: transparent_wallpaper---f97e7155e6cd72b529960fa72e4937675542cb26053fd4248d4e9b5c7cfc387a---com.google.android.gms.ads.identifier.AdvertisingIdClient---zzb---null
03-31 09:27:42.123 28344 28344 D FiniteState: transparent_wallpaper---f97e7155e6cd72b529960fa72e4937675542cb26053fd4248d4e9b5c7cfc387a---com.google.android.gms.ads.MobileAdsInitProvider---attachInfo---null
03-31 09:27:42.237 28344 28344 D FiniteState: transparent_wallpaper---f97e7155e6cd72b529960fa72e4937675542cb26053fd4248d4e9b5c7cfc387a---com.facebook.ads.internal.dynamicloading.DynamicLoaderFactory---initialize---null
03-31 09:27:42.237 28344 28344 D FiniteState: transparent_wallpaper---f97e7155e6cd72b529960fa72e4937675542cb26053fd4248d4e9b5c7cfc387a---com.facebook.ads.AudienceNetworkContentProvider---onCreate---null
03-31 09:27:42.243 28344 28379 D FiniteState: transparent_wallpaper---f97e7155e6cd72b529960fa72e4937675542cb26053fd4248d4e9b5c7cfc387a---com.facebook.ads.internal.util.common.ANActivityLifecycleCallbacksListener---registerActivityCallbacks---null
03-31 09:27:42.243 28344 28379 D FiniteState: transparent_wallpaper---f97e7155e6cd72b529960fa72e4937675542cb26053fd4248d4e9b5c7cfc387a---com.facebook.ads.internal.dynamicloading.DynamicLoaderFactory$1---run---null
03-31 09:27:42.335 28344 28385 D FiniteState: transparent_wallpaper---f97e7155e6cd72b529960fa72e4937675542cb26053fd4248d4e9b5c7cfc387a---com.google.android.gms.ads.identifier.AdvertisingIdClient---getAdvertisingIdInfo---null
03-31 09:27:42.338 28344 28385 D FiniteState: transparent_wallpaper---f97e7155e6cd72b529960fa72e4937675542cb26053fd4248d4e9b5c7cfc387a---com.google.android.gms.ads.identifier.AdvertisingIdClient---zzb---null
03-31 09:27:42.436 28344 28385 D FiniteState: transparent_wallpaper---f97e7155e6cd72b529960fa72e4937675542cb26053fd4248d4e9b5c7cfc387a---com.google.android.gms.ads.identifier.AdvertisingIdClient---zzd---null
03-31 09:27:42.436 28344 28356 D FiniteState: transparent_wallpaper---f97e7155e6cd72b529960fa72e4937675542cb26053fd4248d4e9b5c7cfc387a---com.google.android.gms.ads.identifier.AdvertisingIdClient---zzd---null
03-31 09:27:42.439 28344 28385 D FiniteState: transparent_wallpaper---f97e7155e6cd72b529960fa72e4937675542cb26053fd4248d4e9b5c7cfc387a---com.google.android.gms.ads.identifier.AdvertisingIdClient---zza---null
03-31 09:27:42.442 28344 28356 D FiniteState: transparent_wallpaper---f97e7155e6cd72b529960fa72e4937675542cb26053fd4248d4e9b5c7cfc387a---com.google.android.gms.ads.identifier.AdvertisingIdClient---zza---null
03-31 09:27:42.650 28344 28379 D FiniteState: transparent_wallpaper---f97e7155e6cd72b529960fa72e4937675542cb26053fd4248d4e9b5c7cfc387a---com.facebook.ads.internal.dynamicloading.DynamicLoaderFactory---access$200---null
03-31 09:27:43.403 28303 28319 D FiniteState: transparent_wallpaper---f97e7155e6cd72b529960fa72e4937675542cb26053fd4248d4e9b5c7cfc387a---com.google.android.gms.ads.identifier.AdvertisingIdClient---getAdvertisingIdInfo---null
03-31 09:27:43.403 28303 28319 D FiniteState: transparent_wallpaper---f97e7155e6cd72b529960fa72e4937675542cb26053fd4248d4e9b5c7cfc387a---com.google.android.gms.ads.identifier.AdvertisingIdClient---zzb---null
03-31 09:27:43.404 28303 28319 D FiniteState: transparent_wallpaper---f97e7155e6cd72b529960fa72e4937675542cb26053fd4248d4e9b5c7cfc387a---com.google.android.gms.ads.identifier.AdvertisingIdClient---zzd---null
03-31 09:27:43.405 28303 28319 D FiniteState: transparent_wallpaper---f97e7155e6cd72b529960fa72e4937675542cb26053fd4248d4e9b5c7cfc387a---com.google.android.gms.ads.identifier.AdvertisingIdClient---zza---null
03-31 09:27:43.406 28303 28319 D FiniteState: transparent_wallpaper---f97e7155e6cd72b529960fa72e4937675542cb26053fd4248d4e9b5c7cfc387a---com.google.android.gms.ads.identifier.AdvertisingIdClient---getAdvertisingIdInfo---null
03-31 09:27:43.406 28303 28319 D FiniteState: transparent_wallpaper---f97e7155e6cd72b529960fa72e4937675542cb26053fd4248d4e9b5c7cfc387a---com.google.android.gms.ads.identifier.AdvertisingIdClient---zzb---null
03-31 09:27:43.408 28303 28319 D FiniteState: transparent_wallpaper---f97e7155e6cd72b529960fa72e4937675542cb26053fd4248d4e9b5c7cfc387a---com.google.android.gms.ads.identifier.AdvertisingIdClient---zzd---null
03-31 09:27:43.409 28303 28319 D FiniteState: transparent_wallpaper---f97e7155e6cd72b529960fa72e4937675542cb26053fd4248d4e9b5c7cfc387a---com.google.android.gms.ads.identifier.AdvertisingIdClient---zza---null
03-31 09:27:44.367 28344 28344 D FiniteState: transparent_wallpaper---f97e7155e6cd72b529960fa72e4937675542cb26053fd4248d4e9b5c7cfc387a---com.facebook.ads.internal.util.common.ANActivityLifecycleCallbacksListener---onActivityCreated---null
03-31 09:28:12.340 29159 29172 D FiniteState: simple_calendar---75be113c2cf5741abbcb8eb6eb67c0dbe5ad882cd93e51beaa8a2a03e7922c6a---com.google.android.gms.ads.identifier.AdvertisingIdClient---getAdvertisingIdInfo---null
03-31 09:28:12.340 29159 29172 D FiniteState: simple_calendar---75be113c2cf5741abbcb8eb6eb67c0dbe5ad882cd93e51beaa8a2a03e7922c6a---com.google.android.gms.ads.identifier.AdvertisingIdClient---zzb---null
03-31 09:28:12.421 29159 29159 D FiniteState: simple_calendar---75be113c2cf5741abbcb8eb6eb67c0dbe5ad882cd93e51beaa8a2a03e7922c6a---com.google.android.gms.ads.MobileAdsInitProvider---attachInfo---null
03-31 09:28:12.442 29159 29159 D FiniteState: simple_calendar---75be113c2cf5741abbcb8eb6eb67c0dbe5ad882cd93e51beaa8a2a03e7922c6a---com.facebook.ads.internal.dynamicloading.DynamicLoaderFactory---initialize---null
03-31 09:28:12.442 29159 29159 D FiniteState: simple_calendar---75be113c2cf5741abbcb8eb6eb67c0dbe5ad882cd93e51beaa8a2a03e7922c6a---com.facebook.ads.AudienceNetworkContentProvider---onCreate---null
03-31 09:28:12.458 29159 29198 D FiniteState: simple_calendar---75be113c2cf5741abbcb8eb6eb67c0dbe5ad882cd93e51beaa8a2a03e7922c6a---com.facebook.ads.internal.util.common.ANActivityLifecycleCallbacksListener---registerActivityCallbacks---null
03-31 09:28:12.458 29159 29198 D FiniteState: simple_calendar---75be113c2cf5741abbcb8eb6eb67c0dbe5ad882cd93e51beaa8a2a03e7922c6a---com.facebook.ads.internal.dynamicloading.DynamicLoaderFactory$a---run---null
03-31 09:28:12.558 29159 29172 D FiniteState: simple_calendar---75be113c2cf5741abbcb8eb6eb67c0dbe5ad882cd93e51beaa8a2a03e7922c6a---com.google.android.gms.ads.identifier.AdvertisingIdClient---zzd---null
03-31 09:28:12.587 29159 29172 D FiniteState: simple_calendar---75be113c2cf5741abbcb8eb6eb67c0dbe5ad882cd93e51beaa8a2a03e7922c6a---com.google.android.gms.ads.identifier.AdvertisingIdClient---zza---null
03-31 09:28:12.608 29159 29159 D FiniteState: simple_calendar---75be113c2cf5741abbcb8eb6eb67c0dbe5ad882cd93e51beaa8a2a03e7922c6a---com.facebook.ads.internal.util.common.ANActivityLifecycleCallbacksListener---onActivityCreated---null
03-31 09:28:12.672 29159 29159 D FiniteState: simple_calendar---75be113c2cf5741abbcb8eb6eb67c0dbe5ad882cd93e51beaa8a2a03e7922c6a---com.facebook.ads.internal.util.common.ANActivityLifecycleCallbacksListener---onActivityStarted---null
03-31 09:28:12.681 29159 29159 D FiniteState: simple_calendar---75be113c2cf5741abbcb8eb6eb67c0dbe5ad882cd93e51beaa8a2a03e7922c6a---com.facebook.ads.internal.util.common.ANActivityLifecycleCallbacksListener---onActivityResumed---null
03-31 09:28:12.719 29159 29226 D FiniteState: simple_calendar---75be113c2cf5741abbcb8eb6eb67c0dbe5ad882cd93e51beaa8a2a03e7922c6a---com.google.android.gms.ads.identifier.AdvertisingIdClient---getAdvertisingIdInfo---null
03-31 09:28:12.719 29159 29226 D FiniteState: simple_calendar---75be113c2cf5741abbcb8eb6eb67c0dbe5ad882cd93e51beaa8a2a03e7922c6a---com.google.android.gms.ads.identifier.AdvertisingIdClient---zzb---null
03-31 09:28:12.866 29159 29232 D FiniteState: simple_calendar---75be113c2cf5741abbcb8eb6eb67c0dbe5ad882cd93e51beaa8a2a03e7922c6a---com.google.android.gms.ads.identifier.AdvertisingIdClient---getAdvertisingIdInfo---null
03-31 09:28:12.867 29159 29232 D FiniteState: simple_calendar---75be113c2cf5741abbcb8eb6eb67c0dbe5ad882cd93e51beaa8a2a03e7922c6a---com.google.android.gms.ads.identifier.AdvertisingIdClient---zzb---null
03-31 09:28:12.873 29159 29198 D FiniteState: simple_calendar---75be113c2cf5741abbcb8eb6eb67c0dbe5ad882cd93e51beaa8a2a03e7922c6a---com.facebook.ads.internal.dynamicloading.DynamicLoaderFactory---access$200---null
03-31 09:28:13.013 29159 29226 D FiniteState: simple_calendar---75be113c2cf5741abbcb8eb6eb67c0dbe5ad882cd93e51beaa8a2a03e7922c6a---com.google.android.gms.ads.identifier.AdvertisingIdClient---zzd---null
03-31 09:28:13.017 29159 29232 D FiniteState: simple_calendar---75be113c2cf5741abbcb8eb6eb67c0dbe5ad882cd93e51beaa8a2a03e7922c6a---com.google.android.gms.ads.identifier.AdvertisingIdClient---zzd---null
03-31 09:28:13.024 29159 29232 D FiniteState: simple_calendar---75be113c2cf5741abbcb8eb6eb67c0dbe5ad882cd93e51beaa8a2a03e7922c6a---com.google.android.gms.ads.identifier.AdvertisingIdClient---zza---null
03-31 09:28:13.025 29159 29226 D FiniteState: simple_calendar---75be113c2cf5741abbcb8eb6eb67c0dbe5ad882cd93e51beaa8a2a03e7922c6a---com.google.android.gms.ads.identifier.AdvertisingIdClient---zza---null
03-31 09:28:13.137 29238 29254 D FiniteState: simple_calendar---75be113c2cf5741abbcb8eb6eb67c0dbe5ad882cd93e51beaa8a2a03e7922c6a---com.google.android.gms.ads.identifier.AdvertisingIdClient---getAdvertisingIdInfo---null
03-31 09:28:13.139 29238 29254 D FiniteState: simple_calendar---75be113c2cf5741abbcb8eb6eb67c0dbe5ad882cd93e51beaa8a2a03e7922c6a---com.google.android.gms.ads.identifier.AdvertisingIdClient---zzb---null
03-31 09:28:13.179 29238 29254 D FiniteState: simple_calendar---75be113c2cf5741abbcb8eb6eb67c0dbe5ad882cd93e51beaa8a2a03e7922c6a---com.google.android.gms.ads.identifier.AdvertisingIdClient---zzd---null
03-31 09:28:13.209 29238 29254 D FiniteState: simple_calendar---75be113c2cf5741abbcb8eb6eb67c0dbe5ad882cd93e51beaa8a2a03e7922c6a---com.google.android.gms.ads.identifier.AdvertisingIdClient---zza---null
03-31 09:28:13.233 29238 29254 D FiniteState: simple_calendar---75be113c2cf5741abbcb8eb6eb67c0dbe5ad882cd93e51beaa8a2a03e7922c6a---com.google.android.gms.ads.identifier.AdvertisingIdClient---getAdvertisingIdInfo---null
03-31 09:28:13.238 29238 29254 D FiniteState: simple_calendar---75be113c2cf5741abbcb8eb6eb67c0dbe5ad882cd93e51beaa8a2a03e7922c6a---com.google.android.gms.ads.identifier.AdvertisingIdClient---zzb---null
03-31 09:28:13.250 29238 29254 D FiniteState: simple_calendar---75be113c2cf5741abbcb8eb6eb67c0dbe5ad882cd93e51beaa8a2a03e7922c6a---com.google.android.gms.ads.identifier.AdvertisingIdClient---zzd---null
03-31 09:28:13.256 29238 29254 D FiniteState: simple_calendar---75be113c2cf5741abbcb8eb6eb67c0dbe5ad882cd93e51beaa8a2a03e7922c6a---com.google.android.gms.ads.identifier.AdvertisingIdClient---zza---null
03-31 09:28:14.063 29159 29212 D FiniteState: simple_calendar---75be113c2cf5741abbcb8eb6eb67c0dbe5ad882cd93e51beaa8a2a03e7922c6a---com.google.android.gms.ads.internal.client.m0---f---null
03-31 09:28:14.066 29159 29212 D FiniteState: simple_calendar---75be113c2cf5741abbcb8eb6eb67c0dbe5ad882cd93e51beaa8a2a03e7922c6a---com.google.android.gms.ads.internal.client.m0---a---null
03-31 09:28:14.066 29159 29212 D FiniteState: simple_calendar---75be113c2cf5741abbcb8eb6eb67c0dbe5ad882cd93e51beaa8a2a03e7922c6a---com.google.android.gms.ads.internal.client.q---d---null
03-31 09:28:14.069 29159 29212 D FiniteState: simple_calendar---75be113c2cf5741abbcb8eb6eb67c0dbe5ad882cd93e51beaa8a2a03e7922c6a---com.google.android.gms.ads.internal.client.m---c---null
03-31 09:28:14.071 29159 29212 D FiniteState: simple_calendar---75be113c2cf5741abbcb8eb6eb67c0dbe5ad882cd93e51beaa8a2a03e7922c6a---com.google.android.gms.ads.internal.client.n0---a---null
03-31 09:28:14.071 29159 29212 D FiniteState: simple_calendar---75be113c2cf5741abbcb8eb6eb67c0dbe5ad882cd93e51beaa8a2a03e7922c6a---com.google.android.gms.ads.internal.client.y---x3---null
03-31 09:28:14.120 29159 29212 D FiniteState: simple_calendar---75be113c2cf5741abbcb8eb6eb67c0dbe5ad882cd93e51beaa8a2a03e7922c6a---com.google.android.gms.ads.internal.client.LiteSdkInfo---getLiteSdkVersion---null
03-31 09:28:14.120 29159 29212 D FiniteState: simple_calendar---75be113c2cf5741abbcb8eb6eb67c0dbe5ad882cd93e51beaa8a2a03e7922c6a---com.google.android.gms.ads.internal.client.zzen---writeToParcel---null
03-31 09:28:14.122 29159 29212 D FiniteState: simple_calendar---75be113c2cf5741abbcb8eb6eb67c0dbe5ad882cd93e51beaa8a2a03e7922c6a---com.google.android.gms.ads.internal.client.n0---c---null
03-31 09:28:14.122 29159 29212 D FiniteState: simple_calendar---75be113c2cf5741abbcb8eb6eb67c0dbe5ad882cd93e51beaa8a2a03e7922c6a---com.google.android.gms.ads.internal.client.x---L5---null
03-31 09:28:14.123 29159 29212 D FiniteState: simple_calendar---75be113c2cf5741abbcb8eb6eb67c0dbe5ad882cd93e51beaa8a2a03e7922c6a---com.google.android.gms.ads.internal.client.x---m2---null
03-31 09:28:14.124 29159 29212 D FiniteState: simple_calendar---75be113c2cf5741abbcb8eb6eb67c0dbe5ad882cd93e51beaa8a2a03e7922c6a---com.google.android.gms.ads.internal.client.m0---s---null
03-31 09:28:14.126 29159 29212 D FiniteState: simple_calendar---75be113c2cf5741abbcb8eb6eb67c0dbe5ad882cd93e51beaa8a2a03e7922c6a---com.google.android.gms.ads.internal.client.x---f0---null
03-31 09:28:14.126 29159 29212 D FiniteState: simple_calendar---75be113c2cf5741abbcb8eb6eb67c0dbe5ad882cd93e51beaa8a2a03e7922c6a---com.google.android.gms.ads.internal.client.x---I2---null
03-31 09:28:14.129 29159 29212 D FiniteState: simple_calendar---75be113c2cf5741abbcb8eb6eb67c0dbe5ad882cd93e51beaa8a2a03e7922c6a---com.google.android.gms.ads.MobileAds---e---null
03-31 09:28:14.691 29159 29159 D FiniteState: simple_calendar---75be113c2cf5741abbcb8eb6eb67c0dbe5ad882cd93e51beaa8a2a03e7922c6a---com.facebook.ads.AudienceNetworkAds---buildInitSettings---null
03-31 09:28:14.691 29159 29159 D FiniteState: simple_calendar---75be113c2cf5741abbcb8eb6eb67c0dbe5ad882cd93e51beaa8a2a03e7922c6a---com.facebook.ads.internal.settings.MultithreadedBundleWrapper---putString---null
03-31 09:28:14.691 29159 29159 D FiniteState: simple_calendar---75be113c2cf5741abbcb8eb6eb67c0dbe5ad882cd93e51beaa8a2a03e7922c6a---com.facebook.ads.internal.settings.AdInternalSettings---setMediationService---null
03-31 09:28:14.691 29159 29159 D FiniteState: simple_calendar---75be113c2cf5741abbcb8eb6eb67c0dbe5ad882cd93e51beaa8a2a03e7922c6a---com.facebook.ads.AdSettings---setMediationService---null
03-31 09:28:14.691 29159 29159 D FiniteState: simple_calendar---75be113c2cf5741abbcb8eb6eb67c0dbe5ad882cd93e51beaa8a2a03e7922c6a---com.facebook.ads.internal.api.InitSettingsBuilder---withMediationService---null
03-31 09:28:14.691 29159 29159 D FiniteState: simple_calendar---75be113c2cf5741abbcb8eb6eb67c0dbe5ad882cd93e51beaa8a2a03e7922c6a---com.facebook.ads.internal.api.InitSettingsBuilder---withPlacementIds---null
03-31 09:28:14.691 29159 29159 D FiniteState: simple_calendar---75be113c2cf5741abbcb8eb6eb67c0dbe5ad882cd93e51beaa8a2a03e7922c6a---com.facebook.ads.internal.settings.MultithreadedBundleWrapper---putStringArrayList---null
03-31 09:28:14.691 29159 29159 D FiniteState: simple_calendar---75be113c2cf5741abbcb8eb6eb67c0dbe5ad882cd93e51beaa8a2a03e7922c6a---com.facebook.ads.internal.dynamicloading.DynamicLoaderFactory---initialize---null
03-31 09:28:14.692 29159 29417 D FiniteState: simple_calendar---75be113c2cf5741abbcb8eb6eb67c0dbe5ad882cd93e51beaa8a2a03e7922c6a---com.facebook.ads.internal.dynamicloading.DynamicLoaderFactory$a---run---null
03-31 09:28:14.692 29159 29159 D FiniteState: simple_calendar---75be113c2cf5741abbcb8eb6eb67c0dbe5ad882cd93e51beaa8a2a03e7922c6a---com.facebook.ads.internal.api.InitSettingsBuilder---initialize---null
03-31 09:28:15.093 29159 29417 D FiniteState: simple_calendar---75be113c2cf5741abbcb8eb6eb67c0dbe5ad882cd93e51beaa8a2a03e7922c6a---com.facebook.ads.internal.dynamicloading.DynamicLoaderFactory---createErrorMessage---null
03-31 09:28:15.093 29159 29417 D FiniteState: simple_calendar---75be113c2cf5741abbcb8eb6eb67c0dbe5ad882cd93e51beaa8a2a03e7922c6a---com.facebook.ads.internal.dynamicloading.DynamicLoaderFallback---makeFallbackLoader---null
03-31 09:28:15.097 29159 29417 D FiniteState: simple_calendar---75be113c2cf5741abbcb8eb6eb67c0dbe5ad882cd93e51beaa8a2a03e7922c6a---com.facebook.ads.internal.dynamicloading.DynamicLoaderFallback$c$a---invoke---null
03-31 09:28:15.097 29159 29417 D FiniteState: simple_calendar---75be113c2cf5741abbcb8eb6eb67c0dbe5ad882cd93e51beaa8a2a03e7922c6a---com.facebook.ads.internal.dynamicloading.DynamicLoaderFallback$c$a---invoke---null
03-31 09:28:15.097 29159 29417 D FiniteState: simple_calendar---75be113c2cf5741abbcb8eb6eb67c0dbe5ad882cd93e51beaa8a2a03e7922c6a---com.facebook.ads.internal.dynamicloading.DynamicLoaderFallback$c$a---invoke---null
03-31 09:28:15.097 29159 29417 D FiniteState: simple_calendar---75be113c2cf5741abbcb8eb6eb67c0dbe5ad882cd93e51beaa8a2a03e7922c6a---com.facebook.ads.internal.dynamicloading.DynamicLoaderFallback$c$a---invoke---null
03-31 09:28:15.097 29159 29417 D FiniteState: simple_calendar---75be113c2cf5741abbcb8eb6eb67c0dbe5ad882cd93e51beaa8a2a03e7922c6a---com.facebook.ads.internal.dynamicloading.DynamicLoaderFallback$c$a---invoke---null
03-31 09:28:15.097 29159 29417 D FiniteState: simple_calendar---75be113c2cf5741abbcb8eb6eb67c0dbe5ad882cd93e51beaa8a2a03e7922c6a---com.facebook.ads.internal.dynamicloading.DynamicLoaderFallback$c$a---invoke---null
03-31 09:28:15.098 29159 29417 D FiniteState: simple_calendar---75be113c2cf5741abbcb8eb6eb67c0dbe5ad882cd93e51beaa8a2a03e7922c6a---com.facebook.ads.internal.dynamicloading.DynamicLoaderFallback$c$a---invoke---null
03-31 09:28:15.098 29159 29417 D FiniteState: simple_calendar---75be113c2cf5741abbcb8eb6eb67c0dbe5ad882cd93e51beaa8a2a03e7922c6a---com.facebook.ads.internal.dynamicloading.DynamicLoaderFallback$c$a---invoke---null
03-31 09:28:15.098 29159 29417 D FiniteState: simple_calendar---75be113c2cf5741abbcb8eb6eb67c0dbe5ad882cd93e51beaa8a2a03e7922c6a---com.facebook.ads.internal.dynamicloading.DynamicLoaderFallback$c$a---invoke---null
03-31 09:28:15.099 29159 29417 D FiniteState: simple_calendar---75be113c2cf5741abbcb8eb6eb67c0dbe5ad882cd93e51beaa8a2a03e7922c6a---com.facebook.ads.internal.dynamicloading.DynamicLoaderFallback$c$a---invoke---null
03-31 09:28:15.099 29159 29417 D FiniteState: simple_calendar---75be113c2cf5741abbcb8eb6eb67c0dbe5ad882cd93e51beaa8a2a03e7922c6a---com.facebook.ads.internal.dynamicloading.DynamicLoaderFallback$c$a---invoke---null
03-31 09:28:15.099 29159 29417 D FiniteState: simple_calendar---75be113c2cf5741abbcb8eb6eb67c0dbe5ad882cd93e51beaa8a2a03e7922c6a---com.facebook.ads.internal.dynamicloading.DynamicLoaderFallback$c$a---invoke---null
03-31 09:28:15.100 29159 29417 D FiniteState: simple_calendar---75be113c2cf5741abbcb8eb6eb67c0dbe5ad882cd93e51beaa8a2a03e7922c6a---com.facebook.ads.internal.dynamicloading.DynamicLoaderFallback$c$a---invoke---null
03-31 09:28:15.100 29159 29417 D FiniteState: simple_calendar---75be113c2cf5741abbcb8eb6eb67c0dbe5ad882cd93e51beaa8a2a03e7922c6a---com.facebook.ads.internal.dynamicloading.DynamicLoaderFallback$c$a---invoke---null
03-31 09:28:15.100 29159 29417 D FiniteState: simple_calendar---75be113c2cf5741abbcb8eb6eb67c0dbe5ad882cd93e51beaa8a2a03e7922c6a---com.facebook.ads.internal.dynamicloading.DynamicLoaderFallback$c$a---invoke---null
03-31 09:28:15.100 29159 29417 D FiniteState: simple_calendar---75be113c2cf5741abbcb8eb6eb67c0dbe5ad882cd93e51beaa8a2a03e7922c6a---com.facebook.ads.internal.dynamicloading.DynamicLoaderFallback$c$a---invoke---null
03-31 09:28:15.100 29159 29417 D FiniteState: simple_calendar---75be113c2cf5741abbcb8eb6eb67c0dbe5ad882cd93e51beaa8a2a03e7922c6a---com.facebook.ads.internal.dynamicloading.DynamicLoaderFallback$c$a---invoke---null
03-31 09:28:15.100 29159 29417 D FiniteState: simple_calendar---75be113c2cf5741abbcb8eb6eb67c0dbe5ad882cd93e51beaa8a2a03e7922c6a---com.facebook.ads.internal.dynamicloading.DynamicLoaderFallback$c$a---invoke---null
03-31 09:28:15.100 29159 29417 D FiniteState: simple_calendar---75be113c2cf5741abbcb8eb6eb67c0dbe5ad882cd93e51beaa8a2a03e7922c6a---com.facebook.ads.internal.dynamicloading.DynamicLoaderFallback$c$a---invoke---null
03-31 09:28:15.103 29159 29417 D FiniteState: simple_calendar---75be113c2cf5741abbcb8eb6eb67c0dbe5ad882cd93e51beaa8a2a03e7922c6a---com.facebook.ads.internal.dynamicloading.DynamicLoaderFallback$c$a---invoke---null
03-31 09:28:15.103 29159 29417 D FiniteState: simple_calendar---75be113c2cf5741abbcb8eb6eb67c0dbe5ad882cd93e51beaa8a2a03e7922c6a---com.facebook.ads.internal.dynamicloading.DynamicLoaderFallback$c$a---invoke---null
03-31 09:28:15.103 29159 29417 D FiniteState: simple_calendar---75be113c2cf5741abbcb8eb6eb67c0dbe5ad882cd93e51beaa8a2a03e7922c6a---com.facebook.ads.internal.dynamicloading.DynamicLoaderFallback$c$a---invoke---null
03-31 09:28:15.103 29159 29417 D FiniteState: simple_calendar---75be113c2cf5741abbcb8eb6eb67c0dbe5ad882cd93e51beaa8a2a03e7922c6a---com.facebook.ads.internal.dynamicloading.DynamicLoaderFactory---setFallbackMode---null
03-31 09:28:15.103 29159 29417 D FiniteState: simple_calendar---75be113c2cf5741abbcb8eb6eb67c0dbe5ad882cd93e51beaa8a2a03e7922c6a---com.facebook.ads.internal.dynamicloading.DynamicLoaderFactory---doCallInitialize---null
03-31 09:28:15.103 29159 29417 D FiniteState: simple_calendar---75be113c2cf5741abbcb8eb6eb67c0dbe5ad882cd93e51beaa8a2a03e7922c6a---com.facebook.ads.internal.dynamicloading.DynamicLoaderFactory---access$200---null
03-31 09:28:15.203 29159 29159 D FiniteState: simple_calendar---75be113c2cf5741abbcb8eb6eb67c0dbe5ad882cd93e51beaa8a2a03e7922c6a---com.facebook.ads.internal.dynamicloading.DynamicLoaderFactory---createErrorInitResult---null
03-31 09:28:15.204 29159 29159 D FiniteState: simple_calendar---75be113c2cf5741abbcb8eb6eb67c0dbe5ad882cd93e51beaa8a2a03e7922c6a---com.facebook.ads.internal.dynamicloading.DynamicLoaderFactory---createErrorMessage---null
03-31 09:28:15.204 29159 29159 D FiniteState: simple_calendar---75be113c2cf5741abbcb8eb6eb67c0dbe5ad882cd93e51beaa8a2a03e7922c6a---com.facebook.ads.internal.dynamicloading.DynamicLoaderFactory$b---run---null
