03-31 09:19:34.940 14793 14842 D FiniteState: daily_weather---cf06ab3e9b76717adab34bfcc757be7adfe87acc8c7a38b2a385a1c1a786246e---com.google.android.gms.ads.identifier.AdvertisingIdClient---zza---null
03-31 09:19:34.990 14793 15020 D FiniteState: daily_weather---cf06ab3e9b76717adab34bfcc757be7adfe87acc8c7a38b2a385a1c1a786246e---com.google.android.gms.ads.identifier.AdvertisingIdClient---zza---null
03-31 09:19:35.350 14793 14793 D FiniteState: daily_weather---cf06ab3e9b76717adab34bfcc757be7adfe87acc8c7a38b2a385a1c1a786246e---com.facebook.ads.AudienceNetworkAds---buildInitSettings---null
03-31 09:19:35.351 14793 14793 D FiniteState: daily_weather---cf06ab3e9b76717adab34bfcc757be7adfe87acc8c7a38b2a385a1c1a786246e---com.facebook.ads.internal.settings.MultithreadedBundleWrapper---putString---null
03-31 09:19:35.351 14793 14793 D FiniteState: daily_weather---cf06ab3e9b76717adab34bfcc757be7adfe87acc8c7a38b2a385a1c1a786246e---com.facebook.ads.internal.settings.AdInternalSettings---setMediationService---null
03-31 09:19:35.351 14793 14793 D FiniteState: daily_weather---cf06ab3e9b76717adab34bfcc757be7adfe87acc8c7a38b2a385a1c1a786246e---com.facebook.ads.AdSettings---setMediationService---null
03-31 09:19:35.351 14793 14793 D FiniteState: daily_weather---cf06ab3e9b76717adab34bfcc757be7adfe87acc8c7a38b2a385a1c1a786246e---com.facebook.ads.internal.api.InitSettingsBuilder---withMediationService---null
03-31 09:19:35.351 14793 14793 D FiniteState: daily_weather---cf06ab3e9b76717adab34bfcc757be7adfe87acc8c7a38b2a385a1c1a786246e---com.facebook.ads.internal.api.InitSettingsBuilder---withPlacementIds---null
03-31 09:19:35.351 14793 14793 D FiniteState: daily_weather---cf06ab3e9b76717adab34bfcc757be7adfe87acc8c7a38b2a385a1c1a786246e---com.facebook.ads.internal.settings.MultithreadedBundleWrapper---putStringArrayList---null
03-31 09:19:35.351 14793 14793 D FiniteState: daily_weather---cf06ab3e9b76717adab34bfcc757be7adfe87acc8c7a38b2a385a1c1a786246e---com.facebook.ads.internal.dynamicloading.DynamicLoaderFactory---initialize---null
03-31 09:19:35.355 14793 14793 D FiniteState: daily_weather---cf06ab3e9b76717adab34bfcc757be7adfe87acc8c7a38b2a385a1c1a786246e---com.facebook.ads.internal.api.InitSettingsBuilder---initialize---null
03-31 09:19:35.359 14793 15093 D FiniteState: daily_weather---cf06ab3e9b76717adab34bfcc757be7adfe87acc8c7a38b2a385a1c1a786246e---com.facebook.ads.internal.dynamicloading.DynamicLoaderFactory$oCUgn---run---null
03-31 09:19:35.360 14793 15093 D FiniteState: daily_weather---cf06ab3e9b76717adab34bfcc757be7adfe87acc8c7a38b2a385a1c1a786246e---com.facebook.ads.internal.dynamicloading.DynamicLoaderFactory---doMakeLoader---null
03-31 09:19:35.562 14793 15093 D FiniteState: daily_weather---cf06ab3e9b76717adab34bfcc757be7adfe87acc8c7a38b2a385a1c1a786246e---com.facebook.ads.internal.dynamicloading.DynamicLoaderFactory---doMakeLoader---null
03-31 09:19:35.616 14793 15111 D FiniteState: daily_weather---cf06ab3e9b76717adab34bfcc757be7adfe87acc8c7a38b2a385a1c1a786246e---com.google.android.gms.ads.identifier.AdvertisingIdClient---getAdvertisingIdInfo---null
03-31 09:19:35.618 14793 15111 D FiniteState: daily_weather---cf06ab3e9b76717adab34bfcc757be7adfe87acc8c7a38b2a385a1c1a786246e---com.google.android.gms.ads.identifier.AdvertisingIdClient---zzb---null
03-31 09:19:35.705 14793 14793 D FiniteState: daily_weather---cf06ab3e9b76717adab34bfcc757be7adfe87acc8c7a38b2a385a1c1a786246e---com.google.android.gms.ads.internal.client.zzej---zzk---null
03-31 09:19:35.706 14793 14793 D FiniteState: daily_weather---cf06ab3e9b76717adab34bfcc757be7adfe87acc8c7a38b2a385a1c1a786246e---com.google.android.gms.ads.internal.client.zzcm---zzi---null
03-31 09:19:35.706 14793 14793 D FiniteState: daily_weather---cf06ab3e9b76717adab34bfcc757be7adfe87acc8c7a38b2a385a1c1a786246e---com.google.android.gms.ads.MobileAds---disableMediationAdapterInitialization---null
03-31 09:19:35.707 14793 14793 D FiniteState: daily_weather---cf06ab3e9b76717adab34bfcc757be7adfe87acc8c7a38b2a385a1c1a786246e---com.google.android.gms.ads.MobileAds---initialize---null
03-31 09:19:35.708 14793 15111 D FiniteState: daily_weather---cf06ab3e9b76717adab34bfcc757be7adfe87acc8c7a38b2a385a1c1a786246e---com.google.android.gms.ads.identifier.AdvertisingIdClient---zzd---null
03-31 09:19:35.714 14793 14793 D FiniteState: daily_weather---cf06ab3e9b76717adab34bfcc757be7adfe87acc8c7a38b2a385a1c1a786246e---com.facebook.ads.internal.settings.MultithreadedBundleWrapper---putString---null
03-31 09:19:35.714 14793 14793 D FiniteState: daily_weather---cf06ab3e9b76717adab34bfcc757be7adfe87acc8c7a38b2a385a1c1a786246e---com.facebook.ads.internal.settings.AdInternalSettings---setMediationService---null
03-31 09:19:35.714 14793 14793 D FiniteState: daily_weather---cf06ab3e9b76717adab34bfcc757be7adfe87acc8c7a38b2a385a1c1a786246e---com.facebook.ads.AdSettings---setMediationService---null
03-31 09:19:35.715 14793 14793 D FiniteState: daily_weather---cf06ab3e9b76717adab34bfcc757be7adfe87acc8c7a38b2a385a1c1a786246e---com.facebook.ads.internal.settings.MultithreadedBundleWrapper---putBoolean---null
03-31 09:19:35.715 14793 14793 D FiniteState: daily_weather---cf06ab3e9b76717adab34bfcc757be7adfe87acc8c7a38b2a385a1c1a786246e---com.facebook.ads.AdSettings---setDebugBuild---null
03-31 09:19:35.715 14793 14793 D FiniteState: daily_weather---cf06ab3e9b76717adab34bfcc757be7adfe87acc8c7a38b2a385a1c1a786246e---com.facebook.ads.AudienceNetworkAds---buildInitSettings---null
03-31 09:19:35.715 14793 14793 D FiniteState: daily_weather---cf06ab3e9b76717adab34bfcc757be7adfe87acc8c7a38b2a385a1c1a786246e---com.facebook.ads.internal.settings.MultithreadedBundleWrapper---putString---null
03-31 09:19:35.715 14793 14793 D FiniteState: daily_weather---cf06ab3e9b76717adab34bfcc757be7adfe87acc8c7a38b2a385a1c1a786246e---com.facebook.ads.internal.settings.AdInternalSettings---setMediationService---null
03-31 09:19:35.715 14793 14793 D FiniteState: daily_weather---cf06ab3e9b76717adab34bfcc757be7adfe87acc8c7a38b2a385a1c1a786246e---com.facebook.ads.AdSettings---setMediationService---null
03-31 09:19:35.715 14793 14793 D FiniteState: daily_weather---cf06ab3e9b76717adab34bfcc757be7adfe87acc8c7a38b2a385a1c1a786246e---com.facebook.ads.internal.api.InitSettingsBuilder---withMediationService---null
03-31 09:19:35.715 14793 14793 D FiniteState: daily_weather---cf06ab3e9b76717adab34bfcc757be7adfe87acc8c7a38b2a385a1c1a786246e---com.facebook.ads.internal.api.InitSettingsBuilder---withPlacementIds---null
03-31 09:19:35.715 14793 14793 D FiniteState: daily_weather---cf06ab3e9b76717adab34bfcc757be7adfe87acc8c7a38b2a385a1c1a786246e---com.facebook.ads.internal.settings.MultithreadedBundleWrapper---putStringArrayList---null
03-31 09:19:35.715 14793 14793 D FiniteState: daily_weather---cf06ab3e9b76717adab34bfcc757be7adfe87acc8c7a38b2a385a1c1a786246e---com.facebook.ads.internal.api.InitSettingsBuilder---initialize---null
03-31 09:19:35.717 14793 14793 D FiniteState: daily_weather---cf06ab3e9b76717adab34bfcc757be7adfe87acc8c7a38b2a385a1c1a786246e---com.facebook.ads.internal.settings.MultithreadedBundleWrapper---putString---null
03-31 09:19:35.718 14793 14793 D FiniteState: daily_weather---cf06ab3e9b76717adab34bfcc757be7adfe87acc8c7a38b2a385a1c1a786246e---com.facebook.ads.internal.settings.AdInternalSettings---setMediationService---null
03-31 09:19:35.718 14793 14793 D FiniteState: daily_weather---cf06ab3e9b76717adab34bfcc757be7adfe87acc8c7a38b2a385a1c1a786246e---com.facebook.ads.AdSettings---setMediationService---null
03-31 09:19:35.721 14793 15111 D FiniteState: daily_weather---cf06ab3e9b76717adab34bfcc757be7adfe87acc8c7a38b2a385a1c1a786246e---com.google.android.gms.ads.identifier.AdvertisingIdClient---zza---null
03-31 09:19:35.760 14793 15137 D FiniteState: daily_weather---cf06ab3e9b76717adab34bfcc757be7adfe87acc8c7a38b2a385a1c1a786246e---com.google.android.gms.ads.identifier.AdvertisingIdClient---getAdvertisingIdInfo---null
03-31 09:19:35.761 14793 15137 D FiniteState: daily_weather---cf06ab3e9b76717adab34bfcc757be7adfe87acc8c7a38b2a385a1c1a786246e---com.google.android.gms.ads.identifier.AdvertisingIdClient---zzb---null
03-31 09:19:35.762 14793 15093 D FiniteState: daily_weather---cf06ab3e9b76717adab34bfcc757be7adfe87acc8c7a38b2a385a1c1a786246e---com.facebook.ads.internal.dynamicloading.DynamicLoaderFactory---doMakeLoader---null
03-31 09:19:35.763 14793 15137 D FiniteState: daily_weather---cf06ab3e9b76717adab34bfcc757be7adfe87acc8c7a38b2a385a1c1a786246e---com.google.android.gms.ads.identifier.AdvertisingIdClient---zzd---null
03-31 09:19:35.763 14793 15093 D FiniteState: daily_weather---cf06ab3e9b76717adab34bfcc757be7adfe87acc8c7a38b2a385a1c1a786246e---com.facebook.ads.internal.dynamicloading.DynamicLoaderFactory---createErrorMessage---null
03-31 09:19:35.763 14793 15093 D FiniteState: daily_weather---cf06ab3e9b76717adab34bfcc757be7adfe87acc8c7a38b2a385a1c1a786246e---com.facebook.ads.internal.dynamicloading.DynamicLoaderFallback---makeFallbackLoader---null
03-31 09:19:35.764 14793 15137 D FiniteState: daily_weather---cf06ab3e9b76717adab34bfcc757be7adfe87acc8c7a38b2a385a1c1a786246e---com.google.android.gms.ads.identifier.AdvertisingIdClient---zza---null
03-31 09:19:35.771 14793 15093 D FiniteState: daily_weather---cf06ab3e9b76717adab34bfcc757be7adfe87acc8c7a38b2a385a1c1a786246e---com.facebook.ads.internal.dynamicloading.DynamicLoaderFactory---setFallbackMode---null
03-31 09:19:35.771 14793 15093 D FiniteState: daily_weather---cf06ab3e9b76717adab34bfcc757be7adfe87acc8c7a38b2a385a1c1a786246e---com.facebook.ads.internal.dynamicloading.DynamicLoaderFactory---doCallInitialize---null
03-31 09:19:35.771 14793 15093 D FiniteState: daily_weather---cf06ab3e9b76717adab34bfcc757be7adfe87acc8c7a38b2a385a1c1a786246e---com.facebook.ads.internal.dynamicloading.DynamicLoaderFactory---access$200---null
03-31 09:19:35.876 14793 14793 D FiniteState: daily_weather---cf06ab3e9b76717adab34bfcc757be7adfe87acc8c7a38b2a385a1c1a786246e---com.facebook.ads.internal.dynamicloading.DynamicLoaderFactory---createErrorInitResult---null
03-31 09:19:35.876 14793 14793 D FiniteState: daily_weather---cf06ab3e9b76717adab34bfcc757be7adfe87acc8c7a38b2a385a1c1a786246e---com.facebook.ads.internal.dynamicloading.DynamicLoaderFactory---createErrorMessage---null
03-31 09:19:35.878 14793 14793 D FiniteState: daily_weather---cf06ab3e9b76717adab34bfcc757be7adfe87acc8c7a38b2a385a1c1a786246e---com.facebook.ads.internal.dynamicloading.DynamicLoaderFactory$KeS---run---null
03-31 09:19:35.929 14793 14799 D FiniteState: daily_weather---cf06ab3e9b76717adab34bfcc757be7adfe87acc8c7a38b2a385a1c1a786246e---com.google.android.gms.ads.identifier.AdvertisingIdClient---zza---null
03-31 09:19:35.930 14793 14799 D FiniteState: daily_weather---cf06ab3e9b76717adab34bfcc757be7adfe87acc8c7a38b2a385a1c1a786246e---com.google.android.gms.ads.identifier.AdvertisingIdClient---finalize---null
03-31 09:19:35.931 14793 14799 D FiniteState: daily_weather---cf06ab3e9b76717adab34bfcc757be7adfe87acc8c7a38b2a385a1c1a786246e---com.google.android.gms.ads.identifier.AdvertisingIdClient---zza---null
03-31 09:19:35.931 14793 14799 D FiniteState: daily_weather---cf06ab3e9b76717adab34bfcc757be7adfe87acc8c7a38b2a385a1c1a786246e---com.google.android.gms.ads.identifier.AdvertisingIdClient---finalize---null
03-31 09:19:35.933 14793 14799 D FiniteState: daily_weather---cf06ab3e9b76717adab34bfcc757be7adfe87acc8c7a38b2a385a1c1a786246e---com.google.android.gms.ads.identifier.AdvertisingIdClient---zza---null
03-31 09:19:35.933 14793 14799 D FiniteState: daily_weather---cf06ab3e9b76717adab34bfcc757be7adfe87acc8c7a38b2a385a1c1a786246e---com.google.android.gms.ads.identifier.AdvertisingIdClient---finalize---null
03-31 09:19:35.933 14793 14799 D FiniteState: daily_weather---cf06ab3e9b76717adab34bfcc757be7adfe87acc8c7a38b2a385a1c1a786246e---com.google.android.gms.ads.identifier.AdvertisingIdClient---zza---null
03-31 09:19:35.933 14793 14799 D FiniteState: daily_weather---cf06ab3e9b76717adab34bfcc757be7adfe87acc8c7a38b2a385a1c1a786246e---com.google.android.gms.ads.identifier.AdvertisingIdClient---finalize---null
03-31 09:19:35.933 14793 14799 D FiniteState: daily_weather---cf06ab3e9b76717adab34bfcc757be7adfe87acc8c7a38b2a385a1c1a786246e---com.google.android.gms.ads.identifier.AdvertisingIdClient---zza---null
03-31 09:19:35.933 14793 14799 D FiniteState: daily_weather---cf06ab3e9b76717adab34bfcc757be7adfe87acc8c7a38b2a385a1c1a786246e---com.google.android.gms.ads.identifier.AdvertisingIdClient---finalize---null
03-31 09:19:35.933 14793 14799 D FiniteState: daily_weather---cf06ab3e9b76717adab34bfcc757be7adfe87acc8c7a38b2a385a1c1a786246e---com.google.android.gms.ads.identifier.AdvertisingIdClient---zza---null
03-31 09:19:35.933 14793 14799 D FiniteState: daily_weather---cf06ab3e9b76717adab34bfcc757be7adfe87acc8c7a38b2a385a1c1a786246e---com.google.android.gms.ads.identifier.AdvertisingIdClient---finalize---null
03-31 09:19:35.933 14793 14799 D FiniteState: daily_weather---cf06ab3e9b76717adab34bfcc757be7adfe87acc8c7a38b2a385a1c1a786246e---com.google.android.gms.ads.identifier.AdvertisingIdClient---zza---null
03-31 09:19:35.933 14793 14799 D FiniteState: daily_weather---cf06ab3e9b76717adab34bfcc757be7adfe87acc8c7a38b2a385a1c1a786246e---com.google.android.gms.ads.identifier.AdvertisingIdClient---finalize---null
03-31 09:19:35.933 14793 14799 D FiniteState: daily_weather---cf06ab3e9b76717adab34bfcc757be7adfe87acc8c7a38b2a385a1c1a786246e---com.google.android.gms.ads.identifier.AdvertisingIdClient---zza---null
03-31 09:19:35.933 14793 14799 D FiniteState: daily_weather---cf06ab3e9b76717adab34bfcc757be7adfe87acc8c7a38b2a385a1c1a786246e---com.google.android.gms.ads.identifier.AdvertisingIdClient---finalize---null
03-31 09:19:35.933 14793 14799 D FiniteState: daily_weather---cf06ab3e9b76717adab34bfcc757be7adfe87acc8c7a38b2a385a1c1a786246e---com.google.android.gms.ads.identifier.AdvertisingIdClient---zza---null
03-31 09:19:35.933 14793 14799 D FiniteState: daily_weather---cf06ab3e9b76717adab34bfcc757be7adfe87acc8c7a38b2a385a1c1a786246e---com.google.android.gms.ads.identifier.AdvertisingIdClient---finalize---null
03-31 09:19:35.933 14793 14799 D FiniteState: daily_weather---cf06ab3e9b76717adab34bfcc757be7adfe87acc8c7a38b2a385a1c1a786246e---com.google.android.gms.ads.identifier.AdvertisingIdClient---zza---null
03-31 09:19:35.933 14793 14799 D FiniteState: daily_weather---cf06ab3e9b76717adab34bfcc757be7adfe87acc8c7a38b2a385a1c1a786246e---com.google.android.gms.ads.identifier.AdvertisingIdClient---finalize---null
03-31 09:19:35.934 14793 14799 D FiniteState: daily_weather---cf06ab3e9b76717adab34bfcc757be7adfe87acc8c7a38b2a385a1c1a786246e---com.google.android.gms.ads.identifier.AdvertisingIdClient---zza---null
03-31 09:19:35.934 14793 14799 D FiniteState: daily_weather---cf06ab3e9b76717adab34bfcc757be7adfe87acc8c7a38b2a385a1c1a786246e---com.google.android.gms.ads.identifier.AdvertisingIdClient---finalize---null
03-31 09:19:35.934 14793 14799 D FiniteState: daily_weather---cf06ab3e9b76717adab34bfcc757be7adfe87acc8c7a38b2a385a1c1a786246e---com.google.android.gms.ads.identifier.AdvertisingIdClient---zza---null
03-31 09:19:35.934 14793 14799 D FiniteState: daily_weather---cf06ab3e9b76717adab34bfcc757be7adfe87acc8c7a38b2a385a1c1a786246e---com.google.android.gms.ads.identifier.AdvertisingIdClient---finalize---null
03-31 09:19:35.934 14793 14799 D FiniteState: daily_weather---cf06ab3e9b76717adab34bfcc757be7adfe87acc8c7a38b2a385a1c1a786246e---com.google.android.gms.ads.identifier.AdvertisingIdClient---zza---null
03-31 09:19:35.934 14793 14799 D FiniteState: daily_weather---cf06ab3e9b76717adab34bfcc757be7adfe87acc8c7a38b2a385a1c1a786246e---com.google.android.gms.ads.identifier.AdvertisingIdClient---finalize---null
03-31 09:19:35.936 14793 14799 D FiniteState: daily_weather---cf06ab3e9b76717adab34bfcc757be7adfe87acc8c7a38b2a385a1c1a786246e---com.google.android.gms.ads.identifier.AdvertisingIdClient---zza---null
03-31 09:19:35.936 14793 14799 D FiniteState: daily_weather---cf06ab3e9b76717adab34bfcc757be7adfe87acc8c7a38b2a385a1c1a786246e---com.google.android.gms.ads.identifier.AdvertisingIdClient---finalize---null
03-31 09:19:35.936 14793 14799 D FiniteState: daily_weather---cf06ab3e9b76717adab34bfcc757be7adfe87acc8c7a38b2a385a1c1a786246e---com.google.android.gms.ads.identifier.AdvertisingIdClient---zza---null
03-31 09:19:35.936 14793 14799 D FiniteState: daily_weather---cf06ab3e9b76717adab34bfcc757be7adfe87acc8c7a38b2a385a1c1a786246e---com.google.android.gms.ads.identifier.AdvertisingIdClient---finalize---null
03-31 09:19:35.937 14793 14799 D FiniteState: daily_weather---cf06ab3e9b76717adab34bfcc757be7adfe87acc8c7a38b2a385a1c1a786246e---com.google.android.gms.ads.identifier.AdvertisingIdClient---zza---null
03-31 09:19:35.937 14793 14799 D FiniteState: daily_weather---cf06ab3e9b76717adab34bfcc757be7adfe87acc8c7a38b2a385a1c1a786246e---com.google.android.gms.ads.identifier.AdvertisingIdClient---finalize---null
03-31 09:19:35.937 14793 14799 D FiniteState: daily_weather---cf06ab3e9b76717adab34bfcc757be7adfe87acc8c7a38b2a385a1c1a786246e---com.google.android.gms.ads.identifier.AdvertisingIdClient---zza---null
03-31 09:19:35.937 14793 14799 D FiniteState: daily_weather---cf06ab3e9b76717adab34bfcc757be7adfe87acc8c7a38b2a385a1c1a786246e---com.google.android.gms.ads.identifier.AdvertisingIdClient---finalize---null
03-31 09:19:35.937 14793 14799 D FiniteState: daily_weather---cf06ab3e9b76717adab34bfcc757be7adfe87acc8c7a38b2a385a1c1a786246e---com.google.android.gms.ads.identifier.AdvertisingIdClient---zza---null
03-31 09:19:35.937 14793 14799 D FiniteState: daily_weather---cf06ab3e9b76717adab34bfcc757be7adfe87acc8c7a38b2a385a1c1a786246e---com.google.android.gms.ads.identifier.AdvertisingIdClient---finalize---null
03-31 09:19:35.939 14793 14973 D FiniteState: daily_weather---cf06ab3e9b76717adab34bfcc757be7adfe87acc8c7a38b2a385a1c1a786246e---com.google.android.gms.ads.identifier.AdvertisingIdClient---getAdvertisingIdInfo---null
03-31 09:19:35.939 14793 14973 D FiniteState: daily_weather---cf06ab3e9b76717adab34bfcc757be7adfe87acc8c7a38b2a385a1c1a786246e---com.google.android.gms.ads.identifier.AdvertisingIdClient---zzb---null
03-31 09:19:35.941 14793 14973 D FiniteState: daily_weather---cf06ab3e9b76717adab34bfcc757be7adfe87acc8c7a38b2a385a1c1a786246e---com.google.android.gms.ads.identifier.AdvertisingIdClient---zzd---null
03-31 09:19:35.941 14793 14973 D FiniteState: daily_weather---cf06ab3e9b76717adab34bfcc757be7adfe87acc8c7a38b2a385a1c1a786246e---com.google.android.gms.ads.identifier.AdvertisingIdClient---zza---null
03-31 09:19:35.942 14793 14973 D FiniteState: daily_weather---cf06ab3e9b76717adab34bfcc757be7adfe87acc8c7a38b2a385a1c1a786246e---com.google.android.gms.ads.identifier.AdvertisingIdClient---getAdvertisingIdInfo---null
03-31 09:19:35.942 14793 14973 D FiniteState: daily_weather---cf06ab3e9b76717adab34bfcc757be7adfe87acc8c7a38b2a385a1c1a786246e---com.google.android.gms.ads.identifier.AdvertisingIdClient---zzb---null
03-31 09:19:35.943 14793 14973 D FiniteState: daily_weather---cf06ab3e9b76717adab34bfcc757be7adfe87acc8c7a38b2a385a1c1a786246e---com.google.android.gms.ads.identifier.AdvertisingIdClient---zzd---null
03-31 09:19:35.944 14793 14973 D FiniteState: daily_weather---cf06ab3e9b76717adab34bfcc757be7adfe87acc8c7a38b2a385a1c1a786246e---com.google.android.gms.ads.identifier.AdvertisingIdClient---zza---null
03-31 09:19:35.954 14793 14793 D FiniteState: daily_weather---cf06ab3e9b76717adab34bfcc757be7adfe87acc8c7a38b2a385a1c1a786246e---com.google.android.gms.ads.internal.client.zzei---zzb---null
03-31 09:19:35.954 14793 14793 D FiniteState: daily_weather---cf06ab3e9b76717adab34bfcc757be7adfe87acc8c7a38b2a385a1c1a786246e---com.google.android.gms.ads.internal.client.zzej---zzx---null
03-31 09:19:36.517 14793 14799 D FiniteState: daily_weather---cf06ab3e9b76717adab34bfcc757be7adfe87acc8c7a38b2a385a1c1a786246e---com.google.android.gms.ads.identifier.AdvertisingIdClient---zza---null
03-31 09:19:36.517 14793 14799 D FiniteState: daily_weather---cf06ab3e9b76717adab34bfcc757be7adfe87acc8c7a38b2a385a1c1a786246e---com.google.android.gms.ads.identifier.AdvertisingIdClient---finalize---null
03-31 09:19:36.517 14793 14799 D FiniteState: daily_weather---cf06ab3e9b76717adab34bfcc757be7adfe87acc8c7a38b2a385a1c1a786246e---com.google.android.gms.ads.identifier.AdvertisingIdClient---zza---null
03-31 09:19:36.517 14793 14799 D FiniteState: daily_weather---cf06ab3e9b76717adab34bfcc757be7adfe87acc8c7a38b2a385a1c1a786246e---com.google.android.gms.ads.identifier.AdvertisingIdClient---finalize---null
03-31 09:19:36.736 14793 14793 D FiniteState: daily_weather---cf06ab3e9b76717adab34bfcc757be7adfe87acc8c7a38b2a385a1c1a786246e---com.facebook.ads.internal.util.common.ANActivityLifecycleCallbacksListener---onActivityPaused---null
03-31 09:19:36.790 14793 14793 D FiniteState: daily_weather---cf06ab3e9b76717adab34bfcc757be7adfe87acc8c7a38b2a385a1c1a786246e---com.facebook.ads.internal.util.common.ANActivityLifecycleCallbacksListener---onActivityCreated---null
03-31 09:19:36.890 14793 14793 D FiniteState: daily_weather---cf06ab3e9b76717adab34bfcc757be7adfe87acc8c7a38b2a385a1c1a786246e---com.facebook.ads.internal.util.common.ANActivityLifecycleCallbacksListener---onActivityStarted---null
03-31 09:19:36.893 14793 14793 D FiniteState: daily_weather---cf06ab3e9b76717adab34bfcc757be7adfe87acc8c7a38b2a385a1c1a786246e---com.facebook.ads.internal.util.common.ANActivityLifecycleCallbacksListener---onActivityResumed---null
03-31 09:19:37.408 14793 14793 D FiniteState: daily_weather---cf06ab3e9b76717adab34bfcc757be7adfe87acc8c7a38b2a385a1c1a786246e---com.facebook.ads.internal.util.common.ANActivityLifecycleCallbacksListener---onActivityStopped---null
03-31 09:19:37.418 14793 14793 D FiniteState: daily_weather---cf06ab3e9b76717adab34bfcc757be7adfe87acc8c7a38b2a385a1c1a786246e---com.facebook.ads.internal.util.common.ANActivityLifecycleCallbacksListener---onActivityDestroyed---null
03-31 09:19:48.659 14793 14843 D FiniteState: daily_weather---cf06ab3e9b76717adab34bfcc757be7adfe87acc8c7a38b2a385a1c1a786246e---com.google.android.gms.ads.identifier.AdvertisingIdClient---getAdvertisingIdInfo---null
03-31 09:19:48.659 14793 14843 D FiniteState: daily_weather---cf06ab3e9b76717adab34bfcc757be7adfe87acc8c7a38b2a385a1c1a786246e---com.google.android.gms.ads.identifier.AdvertisingIdClient---zzb---null
03-31 09:19:48.660 14793 14843 D FiniteState: daily_weather---cf06ab3e9b76717adab34bfcc757be7adfe87acc8c7a38b2a385a1c1a786246e---com.google.android.gms.ads.identifier.AdvertisingIdClient---zzd---null
03-31 09:19:48.661 14793 14843 D FiniteState: daily_weather---cf06ab3e9b76717adab34bfcc757be7adfe87acc8c7a38b2a385a1c1a786246e---com.google.android.gms.ads.identifier.AdvertisingIdClient---zza---null
03-31 09:20:02.838 15854 15854 D FiniteState: 2ca414340473f9e706848cc75ee3d8a58b1fbe33a8b0e60ee0bb30b877a7b8d5---2ca414340473f9e706848cc75ee3d8a58b1fbe33a8b0e60ee0bb30b877a7b8d5---com.google.android.gms.ads.RequestConfiguration$Builder---build---null
03-31 09:20:02.993 15854 15854 D FiniteState: 2ca414340473f9e706848cc75ee3d8a58b1fbe33a8b0e60ee0bb30b877a7b8d5---2ca414340473f9e706848cc75ee3d8a58b1fbe33a8b0e60ee0bb30b877a7b8d5---com.google.android.gms.ads.MobileAds---initialize---null
03-31 09:20:02.993 15854 15854 D FiniteState: 2ca414340473f9e706848cc75ee3d8a58b1fbe33a8b0e60ee0bb30b877a7b8d5---2ca414340473f9e706848cc75ee3d8a58b1fbe33a8b0e60ee0bb30b877a7b8d5---com.google.android.gms.ads.RequestConfiguration$Builder---setTestDeviceIds---null
03-31 09:20:02.993 15854 15854 D FiniteState: 2ca414340473f9e706848cc75ee3d8a58b1fbe33a8b0e60ee0bb30b877a7b8d5---2ca414340473f9e706848cc75ee3d8a58b1fbe33a8b0e60ee0bb30b877a7b8d5---com.google.android.gms.ads.RequestConfiguration$Builder---build---null
03-31 09:20:02.994 15854 15854 D FiniteState: 2ca414340473f9e706848cc75ee3d8a58b1fbe33a8b0e60ee0bb30b877a7b8d5---2ca414340473f9e706848cc75ee3d8a58b1fbe33a8b0e60ee0bb30b877a7b8d5---com.google.android.gms.ads.MobileAds---setRequestConfiguration---null
03-31 09:20:31.262 16458 16458 D FiniteState: banner_example---f01c07cd791bcfe5a46317e1d5907ccddbe00d7e73a6288bf24b8f414e5796d3---com.google.android.gms.ads.MobileAdsInitProvider---attachInfo---null
03-31 09:20:31.457 16458 16458 D FiniteState: banner_example---f01c07cd791bcfe5a46317e1d5907ccddbe00d7e73a6288bf24b8f414e5796d3---com.google.android.gms.ads.RequestConfiguration$Builder---build---null
03-31 09:20:31.457 16458 16458 D FiniteState: banner_example---f01c07cd791bcfe5a46317e1d5907ccddbe00d7e73a6288bf24b8f414e5796d3---com.google.android.gms.ads.internal.client.zzej---zzf---null
03-31 09:20:31.457 16458 16458 D FiniteState: banner_example---f01c07cd791bcfe5a46317e1d5907ccddbe00d7e73a6288bf24b8f414e5796d3---com.google.android.gms.ads.MobileAds---getVersion---null
03-31 09:20:31.575 16458 16458 D FiniteState: banner_example---f01c07cd791bcfe5a46317e1d5907ccddbe00d7e73a6288bf24b8f414e5796d3---com.google.android.gms.ads.RequestConfiguration$Builder---setTestDeviceIds---null
03-31 09:20:31.575 16458 16458 D FiniteState: banner_example---f01c07cd791bcfe5a46317e1d5907ccddbe00d7e73a6288bf24b8f414e5796d3---com.google.android.gms.ads.RequestConfiguration$Builder---build---null
03-31 09:20:31.575 16458 16458 D FiniteState: banner_example---f01c07cd791bcfe5a46317e1d5907ccddbe00d7e73a6288bf24b8f414e5796d3---com.google.android.gms.ads.internal.client.zzej---zzv---null
03-31 09:20:31.575 16458 16458 D FiniteState: banner_example---f01c07cd791bcfe5a46317e1d5907ccddbe00d7e73a6288bf24b8f414e5796d3---com.google.android.gms.ads.MobileAds---setRequestConfiguration---null
03-31 09:20:32.602 16458 16458 D FiniteState: banner_example---f01c07cd791bcfe5a46317e1d5907ccddbe00d7e73a6288bf24b8f414e5796d3---com.google.android.gms.ads.internal.client.zzej---zzA---null
03-31 09:20:32.604 16458 16458 D FiniteState: banner_example---f01c07cd791bcfe5a46317e1d5907ccddbe00d7e73a6288bf24b8f414e5796d3---com.google.android.gms.ads.internal.client.zzax---zzd---null
03-31 09:20:32.638 16458 16458 D FiniteState: banner_example---f01c07cd791bcfe5a46317e1d5907ccddbe00d7e73a6288bf24b8f414e5796d3---com.google.android.gms.ads.internal.client.zzaq---zzc---null
03-31 09:20:32.646 16458 16458 D FiniteState: banner_example---f01c07cd791bcfe5a46317e1d5907ccddbe00d7e73a6288bf24b8f414e5796d3---com.google.android.gms.ads.internal.client.zzeq---getRemoteCreator---null
03-31 09:20:32.647 16458 16458 D FiniteState: banner_example---f01c07cd791bcfe5a46317e1d5907ccddbe00d7e73a6288bf24b8f414e5796d3---com.google.android.gms.ads.internal.client.zzcp---zze---null
03-31 09:20:32.843 16458 16458 D FiniteState: banner_example---f01c07cd791bcfe5a46317e1d5907ccddbe00d7e73a6288bf24b8f414e5796d3---com.google.android.gms.ads.internal.client.LiteSdkInfo---getLiteSdkVersion---null
03-31 09:20:32.844 16458 16458 D FiniteState: banner_example---f01c07cd791bcfe5a46317e1d5907ccddbe00d7e73a6288bf24b8f414e5796d3---com.google.android.gms.ads.internal.client.zzen---writeToParcel---null
03-31 09:20:32.850 16458 16458 D FiniteState: banner_example---f01c07cd791bcfe5a46317e1d5907ccddbe00d7e73a6288bf24b8f414e5796d3---com.google.android.gms.ads.internal.client.zzeq---zza---null
03-31 09:20:32.850 16458 16458 D FiniteState: banner_example---f01c07cd791bcfe5a46317e1d5907ccddbe00d7e73a6288bf24b8f414e5796d3---com.google.android.gms.ads.internal.client.zzcm---zzs---null
03-31 09:20:32.852 16458 16458 D FiniteState: banner_example---f01c07cd791bcfe5a46317e1d5907ccddbe00d7e73a6288bf24b8f414e5796d3---com.google.android.gms.ads.internal.client.zzcm---zzo---null
03-31 09:20:32.853 16458 16458 D FiniteState: banner_example---f01c07cd791bcfe5a46317e1d5907ccddbe00d7e73a6288bf24b8f414e5796d3---com.google.android.gms.ads.internal.client.zzej---zzz---null
03-31 09:20:32.855 16458 16458 D FiniteState: banner_example---f01c07cd791bcfe5a46317e1d5907ccddbe00d7e73a6288bf24b8f414e5796d3---com.google.android.gms.ads.internal.client.zzcm---zzk---null
03-31 09:20:32.856 16458 16458 D FiniteState: banner_example---f01c07cd791bcfe5a46317e1d5907ccddbe00d7e73a6288bf24b8f414e5796d3---com.google.android.gms.ads.internal.client.zzcm---zzl---null
03-31 09:20:32.918 16458 16458 D FiniteState: banner_example---f01c07cd791bcfe5a46317e1d5907ccddbe00d7e73a6288bf24b8f414e5796d3---com.google.android.gms.ads.MobileAds---initialize---null
03-31 09:20:32.920 16458 16458 D FiniteState: banner_example---f01c07cd791bcfe5a46317e1d5907ccddbe00d7e73a6288bf24b8f414e5796d3---com.google.android.gms.ads.BaseAdView---setAdUnitId---null
03-31 09:20:32.920 16458 16458 D FiniteState: banner_example---f01c07cd791bcfe5a46317e1d5907ccddbe00d7e73a6288bf24b8f414e5796d3---com.google.android.gms.ads.internal.client.zzea---zzs---null
03-31 09:20:32.920 16458 16458 D FiniteState: banner_example---f01c07cd791bcfe5a46317e1d5907ccddbe00d7e73a6288bf24b8f414e5796d3---com.google.android.gms.ads.BaseAdView---setAdSize---null
03-31 09:20:32.921 16458 16458 D FiniteState: banner_example---f01c07cd791bcfe5a46317e1d5907ccddbe00d7e73a6288bf24b8f414e5796d3---com.google.android.gms.ads.internal.client.zzdw---zzt---null
03-31 09:20:32.921 16458 16458 D FiniteState: banner_example---f01c07cd791bcfe5a46317e1d5907ccddbe00d7e73a6288bf24b8f414e5796d3---com.google.android.gms.ads.AdRequest$Builder---build---null
03-31 09:20:32.921 16458 16458 D FiniteState: banner_example---f01c07cd791bcfe5a46317e1d5907ccddbe00d7e73a6288bf24b8f414e5796d3---com.google.android.gms.ads.BaseAdView---loadAd---null
03-31 09:20:32.922 16458 16458 D FiniteState: banner_example---f01c07cd791bcfe5a46317e1d5907ccddbe00d7e73a6288bf24b8f414e5796d3---com.google.android.gms.ads.internal.client.zzea---zzC---null
03-31 09:20:32.922 16458 16458 D FiniteState: banner_example---f01c07cd791bcfe5a46317e1d5907ccddbe00d7e73a6288bf24b8f414e5796d3---com.google.android.gms.ads.internal.client.zzax---zzd---null
03-31 09:20:32.924 16458 16458 D FiniteState: banner_example---f01c07cd791bcfe5a46317e1d5907ccddbe00d7e73a6288bf24b8f414e5796d3---com.google.android.gms.ads.internal.client.zzk---zza---null
03-31 09:20:32.925 16458 16458 D FiniteState: banner_example---f01c07cd791bcfe5a46317e1d5907ccddbe00d7e73a6288bf24b8f414e5796d3---com.google.android.gms.ads.internal.client.zzk---getRemoteCreator---null
03-31 09:20:32.925 16458 16458 D FiniteState: banner_example---f01c07cd791bcfe5a46317e1d5907ccddbe00d7e73a6288bf24b8f414e5796d3---com.google.android.gms.ads.internal.client.zzbv---zze---null
03-31 09:20:32.925 16458 16458 D FiniteState: banner_example---f01c07cd791bcfe5a46317e1d5907ccddbe00d7e73a6288bf24b8f414e5796d3---com.google.android.gms.ads.internal.client.zzq---writeToParcel---null
03-31 09:20:32.934 16458 16458 D FiniteState: banner_example---f01c07cd791bcfe5a46317e1d5907ccddbe00d7e73a6288bf24b8f414e5796d3---com.google.android.gms.ads.internal.client.zzbs---zzD---null
03-31 09:20:32.935 16458 16458 D FiniteState: banner_example---f01c07cd791bcfe5a46317e1d5907ccddbe00d7e73a6288bf24b8f414e5796d3---com.google.android.gms.ads.internal.client.zzbs---zzP---null
03-31 09:20:32.935 16458 16458 D FiniteState: banner_example---f01c07cd791bcfe5a46317e1d5907ccddbe00d7e73a6288bf24b8f414e5796d3---com.google.android.gms.ads.internal.client.zzdf---zzbO---null
03-31 09:20:32.935 16458 16458 D FiniteState: banner_example---f01c07cd791bcfe5a46317e1d5907ccddbe00d7e73a6288bf24b8f414e5796d3---com.google.android.gms.ads.internal.client.zzbs---zzN---null
03-31 09:20:32.935 16458 16458 D FiniteState: banner_example---f01c07cd791bcfe5a46317e1d5907ccddbe00d7e73a6288bf24b8f414e5796d3---com.google.android.gms.ads.internal.client.zzbs---zzn---null
03-31 09:20:32.935 16458 16458 D FiniteState: banner_example---f01c07cd791bcfe5a46317e1d5907ccddbe00d7e73a6288bf24b8f414e5796d3---com.google.android.gms.ads.internal.client.zzdx---zzq---null
03-31 09:20:32.937 16458 16458 D FiniteState: banner_example---f01c07cd791bcfe5a46317e1d5907ccddbe00d7e73a6288bf24b8f414e5796d3---com.google.android.gms.ads.internal.client.zzdx---zzm---null
03-31 09:20:32.937 16458 16458 D FiniteState: banner_example---f01c07cd791bcfe5a46317e1d5907ccddbe00d7e73a6288bf24b8f414e5796d3---com.google.android.gms.ads.internal.client.zzl---writeToParcel---null
03-31 09:20:32.937 16458 16458 D FiniteState: banner_example---f01c07cd791bcfe5a46317e1d5907ccddbe00d7e73a6288bf24b8f414e5796d3---com.google.android.gms.ads.internal.client.zzbs---zzaa---null
03-31 09:20:32.975 16458 16458 D FiniteState: banner_example---f01c07cd791bcfe5a46317e1d5907ccddbe00d7e73a6288bf24b8f414e5796d3---com.google.android.gms.ads.internal.client.LiteSdkInfo---getLiteSdkVersion---null
03-31 09:20:32.975 16458 16458 D FiniteState: banner_example---f01c07cd791bcfe5a46317e1d5907ccddbe00d7e73a6288bf24b8f414e5796d3---com.google.android.gms.ads.internal.client.zzen---writeToParcel---null
03-31 09:20:32.976 16458 16458 D FiniteState: banner_example---f01c07cd791bcfe5a46317e1d5907ccddbe00d7e73a6288bf24b8f414e5796d3---com.google.android.gms.ads.internal.client.LiteSdkInfo---getLiteSdkVersion---null
03-31 09:20:32.976 16458 16458 D FiniteState: banner_example---f01c07cd791bcfe5a46317e1d5907ccddbe00d7e73a6288bf24b8f414e5796d3---com.google.android.gms.ads.internal.client.zzen---writeToParcel---null
03-31 09:20:32.990 16458 16458 D FiniteState: banner_example---f01c07cd791bcfe5a46317e1d5907ccddbe00d7e73a6288bf24b8f414e5796d3---com.google.android.gms.ads.internal.client.LiteSdkInfo---getLiteSdkVersion---null
03-31 09:20:32.990 16458 16458 D FiniteState: banner_example---f01c07cd791bcfe5a46317e1d5907ccddbe00d7e73a6288bf24b8f414e5796d3---com.google.android.gms.ads.internal.client.zzen---writeToParcel---null
03-31 09:20:33.065 16458 16458 D FiniteState: banner_example---f01c07cd791bcfe5a46317e1d5907ccddbe00d7e73a6288bf24b8f414e5796d3---com.google.android.gms.ads.BaseAdView---onMeasure---null
03-31 09:20:33.065 16458 16458 D FiniteState: banner_example---f01c07cd791bcfe5a46317e1d5907ccddbe00d7e73a6288bf24b8f414e5796d3---com.google.android.gms.ads.BaseAdView---onMeasure---null
03-31 09:20:33.069 16458 16458 D FiniteState: banner_example---f01c07cd791bcfe5a46317e1d5907ccddbe00d7e73a6288bf24b8f414e5796d3---com.google.android.gms.ads.BaseAdView---onLayout---null
03-31 09:20:33.500 16458 16458 D FiniteState: banner_example---f01c07cd791bcfe5a46317e1d5907ccddbe00d7e73a6288bf24b8f414e5796d3---com.google.android.gms.ads.internal.client.zzei---zzb---null
03-31 09:20:33.500 16458 16458 D FiniteState: banner_example---f01c07cd791bcfe5a46317e1d5907ccddbe00d7e73a6288bf24b8f414e5796d3---com.google.android.gms.ads.internal.client.zzej---zzy---null
03-31 09:20:34.043 16458 16458 D FiniteState: banner_example---f01c07cd791bcfe5a46317e1d5907ccddbe00d7e73a6288bf24b8f414e5796d3---com.google.android.gms.ads.internal.client.zzdz---onAdLoaded---null
03-31 09:20:34.043 16458 16458 D FiniteState: banner_example---f01c07cd791bcfe5a46317e1d5907ccddbe00d7e73a6288bf24b8f414e5796d3---com.google.android.gms.ads.internal.client.zzg---zzi---null
03-31 09:20:34.045 16458 16458 D FiniteState: banner_example---f01c07cd791bcfe5a46317e1d5907ccddbe00d7e73a6288bf24b8f414e5796d3---com.google.android.gms.ads.BaseAdView---onMeasure---null
03-31 09:20:34.045 16458 16458 D FiniteState: banner_example---f01c07cd791bcfe5a46317e1d5907ccddbe00d7e73a6288bf24b8f414e5796d3---com.google.android.gms.ads.BaseAdView---onMeasure---null
03-31 09:20:34.046 16458 16458 D FiniteState: banner_example---f01c07cd791bcfe5a46317e1d5907ccddbe00d7e73a6288bf24b8f414e5796d3---com.google.android.gms.ads.BaseAdView---onMeasure---null
03-31 09:20:34.046 16458 16458 D FiniteState: banner_example---f01c07cd791bcfe5a46317e1d5907ccddbe00d7e73a6288bf24b8f414e5796d3---com.google.android.gms.ads.BaseAdView---onMeasure---null
03-31 09:20:34.046 16458 16458 D FiniteState: banner_example---f01c07cd791bcfe5a46317e1d5907ccddbe00d7e73a6288bf24b8f414e5796d3---com.google.android.gms.ads.BaseAdView---onLayout---null
03-31 09:20:34.047 16458 16458 D FiniteState: banner_example---f01c07cd791bcfe5a46317e1d5907ccddbe00d7e73a6288bf24b8f414e5796d3---com.google.android.gms.ads.internal.client.zzg---zzg---null
03-31 09:20:34.052 16458 16458 D FiniteState: banner_example---f01c07cd791bcfe5a46317e1d5907ccddbe00d7e73a6288bf24b8f414e5796d3---com.google.android.gms.ads.BaseAdView---onMeasure---null
03-31 09:20:34.052 16458 16458 D FiniteState: banner_example---f01c07cd791bcfe5a46317e1d5907ccddbe00d7e73a6288bf24b8f414e5796d3---com.google.android.gms.ads.BaseAdView---onMeasure---null
03-31 09:20:34.053 16458 16458 D FiniteState: banner_example---f01c07cd791bcfe5a46317e1d5907ccddbe00d7e73a6288bf24b8f414e5796d3---com.google.android.gms.ads.BaseAdView---onMeasure---null
03-31 09:20:34.053 16458 16458 D FiniteState: banner_example---f01c07cd791bcfe5a46317e1d5907ccddbe00d7e73a6288bf24b8f414e5796d3---com.google.android.gms.ads.BaseAdView---onMeasure---null
03-31 09:20:34.053 16458 16458 D FiniteState: banner_example---f01c07cd791bcfe5a46317e1d5907ccddbe00d7e73a6288bf24b8f414e5796d3---com.google.android.gms.ads.BaseAdView---onLayout---null
03-31 09:20:34.067 16458 16458 D FiniteState: banner_example---f01c07cd791bcfe5a46317e1d5907ccddbe00d7e73a6288bf24b8f414e5796d3---com.google.android.gms.ads.BaseAdView---onMeasure---null
03-31 09:20:34.067 16458 16458 D FiniteState: banner_example---f01c07cd791bcfe5a46317e1d5907ccddbe00d7e73a6288bf24b8f414e5796d3---com.google.android.gms.ads.BaseAdView---onMeasure---null
03-31 09:20:34.067 16458 16458 D FiniteState: banner_example---f01c07cd791bcfe5a46317e1d5907ccddbe00d7e73a6288bf24b8f414e5796d3---com.google.android.gms.ads.BaseAdView---onLayout---null
03-31 09:21:28.209 17769 17781 D FiniteState: dosa_baby_sleep---bfd8e842e0a9c39a4bd68575c9cf4503850e94e23d029722d654bedb6ce96987---com.google.android.gms.ads.identifier.AdvertisingIdClient---getAdvertisingIdInfo---null
03-31 09:21:28.210 17769 17781 D FiniteState: dosa_baby_sleep---bfd8e842e0a9c39a4bd68575c9cf4503850e94e23d029722d654bedb6ce96987---com.google.android.gms.ads.identifier.AdvertisingIdClient---zzb---null
03-31 09:21:28.310 17769 17769 D FiniteState: dosa_baby_sleep---bfd8e842e0a9c39a4bd68575c9cf4503850e94e23d029722d654bedb6ce96987---com.google.android.gms.ads.MobileAdsInitProvider---attachInfo---null
03-31 09:21:28.343 17769 17769 D FiniteState: dosa_baby_sleep---bfd8e842e0a9c39a4bd68575c9cf4503850e94e23d029722d654bedb6ce96987---com.facebook.ads.internal.dynamicloading.DynamicLoaderFactory---initialize---null
03-31 09:21:28.343 17769 17769 D FiniteState: dosa_baby_sleep---bfd8e842e0a9c39a4bd68575c9cf4503850e94e23d029722d654bedb6ce96987---com.facebook.ads.AudienceNetworkContentProvider---onCreate---null
03-31 09:21:28.344 17769 17807 D FiniteState: dosa_baby_sleep---bfd8e842e0a9c39a4bd68575c9cf4503850e94e23d029722d654bedb6ce96987---com.facebook.ads.internal.util.common.ANActivityLifecycleCallbacksListener---registerActivityCallbacks---null
03-31 09:21:28.344 17769 17807 D FiniteState: dosa_baby_sleep---bfd8e842e0a9c39a4bd68575c9cf4503850e94e23d029722d654bedb6ce96987---com.facebook.ads.internal.dynamicloading.DynamicLoaderFactory$a---run---null
03-31 09:21:28.393 17769 17781 D FiniteState: dosa_baby_sleep---bfd8e842e0a9c39a4bd68575c9cf4503850e94e23d029722d654bedb6ce96987---com.google.android.gms.ads.identifier.AdvertisingIdClient---zzd---null
03-31 09:21:28.426 17769 17781 D FiniteState: dosa_baby_sleep---bfd8e842e0a9c39a4bd68575c9cf4503850e94e23d029722d654bedb6ce96987---com.google.android.gms.ads.identifier.AdvertisingIdClient---zza---null
03-31 09:21:28.431 17769 17769 D FiniteState: dosa_baby_sleep---bfd8e842e0a9c39a4bd68575c9cf4503850e94e23d029722d654bedb6ce96987---com.facebook.ads.internal.util.common.ANActivityLifecycleCallbacksListener---onActivityCreated---null
03-31 09:21:28.505 17769 17769 D FiniteState: dosa_baby_sleep---bfd8e842e0a9c39a4bd68575c9cf4503850e94e23d029722d654bedb6ce96987---com.facebook.ads.internal.util.common.ANActivityLifecycleCallbacksListener---onActivityStarted---null
03-31 09:21:28.508 17769 17769 D FiniteState: dosa_baby_sleep---bfd8e842e0a9c39a4bd68575c9cf4503850e94e23d029722d654bedb6ce96987---com.facebook.ads.internal.util.common.ANActivityLifecycleCallbacksListener---onActivityResumed---null
03-31 09:21:28.538 17769 17845 D FiniteState: dosa_baby_sleep---bfd8e842e0a9c39a4bd68575c9cf4503850e94e23d029722d654bedb6ce96987---com.google.android.gms.ads.identifier.AdvertisingIdClient---getAdvertisingIdInfo---null
03-31 09:21:28.538 17769 17845 D FiniteState: dosa_baby_sleep---bfd8e842e0a9c39a4bd68575c9cf4503850e94e23d029722d654bedb6ce96987---com.google.android.gms.ads.identifier.AdvertisingIdClient---zzb---null
03-31 09:21:28.749 17769 17807 D FiniteState: dosa_baby_sleep---bfd8e842e0a9c39a4bd68575c9cf4503850e94e23d029722d654bedb6ce96987---com.facebook.ads.internal.dynamicloading.DynamicLoaderFactory---access$200---null
03-31 09:21:28.803 17769 17866 D FiniteState: dosa_baby_sleep---bfd8e842e0a9c39a4bd68575c9cf4503850e94e23d029722d654bedb6ce96987---com.google.android.gms.ads.identifier.AdvertisingIdClient---getAdvertisingIdInfo---null
03-31 09:21:28.803 17769 17866 D FiniteState: dosa_baby_sleep---bfd8e842e0a9c39a4bd68575c9cf4503850e94e23d029722d654bedb6ce96987---com.google.android.gms.ads.identifier.AdvertisingIdClient---zzb---null
03-31 09:21:28.858 17769 17845 D FiniteState: dosa_baby_sleep---bfd8e842e0a9c39a4bd68575c9cf4503850e94e23d029722d654bedb6ce96987---com.google.android.gms.ads.identifier.AdvertisingIdClient---zzd---null
03-31 09:21:28.865 17769 17866 D FiniteState: dosa_baby_sleep---bfd8e842e0a9c39a4bd68575c9cf4503850e94e23d029722d654bedb6ce96987---com.google.android.gms.ads.identifier.AdvertisingIdClient---zzd---null
03-31 09:21:28.875 17769 17866 D FiniteState: dosa_baby_sleep---bfd8e842e0a9c39a4bd68575c9cf4503850e94e23d029722d654bedb6ce96987---com.google.android.gms.ads.identifier.AdvertisingIdClient---zza---null
03-31 09:21:28.951 17769 17845 D FiniteState: dosa_baby_sleep---bfd8e842e0a9c39a4bd68575c9cf4503850e94e23d029722d654bedb6ce96987---com.google.android.gms.ads.identifier.AdvertisingIdClient---zza---null
03-31 09:21:29.298 17867 17889 D FiniteState: dosa_baby_sleep---bfd8e842e0a9c39a4bd68575c9cf4503850e94e23d029722d654bedb6ce96987---com.google.android.gms.ads.identifier.AdvertisingIdClient---getAdvertisingIdInfo---null
03-31 09:21:29.298 17867 17889 D FiniteState: dosa_baby_sleep---bfd8e842e0a9c39a4bd68575c9cf4503850e94e23d029722d654bedb6ce96987---com.google.android.gms.ads.identifier.AdvertisingIdClient---zzb---null
03-31 09:21:29.489 17867 17889 D FiniteState: dosa_baby_sleep---bfd8e842e0a9c39a4bd68575c9cf4503850e94e23d029722d654bedb6ce96987---com.google.android.gms.ads.identifier.AdvertisingIdClient---zzd---null
03-31 09:21:29.493 17867 17889 D FiniteState: dosa_baby_sleep---bfd8e842e0a9c39a4bd68575c9cf4503850e94e23d029722d654bedb6ce96987---com.google.android.gms.ads.identifier.AdvertisingIdClient---zza---null
03-31 09:21:29.566 17867 17889 D FiniteState: dosa_baby_sleep---bfd8e842e0a9c39a4bd68575c9cf4503850e94e23d029722d654bedb6ce96987---com.google.android.gms.ads.identifier.AdvertisingIdClient---getAdvertisingIdInfo---null
03-31 09:21:29.566 17867 17889 D FiniteState: dosa_baby_sleep---bfd8e842e0a9c39a4bd68575c9cf4503850e94e23d029722d654bedb6ce96987---com.google.android.gms.ads.identifier.AdvertisingIdClient---zzb---null
03-31 09:21:29.575 17867 17889 D FiniteState: dosa_baby_sleep---bfd8e842e0a9c39a4bd68575c9cf4503850e94e23d029722d654bedb6ce96987---com.google.android.gms.ads.identifier.AdvertisingIdClient---zzd---null
03-31 09:21:29.579 17867 17889 D FiniteState: dosa_baby_sleep---bfd8e842e0a9c39a4bd68575c9cf4503850e94e23d029722d654bedb6ce96987---com.google.android.gms.ads.identifier.AdvertisingIdClient---zza---null
03-31 09:21:31.781 17867 17889 D FiniteState: dosa_baby_sleep---bfd8e842e0a9c39a4bd68575c9cf4503850e94e23d029722d654bedb6ce96987---com.google.android.gms.ads.identifier.AdvertisingIdClient---getAdvertisingIdInfo---null
03-31 09:21:31.781 17867 17889 D FiniteState: dosa_baby_sleep---bfd8e842e0a9c39a4bd68575c9cf4503850e94e23d029722d654bedb6ce96987---com.google.android.gms.ads.identifier.AdvertisingIdClient---zzb---null
03-31 09:21:31.791 17867 17889 D FiniteState: dosa_baby_sleep---bfd8e842e0a9c39a4bd68575c9cf4503850e94e23d029722d654bedb6ce96987---com.google.android.gms.ads.identifier.AdvertisingIdClient---zzd---null
03-31 09:21:31.793 17867 17889 D FiniteState: dosa_baby_sleep---bfd8e842e0a9c39a4bd68575c9cf4503850e94e23d029722d654bedb6ce96987---com.google.android.gms.ads.identifier.AdvertisingIdClient---zza---null
03-31 09:21:31.795 17867 17889 D FiniteState: dosa_baby_sleep---bfd8e842e0a9c39a4bd68575c9cf4503850e94e23d029722d654bedb6ce96987---com.google.android.gms.ads.identifier.AdvertisingIdClient---getAdvertisingIdInfo---null
03-31 09:21:31.795 17867 17889 D FiniteState: dosa_baby_sleep---bfd8e842e0a9c39a4bd68575c9cf4503850e94e23d029722d654bedb6ce96987---com.google.android.gms.ads.identifier.AdvertisingIdClient---zzb---null
03-31 09:21:31.796 17867 17889 D FiniteState: dosa_baby_sleep---bfd8e842e0a9c39a4bd68575c9cf4503850e94e23d029722d654bedb6ce96987---com.google.android.gms.ads.identifier.AdvertisingIdClient---zzd---null
03-31 09:21:31.798 17867 17889 D FiniteState: dosa_baby_sleep---bfd8e842e0a9c39a4bd68575c9cf4503850e94e23d029722d654bedb6ce96987---com.google.android.gms.ads.identifier.AdvertisingIdClient---zza---null
03-31 09:21:34.089 17769 17821 D FiniteState: dosa_baby_sleep---bfd8e842e0a9c39a4bd68575c9cf4503850e94e23d029722d654bedb6ce96987---com.google.android.gms.ads.internal.client.LiteSdkInfo---getLiteSdkVersion---null
03-31 09:21:34.089 17769 17821 D FiniteState: dosa_baby_sleep---bfd8e842e0a9c39a4bd68575c9cf4503850e94e23d029722d654bedb6ce96987---com.google.android.gms.ads.internal.client.zzen---writeToParcel---null
03-31 09:21:34.810 17769 17769 D FiniteState: dosa_baby_sleep---bfd8e842e0a9c39a4bd68575c9cf4503850e94e23d029722d654bedb6ce96987---com.facebook.ads.AudienceNetworkAds---buildInitSettings---null
03-31 09:21:34.810 17769 17769 D FiniteState: dosa_baby_sleep---bfd8e842e0a9c39a4bd68575c9cf4503850e94e23d029722d654bedb6ce96987---com.facebook.ads.internal.settings.MultithreadedBundleWrapper---putString---null
03-31 09:21:34.810 17769 17769 D FiniteState: dosa_baby_sleep---bfd8e842e0a9c39a4bd68575c9cf4503850e94e23d029722d654bedb6ce96987---com.facebook.ads.internal.settings.AdInternalSettings---setMediationService---null
03-31 09:21:34.810 17769 17769 D FiniteState: dosa_baby_sleep---bfd8e842e0a9c39a4bd68575c9cf4503850e94e23d029722d654bedb6ce96987---com.facebook.ads.AdSettings---setMediationService---null
03-31 09:21:34.810 17769 17769 D FiniteState: dosa_baby_sleep---bfd8e842e0a9c39a4bd68575c9cf4503850e94e23d029722d654bedb6ce96987---com.facebook.ads.internal.api.InitSettingsBuilder---withMediationService---null
03-31 09:21:34.810 17769 17769 D FiniteState: dosa_baby_sleep---bfd8e842e0a9c39a4bd68575c9cf4503850e94e23d029722d654bedb6ce96987---com.facebook.ads.internal.api.InitSettingsBuilder---withPlacementIds---null
03-31 09:21:34.811 17769 17769 D FiniteState: dosa_baby_sleep---bfd8e842e0a9c39a4bd68575c9cf4503850e94e23d029722d654bedb6ce96987---com.facebook.ads.internal.settings.MultithreadedBundleWrapper---putStringArrayList---null
03-31 09:21:34.811 17769 17769 D FiniteState: dosa_baby_sleep---bfd8e842e0a9c39a4bd68575c9cf4503850e94e23d029722d654bedb6ce96987---com.facebook.ads.internal.dynamicloading.DynamicLoaderFactory---initialize---null
03-31 09:21:34.811 17769 17769 D FiniteState: dosa_baby_sleep---bfd8e842e0a9c39a4bd68575c9cf4503850e94e23d029722d654bedb6ce96987---com.facebook.ads.internal.api.InitSettingsBuilder---initialize---null
03-31 09:21:34.811 17769 18045 D FiniteState: dosa_baby_sleep---bfd8e842e0a9c39a4bd68575c9cf4503850e94e23d029722d654bedb6ce96987---com.facebook.ads.internal.dynamicloading.DynamicLoaderFactory$a---run---null
03-31 09:21:35.213 17769 18045 D FiniteState: dosa_baby_sleep---bfd8e842e0a9c39a4bd68575c9cf4503850e94e23d029722d654bedb6ce96987---com.facebook.ads.internal.dynamicloading.DynamicLoaderFactory---createErrorMessage---null
03-31 09:21:35.221 17769 18045 D FiniteState: dosa_baby_sleep---bfd8e842e0a9c39a4bd68575c9cf4503850e94e23d029722d654bedb6ce96987---com.facebook.ads.internal.dynamicloading.DynamicLoaderFallback---makeFallbackLoader---null
03-31 09:21:35.225 17769 18045 D FiniteState: dosa_baby_sleep---bfd8e842e0a9c39a4bd68575c9cf4503850e94e23d029722d654bedb6ce96987---com.facebook.ads.internal.dynamicloading.DynamicLoaderFactory---setFallbackMode---null
03-31 09:21:35.225 17769 18045 D FiniteState: dosa_baby_sleep---bfd8e842e0a9c39a4bd68575c9cf4503850e94e23d029722d654bedb6ce96987---com.facebook.ads.internal.dynamicloading.DynamicLoaderFactory---doCallInitialize---null
03-31 09:21:35.225 17769 18045 D FiniteState: dosa_baby_sleep---bfd8e842e0a9c39a4bd68575c9cf4503850e94e23d029722d654bedb6ce96987---com.facebook.ads.internal.dynamicloading.DynamicLoaderFactory---access$200---null
03-31 09:21:35.324 17769 17769 D FiniteState: dosa_baby_sleep---bfd8e842e0a9c39a4bd68575c9cf4503850e94e23d029722d654bedb6ce96987---com.facebook.ads.internal.dynamicloading.DynamicLoaderFactory---createErrorInitResult---null
03-31 09:21:35.324 17769 17769 D FiniteState: dosa_baby_sleep---bfd8e842e0a9c39a4bd68575c9cf4503850e94e23d029722d654bedb6ce96987---com.facebook.ads.internal.dynamicloading.DynamicLoaderFactory---createErrorMessage---null
03-31 09:21:35.325 17769 17769 D FiniteState: dosa_baby_sleep---bfd8e842e0a9c39a4bd68575c9cf4503850e94e23d029722d654bedb6ce96987---com.facebook.ads.internal.dynamicloading.DynamicLoaderFactory$b---run---null
03-31 09:21:36.314 17769 18043 D FiniteState: dosa_baby_sleep---bfd8e842e0a9c39a4bd68575c9cf4503850e94e23d029722d654bedb6ce96987---com.google.android.gms.ads.MobileAds---a---null
03-31 09:21:36.314 17769 18043 D FiniteState: dosa_baby_sleep---bfd8e842e0a9c39a4bd68575c9cf4503850e94e23d029722d654bedb6ce96987---com.google.android.gms.ads.MobileAds---a---null
