--------- beginning of main
04-09 15:18:47.367  8503  8503 D FiniteState: 1E73C89FD19F57A9634D0EF8B7AB3A1DC9D26207CCAF2F37BEEE8EDB8E848F76---1e73c89fd19f57a9634d0ef8b7ab3a1dc9d26207ccaf2f37beee8edb8e848f76---com.facebook.ads.internal.e.a---a---null
04-09 15:18:47.367  8503  8503 D FiniteState: 1E73C89FD19F57A9634D0EF8B7AB3A1DC9D26207CCAF2F37BEEE8EDB8E848F76---1e73c89fd19f57a9634d0ef8b7ab3a1dc9d26207ccaf2f37beee8edb8e848f76---com.facebook.ads.internal.j---i---null
04-09 15:18:47.367  8503  8503 D FiniteState: 1E73C89FD19F57A9634D0EF8B7AB3A1DC9D26207CCAF2F37BEEE8EDB8E848F76---1e73c89fd19f57a9634d0ef8b7ab3a1dc9d26207ccaf2f37beee8edb8e848f76---com.facebook.ads.internal.f.g---a---null
04-09 15:18:47.368  8503  8503 D FiniteState: 1E73C89FD19F57A9634D0EF8B7AB3A1DC9D26207CCAF2F37BEEE8EDB8E848F76---1e73c89fd19f57a9634d0ef8b7ab3a1dc9d26207ccaf2f37beee8edb8e848f76---com.facebook.ads.internal.f.g---a---null
04-09 15:18:47.368  8503  8503 D FiniteState: 1E73C89FD19F57A9634D0EF8B7AB3A1DC9D26207CCAF2F37BEEE8EDB8E848F76---1e73c89fd19f57a9634d0ef8b7ab3a1dc9d26207ccaf2f37beee8edb8e848f76---com.facebook.ads.internal.f.g---a---null
04-09 15:18:47.368  8503  8503 D FiniteState: 1E73C89FD19F57A9634D0EF8B7AB3A1DC9D26207CCAF2F37BEEE8EDB8E848F76---1e73c89fd19f57a9634d0ef8b7ab3a1dc9d26207ccaf2f37beee8edb8e848f76---com.facebook.ads.internal.f.g---a---null
04-09 15:18:47.368  8503  8503 D FiniteState: 1E73C89FD19F57A9634D0EF8B7AB3A1DC9D26207CCAF2F37BEEE8EDB8E848F76---1e73c89fd19f57a9634d0ef8b7ab3a1dc9d26207ccaf2f37beee8edb8e848f76---com.facebook.ads.internal.j.a.a---a---null
04-09 15:18:47.368  8503  8503 D FiniteState: 1E73C89FD19F57A9634D0EF8B7AB3A1DC9D26207CCAF2F37BEEE8EDB8E848F76---1e73c89fd19f57a9634d0ef8b7ab3a1dc9d26207ccaf2f37beee8edb8e848f76---com.facebook.ads.internal.m.ag---b---null
04-09 15:18:47.368  8503  8503 D FiniteState: 1E73C89FD19F57A9634D0EF8B7AB3A1DC9D26207CCAF2F37BEEE8EDB8E848F76---1e73c89fd19f57a9634d0ef8b7ab3a1dc9d26207ccaf2f37beee8edb8e848f76---com.facebook.ads.internal.m.ag---a---null
04-09 15:18:47.368  8503  8503 D FiniteState: 1E73C89FD19F57A9634D0EF8B7AB3A1DC9D26207CCAF2F37BEEE8EDB8E848F76---1e73c89fd19f57a9634d0ef8b7ab3a1dc9d26207ccaf2f37beee8edb8e848f76---com.facebook.ads.internal.j.a.a---a---null
04-09 15:18:47.368  8503  8503 D FiniteState: 1E73C89FD19F57A9634D0EF8B7AB3A1DC9D26207CCAF2F37BEEE8EDB8E848F76---1e73c89fd19f57a9634d0ef8b7ab3a1dc9d26207ccaf2f37beee8edb8e848f76---com.facebook.ads.internal.h.e---a---null
04-09 15:18:47.368  8503  8503 D FiniteState: 1E73C89FD19F57A9634D0EF8B7AB3A1DC9D26207CCAF2F37BEEE8EDB8E848F76---1e73c89fd19f57a9634d0ef8b7ab3a1dc9d26207ccaf2f37beee8edb8e848f76---com.facebook.ads.internal.h.e---a---null
04-09 15:18:47.368  8503  8503 D FiniteState: 1E73C89FD19F57A9634D0EF8B7AB3A1DC9D26207CCAF2F37BEEE8EDB8E848F76---1e73c89fd19f57a9634d0ef8b7ab3a1dc9d26207ccaf2f37beee8edb8e848f76---com.facebook.ads.internal.h.g---a---null
04-09 15:18:47.368  8503  8503 D FiniteState: 1E73C89FD19F57A9634D0EF8B7AB3A1DC9D26207CCAF2F37BEEE8EDB8E848F76---1e73c89fd19f57a9634d0ef8b7ab3a1dc9d26207ccaf2f37beee8edb8e848f76---com.facebook.ads.internal.m.aa---c---null
04-09 15:18:47.372  8503  8503 D FiniteState: 1E73C89FD19F57A9634D0EF8B7AB3A1DC9D26207CCAF2F37BEEE8EDB8E848F76---1e73c89fd19f57a9634d0ef8b7ab3a1dc9d26207ccaf2f37beee8edb8e848f76---com.facebook.ads.internal.m.aa---a---null
04-09 15:18:47.372  8503  8503 D FiniteState: 1E73C89FD19F57A9634D0EF8B7AB3A1DC9D26207CCAF2F37BEEE8EDB8E848F76---1e73c89fd19f57a9634d0ef8b7ab3a1dc9d26207ccaf2f37beee8edb8e848f76---com.facebook.ads.internal.m.aa---a---null
04-09 15:18:47.372  8503  8503 D FiniteState: 1E73C89FD19F57A9634D0EF8B7AB3A1DC9D26207CCAF2F37BEEE8EDB8E848F76---1e73c89fd19f57a9634d0ef8b7ab3a1dc9d26207ccaf2f37beee8edb8e848f76---com.facebook.ads.internal.m.aa---a---null
04-09 15:18:47.372  8503  8503 D FiniteState: 1E73C89FD19F57A9634D0EF8B7AB3A1DC9D26207CCAF2F37BEEE8EDB8E848F76---1e73c89fd19f57a9634d0ef8b7ab3a1dc9d26207ccaf2f37beee8edb8e848f76---com.facebook.ads.internal.m.aa---a---null
04-09 15:18:47.372  8503  8503 D FiniteState: 1E73C89FD19F57A9634D0EF8B7AB3A1DC9D26207CCAF2F37BEEE8EDB8E848F76---1e73c89fd19f57a9634d0ef8b7ab3a1dc9d26207ccaf2f37beee8edb8e848f76---com.facebook.ads.internal.m.aa---a---null
04-09 15:18:47.372  8503  8503 D FiniteState: 1E73C89FD19F57A9634D0EF8B7AB3A1DC9D26207CCAF2F37BEEE8EDB8E848F76---1e73c89fd19f57a9634d0ef8b7ab3a1dc9d26207ccaf2f37beee8edb8e848f76---com.facebook.ads.internal.m.aa---a---null
04-09 15:18:47.372  8503  8503 D FiniteState: 1E73C89FD19F57A9634D0EF8B7AB3A1DC9D26207CCAF2F37BEEE8EDB8E848F76---1e73c89fd19f57a9634d0ef8b7ab3a1dc9d26207ccaf2f37beee8edb8e848f76---com.facebook.ads.internal.m.aa---a---null
04-09 15:18:47.373  8503  8503 D FiniteState: 1E73C89FD19F57A9634D0EF8B7AB3A1DC9D26207CCAF2F37BEEE8EDB8E848F76---1e73c89fd19f57a9634d0ef8b7ab3a1dc9d26207ccaf2f37beee8edb8e848f76---com.facebook.ads.internal.m.aa---a---null
04-09 15:18:47.373  8503  8503 D FiniteState: 1E73C89FD19F57A9634D0EF8B7AB3A1DC9D26207CCAF2F37BEEE8EDB8E848F76---1e73c89fd19f57a9634d0ef8b7ab3a1dc9d26207ccaf2f37beee8edb8e848f76---com.facebook.ads.internal.m.aa---a---null
04-09 15:18:47.376  8503  8503 D FiniteState: 1E73C89FD19F57A9634D0EF8B7AB3A1DC9D26207CCAF2F37BEEE8EDB8E848F76---1e73c89fd19f57a9634d0ef8b7ab3a1dc9d26207ccaf2f37beee8edb8e848f76---com.facebook.ads.internal.m.t---a---null
04-09 15:18:47.376  8503  8503 D FiniteState: 1E73C89FD19F57A9634D0EF8B7AB3A1DC9D26207CCAF2F37BEEE8EDB8E848F76---1e73c89fd19f57a9634d0ef8b7ab3a1dc9d26207ccaf2f37beee8edb8e848f76---com.facebook.ads.internal.m.ac---a---null
04-09 15:18:47.376  8503  8503 D FiniteState: 1E73C89FD19F57A9634D0EF8B7AB3A1DC9D26207CCAF2F37BEEE8EDB8E848F76---1e73c89fd19f57a9634d0ef8b7ab3a1dc9d26207ccaf2f37beee8edb8e848f76---com.facebook.ads.d---a---null
04-09 15:18:47.376  8503  8503 D FiniteState: 1E73C89FD19F57A9634D0EF8B7AB3A1DC9D26207CCAF2F37BEEE8EDB8E848F76---1e73c89fd19f57a9634d0ef8b7ab3a1dc9d26207ccaf2f37beee8edb8e848f76---com.facebook.ads.d---a---null
04-09 15:18:47.376  8503  8503 D FiniteState: 1E73C89FD19F57A9634D0EF8B7AB3A1DC9D26207CCAF2F37BEEE8EDB8E848F76---1e73c89fd19f57a9634d0ef8b7ab3a1dc9d26207ccaf2f37beee8edb8e848f76---com.facebook.ads.internal.g.f---a---null
04-09 15:18:47.378  8503  8503 D FiniteState: 1E73C89FD19F57A9634D0EF8B7AB3A1DC9D26207CCAF2F37BEEE8EDB8E848F76---1e73c89fd19f57a9634d0ef8b7ab3a1dc9d26207ccaf2f37beee8edb8e848f76---com.facebook.ads.internal.g.i---a---null
04-09 15:18:47.378  8503  8503 D FiniteState: 1E73C89FD19F57A9634D0EF8B7AB3A1DC9D26207CCAF2F37BEEE8EDB8E848F76---1e73c89fd19f57a9634d0ef8b7ab3a1dc9d26207ccaf2f37beee8edb8e848f76---com.facebook.ads.internal.b---g---null
04-09 15:18:47.378  8503  8503 D FiniteState: 1E73C89FD19F57A9634D0EF8B7AB3A1DC9D26207CCAF2F37BEEE8EDB8E848F76---1e73c89fd19f57a9634d0ef8b7ab3a1dc9d26207ccaf2f37beee8edb8e848f76---com.facebook.ads.internal.l.b---a---null
04-09 15:18:47.378  8503  8503 D FiniteState: 1E73C89FD19F57A9634D0EF8B7AB3A1DC9D26207CCAF2F37BEEE8EDB8E848F76---1e73c89fd19f57a9634d0ef8b7ab3a1dc9d26207ccaf2f37beee8edb8e848f76---com.facebook.ads.internal.m.b---b---null
04-09 15:18:47.379  8503  8503 D FiniteState: 1E73C89FD19F57A9634D0EF8B7AB3A1DC9D26207CCAF2F37BEEE8EDB8E848F76---1e73c89fd19f57a9634d0ef8b7ab3a1dc9d26207ccaf2f37beee8edb8e848f76---com.facebook.ads.internal.m.b---a---null
04-09 15:18:47.379  8503  8503 D FiniteState: 1E73C89FD19F57A9634D0EF8B7AB3A1DC9D26207CCAF2F37BEEE8EDB8E848F76---1e73c89fd19f57a9634d0ef8b7ab3a1dc9d26207ccaf2f37beee8edb8e848f76---com.facebook.ads.internal.m.b---c---null
04-09 15:18:47.379  8503  8503 D FiniteState: 1E73C89FD19F57A9634D0EF8B7AB3A1DC9D26207CCAF2F37BEEE8EDB8E848F76---1e73c89fd19f57a9634d0ef8b7ab3a1dc9d26207ccaf2f37beee8edb8e848f76---com.facebook.ads.internal.m.b---d---null
04-09 15:18:47.380  8503  8565 D FiniteState: 1E73C89FD19F57A9634D0EF8B7AB3A1DC9D26207CCAF2F37BEEE8EDB8E848F76---1e73c89fd19f57a9634d0ef8b7ab3a1dc9d26207ccaf2f37beee8edb8e848f76---com.facebook.ads.internal.m.ac---b---null
04-09 15:18:47.380  8503  8565 D FiniteState: 1E73C89FD19F57A9634D0EF8B7AB3A1DC9D26207CCAF2F37BEEE8EDB8E848F76---1e73c89fd19f57a9634d0ef8b7ab3a1dc9d26207ccaf2f37beee8edb8e848f76---com.facebook.ads.internal.m.ac---a---null
04-09 15:18:47.390  8503  8503 D FiniteState: 1E73C89FD19F57A9634D0EF8B7AB3A1DC9D26207CCAF2F37BEEE8EDB8E848F76---1e73c89fd19f57a9634d0ef8b7ab3a1dc9d26207ccaf2f37beee8edb8e848f76---com.facebook.ads.internal.m.d---newThread---null
04-09 15:18:47.413  8503  8503 D FiniteState: 1E73C89FD19F57A9634D0EF8B7AB3A1DC9D26207CCAF2F37BEEE8EDB8E848F76---1e73c89fd19f57a9634d0ef8b7ab3a1dc9d26207ccaf2f37beee8edb8e848f76---com.facebook.ads.internal.b---a---null
04-09 15:18:47.415  8503  8503 D FiniteState: 1E73C89FD19F57A9634D0EF8B7AB3A1DC9D26207CCAF2F37BEEE8EDB8E848F76---1e73c89fd19f57a9634d0ef8b7ab3a1dc9d26207ccaf2f37beee8edb8e848f76---com.google.android.gms.ads.internal.client.h---a---null
04-09 15:18:47.416  8503  8503 D FiniteState: 1E73C89FD19F57A9634D0EF8B7AB3A1DC9D26207CCAF2F37BEEE8EDB8E848F76---1e73c89fd19f57a9634d0ef8b7ab3a1dc9d26207ccaf2f37beee8edb8e848f76---com.google.android.gms.ads.internal.client.aa---a---null
04-09 15:18:47.416  8503  8565 D FiniteState: 1E73C89FD19F57A9634D0EF8B7AB3A1DC9D26207CCAF2F37BEEE8EDB8E848F76---1e73c89fd19f57a9634d0ef8b7ab3a1dc9d26207ccaf2f37beee8edb8e848f76---com.facebook.ads.internal.m.ac---a---null
04-09 15:18:47.417  8503  8565 D FiniteState: 1E73C89FD19F57A9634D0EF8B7AB3A1DC9D26207CCAF2F37BEEE8EDB8E848F76---1e73c89fd19f57a9634d0ef8b7ab3a1dc9d26207ccaf2f37beee8edb8e848f76---com.facebook.ads.internal.g.f$1---run---null
04-09 15:18:47.420  8503  8567 D FiniteState: 1E73C89FD19F57A9634D0EF8B7AB3A1DC9D26207CCAF2F37BEEE8EDB8E848F76---1e73c89fd19f57a9634d0ef8b7ab3a1dc9d26207ccaf2f37beee8edb8e848f76---com.facebook.ads.internal.m.t---a---null
04-09 15:18:47.422  8503  8567 D FiniteState: 1E73C89FD19F57A9634D0EF8B7AB3A1DC9D26207CCAF2F37BEEE8EDB8E848F76---1e73c89fd19f57a9634d0ef8b7ab3a1dc9d26207ccaf2f37beee8edb8e848f76---com.google.android.gms.ads.c.a---b---null
04-09 15:18:47.422  8503  8567 D FiniteState: 1E73C89FD19F57A9634D0EF8B7AB3A1DC9D26207CCAF2F37BEEE8EDB8E848F76---1e73c89fd19f57a9634d0ef8b7ab3a1dc9d26207ccaf2f37beee8edb8e848f76---com.google.android.gms.ads.c.a---a---null
04-09 15:18:47.422  8503  8567 D FiniteState: 1E73C89FD19F57A9634D0EF8B7AB3A1DC9D26207CCAF2F37BEEE8EDB8E848F76---1e73c89fd19f57a9634d0ef8b7ab3a1dc9d26207ccaf2f37beee8edb8e848f76---com.google.android.gms.ads.c.a---a---null
04-09 15:18:47.434  8503  8503 D FiniteState: 1E73C89FD19F57A9634D0EF8B7AB3A1DC9D26207CCAF2F37BEEE8EDB8E848F76---1e73c89fd19f57a9634d0ef8b7ab3a1dc9d26207ccaf2f37beee8edb8e848f76---com.google.android.gms.ads.internal.client.b$a---a---null
04-09 15:18:47.434  8503  8503 D FiniteState: 1E73C89FD19F57A9634D0EF8B7AB3A1DC9D26207CCAF2F37BEEE8EDB8E848F76---1e73c89fd19f57a9634d0ef8b7ab3a1dc9d26207ccaf2f37beee8edb8e848f76---com.google.android.gms.ads.internal.client.b$a$a---a---null
04-09 15:18:47.881  8503  8503 D FiniteState: 1E73C89FD19F57A9634D0EF8B7AB3A1DC9D26207CCAF2F37BEEE8EDB8E848F76---1e73c89fd19f57a9634d0ef8b7ab3a1dc9d26207ccaf2f37beee8edb8e848f76---com.google.android.gms.ads.internal.client.ao$a---a---null
04-09 15:18:47.881  8503  8503 D FiniteState: 1E73C89FD19F57A9634D0EF8B7AB3A1DC9D26207CCAF2F37BEEE8EDB8E848F76---1e73c89fd19f57a9634d0ef8b7ab3a1dc9d26207ccaf2f37beee8edb8e848f76---com.google.android.gms.ads.internal.client.ao$a$a---a---null
04-09 15:18:47.882  8503  8503 D FiniteState: 1E73C89FD19F57A9634D0EF8B7AB3A1DC9D26207CCAF2F37BEEE8EDB8E848F76---1e73c89fd19f57a9634d0ef8b7ab3a1dc9d26207ccaf2f37beee8edb8e848f76---com.google.android.gms.ads.internal.client.ao$a$a---a---null
04-09 15:18:47.961  8503  8503 D FiniteState: 1E73C89FD19F57A9634D0EF8B7AB3A1DC9D26207CCAF2F37BEEE8EDB8E848F76---1e73c89fd19f57a9634d0ef8b7ab3a1dc9d26207ccaf2f37beee8edb8e848f76---com.google.android.gms.ads.i---a---null
04-09 15:18:47.961  8503  8503 D FiniteState: 1E73C89FD19F57A9634D0EF8B7AB3A1DC9D26207CCAF2F37BEEE8EDB8E848F76---1e73c89fd19f57a9634d0ef8b7ab3a1dc9d26207ccaf2f37beee8edb8e848f76---com.google.android.gms.ads.i---a---null
04-09 15:18:47.961  8503  8503 D FiniteState: 1E73C89FD19F57A9634D0EF8B7AB3A1DC9D26207CCAF2F37BEEE8EDB8E848F76---1e73c89fd19f57a9634d0ef8b7ab3a1dc9d26207ccaf2f37beee8edb8e848f76---com.google.android.gms.ads.h---a---null
04-09 15:18:47.962  8503  8503 D FiniteState: 1E73C89FD19F57A9634D0EF8B7AB3A1DC9D26207CCAF2F37BEEE8EDB8E848F76---1e73c89fd19f57a9634d0ef8b7ab3a1dc9d26207ccaf2f37beee8edb8e848f76---com.google.android.gms.ads.h---a---null
04-09 15:18:48.022  8503  8503 D FiniteState: 1E73C89FD19F57A9634D0EF8B7AB3A1DC9D26207CCAF2F37BEEE8EDB8E848F76---1e73c89fd19f57a9634d0ef8b7ab3a1dc9d26207ccaf2f37beee8edb8e848f76---com.facebook.ads.internal.m.b$a---onSensorChanged---null
04-09 15:18:48.022  8503  8503 D FiniteState: 1E73C89FD19F57A9634D0EF8B7AB3A1DC9D26207CCAF2F37BEEE8EDB8E848F76---1e73c89fd19f57a9634d0ef8b7ab3a1dc9d26207ccaf2f37beee8edb8e848f76---com.facebook.ads.internal.m.b---a---null
04-09 15:18:48.023  8503  8503 D FiniteState: 1E73C89FD19F57A9634D0EF8B7AB3A1DC9D26207CCAF2F37BEEE8EDB8E848F76---1e73c89fd19f57a9634d0ef8b7ab3a1dc9d26207ccaf2f37beee8edb8e848f76---com.facebook.ads.internal.m.b---a---null
04-09 15:18:48.058  8503  8567 D FiniteState: 1E73C89FD19F57A9634D0EF8B7AB3A1DC9D26207CCAF2F37BEEE8EDB8E848F76---1e73c89fd19f57a9634d0ef8b7ab3a1dc9d26207ccaf2f37beee8edb8e848f76---com.google.android.gms.ads.c.a---b---null
04-09 15:18:48.062  8503  8567 D FiniteState: 1E73C89FD19F57A9634D0EF8B7AB3A1DC9D26207CCAF2F37BEEE8EDB8E848F76---1e73c89fd19f57a9634d0ef8b7ab3a1dc9d26207ccaf2f37beee8edb8e848f76---com.google.android.gms.ads.c.a---c---null
04-09 15:18:48.071  8503  8567 D FiniteState: 1E73C89FD19F57A9634D0EF8B7AB3A1DC9D26207CCAF2F37BEEE8EDB8E848F76---1e73c89fd19f57a9634d0ef8b7ab3a1dc9d26207ccaf2f37beee8edb8e848f76---com.facebook.ads.internal.h---a---null
04-09 15:18:48.071  8503  8567 D FiniteState: 1E73C89FD19F57A9634D0EF8B7AB3A1DC9D26207CCAF2F37BEEE8EDB8E848F76---1e73c89fd19f57a9634d0ef8b7ab3a1dc9d26207ccaf2f37beee8edb8e848f76---com.facebook.ads.internal.g.i---b---null
04-09 15:18:48.071  8503  8567 D FiniteState: 1E73C89FD19F57A9634D0EF8B7AB3A1DC9D26207CCAF2F37BEEE8EDB8E848F76---1e73c89fd19f57a9634d0ef8b7ab3a1dc9d26207ccaf2f37beee8edb8e848f76---com.facebook.ads.internal.l.b$1---run---null
04-09 15:18:48.071  8503  8567 D FiniteState: 1E73C89FD19F57A9634D0EF8B7AB3A1DC9D26207CCAF2F37BEEE8EDB8E848F76---1e73c89fd19f57a9634d0ef8b7ab3a1dc9d26207ccaf2f37beee8edb8e848f76---com.facebook.ads.internal.g.f---e---null
04-09 15:18:48.071  8503  8567 D FiniteState: 1E73C89FD19F57A9634D0EF8B7AB3A1DC9D26207CCAF2F37BEEE8EDB8E848F76---1e73c89fd19f57a9634d0ef8b7ab3a1dc9d26207ccaf2f37beee8edb8e848f76---com.facebook.ads.internal.g.f---a---null
04-09 15:18:48.071  8503  8567 D FiniteState: 1E73C89FD19F57A9634D0EF8B7AB3A1DC9D26207CCAF2F37BEEE8EDB8E848F76---1e73c89fd19f57a9634d0ef8b7ab3a1dc9d26207ccaf2f37beee8edb8e848f76---com.facebook.ads.internal.g.f---a---null
04-09 15:18:48.071  8503  8567 D FiniteState: 1E73C89FD19F57A9634D0EF8B7AB3A1DC9D26207CCAF2F37BEEE8EDB8E848F76---1e73c89fd19f57a9634d0ef8b7ab3a1dc9d26207ccaf2f37beee8edb8e848f76---com.facebook.ads.internal.g.f---b---null
04-09 15:18:48.077  8503  8567 D FiniteState: 1E73C89FD19F57A9634D0EF8B7AB3A1DC9D26207CCAF2F37BEEE8EDB8E848F76---1e73c89fd19f57a9634d0ef8b7ab3a1dc9d26207ccaf2f37beee8edb8e848f76---com.facebook.ads.internal.g.f---a---null
04-09 15:18:48.077  8503  8567 D FiniteState: 1E73C89FD19F57A9634D0EF8B7AB3A1DC9D26207CCAF2F37BEEE8EDB8E848F76---1e73c89fd19f57a9634d0ef8b7ab3a1dc9d26207ccaf2f37beee8edb8e848f76---com.facebook.ads.internal.g.f---a---null
04-09 15:18:48.077  8503  8567 D FiniteState: 1E73C89FD19F57A9634D0EF8B7AB3A1DC9D26207CCAF2F37BEEE8EDB8E848F76---1e73c89fd19f57a9634d0ef8b7ab3a1dc9d26207ccaf2f37beee8edb8e848f76---com.facebook.ads.internal.g.f---a---null
04-09 15:18:48.077  8503  8567 D FiniteState: 1E73C89FD19F57A9634D0EF8B7AB3A1DC9D26207CCAF2F37BEEE8EDB8E848F76---1e73c89fd19f57a9634d0ef8b7ab3a1dc9d26207ccaf2f37beee8edb8e848f76---com.facebook.ads.internal.g.f---a---null
04-09 15:18:48.077  8503  8567 D FiniteState: 1E73C89FD19F57A9634D0EF8B7AB3A1DC9D26207CCAF2F37BEEE8EDB8E848F76---1e73c89fd19f57a9634d0ef8b7ab3a1dc9d26207ccaf2f37beee8edb8e848f76---com.facebook.ads.internal.g.f---a---null
04-09 15:18:48.077  8503  8567 D FiniteState: 1E73C89FD19F57A9634D0EF8B7AB3A1DC9D26207CCAF2F37BEEE8EDB8E848F76---1e73c89fd19f57a9634d0ef8b7ab3a1dc9d26207ccaf2f37beee8edb8e848f76---com.facebook.ads.internal.g.f---a---null
04-09 15:18:48.077  8503  8567 D FiniteState: 1E73C89FD19F57A9634D0EF8B7AB3A1DC9D26207CCAF2F37BEEE8EDB8E848F76---1e73c89fd19f57a9634d0ef8b7ab3a1dc9d26207ccaf2f37beee8edb8e848f76---com.facebook.ads.internal.g.f---a---null
04-09 15:18:48.077  8503  8567 D FiniteState: 1E73C89FD19F57A9634D0EF8B7AB3A1DC9D26207CCAF2F37BEEE8EDB8E848F76---1e73c89fd19f57a9634d0ef8b7ab3a1dc9d26207ccaf2f37beee8edb8e848f76---com.facebook.ads.internal.g.f---a---null
04-09 15:18:48.077  8503  8567 D FiniteState: 1E73C89FD19F57A9634D0EF8B7AB3A1DC9D26207CCAF2F37BEEE8EDB8E848F76---1e73c89fd19f57a9634d0ef8b7ab3a1dc9d26207ccaf2f37beee8edb8e848f76---com.facebook.ads.internal.g.f---a---null
04-09 15:18:48.077  8503  8567 D FiniteState: 1E73C89FD19F57A9634D0EF8B7AB3A1DC9D26207CCAF2F37BEEE8EDB8E848F76---1e73c89fd19f57a9634d0ef8b7ab3a1dc9d26207ccaf2f37beee8edb8e848f76---com.facebook.ads.internal.g.f---a---null
04-09 15:18:48.077  8503  8567 D FiniteState: 1E73C89FD19F57A9634D0EF8B7AB3A1DC9D26207CCAF2F37BEEE8EDB8E848F76---1e73c89fd19f57a9634d0ef8b7ab3a1dc9d26207ccaf2f37beee8edb8e848f76---com.facebook.ads.internal.g.f---a---null
04-09 15:18:48.077  8503  8567 D FiniteState: 1E73C89FD19F57A9634D0EF8B7AB3A1DC9D26207CCAF2F37BEEE8EDB8E848F76---1e73c89fd19f57a9634d0ef8b7ab3a1dc9d26207ccaf2f37beee8edb8e848f76---com.facebook.ads.internal.g.f---a---null
04-09 15:18:48.077  8503  8567 D FiniteState: 1E73C89FD19F57A9634D0EF8B7AB3A1DC9D26207CCAF2F37BEEE8EDB8E848F76---1e73c89fd19f57a9634d0ef8b7ab3a1dc9d26207ccaf2f37beee8edb8e848f76---com.facebook.ads.internal.g.f---a---null
04-09 15:18:48.077  8503  8567 D FiniteState: 1E73C89FD19F57A9634D0EF8B7AB3A1DC9D26207CCAF2F37BEEE8EDB8E848F76---1e73c89fd19f57a9634d0ef8b7ab3a1dc9d26207ccaf2f37beee8edb8e848f76---com.facebook.ads.internal.g.f---a---null
04-09 15:18:48.078  8503  8567 D FiniteState: 1E73C89FD19F57A9634D0EF8B7AB3A1DC9D26207CCAF2F37BEEE8EDB8E848F76---1e73c89fd19f57a9634d0ef8b7ab3a1dc9d26207ccaf2f37beee8edb8e848f76---com.facebook.ads.internal.g.f---a---null
04-09 15:18:48.078  8503  8567 D FiniteState: 1E73C89FD19F57A9634D0EF8B7AB3A1DC9D26207CCAF2F37BEEE8EDB8E848F76---1e73c89fd19f57a9634d0ef8b7ab3a1dc9d26207ccaf2f37beee8edb8e848f76---com.facebook.ads.internal.g.f---a---null
04-09 15:18:48.078  8503  8567 D FiniteState: 1E73C89FD19F57A9634D0EF8B7AB3A1DC9D26207CCAF2F37BEEE8EDB8E848F76---1e73c89fd19f57a9634d0ef8b7ab3a1dc9d26207ccaf2f37beee8edb8e848f76---com.facebook.ads.internal.g.f---a---null
04-09 15:18:48.078  8503  8567 D FiniteState: 1E73C89FD19F57A9634D0EF8B7AB3A1DC9D26207CCAF2F37BEEE8EDB8E848F76---1e73c89fd19f57a9634d0ef8b7ab3a1dc9d26207ccaf2f37beee8edb8e848f76---com.facebook.ads.internal.g.f---a---null
04-09 15:18:48.078  8503  8567 D FiniteState: 1E73C89FD19F57A9634D0EF8B7AB3A1DC9D26207CCAF2F37BEEE8EDB8E848F76---1e73c89fd19f57a9634d0ef8b7ab3a1dc9d26207ccaf2f37beee8edb8e848f76---com.facebook.ads.internal.g.f---a---null
04-09 15:18:48.078  8503  8567 D FiniteState: 1E73C89FD19F57A9634D0EF8B7AB3A1DC9D26207CCAF2F37BEEE8EDB8E848F76---1e73c89fd19f57a9634d0ef8b7ab3a1dc9d26207ccaf2f37beee8edb8e848f76---com.facebook.ads.internal.g.f---a---null
04-09 15:18:48.078  8503  8567 D FiniteState: 1E73C89FD19F57A9634D0EF8B7AB3A1DC9D26207CCAF2F37BEEE8EDB8E848F76---1e73c89fd19f57a9634d0ef8b7ab3a1dc9d26207ccaf2f37beee8edb8e848f76---com.facebook.ads.internal.g.f---a---null
04-09 15:18:48.078  8503  8567 D FiniteState: 1E73C89FD19F57A9634D0EF8B7AB3A1DC9D26207CCAF2F37BEEE8EDB8E848F76---1e73c89fd19f57a9634d0ef8b7ab3a1dc9d26207ccaf2f37beee8edb8e848f76---com.facebook.ads.internal.g.f---a---null
04-09 15:18:48.078  8503  8567 D FiniteState: 1E73C89FD19F57A9634D0EF8B7AB3A1DC9D26207CCAF2F37BEEE8EDB8E848F76---1e73c89fd19f57a9634d0ef8b7ab3a1dc9d26207ccaf2f37beee8edb8e848f76---com.facebook.ads.internal.g.f---a---null
04-09 15:18:48.078  8503  8567 D FiniteState: 1E73C89FD19F57A9634D0EF8B7AB3A1DC9D26207CCAF2F37BEEE8EDB8E848F76---1e73c89fd19f57a9634d0ef8b7ab3a1dc9d26207ccaf2f37beee8edb8e848f76---com.facebook.ads.internal.g.f---a---null
04-09 15:18:48.078  8503  8567 D FiniteState: 1E73C89FD19F57A9634D0EF8B7AB3A1DC9D26207CCAF2F37BEEE8EDB8E848F76---1e73c89fd19f57a9634d0ef8b7ab3a1dc9d26207ccaf2f37beee8edb8e848f76---com.facebook.ads.internal.g.f---a---null
04-09 15:18:48.078  8503  8567 D FiniteState: 1E73C89FD19F57A9634D0EF8B7AB3A1DC9D26207CCAF2F37BEEE8EDB8E848F76---1e73c89fd19f57a9634d0ef8b7ab3a1dc9d26207ccaf2f37beee8edb8e848f76---com.facebook.ads.internal.g.f---a---null
04-09 15:18:48.078  8503  8567 D FiniteState: 1E73C89FD19F57A9634D0EF8B7AB3A1DC9D26207CCAF2F37BEEE8EDB8E848F76---1e73c89fd19f57a9634d0ef8b7ab3a1dc9d26207ccaf2f37beee8edb8e848f76---com.facebook.ads.internal.g.f---a---null
04-09 15:18:48.078  8503  8567 D FiniteState: 1E73C89FD19F57A9634D0EF8B7AB3A1DC9D26207CCAF2F37BEEE8EDB8E848F76---1e73c89fd19f57a9634d0ef8b7ab3a1dc9d26207ccaf2f37beee8edb8e848f76---com.facebook.ads.internal.g.f---a---null
04-09 15:18:48.078  8503  8567 D FiniteState: 1E73C89FD19F57A9634D0EF8B7AB3A1DC9D26207CCAF2F37BEEE8EDB8E848F76---1e73c89fd19f57a9634d0ef8b7ab3a1dc9d26207ccaf2f37beee8edb8e848f76---com.facebook.ads.internal.g.f---a---null
04-09 15:18:48.078  8503  8567 D FiniteState: 1E73C89FD19F57A9634D0EF8B7AB3A1DC9D26207CCAF2F37BEEE8EDB8E848F76---1e73c89fd19f57a9634d0ef8b7ab3a1dc9d26207ccaf2f37beee8edb8e848f76---com.facebook.ads.internal.b.k---a---null
04-09 15:18:48.081  8503  8567 D FiniteState: 1E73C89FD19F57A9634D0EF8B7AB3A1DC9D26207CCAF2F37BEEE8EDB8E848F76---1e73c89fd19f57a9634d0ef8b7ab3a1dc9d26207ccaf2f37beee8edb8e848f76---com.facebook.ads.internal.b.i---a---null
04-09 15:18:48.081  8503  8567 D FiniteState: 1E73C89FD19F57A9634D0EF8B7AB3A1DC9D26207CCAF2F37BEEE8EDB8E848F76---1e73c89fd19f57a9634d0ef8b7ab3a1dc9d26207ccaf2f37beee8edb8e848f76---com.facebook.ads.internal.m.i---a---null
04-09 15:18:48.081  8503  8567 D FiniteState: 1E73C89FD19F57A9634D0EF8B7AB3A1DC9D26207CCAF2F37BEEE8EDB8E848F76---1e73c89fd19f57a9634d0ef8b7ab3a1dc9d26207ccaf2f37beee8edb8e848f76---com.facebook.ads.internal.g.f---a---null
04-09 15:18:48.081  8503  8567 D FiniteState: 1E73C89FD19F57A9634D0EF8B7AB3A1DC9D26207CCAF2F37BEEE8EDB8E848F76---1e73c89fd19f57a9634d0ef8b7ab3a1dc9d26207ccaf2f37beee8edb8e848f76---com.facebook.ads.internal.g.f---a---null
04-09 15:18:48.081  8503  8567 D FiniteState: 1E73C89FD19F57A9634D0EF8B7AB3A1DC9D26207CCAF2F37BEEE8EDB8E848F76---1e73c89fd19f57a9634d0ef8b7ab3a1dc9d26207ccaf2f37beee8edb8e848f76---com.facebook.ads.internal.g.f---a---null
04-09 15:18:48.081  8503  8567 D FiniteState: 1E73C89FD19F57A9634D0EF8B7AB3A1DC9D26207CCAF2F37BEEE8EDB8E848F76---1e73c89fd19f57a9634d0ef8b7ab3a1dc9d26207ccaf2f37beee8edb8e848f76---com.facebook.ads.internal.g.f---a---null
04-09 15:18:48.081  8503  8567 D FiniteState: 1E73C89FD19F57A9634D0EF8B7AB3A1DC9D26207CCAF2F37BEEE8EDB8E848F76---1e73c89fd19f57a9634d0ef8b7ab3a1dc9d26207ccaf2f37beee8edb8e848f76---com.facebook.ads.internal.g.f---a---null
04-09 15:18:48.115  8503  8567 D FiniteState: 1E73C89FD19F57A9634D0EF8B7AB3A1DC9D26207CCAF2F37BEEE8EDB8E848F76---1e73c89fd19f57a9634d0ef8b7ab3a1dc9d26207ccaf2f37beee8edb8e848f76---com.facebook.ads.internal.g.f---a---null
04-09 15:18:48.118  8503  8567 D FiniteState: 1E73C89FD19F57A9634D0EF8B7AB3A1DC9D26207CCAF2F37BEEE8EDB8E848F76---1e73c89fd19f57a9634d0ef8b7ab3a1dc9d26207ccaf2f37beee8edb8e848f76---com.facebook.ads.internal.m.t---a---null
04-09 15:18:48.118  8503  8567 D FiniteState: 1E73C89FD19F57A9634D0EF8B7AB3A1DC9D26207CCAF2F37BEEE8EDB8E848F76---1e73c89fd19f57a9634d0ef8b7ab3a1dc9d26207ccaf2f37beee8edb8e848f76---com.facebook.ads.internal.g.f---a---null
04-09 15:18:48.150  8503  8567 D FiniteState: 1E73C89FD19F57A9634D0EF8B7AB3A1DC9D26207CCAF2F37BEEE8EDB8E848F76---1e73c89fd19f57a9634d0ef8b7ab3a1dc9d26207ccaf2f37beee8edb8e848f76---com.facebook.ads.internal.g.f---a---null
04-09 15:18:48.150  8503  8567 D FiniteState: 1E73C89FD19F57A9634D0EF8B7AB3A1DC9D26207CCAF2F37BEEE8EDB8E848F76---1e73c89fd19f57a9634d0ef8b7ab3a1dc9d26207ccaf2f37beee8edb8e848f76---com.facebook.ads.internal.m.ag---b---null
04-09 15:18:48.150  8503  8567 D FiniteState: 1E73C89FD19F57A9634D0EF8B7AB3A1DC9D26207CCAF2F37BEEE8EDB8E848F76---1e73c89fd19f57a9634d0ef8b7ab3a1dc9d26207ccaf2f37beee8edb8e848f76---com.facebook.ads.internal.m.ag---a---null
04-09 15:18:48.150  8503  8567 D FiniteState: 1E73C89FD19F57A9634D0EF8B7AB3A1DC9D26207CCAF2F37BEEE8EDB8E848F76---1e73c89fd19f57a9634d0ef8b7ab3a1dc9d26207ccaf2f37beee8edb8e848f76---com.facebook.ads.internal.j.a.a---a---null
04-09 15:18:48.152  8503  8567 D FiniteState: 1E73C89FD19F57A9634D0EF8B7AB3A1DC9D26207CCAF2F37BEEE8EDB8E848F76---1e73c89fd19f57a9634d0ef8b7ab3a1dc9d26207ccaf2f37beee8edb8e848f76---com.facebook.ads.internal.j.a.a---b---null
04-09 15:18:48.152  8503  8567 D FiniteState: 1E73C89FD19F57A9634D0EF8B7AB3A1DC9D26207CCAF2F37BEEE8EDB8E848F76---1e73c89fd19f57a9634d0ef8b7ab3a1dc9d26207ccaf2f37beee8edb8e848f76---com.facebook.ads.internal.j.a.p---putAll---null
04-09 15:18:48.152  8503  8567 D FiniteState: 1E73C89FD19F57A9634D0EF8B7AB3A1DC9D26207CCAF2F37BEEE8EDB8E848F76---1e73c89fd19f57a9634d0ef8b7ab3a1dc9d26207ccaf2f37beee8edb8e848f76---com.facebook.ads.internal.j.a.p---a---null
04-09 15:18:48.152  8503  8567 D FiniteState: 1E73C89FD19F57A9634D0EF8B7AB3A1DC9D26207CCAF2F37BEEE8EDB8E848F76---1e73c89fd19f57a9634d0ef8b7ab3a1dc9d26207ccaf2f37beee8edb8e848f76---com.facebook.ads.internal.l.b---b---null
04-09 15:18:48.152  8503  8567 D FiniteState: 1E73C89FD19F57A9634D0EF8B7AB3A1DC9D26207CCAF2F37BEEE8EDB8E848F76---1e73c89fd19f57a9634d0ef8b7ab3a1dc9d26207ccaf2f37beee8edb8e848f76---com.facebook.ads.internal.j.a.p---a---null
04-09 15:18:48.162  8503  8567 D FiniteState: 1E73C89FD19F57A9634D0EF8B7AB3A1DC9D26207CCAF2F37BEEE8EDB8E848F76---1e73c89fd19f57a9634d0ef8b7ab3a1dc9d26207ccaf2f37beee8edb8e848f76---com.facebook.ads.internal.j.a.a---a---null
04-09 15:18:48.162  8503  8567 D FiniteState: 1E73C89FD19F57A9634D0EF8B7AB3A1DC9D26207CCAF2F37BEEE8EDB8E848F76---1e73c89fd19f57a9634d0ef8b7ab3a1dc9d26207ccaf2f37beee8edb8e848f76---com.facebook.ads.internal.j.a.e---a---null
04-09 15:18:48.163  8503  8567 D FiniteState: 1E73C89FD19F57A9634D0EF8B7AB3A1DC9D26207CCAF2F37BEEE8EDB8E848F76---1e73c89fd19f57a9634d0ef8b7ab3a1dc9d26207ccaf2f37beee8edb8e848f76---com.facebook.ads.internal.j.a.h---a---null
04-09 15:18:48.163  8503  8567 D FiniteState: 1E73C89FD19F57A9634D0EF8B7AB3A1DC9D26207CCAF2F37BEEE8EDB8E848F76---1e73c89fd19f57a9634d0ef8b7ab3a1dc9d26207ccaf2f37beee8edb8e848f76---com.facebook.ads.internal.j.a.a---a---null
04-09 15:18:48.184  8503  8674 D FiniteState: 1E73C89FD19F57A9634D0EF8B7AB3A1DC9D26207CCAF2F37BEEE8EDB8E848F76---1e73c89fd19f57a9634d0ef8b7ab3a1dc9d26207ccaf2f37beee8edb8e848f76---com.facebook.ads.internal.j.a.a---a---null
04-09 15:18:48.185  8503  8674 D FiniteState: 1E73C89FD19F57A9634D0EF8B7AB3A1DC9D26207CCAF2F37BEEE8EDB8E848F76---1e73c89fd19f57a9634d0ef8b7ab3a1dc9d26207ccaf2f37beee8edb8e848f76---com.facebook.ads.internal.j.a.a---a---null
04-09 15:18:48.185  8503  8674 D FiniteState: 1E73C89FD19F57A9634D0EF8B7AB3A1DC9D26207CCAF2F37BEEE8EDB8E848F76---1e73c89fd19f57a9634d0ef8b7ab3a1dc9d26207ccaf2f37beee8edb8e848f76---com.facebook.ads.internal.j.a.f---a---null
04-09 15:18:48.186  8503  8674 D FiniteState: 1E73C89FD19F57A9634D0EF8B7AB3A1DC9D26207CCAF2F37BEEE8EDB8E848F76---1e73c89fd19f57a9634d0ef8b7ab3a1dc9d26207ccaf2f37beee8edb8e848f76---com.facebook.ads.internal.j.a.a---a---null
04-09 15:18:48.186  8503  8674 D FiniteState: 1E73C89FD19F57A9634D0EF8B7AB3A1DC9D26207CCAF2F37BEEE8EDB8E848F76---1e73c89fd19f57a9634d0ef8b7ab3a1dc9d26207ccaf2f37beee8edb8e848f76---com.facebook.ads.internal.j.a.f---a---null
04-09 15:18:48.186  8503  8674 D FiniteState: 1E73C89FD19F57A9634D0EF8B7AB3A1DC9D26207CCAF2F37BEEE8EDB8E848F76---1e73c89fd19f57a9634d0ef8b7ab3a1dc9d26207ccaf2f37beee8edb8e848f76---com.facebook.ads.internal.j.a.a---a---null
04-09 15:18:48.186  8503  8674 D FiniteState: 1E73C89FD19F57A9634D0EF8B7AB3A1DC9D26207CCAF2F37BEEE8EDB8E848F76---1e73c89fd19f57a9634d0ef8b7ab3a1dc9d26207ccaf2f37beee8edb8e848f76---com.facebook.ads.internal.j.a.a---c---null
04-09 15:18:48.304  8503  8674 D FiniteState: 1E73C89FD19F57A9634D0EF8B7AB3A1DC9D26207CCAF2F37BEEE8EDB8E848F76---1e73c89fd19f57a9634d0ef8b7ab3a1dc9d26207ccaf2f37beee8edb8e848f76---com.facebook.ads.internal.j.a.o---a---null
04-09 15:18:48.304  8503  8674 D FiniteState: 1E73C89FD19F57A9634D0EF8B7AB3A1DC9D26207CCAF2F37BEEE8EDB8E848F76---1e73c89fd19f57a9634d0ef8b7ab3a1dc9d26207ccaf2f37beee8edb8e848f76---com.facebook.ads.internal.j.a.o---a---null
04-09 15:18:48.304  8503  8674 D FiniteState: 1E73C89FD19F57A9634D0EF8B7AB3A1DC9D26207CCAF2F37BEEE8EDB8E848F76---1e73c89fd19f57a9634d0ef8b7ab3a1dc9d26207ccaf2f37beee8edb8e848f76---com.facebook.ads.internal.j.a.o---a---null
04-09 15:18:48.304  8503  8674 D FiniteState: 1E73C89FD19F57A9634D0EF8B7AB3A1DC9D26207CCAF2F37BEEE8EDB8E848F76---1e73c89fd19f57a9634d0ef8b7ab3a1dc9d26207ccaf2f37beee8edb8e848f76---com.facebook.ads.internal.j.a.o---a---null
04-09 15:18:48.304  8503  8674 D FiniteState: 1E73C89FD19F57A9634D0EF8B7AB3A1DC9D26207CCAF2F37BEEE8EDB8E848F76---1e73c89fd19f57a9634d0ef8b7ab3a1dc9d26207ccaf2f37beee8edb8e848f76---com.facebook.ads.internal.j.a.f---a---null
04-09 15:18:48.304  8503  8674 D FiniteState: 1E73C89FD19F57A9634D0EF8B7AB3A1DC9D26207CCAF2F37BEEE8EDB8E848F76---1e73c89fd19f57a9634d0ef8b7ab3a1dc9d26207ccaf2f37beee8edb8e848f76---com.facebook.ads.internal.j.a.a---a---null
04-09 15:18:48.423  8503  8674 D FiniteState: 1E73C89FD19F57A9634D0EF8B7AB3A1DC9D26207CCAF2F37BEEE8EDB8E848F76---1e73c89fd19f57a9634d0ef8b7ab3a1dc9d26207ccaf2f37beee8edb8e848f76---com.facebook.ads.internal.j.a.f---a---null
04-09 15:18:48.425  8503  8674 D FiniteState: 1E73C89FD19F57A9634D0EF8B7AB3A1DC9D26207CCAF2F37BEEE8EDB8E848F76---1e73c89fd19f57a9634d0ef8b7ab3a1dc9d26207ccaf2f37beee8edb8e848f76---com.facebook.ads.internal.j.a.a---a---null
04-09 15:18:48.740  8503  8503 D FiniteState: 1E73C89FD19F57A9634D0EF8B7AB3A1DC9D26207CCAF2F37BEEE8EDB8E848F76---1e73c89fd19f57a9634d0ef8b7ab3a1dc9d26207ccaf2f37beee8edb8e848f76---com.facebook.ads.internal.j.a.n---d---null
04-09 15:18:48.749  8503  8503 D FiniteState: 1E73C89FD19F57A9634D0EF8B7AB3A1DC9D26207CCAF2F37BEEE8EDB8E848F76---1e73c89fd19f57a9634d0ef8b7ab3a1dc9d26207ccaf2f37beee8edb8e848f76---com.facebook.ads.internal.m.q---b---null
04-09 15:18:48.749  8503  8503 D FiniteState: 1E73C89FD19F57A9634D0EF8B7AB3A1DC9D26207CCAF2F37BEEE8EDB8E848F76---1e73c89fd19f57a9634d0ef8b7ab3a1dc9d26207ccaf2f37beee8edb8e848f76---com.facebook.ads.internal.l.b$2---a---null
04-09 15:18:48.749  8503  8503 D FiniteState: 1E73C89FD19F57A9634D0EF8B7AB3A1DC9D26207CCAF2F37BEEE8EDB8E848F76---1e73c89fd19f57a9634d0ef8b7ab3a1dc9d26207ccaf2f37beee8edb8e848f76---com.facebook.ads.internal.l.d---a---null
04-09 15:18:48.749  8503  8503 D FiniteState: 1E73C89FD19F57A9634D0EF8B7AB3A1DC9D26207CCAF2F37BEEE8EDB8E848F76---1e73c89fd19f57a9634d0ef8b7ab3a1dc9d26207ccaf2f37beee8edb8e848f76---com.facebook.ads.internal.g.e---a---null
04-09 15:18:48.750  8503  8503 D FiniteState: 1E73C89FD19F57A9634D0EF8B7AB3A1DC9D26207CCAF2F37BEEE8EDB8E848F76---1e73c89fd19f57a9634d0ef8b7ab3a1dc9d26207ccaf2f37beee8edb8e848f76---com.facebook.ads.internal.l.d---b---null
04-09 15:18:48.750  8503  8503 D FiniteState: 1E73C89FD19F57A9634D0EF8B7AB3A1DC9D26207CCAF2F37BEEE8EDB8E848F76---1e73c89fd19f57a9634d0ef8b7ab3a1dc9d26207ccaf2f37beee8edb8e848f76---com.facebook.ads.internal.j---a---null
04-09 15:18:48.753  8503  8503 D FiniteState: 1E73C89FD19F57A9634D0EF8B7AB3A1DC9D26207CCAF2F37BEEE8EDB8E848F76---1e73c89fd19f57a9634d0ef8b7ab3a1dc9d26207ccaf2f37beee8edb8e848f76---com.facebook.ads.internal.l.b---a---null
04-09 15:18:48.753  8503  8503 D FiniteState: 1E73C89FD19F57A9634D0EF8B7AB3A1DC9D26207CCAF2F37BEEE8EDB8E848F76---1e73c89fd19f57a9634d0ef8b7ab3a1dc9d26207ccaf2f37beee8edb8e848f76---com.facebook.ads.internal.m.q---a---null
04-09 15:18:48.757  8503  8503 D FiniteState: 1E73C89FD19F57A9634D0EF8B7AB3A1DC9D26207CCAF2F37BEEE8EDB8E848F76---1e73c89fd19f57a9634d0ef8b7ab3a1dc9d26207ccaf2f37beee8edb8e848f76---com.facebook.ads.internal.a---a---null
04-09 15:18:48.757  8503  8503 D FiniteState: 1E73C89FD19F57A9634D0EF8B7AB3A1DC9D26207CCAF2F37BEEE8EDB8E848F76---1e73c89fd19f57a9634d0ef8b7ab3a1dc9d26207ccaf2f37beee8edb8e848f76---com.facebook.ads.internal.b---a---null
04-09 15:18:48.757  8503  8503 D FiniteState: 1E73C89FD19F57A9634D0EF8B7AB3A1DC9D26207CCAF2F37BEEE8EDB8E848F76---1e73c89fd19f57a9634d0ef8b7ab3a1dc9d26207ccaf2f37beee8edb8e848f76---com.facebook.ads.internal.l.b---a---null
04-09 15:18:48.757  8503  8503 D FiniteState: 1E73C89FD19F57A9634D0EF8B7AB3A1DC9D26207CCAF2F37BEEE8EDB8E848F76---1e73c89fd19f57a9634d0ef8b7ab3a1dc9d26207ccaf2f37beee8edb8e848f76---com.facebook.ads.internal.l.b---a---null
04-09 15:18:48.757  8503  8503 D FiniteState: 1E73C89FD19F57A9634D0EF8B7AB3A1DC9D26207CCAF2F37BEEE8EDB8E848F76---1e73c89fd19f57a9634d0ef8b7ab3a1dc9d26207ccaf2f37beee8edb8e848f76---com.facebook.ads.internal.j.a.h---a---null
04-09 15:18:48.757  8503  8503 D FiniteState: 1E73C89FD19F57A9634D0EF8B7AB3A1DC9D26207CCAF2F37BEEE8EDB8E848F76---1e73c89fd19f57a9634d0ef8b7ab3a1dc9d26207ccaf2f37beee8edb8e848f76---com.facebook.ads.internal.j.a.h---onPostExecute---null
04-09 15:18:48.778  8503  8503 D FiniteState: 1E73C89FD19F57A9634D0EF8B7AB3A1DC9D26207CCAF2F37BEEE8EDB8E848F76---1e73c89fd19f57a9634d0ef8b7ab3a1dc9d26207ccaf2f37beee8edb8e848f76---com.facebook.ads.internal.d---b---null
04-09 15:18:48.778  8503  8503 D FiniteState: 1E73C89FD19F57A9634D0EF8B7AB3A1DC9D26207CCAF2F37BEEE8EDB8E848F76---1e73c89fd19f57a9634d0ef8b7ab3a1dc9d26207ccaf2f37beee8edb8e848f76---com.facebook.ads.internal.g.f---a---null
04-09 15:18:48.779  8503  8503 D FiniteState: 1E73C89FD19F57A9634D0EF8B7AB3A1DC9D26207CCAF2F37BEEE8EDB8E848F76---1e73c89fd19f57a9634d0ef8b7ab3a1dc9d26207ccaf2f37beee8edb8e848f76---com.facebook.ads.internal.b---g---null
04-09 15:18:48.779  8503  8503 D FiniteState: 1E73C89FD19F57A9634D0EF8B7AB3A1DC9D26207CCAF2F37BEEE8EDB8E848F76---1e73c89fd19f57a9634d0ef8b7ab3a1dc9d26207ccaf2f37beee8edb8e848f76---com.facebook.ads.internal.l.b---a---null
04-09 15:18:48.779  8503  8503 D FiniteState: 1E73C89FD19F57A9634D0EF8B7AB3A1DC9D26207CCAF2F37BEEE8EDB8E848F76---1e73c89fd19f57a9634d0ef8b7ab3a1dc9d26207ccaf2f37beee8edb8e848f76---com.facebook.ads.internal.m.b---b---null
04-09 15:18:48.780  8503  8503 D FiniteState: 1E73C89FD19F57A9634D0EF8B7AB3A1DC9D26207CCAF2F37BEEE8EDB8E848F76---1e73c89fd19f57a9634d0ef8b7ab3a1dc9d26207ccaf2f37beee8edb8e848f76---com.facebook.ads.internal.m.b---a---null
04-09 15:18:48.780  8503  8503 D FiniteState: 1E73C89FD19F57A9634D0EF8B7AB3A1DC9D26207CCAF2F37BEEE8EDB8E848F76---1e73c89fd19f57a9634d0ef8b7ab3a1dc9d26207ccaf2f37beee8edb8e848f76---com.facebook.ads.internal.m.b---c---null
04-09 15:18:48.780  8503  8503 D FiniteState: 1E73C89FD19F57A9634D0EF8B7AB3A1DC9D26207CCAF2F37BEEE8EDB8E848F76---1e73c89fd19f57a9634d0ef8b7ab3a1dc9d26207ccaf2f37beee8edb8e848f76---com.facebook.ads.internal.m.b---d---null
04-09 15:18:48.784  8503  8503 D FiniteState: 1E73C89FD19F57A9634D0EF8B7AB3A1DC9D26207CCAF2F37BEEE8EDB8E848F76---1e73c89fd19f57a9634d0ef8b7ab3a1dc9d26207ccaf2f37beee8edb8e848f76---com.facebook.ads.internal.a---a---null
04-09 15:18:48.784  8503  8503 D FiniteState: 1E73C89FD19F57A9634D0EF8B7AB3A1DC9D26207CCAF2F37BEEE8EDB8E848F76---1e73c89fd19f57a9634d0ef8b7ab3a1dc9d26207ccaf2f37beee8edb8e848f76---com.facebook.ads.internal.b---a---null
04-09 15:18:48.784  8503  8503 D FiniteState: 1E73C89FD19F57A9634D0EF8B7AB3A1DC9D26207CCAF2F37BEEE8EDB8E848F76---1e73c89fd19f57a9634d0ef8b7ab3a1dc9d26207ccaf2f37beee8edb8e848f76---com.facebook.ads.internal.l.b---a---null
04-09 15:18:48.784  8503  8503 D FiniteState: 1E73C89FD19F57A9634D0EF8B7AB3A1DC9D26207CCAF2F37BEEE8EDB8E848F76---1e73c89fd19f57a9634d0ef8b7ab3a1dc9d26207ccaf2f37beee8edb8e848f76---com.facebook.ads.internal.b---a---null
04-09 15:18:48.784  8503  8503 D FiniteState: 1E73C89FD19F57A9634D0EF8B7AB3A1DC9D26207CCAF2F37BEEE8EDB8E848F76---1e73c89fd19f57a9634d0ef8b7ab3a1dc9d26207ccaf2f37beee8edb8e848f76---com.facebook.ads.g$1---a---null
04-09 15:18:48.784  8503  8503 D FiniteState: 1E73C89FD19F57A9634D0EF8B7AB3A1DC9D26207CCAF2F37BEEE8EDB8E848F76---1e73c89fd19f57a9634d0ef8b7ab3a1dc9d26207ccaf2f37beee8edb8e848f76---com.facebook.ads.internal.b$6---run---null
04-09 15:18:48.784  8503  8503 D FiniteState: 1E73C89FD19F57A9634D0EF8B7AB3A1DC9D26207CCAF2F37BEEE8EDB8E848F76---1e73c89fd19f57a9634d0ef8b7ab3a1dc9d26207ccaf2f37beee8edb8e848f76---com.facebook.ads.internal.d---b---null
04-09 15:18:48.784  8503  8503 D FiniteState: 1E73C89FD19F57A9634D0EF8B7AB3A1DC9D26207CCAF2F37BEEE8EDB8E848F76---1e73c89fd19f57a9634d0ef8b7ab3a1dc9d26207ccaf2f37beee8edb8e848f76---com.facebook.ads.g$1---a---null
04-09 15:18:48.784  8503  8503 D FiniteState: 1E73C89FD19F57A9634D0EF8B7AB3A1DC9D26207CCAF2F37BEEE8EDB8E848F76---1e73c89fd19f57a9634d0ef8b7ab3a1dc9d26207ccaf2f37beee8edb8e848f76---com.facebook.ads.internal.b$6---run---null
04-09 15:18:48.802  8503  8503 D FiniteState: 1E73C89FD19F57A9634D0EF8B7AB3A1DC9D26207CCAF2F37BEEE8EDB8E848F76---1e73c89fd19f57a9634d0ef8b7ab3a1dc9d26207ccaf2f37beee8edb8e848f76---com.facebook.ads.internal.m.b$a---onSensorChanged---null
04-09 15:18:48.805  8503  8503 D FiniteState: 1E73C89FD19F57A9634D0EF8B7AB3A1DC9D26207CCAF2F37BEEE8EDB8E848F76---1e73c89fd19f57a9634d0ef8b7ab3a1dc9d26207ccaf2f37beee8edb8e848f76---com.facebook.ads.internal.m.b---a---null
04-09 15:18:49.031  8503  8503 D FiniteState: 1E73C89FD19F57A9634D0EF8B7AB3A1DC9D26207CCAF2F37BEEE8EDB8E848F76---1e73c89fd19f57a9634d0ef8b7ab3a1dc9d26207ccaf2f37beee8edb8e848f76---com.facebook.ads.internal.m.b---a---null
04-09 15:23:59.377 15718 15718 D FiniteState: 2CA414340473F9E706848CC75EE3D8A58B1FBE33A8B0E60EE0BB30B877A7B8D5---2ca414340473f9e706848cc75ee3d8a58b1fbe33a8b0e60ee0bb30b877a7b8d5---com.google.android.gms.ads.RequestConfiguration$Builder---build---null
04-09 15:23:59.577 15718 15718 D FiniteState: 2CA414340473F9E706848CC75EE3D8A58B1FBE33A8B0E60EE0BB30B877A7B8D5---2ca414340473f9e706848cc75ee3d8a58b1fbe33a8b0e60ee0bb30b877a7b8d5---com.google.android.gms.ads.MobileAds---initialize---null
04-09 15:23:59.577 15718 15718 D FiniteState: 2CA414340473F9E706848CC75EE3D8A58B1FBE33A8B0E60EE0BB30B877A7B8D5---2ca414340473f9e706848cc75ee3d8a58b1fbe33a8b0e60ee0bb30b877a7b8d5---com.google.android.gms.ads.RequestConfiguration$Builder---setTestDeviceIds---null
04-09 15:23:59.577 15718 15718 D FiniteState: 2CA414340473F9E706848CC75EE3D8A58B1FBE33A8B0E60EE0BB30B877A7B8D5---2ca414340473f9e706848cc75ee3d8a58b1fbe33a8b0e60ee0bb30b877a7b8d5---com.google.android.gms.ads.RequestConfiguration$Builder---build---null
04-09 15:23:59.577 15718 15718 D FiniteState: 2CA414340473F9E706848CC75EE3D8A58B1FBE33A8B0E60EE0BB30B877A7B8D5---2ca414340473f9e706848cc75ee3d8a58b1fbe33a8b0e60ee0bb30b877a7b8d5---com.google.android.gms.ads.MobileAds---setRequestConfiguration---null
04-09 15:26:43.081 19137 19249 D FiniteState: 017D4ED98A1C94CD6B7F1C5ACDD5178C1C485CE3F616741C9A9535868362F077---017d4ed98a1c94cd6b7f1c5acdd5178c1c485ce3f616741c9a9535868362f077---com.google.android.gms.ads.identifier.AdvertisingIdClient---getAdvertisingIdInfo---null
04-09 15:26:43.086 19137 19249 D FiniteState: 017D4ED98A1C94CD6B7F1C5ACDD5178C1C485CE3F616741C9A9535868362F077---017d4ed98a1c94cd6b7f1c5acdd5178c1c485ce3f616741c9a9535868362f077---com.google.android.gms.ads.identifier.AdvertisingIdClient---zza---null
04-09 15:26:43.097 19137 19249 D FiniteState: 017D4ED98A1C94CD6B7F1C5ACDD5178C1C485CE3F616741C9A9535868362F077---017d4ed98a1c94cd6b7f1c5acdd5178c1c485ce3f616741c9a9535868362f077---com.google.android.gms.ads.identifier.AdvertisingIdClient---zza---null
04-09 15:26:43.416 19137 19249 D FiniteState: 017D4ED98A1C94CD6B7F1C5ACDD5178C1C485CE3F616741C9A9535868362F077---017d4ed98a1c94cd6b7f1c5acdd5178c1c485ce3f616741c9a9535868362f077---com.google.android.gms.ads.identifier.AdvertisingIdClient---getInfo---null
04-09 15:26:43.421 19137 19249 D FiniteState: 017D4ED98A1C94CD6B7F1C5ACDD5178C1C485CE3F616741C9A9535868362F077---017d4ed98a1c94cd6b7f1c5acdd5178c1c485ce3f616741c9a9535868362f077---com.google.android.gms.ads.identifier.AdvertisingIdClient---finish---null
04-09 15:26:44.207 19137 19152 D FiniteState: 017D4ED98A1C94CD6B7F1C5ACDD5178C1C485CE3F616741C9A9535868362F077---017d4ed98a1c94cd6b7f1c5acdd5178c1c485ce3f616741c9a9535868362f077---com.google.android.gms.ads.identifier.AdvertisingIdClient---finish---null
04-09 15:26:44.208 19137 19152 D FiniteState: 017D4ED98A1C94CD6B7F1C5ACDD5178C1C485CE3F616741C9A9535868362F077---017d4ed98a1c94cd6b7f1c5acdd5178c1c485ce3f616741c9a9535868362f077---com.google.android.gms.ads.identifier.AdvertisingIdClient---finalize---null
04-09 15:28:37.088 21662 21692 D FiniteState: 2E21E23EF46D9C4773EAEEF05749491C8E032C7F134EF6011A3D922A7DA693FE---2e21e23ef46d9c4773eaeef05749491c8e032c7f134ef6011a3d922a7da693fe---com.google.android.gms.ads.identifier.AdvertisingIdClient---getAdvertisingIdInfo---null
04-09 15:28:37.088 21662 21692 D FiniteState: 2E21E23EF46D9C4773EAEEF05749491C8E032C7F134EF6011A3D922A7DA693FE---2e21e23ef46d9c4773eaeef05749491c8e032c7f134ef6011a3d922a7da693fe---com.google.android.gms.ads.identifier.AdvertisingIdClient---zzb---null
04-09 15:28:37.309 21662 21691 D FiniteState: 2E21E23EF46D9C4773EAEEF05749491C8E032C7F134EF6011A3D922A7DA693FE---2e21e23ef46d9c4773eaeef05749491c8e032c7f134ef6011a3d922a7da693fe---com.google.android.gms.ads.identifier.AdvertisingIdClient---getAdvertisingIdInfo---null
04-09 15:28:37.310 21662 21691 D FiniteState: 2E21E23EF46D9C4773EAEEF05749491C8E032C7F134EF6011A3D922A7DA693FE---2e21e23ef46d9c4773eaeef05749491c8e032c7f134ef6011a3d922a7da693fe---com.google.android.gms.ads.identifier.AdvertisingIdClient---zzb---null
04-09 15:28:37.988 21662 21691 D FiniteState: 2E21E23EF46D9C4773EAEEF05749491C8E032C7F134EF6011A3D922A7DA693FE---2e21e23ef46d9c4773eaeef05749491c8e032c7f134ef6011a3d922a7da693fe---com.google.android.gms.ads.identifier.AdvertisingIdClient---zzd---null
04-09 15:28:37.994 21662 21692 D FiniteState: 2E21E23EF46D9C4773EAEEF05749491C8E032C7F134EF6011A3D922A7DA693FE---2e21e23ef46d9c4773eaeef05749491c8e032c7f134ef6011a3d922a7da693fe---com.google.android.gms.ads.identifier.AdvertisingIdClient---zzd---null
04-09 15:28:38.015 21662 21691 D FiniteState: 2E21E23EF46D9C4773EAEEF05749491C8E032C7F134EF6011A3D922A7DA693FE---2e21e23ef46d9c4773eaeef05749491c8e032c7f134ef6011a3d922a7da693fe---com.google.android.gms.ads.identifier.AdvertisingIdClient---zza---null
04-09 15:28:38.029 21662 21692 D FiniteState: 2E21E23EF46D9C4773EAEEF05749491C8E032C7F134EF6011A3D922A7DA693FE---2e21e23ef46d9c4773eaeef05749491c8e032c7f134ef6011a3d922a7da693fe---com.google.android.gms.ads.identifier.AdvertisingIdClient---zza---null
04-09 15:28:39.226 21662 21691 D FiniteState: 2E21E23EF46D9C4773EAEEF05749491C8E032C7F134EF6011A3D922A7DA693FE---2e21e23ef46d9c4773eaeef05749491c8e032c7f134ef6011a3d922a7da693fe---com.google.android.gms.ads.identifier.AdvertisingIdClient---getAdvertisingIdInfo---null
04-09 15:28:39.226 21662 21691 D FiniteState: 2E21E23EF46D9C4773EAEEF05749491C8E032C7F134EF6011A3D922A7DA693FE---2e21e23ef46d9c4773eaeef05749491c8e032c7f134ef6011a3d922a7da693fe---com.google.android.gms.ads.identifier.AdvertisingIdClient---zzb---null
04-09 15:28:39.456 21662 21691 D FiniteState: 2E21E23EF46D9C4773EAEEF05749491C8E032C7F134EF6011A3D922A7DA693FE---2e21e23ef46d9c4773eaeef05749491c8e032c7f134ef6011a3d922a7da693fe---com.google.android.gms.ads.identifier.AdvertisingIdClient---zzd---null
04-09 15:28:39.484 21662 21691 D FiniteState: 2E21E23EF46D9C4773EAEEF05749491C8E032C7F134EF6011A3D922A7DA693FE---2e21e23ef46d9c4773eaeef05749491c8e032c7f134ef6011a3d922a7da693fe---com.google.android.gms.ads.identifier.AdvertisingIdClient---zza---null
04-09 15:32:12.993 26622 26622 D FiniteState: 003483FF2A74BF9B2AA6CC20850DF8D0EA0EEDC16089E6B65159D692157E658C---003483ff2a74bf9b2aa6cc20850df8d0ea0eedc16089e6b65159d692157e658c---com.google.android.gms.ads.MobileAdsInitProvider---attachInfo---null
04-09 15:32:13.207 26622 26622 D FiniteState: 003483FF2A74BF9B2AA6CC20850DF8D0EA0EEDC16089E6B65159D692157E658C---003483ff2a74bf9b2aa6cc20850df8d0ea0eedc16089e6b65159d692157e658c---com.google.android.gms.ads.RequestConfiguration$Builder---build---null
04-09 15:32:13.208 26622 26622 D FiniteState: 003483FF2A74BF9B2AA6CC20850DF8D0EA0EEDC16089E6B65159D692157E658C---003483ff2a74bf9b2aa6cc20850df8d0ea0eedc16089e6b65159d692157e658c---com.google.android.gms.ads.internal.client.zzed---zzf---null
04-09 15:32:13.210 26622 26622 D FiniteState: 003483FF2A74BF9B2AA6CC20850DF8D0EA0EEDC16089E6B65159D692157E658C---003483ff2a74bf9b2aa6cc20850df8d0ea0eedc16089e6b65159d692157e658c---com.google.android.gms.ads.internal.client.zzed---zzy---null
04-09 15:32:13.210 26622 26622 D FiniteState: 003483FF2A74BF9B2AA6CC20850DF8D0EA0EEDC16089E6B65159D692157E658C---003483ff2a74bf9b2aa6cc20850df8d0ea0eedc16089e6b65159d692157e658c---com.google.android.gms.ads.internal.client.zzav---zzd---null
04-09 15:32:13.217 26622 26622 D FiniteState: 003483FF2A74BF9B2AA6CC20850DF8D0EA0EEDC16089E6B65159D692157E658C---003483ff2a74bf9b2aa6cc20850df8d0ea0eedc16089e6b65159d692157e658c---com.google.android.gms.ads.internal.client.zzao---zzc---null
04-09 15:32:13.250 26622 26622 D FiniteState: 003483FF2A74BF9B2AA6CC20850DF8D0EA0EEDC16089E6B65159D692157E658C---003483ff2a74bf9b2aa6cc20850df8d0ea0eedc16089e6b65159d692157e658c---com.google.android.gms.ads.internal.client.zzek---getRemoteCreator---null
04-09 15:32:13.250 26622 26622 D FiniteState: 003483FF2A74BF9B2AA6CC20850DF8D0EA0EEDC16089E6B65159D692157E658C---003483ff2a74bf9b2aa6cc20850df8d0ea0eedc16089e6b65159d692157e658c---com.google.android.gms.ads.internal.client.zzcn---zze---null
04-09 15:32:13.287 26622 26622 D FiniteState: 003483FF2A74BF9B2AA6CC20850DF8D0EA0EEDC16089E6B65159D692157E658C---003483ff2a74bf9b2aa6cc20850df8d0ea0eedc16089e6b65159d692157e658c---com.google.android.gms.ads.internal.client.zzek---zza---null
04-09 15:32:13.287 26622 26622 D FiniteState: 003483FF2A74BF9B2AA6CC20850DF8D0EA0EEDC16089E6B65159D692157E658C---003483ff2a74bf9b2aa6cc20850df8d0ea0eedc16089e6b65159d692157e658c---com.google.android.gms.ads.internal.client.zzck---zzr---null
04-09 15:32:13.287 26622 26622 D FiniteState: 003483FF2A74BF9B2AA6CC20850DF8D0EA0EEDC16089E6B65159D692157E658C---003483ff2a74bf9b2aa6cc20850df8d0ea0eedc16089e6b65159d692157e658c---com.google.android.gms.ads.internal.client.zzck---zzn---null
04-09 15:32:13.288 26622 26622 D FiniteState: 003483FF2A74BF9B2AA6CC20850DF8D0EA0EEDC16089E6B65159D692157E658C---003483ff2a74bf9b2aa6cc20850df8d0ea0eedc16089e6b65159d692157e658c---com.google.android.gms.ads.internal.client.zzed---zzx---null
04-09 15:32:13.288 26622 26622 D FiniteState: 003483FF2A74BF9B2AA6CC20850DF8D0EA0EEDC16089E6B65159D692157E658C---003483ff2a74bf9b2aa6cc20850df8d0ea0eedc16089e6b65159d692157e658c---com.google.android.gms.ads.internal.client.zzck---zzj---null
04-09 15:32:13.288 26622 26622 D FiniteState: 003483FF2A74BF9B2AA6CC20850DF8D0EA0EEDC16089E6B65159D692157E658C---003483ff2a74bf9b2aa6cc20850df8d0ea0eedc16089e6b65159d692157e658c---com.google.android.gms.ads.internal.client.zzck---zzk---null
04-09 15:32:13.437 26622 26622 D FiniteState: 003483FF2A74BF9B2AA6CC20850DF8D0EA0EEDC16089E6B65159D692157E658C---003483ff2a74bf9b2aa6cc20850df8d0ea0eedc16089e6b65159d692157e658c---com.google.android.gms.ads.MobileAds---initialize---null
04-09 15:32:15.102 26773 26773 D FiniteState: 003483FF2A74BF9B2AA6CC20850DF8D0EA0EEDC16089E6B65159D692157E658C---003483ff2a74bf9b2aa6cc20850df8d0ea0eedc16089e6b65159d692157e658c---com.google.android.gms.ads.MobileAdsInitProvider---attachInfo---null
04-09 15:33:05.954 27875 27875 D FiniteState: 2D1D76CAEF282E40AE76FCAD2FFA94BD18690ABD652E804A6562AE9020345109---2d1d76caef282e40ae76fcad2ffa94bd18690abd652e804a6562ae9020345109---com.facebook.ads.internal.dynamicloading.DynamicLoaderFactory---initialize---null
04-09 15:33:05.955 27875 27875 D FiniteState: 2D1D76CAEF282E40AE76FCAD2FFA94BD18690ABD652E804A6562AE9020345109---2d1d76caef282e40ae76fcad2ffa94bd18690abd652e804a6562ae9020345109---com.facebook.ads.AudienceNetworkContentProvider---onCreate---null
04-09 15:33:05.955 27875 27895 D FiniteState: 2D1D76CAEF282E40AE76FCAD2FFA94BD18690ABD652E804A6562AE9020345109---2d1d76caef282e40ae76fcad2ffa94bd18690abd652e804a6562ae9020345109---com.facebook.ads.internal.util.common.ANActivityLifecycleCallbacksListener---registerActivityCallbacks---null
04-09 15:33:05.955 27875 27895 D FiniteState: 2D1D76CAEF282E40AE76FCAD2FFA94BD18690ABD652E804A6562AE9020345109---2d1d76caef282e40ae76fcad2ffa94bd18690abd652e804a6562ae9020345109---com.facebook.ads.internal.dynamicloading.DynamicLoaderFactory$1---run---null
04-09 15:33:06.070 27875 27875 D FiniteState: 2D1D76CAEF282E40AE76FCAD2FFA94BD18690ABD652E804A6562AE9020345109---2d1d76caef282e40ae76fcad2ffa94bd18690abd652e804a6562ae9020345109---com.facebook.ads.internal.util.common.ANActivityLifecycleCallbacksListener---onActivityCreated---null
04-09 15:33:06.356 27875 27895 D FiniteState: 2D1D76CAEF282E40AE76FCAD2FFA94BD18690ABD652E804A6562AE9020345109---2d1d76caef282e40ae76fcad2ffa94bd18690abd652e804a6562ae9020345109---com.facebook.ads.internal.dynamicloading.DynamicLoaderFactory---access$200---null
04-09 15:33:06.721 27875 27875 D FiniteState: 2D1D76CAEF282E40AE76FCAD2FFA94BD18690ABD652E804A6562AE9020345109---2d1d76caef282e40ae76fcad2ffa94bd18690abd652e804a6562ae9020345109---com.facebook.ads.AudienceNetworkAds---initialize---null
