--------- beginning of main
--------- beginning of system
--------- beginning of crash
04-07 15:41:07.851  8615  8615 D FiniteState: 1E73C89FD19F57A9634D0EF8B7AB3A1DC9D26207CCAF2F37BEEE8EDB8E848F76---1e73c89fd19f57a9634d0ef8b7ab3a1dc9d26207ccaf2f37beee8edb8e848f76---com.facebook.ads.internal.e.a---a---null
04-07 15:41:07.851  8615  8615 D FiniteState: 1E73C89FD19F57A9634D0EF8B7AB3A1DC9D26207CCAF2F37BEEE8EDB8E848F76---1e73c89fd19f57a9634d0ef8b7ab3a1dc9d26207ccaf2f37beee8edb8e848f76---com.facebook.ads.internal.j---i---null
04-07 15:41:07.852  8615  8615 D FiniteState: 1E73C89FD19F57A9634D0EF8B7AB3A1DC9D26207CCAF2F37BEEE8EDB8E848F76---1e73c89fd19f57a9634d0ef8b7ab3a1dc9d26207ccaf2f37beee8edb8e848f76---com.facebook.ads.internal.f.g---a---null
04-07 15:41:07.852  8615  8615 D FiniteState: 1E73C89FD19F57A9634D0EF8B7AB3A1DC9D26207CCAF2F37BEEE8EDB8E848F76---1e73c89fd19f57a9634d0ef8b7ab3a1dc9d26207ccaf2f37beee8edb8e848f76---com.facebook.ads.internal.f.g---a---null
04-07 15:41:07.853  8615  8615 D FiniteState: 1E73C89FD19F57A9634D0EF8B7AB3A1DC9D26207CCAF2F37BEEE8EDB8E848F76---1e73c89fd19f57a9634d0ef8b7ab3a1dc9d26207ccaf2f37beee8edb8e848f76---com.facebook.ads.internal.j.a.a---a---null
04-07 15:41:07.854  8615  8615 D FiniteState: 1E73C89FD19F57A9634D0EF8B7AB3A1DC9D26207CCAF2F37BEEE8EDB8E848F76---1e73c89fd19f57a9634d0ef8b7ab3a1dc9d26207ccaf2f37beee8edb8e848f76---com.facebook.ads.internal.m.ag---b---null
04-07 15:41:07.854  8615  8615 D FiniteState: 1E73C89FD19F57A9634D0EF8B7AB3A1DC9D26207CCAF2F37BEEE8EDB8E848F76---1e73c89fd19f57a9634d0ef8b7ab3a1dc9d26207ccaf2f37beee8edb8e848f76---com.facebook.ads.internal.m.ag---a---null
04-07 15:41:07.854  8615  8615 D FiniteState: 1E73C89FD19F57A9634D0EF8B7AB3A1DC9D26207CCAF2F37BEEE8EDB8E848F76---1e73c89fd19f57a9634d0ef8b7ab3a1dc9d26207ccaf2f37beee8edb8e848f76---com.facebook.ads.internal.j.a.a---a---null
04-07 15:41:07.854  8615  8615 D FiniteState: 1E73C89FD19F57A9634D0EF8B7AB3A1DC9D26207CCAF2F37BEEE8EDB8E848F76---1e73c89fd19f57a9634d0ef8b7ab3a1dc9d26207ccaf2f37beee8edb8e848f76---com.facebook.ads.internal.h.e---a---null
04-07 15:41:07.854  8615  8615 D FiniteState: 1E73C89FD19F57A9634D0EF8B7AB3A1DC9D26207CCAF2F37BEEE8EDB8E848F76---1e73c89fd19f57a9634d0ef8b7ab3a1dc9d26207ccaf2f37beee8edb8e848f76---com.facebook.ads.internal.h.e---a---null
04-07 15:41:07.854  8615  8615 D FiniteState: 1E73C89FD19F57A9634D0EF8B7AB3A1DC9D26207CCAF2F37BEEE8EDB8E848F76---1e73c89fd19f57a9634d0ef8b7ab3a1dc9d26207ccaf2f37beee8edb8e848f76---com.facebook.ads.internal.h.g---a---null
04-07 15:41:07.855  8615  8615 D FiniteState: 1E73C89FD19F57A9634D0EF8B7AB3A1DC9D26207CCAF2F37BEEE8EDB8E848F76---1e73c89fd19f57a9634d0ef8b7ab3a1dc9d26207ccaf2f37beee8edb8e848f76---com.facebook.ads.internal.m.aa---c---null
04-07 15:41:07.855  8615  8615 D FiniteState: 1E73C89FD19F57A9634D0EF8B7AB3A1DC9D26207CCAF2F37BEEE8EDB8E848F76---1e73c89fd19f57a9634d0ef8b7ab3a1dc9d26207ccaf2f37beee8edb8e848f76---com.facebook.ads.internal.m.aa---a---null
04-07 15:41:07.856  8615  8615 D FiniteState: 1E73C89FD19F57A9634D0EF8B7AB3A1DC9D26207CCAF2F37BEEE8EDB8E848F76---1e73c89fd19f57a9634d0ef8b7ab3a1dc9d26207ccaf2f37beee8edb8e848f76---com.facebook.ads.internal.m.aa---a---null
04-07 15:41:07.869  8615  8615 D FiniteState: 1E73C89FD19F57A9634D0EF8B7AB3A1DC9D26207CCAF2F37BEEE8EDB8E848F76---1e73c89fd19f57a9634d0ef8b7ab3a1dc9d26207ccaf2f37beee8edb8e848f76---com.facebook.ads.internal.m.aa---a---null
04-07 15:41:07.878  8615  8615 D FiniteState: 1E73C89FD19F57A9634D0EF8B7AB3A1DC9D26207CCAF2F37BEEE8EDB8E848F76---1e73c89fd19f57a9634d0ef8b7ab3a1dc9d26207ccaf2f37beee8edb8e848f76---com.facebook.ads.internal.m.aa---a---null
04-07 15:41:07.884  8615  8615 D FiniteState: 1E73C89FD19F57A9634D0EF8B7AB3A1DC9D26207CCAF2F37BEEE8EDB8E848F76---1e73c89fd19f57a9634d0ef8b7ab3a1dc9d26207ccaf2f37beee8edb8e848f76---com.facebook.ads.internal.m.t---a---null
04-07 15:41:07.885  8615  8615 D FiniteState: 1E73C89FD19F57A9634D0EF8B7AB3A1DC9D26207CCAF2F37BEEE8EDB8E848F76---1e73c89fd19f57a9634d0ef8b7ab3a1dc9d26207ccaf2f37beee8edb8e848f76---com.facebook.ads.internal.m.ac---a---null
04-07 15:41:07.885  8615  8615 D FiniteState: 1E73C89FD19F57A9634D0EF8B7AB3A1DC9D26207CCAF2F37BEEE8EDB8E848F76---1e73c89fd19f57a9634d0ef8b7ab3a1dc9d26207ccaf2f37beee8edb8e848f76---com.facebook.ads.d---a---null
04-07 15:41:07.885  8615  8615 D FiniteState: 1E73C89FD19F57A9634D0EF8B7AB3A1DC9D26207CCAF2F37BEEE8EDB8E848F76---1e73c89fd19f57a9634d0ef8b7ab3a1dc9d26207ccaf2f37beee8edb8e848f76---com.facebook.ads.d---a---null
04-07 15:41:07.886  8615  8615 D FiniteState: 1E73C89FD19F57A9634D0EF8B7AB3A1DC9D26207CCAF2F37BEEE8EDB8E848F76---1e73c89fd19f57a9634d0ef8b7ab3a1dc9d26207ccaf2f37beee8edb8e848f76---com.facebook.ads.internal.g.f---a---null
04-07 15:41:07.891  8615  8615 D FiniteState: 1E73C89FD19F57A9634D0EF8B7AB3A1DC9D26207CCAF2F37BEEE8EDB8E848F76---1e73c89fd19f57a9634d0ef8b7ab3a1dc9d26207ccaf2f37beee8edb8e848f76---com.facebook.ads.internal.g.i---a---null
04-07 15:41:07.895  8615  8615 D FiniteState: 1E73C89FD19F57A9634D0EF8B7AB3A1DC9D26207CCAF2F37BEEE8EDB8E848F76---1e73c89fd19f57a9634d0ef8b7ab3a1dc9d26207ccaf2f37beee8edb8e848f76---com.facebook.ads.internal.b---g---null
04-07 15:41:07.896  8615  8615 D FiniteState: 1E73C89FD19F57A9634D0EF8B7AB3A1DC9D26207CCAF2F37BEEE8EDB8E848F76---1e73c89fd19f57a9634d0ef8b7ab3a1dc9d26207ccaf2f37beee8edb8e848f76---com.facebook.ads.internal.l.b---a---null
04-07 15:41:07.898  8615  8615 D FiniteState: 1E73C89FD19F57A9634D0EF8B7AB3A1DC9D26207CCAF2F37BEEE8EDB8E848F76---1e73c89fd19f57a9634d0ef8b7ab3a1dc9d26207ccaf2f37beee8edb8e848f76---com.facebook.ads.internal.m.b---b---null
04-07 15:41:07.899  8615  8615 D FiniteState: 1E73C89FD19F57A9634D0EF8B7AB3A1DC9D26207CCAF2F37BEEE8EDB8E848F76---1e73c89fd19f57a9634d0ef8b7ab3a1dc9d26207ccaf2f37beee8edb8e848f76---com.facebook.ads.internal.m.b---a---null
04-07 15:41:07.900  8615  8615 D FiniteState: 1E73C89FD19F57A9634D0EF8B7AB3A1DC9D26207CCAF2F37BEEE8EDB8E848F76---1e73c89fd19f57a9634d0ef8b7ab3a1dc9d26207ccaf2f37beee8edb8e848f76---com.facebook.ads.internal.m.b---c---null
04-07 15:41:07.900  8615  8615 D FiniteState: 1E73C89FD19F57A9634D0EF8B7AB3A1DC9D26207CCAF2F37BEEE8EDB8E848F76---1e73c89fd19f57a9634d0ef8b7ab3a1dc9d26207ccaf2f37beee8edb8e848f76---com.facebook.ads.internal.m.b---d---null
04-07 15:41:07.901  8615  8656 D FiniteState: 1E73C89FD19F57A9634D0EF8B7AB3A1DC9D26207CCAF2F37BEEE8EDB8E848F76---1e73c89fd19f57a9634d0ef8b7ab3a1dc9d26207ccaf2f37beee8edb8e848f76---com.facebook.ads.internal.m.ac---b---null
04-07 15:41:07.901  8615  8656 D FiniteState: 1E73C89FD19F57A9634D0EF8B7AB3A1DC9D26207CCAF2F37BEEE8EDB8E848F76---1e73c89fd19f57a9634d0ef8b7ab3a1dc9d26207ccaf2f37beee8edb8e848f76---com.facebook.ads.internal.m.ac---a---null
04-07 15:41:07.931  8615  8615 D FiniteState: 1E73C89FD19F57A9634D0EF8B7AB3A1DC9D26207CCAF2F37BEEE8EDB8E848F76---1e73c89fd19f57a9634d0ef8b7ab3a1dc9d26207ccaf2f37beee8edb8e848f76---com.facebook.ads.internal.m.d---newThread---null
04-07 15:41:07.932  8615  8615 D FiniteState: 1E73C89FD19F57A9634D0EF8B7AB3A1DC9D26207CCAF2F37BEEE8EDB8E848F76---1e73c89fd19f57a9634d0ef8b7ab3a1dc9d26207ccaf2f37beee8edb8e848f76---com.facebook.ads.internal.b---a---null
04-07 15:41:07.932  8615  8615 D FiniteState: 1E73C89FD19F57A9634D0EF8B7AB3A1DC9D26207CCAF2F37BEEE8EDB8E848F76---1e73c89fd19f57a9634d0ef8b7ab3a1dc9d26207ccaf2f37beee8edb8e848f76---com.google.android.gms.ads.internal.client.h---a---null
04-07 15:41:07.938  8615  8659 D FiniteState: 1E73C89FD19F57A9634D0EF8B7AB3A1DC9D26207CCAF2F37BEEE8EDB8E848F76---1e73c89fd19f57a9634d0ef8b7ab3a1dc9d26207ccaf2f37beee8edb8e848f76---com.facebook.ads.internal.m.t---a---null
04-07 15:41:07.941  8615  8615 D FiniteState: 1E73C89FD19F57A9634D0EF8B7AB3A1DC9D26207CCAF2F37BEEE8EDB8E848F76---1e73c89fd19f57a9634d0ef8b7ab3a1dc9d26207ccaf2f37beee8edb8e848f76---com.google.android.gms.ads.internal.client.aa---a---null
04-07 15:41:07.953  8615  8659 D FiniteState: 1E73C89FD19F57A9634D0EF8B7AB3A1DC9D26207CCAF2F37BEEE8EDB8E848F76---1e73c89fd19f57a9634d0ef8b7ab3a1dc9d26207ccaf2f37beee8edb8e848f76---com.google.android.gms.ads.c.a---b---null
04-07 15:41:07.953  8615  8659 D FiniteState: 1E73C89FD19F57A9634D0EF8B7AB3A1DC9D26207CCAF2F37BEEE8EDB8E848F76---1e73c89fd19f57a9634d0ef8b7ab3a1dc9d26207ccaf2f37beee8edb8e848f76---com.google.android.gms.ads.c.a---a---null
04-07 15:41:07.955  8615  8659 D FiniteState: 1E73C89FD19F57A9634D0EF8B7AB3A1DC9D26207CCAF2F37BEEE8EDB8E848F76---1e73c89fd19f57a9634d0ef8b7ab3a1dc9d26207ccaf2f37beee8edb8e848f76---com.google.android.gms.ads.c.a---a---null
04-07 15:41:07.965  8615  8656 D FiniteState: 1E73C89FD19F57A9634D0EF8B7AB3A1DC9D26207CCAF2F37BEEE8EDB8E848F76---1e73c89fd19f57a9634d0ef8b7ab3a1dc9d26207ccaf2f37beee8edb8e848f76---com.facebook.ads.internal.m.ac---a---null
04-07 15:41:07.965  8615  8656 D FiniteState: 1E73C89FD19F57A9634D0EF8B7AB3A1DC9D26207CCAF2F37BEEE8EDB8E848F76---1e73c89fd19f57a9634d0ef8b7ab3a1dc9d26207ccaf2f37beee8edb8e848f76---com.facebook.ads.internal.g.f$1---run---null
04-07 15:41:08.024  8615  8615 D FiniteState: 1E73C89FD19F57A9634D0EF8B7AB3A1DC9D26207CCAF2F37BEEE8EDB8E848F76---1e73c89fd19f57a9634d0ef8b7ab3a1dc9d26207ccaf2f37beee8edb8e848f76---com.google.android.gms.ads.internal.client.b$a---a---null
04-07 15:41:08.025  8615  8615 D FiniteState: 1E73C89FD19F57A9634D0EF8B7AB3A1DC9D26207CCAF2F37BEEE8EDB8E848F76---1e73c89fd19f57a9634d0ef8b7ab3a1dc9d26207ccaf2f37beee8edb8e848f76---com.google.android.gms.ads.internal.client.b$a$a---a---null
04-07 15:41:08.605  8615  8615 D FiniteState: 1E73C89FD19F57A9634D0EF8B7AB3A1DC9D26207CCAF2F37BEEE8EDB8E848F76---1e73c89fd19f57a9634d0ef8b7ab3a1dc9d26207ccaf2f37beee8edb8e848f76---com.google.android.gms.ads.internal.client.ao$a---a---null
04-07 15:41:08.605  8615  8615 D FiniteState: 1E73C89FD19F57A9634D0EF8B7AB3A1DC9D26207CCAF2F37BEEE8EDB8E848F76---1e73c89fd19f57a9634d0ef8b7ab3a1dc9d26207ccaf2f37beee8edb8e848f76---com.google.android.gms.ads.internal.client.ao$a$a---a---null
04-07 15:41:08.608  8615  8615 D FiniteState: 1E73C89FD19F57A9634D0EF8B7AB3A1DC9D26207CCAF2F37BEEE8EDB8E848F76---1e73c89fd19f57a9634d0ef8b7ab3a1dc9d26207ccaf2f37beee8edb8e848f76---com.google.android.gms.ads.internal.client.ao$a$a---a---null
04-07 15:41:09.273  8615  8615 D FiniteState: 1E73C89FD19F57A9634D0EF8B7AB3A1DC9D26207CCAF2F37BEEE8EDB8E848F76---1e73c89fd19f57a9634d0ef8b7ab3a1dc9d26207ccaf2f37beee8edb8e848f76---com.google.android.gms.ads.i---a---null
04-07 15:41:09.273  8615  8615 D FiniteState: 1E73C89FD19F57A9634D0EF8B7AB3A1DC9D26207CCAF2F37BEEE8EDB8E848F76---1e73c89fd19f57a9634d0ef8b7ab3a1dc9d26207ccaf2f37beee8edb8e848f76---com.google.android.gms.ads.i---a---null
04-07 15:41:09.276  8615  8615 D FiniteState: 1E73C89FD19F57A9634D0EF8B7AB3A1DC9D26207CCAF2F37BEEE8EDB8E848F76---1e73c89fd19f57a9634d0ef8b7ab3a1dc9d26207ccaf2f37beee8edb8e848f76---com.google.android.gms.ads.h---a---null
04-07 15:41:09.276  8615  8615 D FiniteState: 1E73C89FD19F57A9634D0EF8B7AB3A1DC9D26207CCAF2F37BEEE8EDB8E848F76---1e73c89fd19f57a9634d0ef8b7ab3a1dc9d26207ccaf2f37beee8edb8e848f76---com.google.android.gms.ads.h---a---null
04-07 15:41:09.340  8615  8615 D FiniteState: 1E73C89FD19F57A9634D0EF8B7AB3A1DC9D26207CCAF2F37BEEE8EDB8E848F76---1e73c89fd19f57a9634d0ef8b7ab3a1dc9d26207ccaf2f37beee8edb8e848f76---com.facebook.ads.internal.m.b$a---onSensorChanged---null
04-07 15:41:09.342  8615  8615 D FiniteState: 1E73C89FD19F57A9634D0EF8B7AB3A1DC9D26207CCAF2F37BEEE8EDB8E848F76---1e73c89fd19f57a9634d0ef8b7ab3a1dc9d26207ccaf2f37beee8edb8e848f76---com.facebook.ads.internal.m.b---a---null
04-07 15:41:09.399  8615  8659 D FiniteState: 1E73C89FD19F57A9634D0EF8B7AB3A1DC9D26207CCAF2F37BEEE8EDB8E848F76---1e73c89fd19f57a9634d0ef8b7ab3a1dc9d26207ccaf2f37beee8edb8e848f76---com.google.android.gms.ads.c.a---b---null
04-07 15:41:09.424  8615  8659 D FiniteState: 1E73C89FD19F57A9634D0EF8B7AB3A1DC9D26207CCAF2F37BEEE8EDB8E848F76---1e73c89fd19f57a9634d0ef8b7ab3a1dc9d26207ccaf2f37beee8edb8e848f76---com.google.android.gms.ads.c.a---c---null
04-07 15:41:09.429  8615  8659 D FiniteState: 1E73C89FD19F57A9634D0EF8B7AB3A1DC9D26207CCAF2F37BEEE8EDB8E848F76---1e73c89fd19f57a9634d0ef8b7ab3a1dc9d26207ccaf2f37beee8edb8e848f76---com.facebook.ads.internal.h---a---null
04-07 15:41:09.430  8615  8659 D FiniteState: 1E73C89FD19F57A9634D0EF8B7AB3A1DC9D26207CCAF2F37BEEE8EDB8E848F76---1e73c89fd19f57a9634d0ef8b7ab3a1dc9d26207ccaf2f37beee8edb8e848f76---com.facebook.ads.internal.g.i---b---null
04-07 15:41:09.430  8615  8659 D FiniteState: 1E73C89FD19F57A9634D0EF8B7AB3A1DC9D26207CCAF2F37BEEE8EDB8E848F76---1e73c89fd19f57a9634d0ef8b7ab3a1dc9d26207ccaf2f37beee8edb8e848f76---com.facebook.ads.internal.l.b$1---run---null
04-07 15:41:09.430  8615  8659 D FiniteState: 1E73C89FD19F57A9634D0EF8B7AB3A1DC9D26207CCAF2F37BEEE8EDB8E848F76---1e73c89fd19f57a9634d0ef8b7ab3a1dc9d26207ccaf2f37beee8edb8e848f76---com.facebook.ads.internal.g.f---e---null
04-07 15:41:09.430  8615  8659 D FiniteState: 1E73C89FD19F57A9634D0EF8B7AB3A1DC9D26207CCAF2F37BEEE8EDB8E848F76---1e73c89fd19f57a9634d0ef8b7ab3a1dc9d26207ccaf2f37beee8edb8e848f76---com.facebook.ads.internal.g.f---a---null
04-07 15:41:09.430  8615  8659 D FiniteState: 1E73C89FD19F57A9634D0EF8B7AB3A1DC9D26207CCAF2F37BEEE8EDB8E848F76---1e73c89fd19f57a9634d0ef8b7ab3a1dc9d26207ccaf2f37beee8edb8e848f76---com.facebook.ads.internal.g.f---a---null
04-07 15:41:09.430  8615  8659 D FiniteState: 1E73C89FD19F57A9634D0EF8B7AB3A1DC9D26207CCAF2F37BEEE8EDB8E848F76---1e73c89fd19f57a9634d0ef8b7ab3a1dc9d26207ccaf2f37beee8edb8e848f76---com.facebook.ads.internal.g.f---b---null
04-07 15:41:09.447  8615  8659 D FiniteState: 1E73C89FD19F57A9634D0EF8B7AB3A1DC9D26207CCAF2F37BEEE8EDB8E848F76---1e73c89fd19f57a9634d0ef8b7ab3a1dc9d26207ccaf2f37beee8edb8e848f76---com.facebook.ads.internal.g.f---a---null
04-07 15:41:09.448  8615  8659 D FiniteState: 1E73C89FD19F57A9634D0EF8B7AB3A1DC9D26207CCAF2F37BEEE8EDB8E848F76---1e73c89fd19f57a9634d0ef8b7ab3a1dc9d26207ccaf2f37beee8edb8e848f76---com.facebook.ads.internal.g.f---a---null
04-07 15:41:09.450  8615  8659 D FiniteState: 1E73C89FD19F57A9634D0EF8B7AB3A1DC9D26207CCAF2F37BEEE8EDB8E848F76---1e73c89fd19f57a9634d0ef8b7ab3a1dc9d26207ccaf2f37beee8edb8e848f76---com.facebook.ads.internal.b.k---a---null
04-07 15:41:09.452  8615  8659 D FiniteState: 1E73C89FD19F57A9634D0EF8B7AB3A1DC9D26207CCAF2F37BEEE8EDB8E848F76---1e73c89fd19f57a9634d0ef8b7ab3a1dc9d26207ccaf2f37beee8edb8e848f76---com.facebook.ads.internal.b.i---a---null
04-07 15:41:09.452  8615  8659 D FiniteState: 1E73C89FD19F57A9634D0EF8B7AB3A1DC9D26207CCAF2F37BEEE8EDB8E848F76---1e73c89fd19f57a9634d0ef8b7ab3a1dc9d26207ccaf2f37beee8edb8e848f76---com.facebook.ads.internal.m.i---a---null
04-07 15:41:09.455  8615  8659 D FiniteState: 1E73C89FD19F57A9634D0EF8B7AB3A1DC9D26207CCAF2F37BEEE8EDB8E848F76---1e73c89fd19f57a9634d0ef8b7ab3a1dc9d26207ccaf2f37beee8edb8e848f76---com.facebook.ads.internal.g.f---a---null
04-07 15:41:09.456  8615  8659 D FiniteState: 1E73C89FD19F57A9634D0EF8B7AB3A1DC9D26207CCAF2F37BEEE8EDB8E848F76---1e73c89fd19f57a9634d0ef8b7ab3a1dc9d26207ccaf2f37beee8edb8e848f76---com.facebook.ads.internal.g.f---a---null
04-07 15:41:09.461  8615  8659 D FiniteState: 1E73C89FD19F57A9634D0EF8B7AB3A1DC9D26207CCAF2F37BEEE8EDB8E848F76---1e73c89fd19f57a9634d0ef8b7ab3a1dc9d26207ccaf2f37beee8edb8e848f76---com.facebook.ads.internal.m.t---a---null
04-07 15:41:09.463  8615  8659 D FiniteState: 1E73C89FD19F57A9634D0EF8B7AB3A1DC9D26207CCAF2F37BEEE8EDB8E848F76---1e73c89fd19f57a9634d0ef8b7ab3a1dc9d26207ccaf2f37beee8edb8e848f76---com.facebook.ads.internal.g.f---a---null
04-07 15:41:09.471  8615  8659 D FiniteState: 1E73C89FD19F57A9634D0EF8B7AB3A1DC9D26207CCAF2F37BEEE8EDB8E848F76---1e73c89fd19f57a9634d0ef8b7ab3a1dc9d26207ccaf2f37beee8edb8e848f76---com.facebook.ads.internal.g.f---a---null
04-07 15:41:09.471  8615  8659 D FiniteState: 1E73C89FD19F57A9634D0EF8B7AB3A1DC9D26207CCAF2F37BEEE8EDB8E848F76---1e73c89fd19f57a9634d0ef8b7ab3a1dc9d26207ccaf2f37beee8edb8e848f76---com.facebook.ads.internal.m.ag---b---null
04-07 15:41:09.471  8615  8659 D FiniteState: 1E73C89FD19F57A9634D0EF8B7AB3A1DC9D26207CCAF2F37BEEE8EDB8E848F76---1e73c89fd19f57a9634d0ef8b7ab3a1dc9d26207ccaf2f37beee8edb8e848f76---com.facebook.ads.internal.m.ag---a---null
04-07 15:41:09.474  8615  8659 D FiniteState: 1E73C89FD19F57A9634D0EF8B7AB3A1DC9D26207CCAF2F37BEEE8EDB8E848F76---1e73c89fd19f57a9634d0ef8b7ab3a1dc9d26207ccaf2f37beee8edb8e848f76---com.facebook.ads.internal.j.a.a---a---null
04-07 15:41:09.475  8615  8659 D FiniteState: 1E73C89FD19F57A9634D0EF8B7AB3A1DC9D26207CCAF2F37BEEE8EDB8E848F76---1e73c89fd19f57a9634d0ef8b7ab3a1dc9d26207ccaf2f37beee8edb8e848f76---com.facebook.ads.internal.j.a.a---b---null
04-07 15:41:09.475  8615  8659 D FiniteState: 1E73C89FD19F57A9634D0EF8B7AB3A1DC9D26207CCAF2F37BEEE8EDB8E848F76---1e73c89fd19f57a9634d0ef8b7ab3a1dc9d26207ccaf2f37beee8edb8e848f76---com.facebook.ads.internal.j.a.p---putAll---null
04-07 15:41:09.475  8615  8659 D FiniteState: 1E73C89FD19F57A9634D0EF8B7AB3A1DC9D26207CCAF2F37BEEE8EDB8E848F76---1e73c89fd19f57a9634d0ef8b7ab3a1dc9d26207ccaf2f37beee8edb8e848f76---com.facebook.ads.internal.j.a.p---a---null
04-07 15:41:09.476  8615  8659 D FiniteState: 1E73C89FD19F57A9634D0EF8B7AB3A1DC9D26207CCAF2F37BEEE8EDB8E848F76---1e73c89fd19f57a9634d0ef8b7ab3a1dc9d26207ccaf2f37beee8edb8e848f76---com.facebook.ads.internal.l.b---b---null
04-07 15:41:09.476  8615  8659 D FiniteState: 1E73C89FD19F57A9634D0EF8B7AB3A1DC9D26207CCAF2F37BEEE8EDB8E848F76---1e73c89fd19f57a9634d0ef8b7ab3a1dc9d26207ccaf2f37beee8edb8e848f76---com.facebook.ads.internal.j.a.p---a---null
04-07 15:41:09.477  8615  8659 D FiniteState: 1E73C89FD19F57A9634D0EF8B7AB3A1DC9D26207CCAF2F37BEEE8EDB8E848F76---1e73c89fd19f57a9634d0ef8b7ab3a1dc9d26207ccaf2f37beee8edb8e848f76---com.facebook.ads.internal.j.a.a---a---null
04-07 15:41:09.477  8615  8659 D FiniteState: 1E73C89FD19F57A9634D0EF8B7AB3A1DC9D26207CCAF2F37BEEE8EDB8E848F76---1e73c89fd19f57a9634d0ef8b7ab3a1dc9d26207ccaf2f37beee8edb8e848f76---com.facebook.ads.internal.j.a.e---a---null
04-07 15:41:09.487  8615  8659 D FiniteState: 1E73C89FD19F57A9634D0EF8B7AB3A1DC9D26207CCAF2F37BEEE8EDB8E848F76---1e73c89fd19f57a9634d0ef8b7ab3a1dc9d26207ccaf2f37beee8edb8e848f76---com.facebook.ads.internal.j.a.h---a---null
04-07 15:41:09.488  8615  8659 D FiniteState: 1E73C89FD19F57A9634D0EF8B7AB3A1DC9D26207CCAF2F37BEEE8EDB8E848F76---1e73c89fd19f57a9634d0ef8b7ab3a1dc9d26207ccaf2f37beee8edb8e848f76---com.facebook.ads.internal.j.a.a---a---null
04-07 15:41:09.496  8615  8725 D FiniteState: 1E73C89FD19F57A9634D0EF8B7AB3A1DC9D26207CCAF2F37BEEE8EDB8E848F76---1e73c89fd19f57a9634d0ef8b7ab3a1dc9d26207ccaf2f37beee8edb8e848f76---com.facebook.ads.internal.j.a.a---a---null
04-07 15:41:09.496  8615  8725 D FiniteState: 1E73C89FD19F57A9634D0EF8B7AB3A1DC9D26207CCAF2F37BEEE8EDB8E848F76---1e73c89fd19f57a9634d0ef8b7ab3a1dc9d26207ccaf2f37beee8edb8e848f76---com.facebook.ads.internal.j.a.a---a---null
04-07 15:41:09.496  8615  8725 D FiniteState: 1E73C89FD19F57A9634D0EF8B7AB3A1DC9D26207CCAF2F37BEEE8EDB8E848F76---1e73c89fd19f57a9634d0ef8b7ab3a1dc9d26207ccaf2f37beee8edb8e848f76---com.facebook.ads.internal.j.a.f---a---null
04-07 15:41:09.520  8615  8725 D FiniteState: 1E73C89FD19F57A9634D0EF8B7AB3A1DC9D26207CCAF2F37BEEE8EDB8E848F76---1e73c89fd19f57a9634d0ef8b7ab3a1dc9d26207ccaf2f37beee8edb8e848f76---com.facebook.ads.internal.j.a.a---a---null
04-07 15:41:09.520  8615  8725 D FiniteState: 1E73C89FD19F57A9634D0EF8B7AB3A1DC9D26207CCAF2F37BEEE8EDB8E848F76---1e73c89fd19f57a9634d0ef8b7ab3a1dc9d26207ccaf2f37beee8edb8e848f76---com.facebook.ads.internal.j.a.f---a---null
04-07 15:41:09.521  8615  8725 D FiniteState: 1E73C89FD19F57A9634D0EF8B7AB3A1DC9D26207CCAF2F37BEEE8EDB8E848F76---1e73c89fd19f57a9634d0ef8b7ab3a1dc9d26207ccaf2f37beee8edb8e848f76---com.facebook.ads.internal.j.a.a---a---null
04-07 15:41:09.521  8615  8725 D FiniteState: 1E73C89FD19F57A9634D0EF8B7AB3A1DC9D26207CCAF2F37BEEE8EDB8E848F76---1e73c89fd19f57a9634d0ef8b7ab3a1dc9d26207ccaf2f37beee8edb8e848f76---com.facebook.ads.internal.j.a.a---c---null
04-07 15:41:09.754  8615  8725 D FiniteState: 1E73C89FD19F57A9634D0EF8B7AB3A1DC9D26207CCAF2F37BEEE8EDB8E848F76---1e73c89fd19f57a9634d0ef8b7ab3a1dc9d26207ccaf2f37beee8edb8e848f76---com.facebook.ads.internal.j.a.o---a---null
04-07 15:41:09.755  8615  8725 D FiniteState: 1E73C89FD19F57A9634D0EF8B7AB3A1DC9D26207CCAF2F37BEEE8EDB8E848F76---1e73c89fd19f57a9634d0ef8b7ab3a1dc9d26207ccaf2f37beee8edb8e848f76---com.facebook.ads.internal.j.a.o---a---null
04-07 15:41:09.755  8615  8725 D FiniteState: 1E73C89FD19F57A9634D0EF8B7AB3A1DC9D26207CCAF2F37BEEE8EDB8E848F76---1e73c89fd19f57a9634d0ef8b7ab3a1dc9d26207ccaf2f37beee8edb8e848f76---com.facebook.ads.internal.j.a.f---a---null
04-07 15:41:09.755  8615  8725 D FiniteState: 1E73C89FD19F57A9634D0EF8B7AB3A1DC9D26207CCAF2F37BEEE8EDB8E848F76---1e73c89fd19f57a9634d0ef8b7ab3a1dc9d26207ccaf2f37beee8edb8e848f76---com.facebook.ads.internal.j.a.a---a---null
04-07 15:41:09.836  8615  8725 D FiniteState: 1E73C89FD19F57A9634D0EF8B7AB3A1DC9D26207CCAF2F37BEEE8EDB8E848F76---1e73c89fd19f57a9634d0ef8b7ab3a1dc9d26207ccaf2f37beee8edb8e848f76---com.facebook.ads.internal.j.a.f---a---null
04-07 15:41:09.837  8615  8725 D FiniteState: 1E73C89FD19F57A9634D0EF8B7AB3A1DC9D26207CCAF2F37BEEE8EDB8E848F76---1e73c89fd19f57a9634d0ef8b7ab3a1dc9d26207ccaf2f37beee8edb8e848f76---com.facebook.ads.internal.j.a.a---a---null
04-07 15:41:10.034  8615  8615 D FiniteState: 1E73C89FD19F57A9634D0EF8B7AB3A1DC9D26207CCAF2F37BEEE8EDB8E848F76---1e73c89fd19f57a9634d0ef8b7ab3a1dc9d26207ccaf2f37beee8edb8e848f76---com.facebook.ads.internal.j.a.n---d---null
04-07 15:41:10.035  8615  8615 D FiniteState: 1E73C89FD19F57A9634D0EF8B7AB3A1DC9D26207CCAF2F37BEEE8EDB8E848F76---1e73c89fd19f57a9634d0ef8b7ab3a1dc9d26207ccaf2f37beee8edb8e848f76---com.facebook.ads.internal.m.q---b---null
04-07 15:41:10.035  8615  8615 D FiniteState: 1E73C89FD19F57A9634D0EF8B7AB3A1DC9D26207CCAF2F37BEEE8EDB8E848F76---1e73c89fd19f57a9634d0ef8b7ab3a1dc9d26207ccaf2f37beee8edb8e848f76---com.facebook.ads.internal.l.b$2---a---null
04-07 15:41:10.037  8615  8615 D FiniteState: 1E73C89FD19F57A9634D0EF8B7AB3A1DC9D26207CCAF2F37BEEE8EDB8E848F76---1e73c89fd19f57a9634d0ef8b7ab3a1dc9d26207ccaf2f37beee8edb8e848f76---com.facebook.ads.internal.l.d---a---null
04-07 15:41:10.038  8615  8615 D FiniteState: 1E73C89FD19F57A9634D0EF8B7AB3A1DC9D26207CCAF2F37BEEE8EDB8E848F76---1e73c89fd19f57a9634d0ef8b7ab3a1dc9d26207ccaf2f37beee8edb8e848f76---com.facebook.ads.internal.g.e---a---null
04-07 15:41:10.040  8615  8615 D FiniteState: 1E73C89FD19F57A9634D0EF8B7AB3A1DC9D26207CCAF2F37BEEE8EDB8E848F76---1e73c89fd19f57a9634d0ef8b7ab3a1dc9d26207ccaf2f37beee8edb8e848f76---com.facebook.ads.internal.l.d---b---null
04-07 15:41:10.041  8615  8615 D FiniteState: 1E73C89FD19F57A9634D0EF8B7AB3A1DC9D26207CCAF2F37BEEE8EDB8E848F76---1e73c89fd19f57a9634d0ef8b7ab3a1dc9d26207ccaf2f37beee8edb8e848f76---com.facebook.ads.internal.j---a---null
04-07 15:41:10.055  8615  8615 D FiniteState: 1E73C89FD19F57A9634D0EF8B7AB3A1DC9D26207CCAF2F37BEEE8EDB8E848F76---1e73c89fd19f57a9634d0ef8b7ab3a1dc9d26207ccaf2f37beee8edb8e848f76---com.facebook.ads.internal.l.b---a---null
04-07 15:41:10.055  8615  8615 D FiniteState: 1E73C89FD19F57A9634D0EF8B7AB3A1DC9D26207CCAF2F37BEEE8EDB8E848F76---1e73c89fd19f57a9634d0ef8b7ab3a1dc9d26207ccaf2f37beee8edb8e848f76---com.facebook.ads.internal.m.q---a---null
04-07 15:41:10.056  8615  8615 D FiniteState: 1E73C89FD19F57A9634D0EF8B7AB3A1DC9D26207CCAF2F37BEEE8EDB8E848F76---1e73c89fd19f57a9634d0ef8b7ab3a1dc9d26207ccaf2f37beee8edb8e848f76---com.facebook.ads.internal.a---a---null
04-07 15:41:10.057  8615  8615 D FiniteState: 1E73C89FD19F57A9634D0EF8B7AB3A1DC9D26207CCAF2F37BEEE8EDB8E848F76---1e73c89fd19f57a9634d0ef8b7ab3a1dc9d26207ccaf2f37beee8edb8e848f76---com.facebook.ads.internal.b---a---null
04-07 15:41:10.057  8615  8615 D FiniteState: 1E73C89FD19F57A9634D0EF8B7AB3A1DC9D26207CCAF2F37BEEE8EDB8E848F76---1e73c89fd19f57a9634d0ef8b7ab3a1dc9d26207ccaf2f37beee8edb8e848f76---com.facebook.ads.internal.l.b---a---null
04-07 15:41:10.057  8615  8615 D FiniteState: 1E73C89FD19F57A9634D0EF8B7AB3A1DC9D26207CCAF2F37BEEE8EDB8E848F76---1e73c89fd19f57a9634d0ef8b7ab3a1dc9d26207ccaf2f37beee8edb8e848f76---com.facebook.ads.internal.l.b---a---null
04-07 15:41:10.057  8615  8615 D FiniteState: 1E73C89FD19F57A9634D0EF8B7AB3A1DC9D26207CCAF2F37BEEE8EDB8E848F76---1e73c89fd19f57a9634d0ef8b7ab3a1dc9d26207ccaf2f37beee8edb8e848f76---com.facebook.ads.internal.j.a.h---a---null
04-07 15:41:10.057  8615  8615 D FiniteState: 1E73C89FD19F57A9634D0EF8B7AB3A1DC9D26207CCAF2F37BEEE8EDB8E848F76---1e73c89fd19f57a9634d0ef8b7ab3a1dc9d26207ccaf2f37beee8edb8e848f76---com.facebook.ads.internal.j.a.h---onPostExecute---null
04-07 15:41:10.063  8615  8615 D FiniteState: 1E73C89FD19F57A9634D0EF8B7AB3A1DC9D26207CCAF2F37BEEE8EDB8E848F76---1e73c89fd19f57a9634d0ef8b7ab3a1dc9d26207ccaf2f37beee8edb8e848f76---com.facebook.ads.internal.d---b---null
04-07 15:41:10.064  8615  8615 D FiniteState: 1E73C89FD19F57A9634D0EF8B7AB3A1DC9D26207CCAF2F37BEEE8EDB8E848F76---1e73c89fd19f57a9634d0ef8b7ab3a1dc9d26207ccaf2f37beee8edb8e848f76---com.facebook.ads.internal.g.f---a---null
04-07 15:41:10.065  8615  8615 D FiniteState: 1E73C89FD19F57A9634D0EF8B7AB3A1DC9D26207CCAF2F37BEEE8EDB8E848F76---1e73c89fd19f57a9634d0ef8b7ab3a1dc9d26207ccaf2f37beee8edb8e848f76---com.facebook.ads.internal.b---g---null
04-07 15:41:10.065  8615  8615 D FiniteState: 1E73C89FD19F57A9634D0EF8B7AB3A1DC9D26207CCAF2F37BEEE8EDB8E848F76---1e73c89fd19f57a9634d0ef8b7ab3a1dc9d26207ccaf2f37beee8edb8e848f76---com.facebook.ads.internal.l.b---a---null
04-07 15:41:10.069  8615  8615 D FiniteState: 1E73C89FD19F57A9634D0EF8B7AB3A1DC9D26207CCAF2F37BEEE8EDB8E848F76---1e73c89fd19f57a9634d0ef8b7ab3a1dc9d26207ccaf2f37beee8edb8e848f76---com.facebook.ads.internal.m.b---b---null
04-07 15:41:10.071  8615  8615 D FiniteState: 1E73C89FD19F57A9634D0EF8B7AB3A1DC9D26207CCAF2F37BEEE8EDB8E848F76---1e73c89fd19f57a9634d0ef8b7ab3a1dc9d26207ccaf2f37beee8edb8e848f76---com.facebook.ads.internal.m.b---a---null
04-07 15:41:10.071  8615  8615 D FiniteState: 1E73C89FD19F57A9634D0EF8B7AB3A1DC9D26207CCAF2F37BEEE8EDB8E848F76---1e73c89fd19f57a9634d0ef8b7ab3a1dc9d26207ccaf2f37beee8edb8e848f76---com.facebook.ads.internal.m.b---c---null
04-07 15:41:10.072  8615  8615 D FiniteState: 1E73C89FD19F57A9634D0EF8B7AB3A1DC9D26207CCAF2F37BEEE8EDB8E848F76---1e73c89fd19f57a9634d0ef8b7ab3a1dc9d26207ccaf2f37beee8edb8e848f76---com.facebook.ads.internal.m.b---d---null
04-07 15:41:10.077  8615  8615 D FiniteState: 1E73C89FD19F57A9634D0EF8B7AB3A1DC9D26207CCAF2F37BEEE8EDB8E848F76---1e73c89fd19f57a9634d0ef8b7ab3a1dc9d26207ccaf2f37beee8edb8e848f76---com.facebook.ads.internal.a---a---null
04-07 15:41:10.077  8615  8615 D FiniteState: 1E73C89FD19F57A9634D0EF8B7AB3A1DC9D26207CCAF2F37BEEE8EDB8E848F76---1e73c89fd19f57a9634d0ef8b7ab3a1dc9d26207ccaf2f37beee8edb8e848f76---com.facebook.ads.internal.b---a---null
04-07 15:41:10.077  8615  8615 D FiniteState: 1E73C89FD19F57A9634D0EF8B7AB3A1DC9D26207CCAF2F37BEEE8EDB8E848F76---1e73c89fd19f57a9634d0ef8b7ab3a1dc9d26207ccaf2f37beee8edb8e848f76---com.facebook.ads.internal.l.b---a---null
04-07 15:41:10.077  8615  8615 D FiniteState: 1E73C89FD19F57A9634D0EF8B7AB3A1DC9D26207CCAF2F37BEEE8EDB8E848F76---1e73c89fd19f57a9634d0ef8b7ab3a1dc9d26207ccaf2f37beee8edb8e848f76---com.facebook.ads.internal.b---a---null
04-07 15:41:10.080  8615  8615 D FiniteState: 1E73C89FD19F57A9634D0EF8B7AB3A1DC9D26207CCAF2F37BEEE8EDB8E848F76---1e73c89fd19f57a9634d0ef8b7ab3a1dc9d26207ccaf2f37beee8edb8e848f76---com.facebook.ads.g$1---a---null
04-07 15:41:10.080  8615  8615 D FiniteState: 1E73C89FD19F57A9634D0EF8B7AB3A1DC9D26207CCAF2F37BEEE8EDB8E848F76---1e73c89fd19f57a9634d0ef8b7ab3a1dc9d26207ccaf2f37beee8edb8e848f76---com.facebook.ads.internal.b$6---run---null
04-07 15:41:10.084  8615  8615 D FiniteState: 1E73C89FD19F57A9634D0EF8B7AB3A1DC9D26207CCAF2F37BEEE8EDB8E848F76---1e73c89fd19f57a9634d0ef8b7ab3a1dc9d26207ccaf2f37beee8edb8e848f76---com.facebook.ads.internal.d---b---null
04-07 15:41:10.084  8615  8615 D FiniteState: 1E73C89FD19F57A9634D0EF8B7AB3A1DC9D26207CCAF2F37BEEE8EDB8E848F76---1e73c89fd19f57a9634d0ef8b7ab3a1dc9d26207ccaf2f37beee8edb8e848f76---com.facebook.ads.g$1---a---null
04-07 15:41:10.084  8615  8615 D FiniteState: 1E73C89FD19F57A9634D0EF8B7AB3A1DC9D26207CCAF2F37BEEE8EDB8E848F76---1e73c89fd19f57a9634d0ef8b7ab3a1dc9d26207ccaf2f37beee8edb8e848f76---com.facebook.ads.internal.b$6---run---null
04-07 15:41:10.093  8615  8623 D FiniteState: 1E73C89FD19F57A9634D0EF8B7AB3A1DC9D26207CCAF2F37BEEE8EDB8E848F76---1e73c89fd19f57a9634d0ef8b7ab3a1dc9d26207ccaf2f37beee8edb8e848f76---com.google.android.gms.ads.c.a---c---null
04-07 15:41:10.093  8615  8623 D FiniteState: 1E73C89FD19F57A9634D0EF8B7AB3A1DC9D26207CCAF2F37BEEE8EDB8E848F76---1e73c89fd19f57a9634d0ef8b7ab3a1dc9d26207ccaf2f37beee8edb8e848f76---com.google.android.gms.ads.c.a---finalize---null
04-07 15:41:10.267  8615  8615 D FiniteState: 1E73C89FD19F57A9634D0EF8B7AB3A1DC9D26207CCAF2F37BEEE8EDB8E848F76---1e73c89fd19f57a9634d0ef8b7ab3a1dc9d26207ccaf2f37beee8edb8e848f76---com.facebook.ads.internal.m.b$a---onSensorChanged---null
04-07 15:41:10.268  8615  8615 D FiniteState: 1E73C89FD19F57A9634D0EF8B7AB3A1DC9D26207CCAF2F37BEEE8EDB8E848F76---1e73c89fd19f57a9634d0ef8b7ab3a1dc9d26207ccaf2f37beee8edb8e848f76---com.facebook.ads.internal.m.b---a---null
04-07 16:18:48.696 31903 31903 D FiniteState: 2CA414340473F9E706848CC75EE3D8A58B1FBE33A8B0E60EE0BB30B877A7B8D5---2ca414340473f9e706848cc75ee3d8a58b1fbe33a8b0e60ee0bb30b877a7b8d5---com.google.android.gms.ads.RequestConfiguration$Builder---build---null
04-07 16:18:49.161 31903 31903 D FiniteState: 2CA414340473F9E706848CC75EE3D8A58B1FBE33A8B0E60EE0BB30B877A7B8D5---2ca414340473f9e706848cc75ee3d8a58b1fbe33a8b0e60ee0bb30b877a7b8d5---com.google.android.gms.ads.MobileAds---initialize---null
04-07 16:18:49.161 31903 31903 D FiniteState: 2CA414340473F9E706848CC75EE3D8A58B1FBE33A8B0E60EE0BB30B877A7B8D5---2ca414340473f9e706848cc75ee3d8a58b1fbe33a8b0e60ee0bb30b877a7b8d5---com.google.android.gms.ads.RequestConfiguration$Builder---setTestDeviceIds---null
04-07 16:18:49.161 31903 31903 D FiniteState: 2CA414340473F9E706848CC75EE3D8A58B1FBE33A8B0E60EE0BB30B877A7B8D5---2ca414340473f9e706848cc75ee3d8a58b1fbe33a8b0e60ee0bb30b877a7b8d5---com.google.android.gms.ads.RequestConfiguration$Builder---build---null
04-07 16:18:49.161 31903 31903 D FiniteState: 2CA414340473F9E706848CC75EE3D8A58B1FBE33A8B0E60EE0BB30B877A7B8D5---2ca414340473f9e706848cc75ee3d8a58b1fbe33a8b0e60ee0bb30b877a7b8d5---com.google.android.gms.ads.MobileAds---setRequestConfiguration---null
04-07 16:36:42.237 11103 11191 D FiniteState: 017D4ED98A1C94CD6B7F1C5ACDD5178C1C485CE3F616741C9A9535868362F077---017d4ed98a1c94cd6b7f1c5acdd5178c1c485ce3f616741c9a9535868362f077---com.google.android.gms.ads.identifier.AdvertisingIdClient---getAdvertisingIdInfo---null
04-07 16:36:42.257 11103 11191 D FiniteState: 017D4ED98A1C94CD6B7F1C5ACDD5178C1C485CE3F616741C9A9535868362F077---017d4ed98a1c94cd6b7f1c5acdd5178c1c485ce3f616741c9a9535868362f077---com.google.android.gms.ads.identifier.AdvertisingIdClient---zza---null
04-07 16:36:42.259 11103 11191 D FiniteState: 017D4ED98A1C94CD6B7F1C5ACDD5178C1C485CE3F616741C9A9535868362F077---017d4ed98a1c94cd6b7f1c5acdd5178c1c485ce3f616741c9a9535868362f077---com.google.android.gms.ads.identifier.AdvertisingIdClient---zza---null
04-07 16:36:42.363 11103 11191 D FiniteState: 017D4ED98A1C94CD6B7F1C5ACDD5178C1C485CE3F616741C9A9535868362F077---017d4ed98a1c94cd6b7f1c5acdd5178c1c485ce3f616741c9a9535868362f077---com.google.android.gms.ads.identifier.AdvertisingIdClient---getInfo---null
04-07 16:36:42.371 11103 11191 D FiniteState: 017D4ED98A1C94CD6B7F1C5ACDD5178C1C485CE3F616741C9A9535868362F077---017d4ed98a1c94cd6b7f1c5acdd5178c1c485ce3f616741c9a9535868362f077---com.google.android.gms.ads.identifier.AdvertisingIdClient---finish---null
04-07 16:36:42.498 11103 11111 D FiniteState: 017D4ED98A1C94CD6B7F1C5ACDD5178C1C485CE3F616741C9A9535868362F077---017d4ed98a1c94cd6b7f1c5acdd5178c1c485ce3f616741c9a9535868362f077---com.google.android.gms.ads.identifier.AdvertisingIdClient---finish---null
04-07 16:36:42.498 11103 11111 D FiniteState: 017D4ED98A1C94CD6B7F1C5ACDD5178C1C485CE3F616741C9A9535868362F077---017d4ed98a1c94cd6b7f1c5acdd5178c1c485ce3f616741c9a9535868362f077---com.google.android.gms.ads.identifier.AdvertisingIdClient---finalize---null
04-07 16:53:08.393 15653 15687 D FiniteState: 2E21E23EF46D9C4773EAEEF05749491C8E032C7F134EF6011A3D922A7DA693FE---2e21e23ef46d9c4773eaeef05749491c8e032c7f134ef6011a3d922a7da693fe---com.google.android.gms.ads.identifier.AdvertisingIdClient---getAdvertisingIdInfo---null
04-07 16:53:08.394 15653 15687 D FiniteState: 2E21E23EF46D9C4773EAEEF05749491C8E032C7F134EF6011A3D922A7DA693FE---2e21e23ef46d9c4773eaeef05749491c8e032c7f134ef6011a3d922a7da693fe---com.google.android.gms.ads.identifier.AdvertisingIdClient---zzb---null
04-07 16:53:08.656 15653 15691 D FiniteState: 2E21E23EF46D9C4773EAEEF05749491C8E032C7F134EF6011A3D922A7DA693FE---2e21e23ef46d9c4773eaeef05749491c8e032c7f134ef6011a3d922a7da693fe---com.google.android.gms.ads.identifier.AdvertisingIdClient---getAdvertisingIdInfo---null
04-07 16:53:08.659 15653 15691 D FiniteState: 2E21E23EF46D9C4773EAEEF05749491C8E032C7F134EF6011A3D922A7DA693FE---2e21e23ef46d9c4773eaeef05749491c8e032c7f134ef6011a3d922a7da693fe---com.google.android.gms.ads.identifier.AdvertisingIdClient---zzb---null
04-07 16:53:09.642 15653 15687 D FiniteState: 2E21E23EF46D9C4773EAEEF05749491C8E032C7F134EF6011A3D922A7DA693FE---2e21e23ef46d9c4773eaeef05749491c8e032c7f134ef6011a3d922a7da693fe---com.google.android.gms.ads.identifier.AdvertisingIdClient---zzd---null
04-07 16:53:09.650 15653 15691 D FiniteState: 2E21E23EF46D9C4773EAEEF05749491C8E032C7F134EF6011A3D922A7DA693FE---2e21e23ef46d9c4773eaeef05749491c8e032c7f134ef6011a3d922a7da693fe---com.google.android.gms.ads.identifier.AdvertisingIdClient---zzd---null
04-07 16:53:09.673 15653 15691 D FiniteState: 2E21E23EF46D9C4773EAEEF05749491C8E032C7F134EF6011A3D922A7DA693FE---2e21e23ef46d9c4773eaeef05749491c8e032c7f134ef6011a3d922a7da693fe---com.google.android.gms.ads.identifier.AdvertisingIdClient---zza---null
04-07 16:53:09.674 15653 15687 D FiniteState: 2E21E23EF46D9C4773EAEEF05749491C8E032C7F134EF6011A3D922A7DA693FE---2e21e23ef46d9c4773eaeef05749491c8e032c7f134ef6011a3d922a7da693fe---com.google.android.gms.ads.identifier.AdvertisingIdClient---zza---null
04-07 16:53:10.451 15779 15814 D FiniteState: 2E21E23EF46D9C4773EAEEF05749491C8E032C7F134EF6011A3D922A7DA693FE---2e21e23ef46d9c4773eaeef05749491c8e032c7f134ef6011a3d922a7da693fe---com.google.android.gms.ads.identifier.AdvertisingIdClient---getAdvertisingIdInfo---null
04-07 16:53:10.452 15779 15814 D FiniteState: 2E21E23EF46D9C4773EAEEF05749491C8E032C7F134EF6011A3D922A7DA693FE---2e21e23ef46d9c4773eaeef05749491c8e032c7f134ef6011a3d922a7da693fe---com.google.android.gms.ads.identifier.AdvertisingIdClient---zzb---null
04-07 16:53:10.888 15779 15814 D FiniteState: 2E21E23EF46D9C4773EAEEF05749491C8E032C7F134EF6011A3D922A7DA693FE---2e21e23ef46d9c4773eaeef05749491c8e032c7f134ef6011a3d922a7da693fe---com.google.android.gms.ads.identifier.AdvertisingIdClient---zzd---null
04-07 16:53:10.898 15779 15814 D FiniteState: 2E21E23EF46D9C4773EAEEF05749491C8E032C7F134EF6011A3D922A7DA693FE---2e21e23ef46d9c4773eaeef05749491c8e032c7f134ef6011a3d922a7da693fe---com.google.android.gms.ads.identifier.AdvertisingIdClient---zza---null
04-07 16:53:11.328 15779 15822 D FiniteState: 2E21E23EF46D9C4773EAEEF05749491C8E032C7F134EF6011A3D922A7DA693FE---2e21e23ef46d9c4773eaeef05749491c8e032c7f134ef6011a3d922a7da693fe---com.google.android.gms.ads.identifier.AdvertisingIdClient---getAdvertisingIdInfo---null
04-07 16:53:11.329 15779 15822 D FiniteState: 2E21E23EF46D9C4773EAEEF05749491C8E032C7F134EF6011A3D922A7DA693FE---2e21e23ef46d9c4773eaeef05749491c8e032c7f134ef6011a3d922a7da693fe---com.google.android.gms.ads.identifier.AdvertisingIdClient---zzb---null
04-07 17:22:01.308 28716 28716 D FiniteState: 003483FF2A74BF9B2AA6CC20850DF8D0EA0EEDC16089E6B65159D692157E658C---003483ff2a74bf9b2aa6cc20850df8d0ea0eedc16089e6b65159d692157e658c---com.google.android.gms.ads.MobileAdsInitProvider---attachInfo---null
04-07 17:22:01.606 28716 28716 D FiniteState: 003483FF2A74BF9B2AA6CC20850DF8D0EA0EEDC16089E6B65159D692157E658C---003483ff2a74bf9b2aa6cc20850df8d0ea0eedc16089e6b65159d692157e658c---com.google.android.gms.ads.RequestConfiguration$Builder---build---null
04-07 17:22:01.606 28716 28716 D FiniteState: 003483FF2A74BF9B2AA6CC20850DF8D0EA0EEDC16089E6B65159D692157E658C---003483ff2a74bf9b2aa6cc20850df8d0ea0eedc16089e6b65159d692157e658c---com.google.android.gms.ads.internal.client.zzed---zzf---null
04-07 17:22:01.614 28716 28716 D FiniteState: 003483FF2A74BF9B2AA6CC20850DF8D0EA0EEDC16089E6B65159D692157E658C---003483ff2a74bf9b2aa6cc20850df8d0ea0eedc16089e6b65159d692157e658c---com.google.android.gms.ads.internal.client.zzed---zzy---null
04-07 17:22:01.614 28716 28716 D FiniteState: 003483FF2A74BF9B2AA6CC20850DF8D0EA0EEDC16089E6B65159D692157E658C---003483ff2a74bf9b2aa6cc20850df8d0ea0eedc16089e6b65159d692157e658c---com.google.android.gms.ads.internal.client.zzav---zzd---null
04-07 17:22:01.630 28716 28716 D FiniteState: 003483FF2A74BF9B2AA6CC20850DF8D0EA0EEDC16089E6B65159D692157E658C---003483ff2a74bf9b2aa6cc20850df8d0ea0eedc16089e6b65159d692157e658c---com.google.android.gms.ads.internal.client.zzao---zzc---null
04-07 17:22:01.775 28716 28716 D FiniteState: 003483FF2A74BF9B2AA6CC20850DF8D0EA0EEDC16089E6B65159D692157E658C---003483ff2a74bf9b2aa6cc20850df8d0ea0eedc16089e6b65159d692157e658c---com.google.android.gms.ads.internal.client.zzek---getRemoteCreator---null
04-07 17:22:01.775 28716 28716 D FiniteState: 003483FF2A74BF9B2AA6CC20850DF8D0EA0EEDC16089E6B65159D692157E658C---003483ff2a74bf9b2aa6cc20850df8d0ea0eedc16089e6b65159d692157e658c---com.google.android.gms.ads.internal.client.zzcn---zze---null
04-07 17:22:02.040 28716 28716 D FiniteState: 003483FF2A74BF9B2AA6CC20850DF8D0EA0EEDC16089E6B65159D692157E658C---003483ff2a74bf9b2aa6cc20850df8d0ea0eedc16089e6b65159d692157e658c---com.google.android.gms.ads.internal.client.LiteSdkInfo---getLiteSdkVersion---null
04-07 17:22:02.040 28716 28716 D FiniteState: 003483FF2A74BF9B2AA6CC20850DF8D0EA0EEDC16089E6B65159D692157E658C---003483ff2a74bf9b2aa6cc20850df8d0ea0eedc16089e6b65159d692157e658c---com.google.android.gms.ads.internal.client.zzeh---writeToParcel---null
04-07 17:22:02.042 28716 28716 D FiniteState: 003483FF2A74BF9B2AA6CC20850DF8D0EA0EEDC16089E6B65159D692157E658C---003483ff2a74bf9b2aa6cc20850df8d0ea0eedc16089e6b65159d692157e658c---com.google.android.gms.ads.internal.client.zzek---zza---null
04-07 17:22:02.043 28716 28716 D FiniteState: 003483FF2A74BF9B2AA6CC20850DF8D0EA0EEDC16089E6B65159D692157E658C---003483ff2a74bf9b2aa6cc20850df8d0ea0eedc16089e6b65159d692157e658c---com.google.android.gms.ads.internal.client.zzck---zzr---null
04-07 17:22:02.044 28716 28716 D FiniteState: 003483FF2A74BF9B2AA6CC20850DF8D0EA0EEDC16089E6B65159D692157E658C---003483ff2a74bf9b2aa6cc20850df8d0ea0eedc16089e6b65159d692157e658c---com.google.android.gms.ads.internal.client.zzck---zzn---null
04-07 17:22:02.045 28716 28716 D FiniteState: 003483FF2A74BF9B2AA6CC20850DF8D0EA0EEDC16089E6B65159D692157E658C---003483ff2a74bf9b2aa6cc20850df8d0ea0eedc16089e6b65159d692157e658c---com.google.android.gms.ads.internal.client.zzed---zzx---null
04-07 17:22:02.048 28716 28716 D FiniteState: 003483FF2A74BF9B2AA6CC20850DF8D0EA0EEDC16089E6B65159D692157E658C---003483ff2a74bf9b2aa6cc20850df8d0ea0eedc16089e6b65159d692157e658c---com.google.android.gms.ads.internal.client.zzck---zzj---null
04-07 17:22:02.048 28716 28716 D FiniteState: 003483FF2A74BF9B2AA6CC20850DF8D0EA0EEDC16089E6B65159D692157E658C---003483ff2a74bf9b2aa6cc20850df8d0ea0eedc16089e6b65159d692157e658c---com.google.android.gms.ads.internal.client.zzck---zzk---null
04-07 17:22:02.835 28716 28716 D FiniteState: 003483FF2A74BF9B2AA6CC20850DF8D0EA0EEDC16089E6B65159D692157E658C---003483ff2a74bf9b2aa6cc20850df8d0ea0eedc16089e6b65159d692157e658c---com.google.android.gms.ads.MobileAds---initialize---null
04-07 17:22:08.541 28942 28942 D FiniteState: 003483FF2A74BF9B2AA6CC20850DF8D0EA0EEDC16089E6B65159D692157E658C---003483ff2a74bf9b2aa6cc20850df8d0ea0eedc16089e6b65159d692157e658c---com.google.android.gms.ads.MobileAdsInitProvider---attachInfo---null
04-07 17:29:23.478   788   788 D FiniteState: 2D1D76CAEF282E40AE76FCAD2FFA94BD18690ABD652E804A6562AE9020345109---2d1d76caef282e40ae76fcad2ffa94bd18690abd652e804a6562ae9020345109---com.facebook.ads.internal.dynamicloading.DynamicLoaderFactory---initialize---null
04-07 17:29:23.479   788   788 D FiniteState: 2D1D76CAEF282E40AE76FCAD2FFA94BD18690ABD652E804A6562AE9020345109---2d1d76caef282e40ae76fcad2ffa94bd18690abd652e804a6562ae9020345109---com.facebook.ads.AudienceNetworkContentProvider---onCreate---null
04-07 17:29:23.480   788   803 D FiniteState: 2D1D76CAEF282E40AE76FCAD2FFA94BD18690ABD652E804A6562AE9020345109---2d1d76caef282e40ae76fcad2ffa94bd18690abd652e804a6562ae9020345109---com.facebook.ads.internal.util.common.ANActivityLifecycleCallbacksListener---registerActivityCallbacks---null
04-07 17:29:23.480   788   803 D FiniteState: 2D1D76CAEF282E40AE76FCAD2FFA94BD18690ABD652E804A6562AE9020345109---2d1d76caef282e40ae76fcad2ffa94bd18690abd652e804a6562ae9020345109---com.facebook.ads.internal.dynamicloading.DynamicLoaderFactory$1---run---null
04-07 17:29:23.481   788   803 D FiniteState: 2D1D76CAEF282E40AE76FCAD2FFA94BD18690ABD652E804A6562AE9020345109---2d1d76caef282e40ae76fcad2ffa94bd18690abd652e804a6562ae9020345109---com.facebook.ads.internal.dynamicloading.DynamicLoaderFactory---makeLegacyAdsSdkClassLoader---null
04-07 17:29:23.682   788   803 D FiniteState: 2D1D76CAEF282E40AE76FCAD2FFA94BD18690ABD652E804A6562AE9020345109---2d1d76caef282e40ae76fcad2ffa94bd18690abd652e804a6562ae9020345109---com.facebook.ads.internal.dynamicloading.DynamicLoaderFactory---makeLegacyAdsSdkClassLoader---null
04-07 17:29:23.828   788   788 D FiniteState: 2D1D76CAEF282E40AE76FCAD2FFA94BD18690ABD652E804A6562AE9020345109---2d1d76caef282e40ae76fcad2ffa94bd18690abd652e804a6562ae9020345109---com.facebook.ads.internal.util.common.ANActivityLifecycleCallbacksListener---onActivityCreated---null
04-07 17:29:23.883   788   803 D FiniteState: 2D1D76CAEF282E40AE76FCAD2FFA94BD18690ABD652E804A6562AE9020345109---2d1d76caef282e40ae76fcad2ffa94bd18690abd652e804a6562ae9020345109---com.facebook.ads.internal.dynamicloading.DynamicLoaderFactory---makeLegacyAdsSdkClassLoader---null
04-07 17:29:23.884   788   803 D FiniteState: 2D1D76CAEF282E40AE76FCAD2FFA94BD18690ABD652E804A6562AE9020345109---2d1d76caef282e40ae76fcad2ffa94bd18690abd652e804a6562ae9020345109---com.facebook.ads.internal.dynamicloading.DynamicLoaderFactory---access$200---null
04-07 17:29:26.785   788   788 D FiniteState: 2D1D76CAEF282E40AE76FCAD2FFA94BD18690ABD652E804A6562AE9020345109---2d1d76caef282e40ae76fcad2ffa94bd18690abd652e804a6562ae9020345109---com.facebook.ads.AudienceNetworkAds---initialize---null
04-07 17:29:26.785   788   788 D FiniteState: 2D1D76CAEF282E40AE76FCAD2FFA94BD18690ABD652E804A6562AE9020345109---2d1d76caef282e40ae76fcad2ffa94bd18690abd652e804a6562ae9020345109---com.facebook.ads.internal.dynamicloading.DynamicLoaderFactory---initialize---null
04-07 17:29:26.789   788  1025 D FiniteState: 2D1D76CAEF282E40AE76FCAD2FFA94BD18690ABD652E804A6562AE9020345109---2d1d76caef282e40ae76fcad2ffa94bd18690abd652e804a6562ae9020345109---com.facebook.ads.internal.dynamicloading.DynamicLoaderFactory$1---run---null
04-07 17:29:26.789   788  1025 D FiniteState: 2D1D76CAEF282E40AE76FCAD2FFA94BD18690ABD652E804A6562AE9020345109---2d1d76caef282e40ae76fcad2ffa94bd18690abd652e804a6562ae9020345109---com.facebook.ads.internal.dynamicloading.DynamicLoaderFactory---makeLegacyAdsSdkClassLoader---null
04-07 17:29:26.816   788   788 D FiniteState: 2D1D76CAEF282E40AE76FCAD2FFA94BD18690ABD652E804A6562AE9020345109---2d1d76caef282e40ae76fcad2ffa94bd18690abd652e804a6562ae9020345109---com.facebook.ads.AudienceNetworkAds---initialize---null
04-07 17:29:26.940   788   788 D FiniteState: 2D1D76CAEF282E40AE76FCAD2FFA94BD18690ABD652E804A6562AE9020345109---2d1d76caef282e40ae76fcad2ffa94bd18690abd652e804a6562ae9020345109---com.facebook.ads.AudienceNetworkAds---initialize---null
04-07 17:29:26.990   788  1025 D FiniteState: 2D1D76CAEF282E40AE76FCAD2FFA94BD18690ABD652E804A6562AE9020345109---2d1d76caef282e40ae76fcad2ffa94bd18690abd652e804a6562ae9020345109---com.facebook.ads.internal.dynamicloading.DynamicLoaderFactory---makeLegacyAdsSdkClassLoader---null
04-07 17:29:27.190   788  1025 D FiniteState: 2D1D76CAEF282E40AE76FCAD2FFA94BD18690ABD652E804A6562AE9020345109---2d1d76caef282e40ae76fcad2ffa94bd18690abd652e804a6562ae9020345109---com.facebook.ads.internal.dynamicloading.DynamicLoaderFactory---makeLegacyAdsSdkClassLoader---null
04-07 17:29:27.192   788  1025 D FiniteState: 2D1D76CAEF282E40AE76FCAD2FFA94BD18690ABD652E804A6562AE9020345109---2d1d76caef282e40ae76fcad2ffa94bd18690abd652e804a6562ae9020345109---com.facebook.ads.internal.dynamicloading.DynamicLoaderFactory---createErrorMessage---null
04-07 17:29:27.196   788  1025 D FiniteState: 2D1D76CAEF282E40AE76FCAD2FFA94BD18690ABD652E804A6562AE9020345109---2d1d76caef282e40ae76fcad2ffa94bd18690abd652e804a6562ae9020345109---com.facebook.ads.internal.dynamicloading.DexLoadErrorReporter---reportDexLoadingIssue---null
04-07 17:29:27.198   788  1025 D FiniteState: 2D1D76CAEF282E40AE76FCAD2FFA94BD18690ABD652E804A6562AE9020345109---2d1d76caef282e40ae76fcad2ffa94bd18690abd652e804a6562ae9020345109---com.facebook.ads.internal.dynamicloading.DynamicLoaderFallback---makeFallbackLoader---null
04-07 17:29:27.198   788  1039 D FiniteState: 2D1D76CAEF282E40AE76FCAD2FFA94BD18690ABD652E804A6562AE9020345109---2d1d76caef282e40ae76fcad2ffa94bd18690abd652e804a6562ae9020345109---com.facebook.ads.internal.dynamicloading.DexLoadErrorReporter$1---run---null
04-07 17:29:27.215   788  1025 D FiniteState: 2D1D76CAEF282E40AE76FCAD2FFA94BD18690ABD652E804A6562AE9020345109---2d1d76caef282e40ae76fcad2ffa94bd18690abd652e804a6562ae9020345109---com.facebook.ads.internal.dynamicloading.DynamicLoaderFallback$SimpleMethodCaptor$1---invoke---null
04-07 17:29:27.215   788  1025 D FiniteState: 2D1D76CAEF282E40AE76FCAD2FFA94BD18690ABD652E804A6562AE9020345109---2d1d76caef282e40ae76fcad2ffa94bd18690abd652e804a6562ae9020345109---com.facebook.ads.internal.dynamicloading.DynamicLoaderFallback$SimpleMethodCaptor$1---invoke---null
04-07 17:29:27.222   788  1025 D FiniteState: 2D1D76CAEF282E40AE76FCAD2FFA94BD18690ABD652E804A6562AE9020345109---2d1d76caef282e40ae76fcad2ffa94bd18690abd652e804a6562ae9020345109---com.facebook.ads.internal.dynamicloading.DynamicLoaderFallback$SimpleMethodCaptor$1---invoke---null
04-07 17:29:27.222   788  1025 D FiniteState: 2D1D76CAEF282E40AE76FCAD2FFA94BD18690ABD652E804A6562AE9020345109---2d1d76caef282e40ae76fcad2ffa94bd18690abd652e804a6562ae9020345109---com.facebook.ads.internal.dynamicloading.DynamicLoaderFallback$SimpleMethodCaptor$1---invoke---null
04-07 17:29:27.224   788  1025 D FiniteState: 2D1D76CAEF282E40AE76FCAD2FFA94BD18690ABD652E804A6562AE9020345109---2d1d76caef282e40ae76fcad2ffa94bd18690abd652e804a6562ae9020345109---com.facebook.ads.internal.dynamicloading.DynamicLoaderFallback$SimpleMethodCaptor$1---invoke---null
04-07 17:29:27.233   788  1025 D FiniteState: 2D1D76CAEF282E40AE76FCAD2FFA94BD18690ABD652E804A6562AE9020345109---2d1d76caef282e40ae76fcad2ffa94bd18690abd652e804a6562ae9020345109---com.facebook.ads.internal.dynamicloading.DynamicLoaderFallback$SimpleMethodCaptor$1---invoke---null
04-07 17:29:27.234   788  1025 D FiniteState: 2D1D76CAEF282E40AE76FCAD2FFA94BD18690ABD652E804A6562AE9020345109---2d1d76caef282e40ae76fcad2ffa94bd18690abd652e804a6562ae9020345109---com.facebook.ads.internal.dynamicloading.DynamicLoaderFactory---setFallbackMode---null
04-07 17:29:27.234   788  1025 D FiniteState: 2D1D76CAEF282E40AE76FCAD2FFA94BD18690ABD652E804A6562AE9020345109---2d1d76caef282e40ae76fcad2ffa94bd18690abd652e804a6562ae9020345109---com.facebook.ads.internal.dynamicloading.DynamicLoaderFactory---access$200---null
04-07 17:29:27.372   788  1039 D FiniteState: 2D1D76CAEF282E40AE76FCAD2FFA94BD18690ABD652E804A6562AE9020345109---2d1d76caef282e40ae76fcad2ffa94bd18690abd652e804a6562ae9020345109---com.facebook.ads.internal.dynamicloading.DexLoadErrorReporter---addEnvFields---null
04-07 17:29:27.377   788  1039 D FiniteState: 2D1D76CAEF282E40AE76FCAD2FFA94BD18690ABD652E804A6562AE9020345109---2d1d76caef282e40ae76fcad2ffa94bd18690abd652e804a6562ae9020345109---com.facebook.ads.internal.api.BuildConfigApi---isUnity---null
04-07 17:29:27.387   788  1039 D FiniteState: 2D1D76CAEF282E40AE76FCAD2FFA94BD18690ABD652E804A6562AE9020345109---2d1d76caef282e40ae76fcad2ffa94bd18690abd652e804a6562ae9020345109---com.facebook.ads.internal.dynamicloading.DexLoadErrorReporter---access$000---null
04-07 17:29:27.389   788  1039 D FiniteState: 2D1D76CAEF282E40AE76FCAD2FFA94BD18690ABD652E804A6562AE9020345109---2d1d76caef282e40ae76fcad2ffa94bd18690abd652e804a6562ae9020345109---com.facebook.ads.internal.dynamicloading.DexLoadErrorReporter---addEnvFields---null
04-07 17:29:27.391   788  1039 D FiniteState: 2D1D76CAEF282E40AE76FCAD2FFA94BD18690ABD652E804A6562AE9020345109---2d1d76caef282e40ae76fcad2ffa94bd18690abd652e804a6562ae9020345109---com.facebook.ads.internal.api.BuildConfigApi---isUnity---null
04-07 17:29:27.391   788  1039 D FiniteState: 2D1D76CAEF282E40AE76FCAD2FFA94BD18690ABD652E804A6562AE9020345109---2d1d76caef282e40ae76fcad2ffa94bd18690abd652e804a6562ae9020345109---com.facebook.ads.internal.dynamicloading.DexLoadErrorReporter---access$000---null
04-07 17:29:29.351   788   788 D FiniteState: 2D1D76CAEF282E40AE76FCAD2FFA94BD18690ABD652E804A6562AE9020345109---2d1d76caef282e40ae76fcad2ffa94bd18690abd652e804a6562ae9020345109---com.facebook.ads.internal.util.common.ANActivityLifecycleCallbacksListener---onActivityStarted---null
