--------- beginning of main
07-22 18:14:21.883 20975 20975 D FiniteState: 0BC167335F1F593ECD96CC06043241B2CBFD87D6F3DC511FABF9CE8C5B5F6B40---0bc167335f1f593ecd96cc06043241b2cbfd87d6f3dc511fabf9ce8c5b5f6b40---com.google.android.gms.ads.MobileAdsInitProvider---attachInfo---null
07-22 18:14:22.408 20975 20975 D FiniteState: 0BC167335F1F593ECD96CC06043241B2CBFD87D6F3DC511FABF9CE8C5B5F6B40---0bc167335f1f593ecd96cc06043241b2cbfd87d6f3dc511fabf9ce8c5b5f6b40---com.google.android.gms.ads.BaseAdView---setAdUnitId---null
07-22 18:14:22.416 20975 20975 D FiniteState: 0BC167335F1F593ECD96CC06043241B2CBFD87D6F3DC511FABF9CE8C5B5F6B40---0bc167335f1f593ecd96cc06043241b2cbfd87d6f3dc511fabf9ce8c5b5f6b40---com.google.android.gms.ads.internal.client.zzea---zzs---null
07-22 18:14:22.416 20975 20975 D FiniteState: 0BC167335F1F593ECD96CC06043241B2CBFD87D6F3DC511FABF9CE8C5B5F6B40---0bc167335f1f593ecd96cc06043241b2cbfd87d6f3dc511fabf9ce8c5b5f6b40---com.google.android.gms.ads.BaseAdView---setAdSize---null
07-22 18:14:22.423 20975 20975 D FiniteState: 0BC167335F1F593ECD96CC06043241B2CBFD87D6F3DC511FABF9CE8C5B5F6B40---0bc167335f1f593ecd96cc06043241b2cbfd87d6f3dc511fabf9ce8c5b5f6b40---com.google.android.gms.ads.internal.client.zzea---zzr---null
07-22 18:14:22.423 20975 20975 D FiniteState: 0BC167335F1F593ECD96CC06043241B2CBFD87D6F3DC511FABF9CE8C5B5F6B40---0bc167335f1f593ecd96cc06043241b2cbfd87d6f3dc511fabf9ce8c5b5f6b40---com.google.android.gms.ads.BaseAdView---setAdListener---null
07-22 18:14:22.425 20975 20975 D FiniteState: 0BC167335F1F593ECD96CC06043241B2CBFD87D6F3DC511FABF9CE8C5B5F6B40---0bc167335f1f593ecd96cc06043241b2cbfd87d6f3dc511fabf9ce8c5b5f6b40---com.google.android.gms.ads.internal.client.zzdw---zzw---null
07-22 18:14:22.428 20975 20975 D FiniteState: 0BC167335F1F593ECD96CC06043241B2CBFD87D6F3DC511FABF9CE8C5B5F6B40---0bc167335f1f593ecd96cc06043241b2cbfd87d6f3dc511fabf9ce8c5b5f6b40---com.google.android.gms.ads.RequestConfiguration$Builder---build---null
07-22 18:14:22.430 20975 20975 D FiniteState: 0BC167335F1F593ECD96CC06043241B2CBFD87D6F3DC511FABF9CE8C5B5F6B40---0bc167335f1f593ecd96cc06043241b2cbfd87d6f3dc511fabf9ce8c5b5f6b40---com.google.android.gms.ads.RequestConfiguration$Builder---build---null
07-22 18:14:22.430 20975 20975 D FiniteState: 0BC167335F1F593ECD96CC06043241B2CBFD87D6F3DC511FABF9CE8C5B5F6B40---0bc167335f1f593ecd96cc06043241b2cbfd87d6f3dc511fabf9ce8c5b5f6b40---com.google.android.gms.ads.internal.client.zzej---zzf---null
07-22 18:14:22.430 20975 20975 D FiniteState: 0BC167335F1F593ECD96CC06043241B2CBFD87D6F3DC511FABF9CE8C5B5F6B40---0bc167335f1f593ecd96cc06043241b2cbfd87d6f3dc511fabf9ce8c5b5f6b40---com.google.android.gms.ads.internal.client.zzej---zzv---null
07-22 18:14:22.430 20975 20975 D FiniteState: 0BC167335F1F593ECD96CC06043241B2CBFD87D6F3DC511FABF9CE8C5B5F6B40---0bc167335f1f593ecd96cc06043241b2cbfd87d6f3dc511fabf9ce8c5b5f6b40---com.google.android.gms.ads.MobileAds---setRequestConfiguration---null
07-22 18:14:22.432 20975 20975 D FiniteState: 0BC167335F1F593ECD96CC06043241B2CBFD87D6F3DC511FABF9CE8C5B5F6B40---0bc167335f1f593ecd96cc06043241b2cbfd87d6f3dc511fabf9ce8c5b5f6b40---com.google.android.gms.ads.internal.client.zzdw---zzu---null
07-22 18:14:22.432 20975 20975 D FiniteState: 0BC167335F1F593ECD96CC06043241B2CBFD87D6F3DC511FABF9CE8C5B5F6B40---0bc167335f1f593ecd96cc06043241b2cbfd87d6f3dc511fabf9ce8c5b5f6b40---com.google.android.gms.ads.AdRequest$Builder---addNetworkExtrasBundle---null
07-22 18:14:22.433 20975 20975 D FiniteState: 0BC167335F1F593ECD96CC06043241B2CBFD87D6F3DC511FABF9CE8C5B5F6B40---0bc167335f1f593ecd96cc06043241b2cbfd87d6f3dc511fabf9ce8c5b5f6b40---com.google.android.gms.ads.AdRequest$Builder---build---null
07-22 18:14:22.434 20975 20975 D FiniteState: 0BC167335F1F593ECD96CC06043241B2CBFD87D6F3DC511FABF9CE8C5B5F6B40---0bc167335f1f593ecd96cc06043241b2cbfd87d6f3dc511fabf9ce8c5b5f6b40---com.google.android.gms.ads.BaseAdView---loadAd---null
07-22 18:14:22.436 20975 20975 D FiniteState: 0BC167335F1F593ECD96CC06043241B2CBFD87D6F3DC511FABF9CE8C5B5F6B40---0bc167335f1f593ecd96cc06043241b2cbfd87d6f3dc511fabf9ce8c5b5f6b40---com.google.android.gms.ads.internal.client.zzea---zzC---null
07-22 18:14:22.437 20975 20975 D FiniteState: 0BC167335F1F593ECD96CC06043241B2CBFD87D6F3DC511FABF9CE8C5B5F6B40---0bc167335f1f593ecd96cc06043241b2cbfd87d6f3dc511fabf9ce8c5b5f6b40---com.google.android.gms.ads.internal.client.zzax---zzd---null
07-22 18:14:22.447 20975 20975 D FiniteState: 0BC167335F1F593ECD96CC06043241B2CBFD87D6F3DC511FABF9CE8C5B5F6B40---0bc167335f1f593ecd96cc06043241b2cbfd87d6f3dc511fabf9ce8c5b5f6b40---com.google.android.gms.ads.internal.client.zzk---zza---null
07-22 18:14:22.465 20975 20975 D FiniteState: 0BC167335F1F593ECD96CC06043241B2CBFD87D6F3DC511FABF9CE8C5B5F6B40---0bc167335f1f593ecd96cc06043241b2cbfd87d6f3dc511fabf9ce8c5b5f6b40---com.google.android.gms.ads.internal.client.zzk---getRemoteCreator---null
07-22 18:14:22.465 20975 20975 D FiniteState: 0BC167335F1F593ECD96CC06043241B2CBFD87D6F3DC511FABF9CE8C5B5F6B40---0bc167335f1f593ecd96cc06043241b2cbfd87d6f3dc511fabf9ce8c5b5f6b40---com.google.android.gms.ads.internal.client.zzbv---zze---null
07-22 18:14:22.465 20975 20975 D FiniteState: 0BC167335F1F593ECD96CC06043241B2CBFD87D6F3DC511FABF9CE8C5B5F6B40---0bc167335f1f593ecd96cc06043241b2cbfd87d6f3dc511fabf9ce8c5b5f6b40---com.google.android.gms.ads.internal.client.zzq---writeToParcel---null
07-22 18:14:22.506 20975 20975 D FiniteState: 0BC167335F1F593ECD96CC06043241B2CBFD87D6F3DC511FABF9CE8C5B5F6B40---0bc167335f1f593ecd96cc06043241b2cbfd87d6f3dc511fabf9ce8c5b5f6b40---com.google.android.gms.ads.internal.client.zzbs---zzD---null
07-22 18:14:22.506 20975 20975 D FiniteState: 0BC167335F1F593ECD96CC06043241B2CBFD87D6F3DC511FABF9CE8C5B5F6B40---0bc167335f1f593ecd96cc06043241b2cbfd87d6f3dc511fabf9ce8c5b5f6b40---com.google.android.gms.ads.internal.client.zzbs---zzP---null
07-22 18:14:22.506 20975 20975 D FiniteState: 0BC167335F1F593ECD96CC06043241B2CBFD87D6F3DC511FABF9CE8C5B5F6B40---0bc167335f1f593ecd96cc06043241b2cbfd87d6f3dc511fabf9ce8c5b5f6b40---com.google.android.gms.ads.internal.client.zzbs---zzN---null
07-22 18:14:22.506 20975 20975 D FiniteState: 0BC167335F1F593ECD96CC06043241B2CBFD87D6F3DC511FABF9CE8C5B5F6B40---0bc167335f1f593ecd96cc06043241b2cbfd87d6f3dc511fabf9ce8c5b5f6b40---com.google.android.gms.ads.internal.client.zzbs---zzn---null
07-22 18:14:22.506 20975 20975 D FiniteState: 0BC167335F1F593ECD96CC06043241B2CBFD87D6F3DC511FABF9CE8C5B5F6B40---0bc167335f1f593ecd96cc06043241b2cbfd87d6f3dc511fabf9ce8c5b5f6b40---com.google.android.gms.ads.internal.client.zzdx---zzt---null
07-22 18:14:22.507 20975 20975 D FiniteState: 0BC167335F1F593ECD96CC06043241B2CBFD87D6F3DC511FABF9CE8C5B5F6B40---0bc167335f1f593ecd96cc06043241b2cbfd87d6f3dc511fabf9ce8c5b5f6b40---com.google.android.gms.ads.RequestConfiguration---getTestDeviceIds---null
07-22 18:14:22.508 20975 20975 D FiniteState: 0BC167335F1F593ECD96CC06043241B2CBFD87D6F3DC511FABF9CE8C5B5F6B40---0bc167335f1f593ecd96cc06043241b2cbfd87d6f3dc511fabf9ce8c5b5f6b40---com.google.android.gms.ads.internal.client.zzdx---zzp---null
07-22 18:14:22.508 20975 20975 D FiniteState: 0BC167335F1F593ECD96CC06043241B2CBFD87D6F3DC511FABF9CE8C5B5F6B40---0bc167335f1f593ecd96cc06043241b2cbfd87d6f3dc511fabf9ce8c5b5f6b40---com.google.android.gms.ads.internal.client.zzl---writeToParcel---null
07-22 18:14:22.508 20975 20975 D FiniteState: 0BC167335F1F593ECD96CC06043241B2CBFD87D6F3DC511FABF9CE8C5B5F6B40---0bc167335f1f593ecd96cc06043241b2cbfd87d6f3dc511fabf9ce8c5b5f6b40---com.google.android.gms.ads.internal.client.zzbs---zzaa---null
07-22 18:14:22.691 20975 20975 D FiniteState: 0BC167335F1F593ECD96CC06043241B2CBFD87D6F3DC511FABF9CE8C5B5F6B40---0bc167335f1f593ecd96cc06043241b2cbfd87d6f3dc511fabf9ce8c5b5f6b40---com.google.android.gms.ads.BaseAdView---onMeasure---null
07-22 18:14:22.733 20975 20975 D FiniteState: 0BC167335F1F593ECD96CC06043241B2CBFD87D6F3DC511FABF9CE8C5B5F6B40---0bc167335f1f593ecd96cc06043241b2cbfd87d6f3dc511fabf9ce8c5b5f6b40---com.google.android.gms.ads.BaseAdView---onMeasure---null
07-22 18:14:22.770 20975 20975 D FiniteState: 0BC167335F1F593ECD96CC06043241B2CBFD87D6F3DC511FABF9CE8C5B5F6B40---0bc167335f1f593ecd96cc06043241b2cbfd87d6f3dc511fabf9ce8c5b5f6b40---com.google.android.gms.ads.BaseAdView---onLayout---null
07-22 18:14:24.566 20975 20975 D FiniteState: 0BC167335F1F593ECD96CC06043241B2CBFD87D6F3DC511FABF9CE8C5B5F6B40---0bc167335f1f593ecd96cc06043241b2cbfd87d6f3dc511fabf9ce8c5b5f6b40---com.google.android.gms.ads.internal.client.zzdl---zzj---null
07-22 18:14:24.566 20975 20975 D FiniteState: 0BC167335F1F593ECD96CC06043241B2CBFD87D6F3DC511FABF9CE8C5B5F6B40---0bc167335f1f593ecd96cc06043241b2cbfd87d6f3dc511fabf9ce8c5b5f6b40---com.google.android.gms.ads.internal.client.zzdl---zzf---null
07-22 18:14:24.567 20975 20975 D FiniteState: 0BC167335F1F593ECD96CC06043241B2CBFD87D6F3DC511FABF9CE8C5B5F6B40---0bc167335f1f593ecd96cc06043241b2cbfd87d6f3dc511fabf9ce8c5b5f6b40---com.google.android.gms.ads.ResponseInfo---zza---null
07-22 18:14:24.567 20975 20975 D FiniteState: 0BC167335F1F593ECD96CC06043241B2CBFD87D6F3DC511FABF9CE8C5B5F6B40---0bc167335f1f593ecd96cc06043241b2cbfd87d6f3dc511fabf9ce8c5b5f6b40---com.google.android.gms.ads.internal.client.zzdz---onAdFailedToLoad---null
07-22 18:14:24.579 20975 20975 D FiniteState: 0BC167335F1F593ECD96CC06043241B2CBFD87D6F3DC511FABF9CE8C5B5F6B40---0bc167335f1f593ecd96cc06043241b2cbfd87d6f3dc511fabf9ce8c5b5f6b40---com.google.android.gms.ads.internal.client.zzaz---onAdFailedToLoad---null
07-22 18:14:24.579 20975 20975 D FiniteState: 0BC167335F1F593ECD96CC06043241B2CBFD87D6F3DC511FABF9CE8C5B5F6B40---0bc167335f1f593ecd96cc06043241b2cbfd87d6f3dc511fabf9ce8c5b5f6b40---com.google.android.gms.ads.internal.client.zzg---zzf---null
07-22 18:15:00.697 21898 21928 D FiniteState: 2E21E23EF46D9C4773EAEEF05749491C8E032C7F134EF6011A3D922A7DA693FE---2e21e23ef46d9c4773eaeef05749491c8e032c7f134ef6011a3d922a7da693fe---com.google.android.gms.ads.identifier.AdvertisingIdClient---getAdvertisingIdInfo---null
07-22 18:15:00.697 21898 21928 D FiniteState: 2E21E23EF46D9C4773EAEEF05749491C8E032C7F134EF6011A3D922A7DA693FE---2e21e23ef46d9c4773eaeef05749491c8e032c7f134ef6011a3d922a7da693fe---com.google.android.gms.ads.identifier.AdvertisingIdClient---zzb---null
07-22 18:15:00.961 21898 21927 D FiniteState: 2E21E23EF46D9C4773EAEEF05749491C8E032C7F134EF6011A3D922A7DA693FE---2e21e23ef46d9c4773eaeef05749491c8e032c7f134ef6011a3d922a7da693fe---com.google.android.gms.ads.identifier.AdvertisingIdClient---getAdvertisingIdInfo---null
07-22 18:15:00.961 21898 21927 D FiniteState: 2E21E23EF46D9C4773EAEEF05749491C8E032C7F134EF6011A3D922A7DA693FE---2e21e23ef46d9c4773eaeef05749491c8e032c7f134ef6011a3d922a7da693fe---com.google.android.gms.ads.identifier.AdvertisingIdClient---zzb---null
07-22 18:15:01.405 21898 21928 D FiniteState: 2E21E23EF46D9C4773EAEEF05749491C8E032C7F134EF6011A3D922A7DA693FE---2e21e23ef46d9c4773eaeef05749491c8e032c7f134ef6011a3d922a7da693fe---com.google.android.gms.ads.identifier.AdvertisingIdClient---zzd---null
07-22 18:15:01.408 21898 21928 D FiniteState: 2E21E23EF46D9C4773EAEEF05749491C8E032C7F134EF6011A3D922A7DA693FE---2e21e23ef46d9c4773eaeef05749491c8e032c7f134ef6011a3d922a7da693fe---com.google.android.gms.ads.identifier.AdvertisingIdClient---zza---null
07-22 18:15:01.414 21898 21927 D FiniteState: 2E21E23EF46D9C4773EAEEF05749491C8E032C7F134EF6011A3D922A7DA693FE---2e21e23ef46d9c4773eaeef05749491c8e032c7f134ef6011a3d922a7da693fe---com.google.android.gms.ads.identifier.AdvertisingIdClient---zzd---null
07-22 18:15:01.415 21898 21927 D FiniteState: 2E21E23EF46D9C4773EAEEF05749491C8E032C7F134EF6011A3D922A7DA693FE---2e21e23ef46d9c4773eaeef05749491c8e032c7f134ef6011a3d922a7da693fe---com.google.android.gms.ads.identifier.AdvertisingIdClient---zza---null
07-22 18:15:01.761 21898 21930 D FiniteState: 2E21E23EF46D9C4773EAEEF05749491C8E032C7F134EF6011A3D922A7DA693FE---2e21e23ef46d9c4773eaeef05749491c8e032c7f134ef6011a3d922a7da693fe---com.google.android.gms.ads.identifier.AdvertisingIdClient---getAdvertisingIdInfo---null
07-22 18:15:01.762 21898 21930 D FiniteState: 2E21E23EF46D9C4773EAEEF05749491C8E032C7F134EF6011A3D922A7DA693FE---2e21e23ef46d9c4773eaeef05749491c8e032c7f134ef6011a3d922a7da693fe---com.google.android.gms.ads.identifier.AdvertisingIdClient---zzb---null
07-22 18:15:02.243 21898 21930 D FiniteState: 2E21E23EF46D9C4773EAEEF05749491C8E032C7F134EF6011A3D922A7DA693FE---2e21e23ef46d9c4773eaeef05749491c8e032c7f134ef6011a3d922a7da693fe---com.google.android.gms.ads.identifier.AdvertisingIdClient---zzd---null
07-22 18:15:02.247 21898 21930 D FiniteState: 2E21E23EF46D9C4773EAEEF05749491C8E032C7F134EF6011A3D922A7DA693FE---2e21e23ef46d9c4773eaeef05749491c8e032c7f134ef6011a3d922a7da693fe---com.google.android.gms.ads.identifier.AdvertisingIdClient---zza---null
07-22 18:15:15.059 22289 22289 D FiniteState: 2D1D76CAEF282E40AE76FCAD2FFA94BD18690ABD652E804A6562AE9020345109---2d1d76caef282e40ae76fcad2ffa94bd18690abd652e804a6562ae9020345109---com.facebook.ads.internal.dynamicloading.DynamicLoaderFactory---initialize---null
07-22 18:15:15.061 22289 22289 D FiniteState: 2D1D76CAEF282E40AE76FCAD2FFA94BD18690ABD652E804A6562AE9020345109---2d1d76caef282e40ae76fcad2ffa94bd18690abd652e804a6562ae9020345109---com.facebook.ads.AudienceNetworkContentProvider---onCreate---null
07-22 18:15:15.062 22289 22308 D FiniteState: 2D1D76CAEF282E40AE76FCAD2FFA94BD18690ABD652E804A6562AE9020345109---2d1d76caef282e40ae76fcad2ffa94bd18690abd652e804a6562ae9020345109---com.facebook.ads.internal.util.common.ANActivityLifecycleCallbacksListener---registerActivityCallbacks---null
07-22 18:15:15.062 22289 22308 D FiniteState: 2D1D76CAEF282E40AE76FCAD2FFA94BD18690ABD652E804A6562AE9020345109---2d1d76caef282e40ae76fcad2ffa94bd18690abd652e804a6562ae9020345109---com.facebook.ads.internal.dynamicloading.DynamicLoaderFactory$1---run---null
07-22 18:15:15.159 22289 22289 D FiniteState: 2D1D76CAEF282E40AE76FCAD2FFA94BD18690ABD652E804A6562AE9020345109---2d1d76caef282e40ae76fcad2ffa94bd18690abd652e804a6562ae9020345109---com.facebook.ads.internal.util.common.ANActivityLifecycleCallbacksListener---onActivityCreated---null
07-22 18:15:15.465 22289 22308 D FiniteState: 2D1D76CAEF282E40AE76FCAD2FFA94BD18690ABD652E804A6562AE9020345109---2d1d76caef282e40ae76fcad2ffa94bd18690abd652e804a6562ae9020345109---com.facebook.ads.internal.dynamicloading.DynamicLoaderFactory---access$200---null
07-22 18:15:16.035 22289 22289 D FiniteState: 2D1D76CAEF282E40AE76FCAD2FFA94BD18690ABD652E804A6562AE9020345109---2d1d76caef282e40ae76fcad2ffa94bd18690abd652e804a6562ae9020345109---com.facebook.ads.AudienceNetworkAds---initialize---null
07-22 18:15:16.035 22289 22289 D FiniteState: 2D1D76CAEF282E40AE76FCAD2FFA94BD18690ABD652E804A6562AE9020345109---2d1d76caef282e40ae76fcad2ffa94bd18690abd652e804a6562ae9020345109---com.facebook.ads.internal.dynamicloading.DynamicLoaderFactory---initialize---null
07-22 18:15:16.036 22289 22371 D FiniteState: 2D1D76CAEF282E40AE76FCAD2FFA94BD18690ABD652E804A6562AE9020345109---2d1d76caef282e40ae76fcad2ffa94bd18690abd652e804a6562ae9020345109---com.facebook.ads.internal.dynamicloading.DynamicLoaderFactory$1---run---null
07-22 18:15:16.058 22289 22289 D FiniteState: 2D1D76CAEF282E40AE76FCAD2FFA94BD18690ABD652E804A6562AE9020345109---2d1d76caef282e40ae76fcad2ffa94bd18690abd652e804a6562ae9020345109---com.facebook.ads.AudienceNetworkAds---initialize---null
07-22 18:15:16.169 22289 22289 D FiniteState: 2D1D76CAEF282E40AE76FCAD2FFA94BD18690ABD652E804A6562AE9020345109---2d1d76caef282e40ae76fcad2ffa94bd18690abd652e804a6562ae9020345109---com.facebook.ads.AudienceNetworkAds---initialize---null
07-22 18:15:16.438 22289 22371 D FiniteState: 2D1D76CAEF282E40AE76FCAD2FFA94BD18690ABD652E804A6562AE9020345109---2d1d76caef282e40ae76fcad2ffa94bd18690abd652e804a6562ae9020345109---com.facebook.ads.internal.dynamicloading.DynamicLoaderFactory---createErrorMessage---null
07-22 18:15:16.440 22289 22371 D FiniteState: 2D1D76CAEF282E40AE76FCAD2FFA94BD18690ABD652E804A6562AE9020345109---2d1d76caef282e40ae76fcad2ffa94bd18690abd652e804a6562ae9020345109---com.facebook.ads.internal.dynamicloading.DexLoadErrorReporter---reportDexLoadingIssue---null
07-22 18:15:16.442 22289 22371 D FiniteState: 2D1D76CAEF282E40AE76FCAD2FFA94BD18690ABD652E804A6562AE9020345109---2d1d76caef282e40ae76fcad2ffa94bd18690abd652e804a6562ae9020345109---com.facebook.ads.internal.dynamicloading.DynamicLoaderFallback---makeFallbackLoader---null
07-22 18:15:16.449 22289 22371 D FiniteState: 2D1D76CAEF282E40AE76FCAD2FFA94BD18690ABD652E804A6562AE9020345109---2d1d76caef282e40ae76fcad2ffa94bd18690abd652e804a6562ae9020345109---com.facebook.ads.internal.dynamicloading.DynamicLoaderFallback$SimpleMethodCaptor$1---invoke---null
07-22 18:15:16.449 22289 22371 D FiniteState: 2D1D76CAEF282E40AE76FCAD2FFA94BD18690ABD652E804A6562AE9020345109---2d1d76caef282e40ae76fcad2ffa94bd18690abd652e804a6562ae9020345109---com.facebook.ads.internal.dynamicloading.DynamicLoaderFallback$SimpleMethodCaptor$1---invoke---null
07-22 18:15:16.449 22289 22371 D FiniteState: 2D1D76CAEF282E40AE76FCAD2FFA94BD18690ABD652E804A6562AE9020345109---2d1d76caef282e40ae76fcad2ffa94bd18690abd652e804a6562ae9020345109---com.facebook.ads.internal.dynamicloading.DynamicLoaderFallback$SimpleMethodCaptor$1---invoke---null
07-22 18:15:16.449 22289 22371 D FiniteState: 2D1D76CAEF282E40AE76FCAD2FFA94BD18690ABD652E804A6562AE9020345109---2d1d76caef282e40ae76fcad2ffa94bd18690abd652e804a6562ae9020345109---com.facebook.ads.internal.dynamicloading.DynamicLoaderFallback$SimpleMethodCaptor$1---invoke---null
07-22 18:15:16.450 22289 22371 D FiniteState: 2D1D76CAEF282E40AE76FCAD2FFA94BD18690ABD652E804A6562AE9020345109---2d1d76caef282e40ae76fcad2ffa94bd18690abd652e804a6562ae9020345109---com.facebook.ads.internal.dynamicloading.DynamicLoaderFallback$SimpleMethodCaptor$1---invoke---null
07-22 18:15:16.450 22289 22371 D FiniteState: 2D1D76CAEF282E40AE76FCAD2FFA94BD18690ABD652E804A6562AE9020345109---2d1d76caef282e40ae76fcad2ffa94bd18690abd652e804a6562ae9020345109---com.facebook.ads.internal.dynamicloading.DynamicLoaderFallback$SimpleMethodCaptor$1---invoke---null
07-22 18:15:16.451 22289 22371 D FiniteState: 2D1D76CAEF282E40AE76FCAD2FFA94BD18690ABD652E804A6562AE9020345109---2d1d76caef282e40ae76fcad2ffa94bd18690abd652e804a6562ae9020345109---com.facebook.ads.internal.dynamicloading.DynamicLoaderFallback$SimpleMethodCaptor$1---invoke---null
07-22 18:15:16.451 22289 22371 D FiniteState: 2D1D76CAEF282E40AE76FCAD2FFA94BD18690ABD652E804A6562AE9020345109---2d1d76caef282e40ae76fcad2ffa94bd18690abd652e804a6562ae9020345109---com.facebook.ads.internal.dynamicloading.DynamicLoaderFallback$SimpleMethodCaptor$1---invoke---null
07-22 18:15:16.451 22289 22371 D FiniteState: 2D1D76CAEF282E40AE76FCAD2FFA94BD18690ABD652E804A6562AE9020345109---2d1d76caef282e40ae76fcad2ffa94bd18690abd652e804a6562ae9020345109---com.facebook.ads.internal.dynamicloading.DynamicLoaderFallback$SimpleMethodCaptor$1---invoke---null
07-22 18:15:16.451 22289 22371 D FiniteState: 2D1D76CAEF282E40AE76FCAD2FFA94BD18690ABD652E804A6562AE9020345109---2d1d76caef282e40ae76fcad2ffa94bd18690abd652e804a6562ae9020345109---com.facebook.ads.internal.dynamicloading.DynamicLoaderFallback$SimpleMethodCaptor$1---invoke---null
07-22 18:15:16.451 22289 22371 D FiniteState: 2D1D76CAEF282E40AE76FCAD2FFA94BD18690ABD652E804A6562AE9020345109---2d1d76caef282e40ae76fcad2ffa94bd18690abd652e804a6562ae9020345109---com.facebook.ads.internal.dynamicloading.DynamicLoaderFallback$SimpleMethodCaptor$1---invoke---null
07-22 18:15:16.451 22289 22371 D FiniteState: 2D1D76CAEF282E40AE76FCAD2FFA94BD18690ABD652E804A6562AE9020345109---2d1d76caef282e40ae76fcad2ffa94bd18690abd652e804a6562ae9020345109---com.facebook.ads.internal.dynamicloading.DynamicLoaderFallback$SimpleMethodCaptor$1---invoke---null
07-22 18:15:16.452 22289 22371 D FiniteState: 2D1D76CAEF282E40AE76FCAD2FFA94BD18690ABD652E804A6562AE9020345109---2d1d76caef282e40ae76fcad2ffa94bd18690abd652e804a6562ae9020345109---com.facebook.ads.internal.dynamicloading.DynamicLoaderFallback$SimpleMethodCaptor$1---invoke---null
07-22 18:15:16.452 22289 22371 D FiniteState: 2D1D76CAEF282E40AE76FCAD2FFA94BD18690ABD652E804A6562AE9020345109---2d1d76caef282e40ae76fcad2ffa94bd18690abd652e804a6562ae9020345109---com.facebook.ads.internal.dynamicloading.DynamicLoaderFallback$SimpleMethodCaptor$1---invoke---null
07-22 18:15:16.452 22289 22371 D FiniteState: 2D1D76CAEF282E40AE76FCAD2FFA94BD18690ABD652E804A6562AE9020345109---2d1d76caef282e40ae76fcad2ffa94bd18690abd652e804a6562ae9020345109---com.facebook.ads.internal.dynamicloading.DynamicLoaderFallback$SimpleMethodCaptor$1---invoke---null
07-22 18:15:16.452 22289 22371 D FiniteState: 2D1D76CAEF282E40AE76FCAD2FFA94BD18690ABD652E804A6562AE9020345109---2d1d76caef282e40ae76fcad2ffa94bd18690abd652e804a6562ae9020345109---com.facebook.ads.internal.dynamicloading.DynamicLoaderFallback$SimpleMethodCaptor$1---invoke---null
07-22 18:15:16.452 22289 22371 D FiniteState: 2D1D76CAEF282E40AE76FCAD2FFA94BD18690ABD652E804A6562AE9020345109---2d1d76caef282e40ae76fcad2ffa94bd18690abd652e804a6562ae9020345109---com.facebook.ads.internal.dynamicloading.DynamicLoaderFallback$SimpleMethodCaptor$1---invoke---null
07-22 18:15:16.452 22289 22371 D FiniteState: 2D1D76CAEF282E40AE76FCAD2FFA94BD18690ABD652E804A6562AE9020345109---2d1d76caef282e40ae76fcad2ffa94bd18690abd652e804a6562ae9020345109---com.facebook.ads.internal.dynamicloading.DynamicLoaderFallback$SimpleMethodCaptor$1---invoke---null
07-22 18:15:16.452 22289 22371 D FiniteState: 2D1D76CAEF282E40AE76FCAD2FFA94BD18690ABD652E804A6562AE9020345109---2d1d76caef282e40ae76fcad2ffa94bd18690abd652e804a6562ae9020345109---com.facebook.ads.internal.dynamicloading.DynamicLoaderFallback$SimpleMethodCaptor$1---invoke---null
07-22 18:15:16.453 22289 22371 D FiniteState: 2D1D76CAEF282E40AE76FCAD2FFA94BD18690ABD652E804A6562AE9020345109---2d1d76caef282e40ae76fcad2ffa94bd18690abd652e804a6562ae9020345109---com.facebook.ads.internal.dynamicloading.DynamicLoaderFallback$SimpleMethodCaptor$1---invoke---null
07-22 18:15:16.453 22289 22371 D FiniteState: 2D1D76CAEF282E40AE76FCAD2FFA94BD18690ABD652E804A6562AE9020345109---2d1d76caef282e40ae76fcad2ffa94bd18690abd652e804a6562ae9020345109---com.facebook.ads.internal.dynamicloading.DynamicLoaderFallback$SimpleMethodCaptor$1---invoke---null
07-22 18:15:16.453 22289 22371 D FiniteState: 2D1D76CAEF282E40AE76FCAD2FFA94BD18690ABD652E804A6562AE9020345109---2d1d76caef282e40ae76fcad2ffa94bd18690abd652e804a6562ae9020345109---com.facebook.ads.internal.dynamicloading.DynamicLoaderFallback$SimpleMethodCaptor$1---invoke---null
07-22 18:15:16.453 22289 22371 D FiniteState: 2D1D76CAEF282E40AE76FCAD2FFA94BD18690ABD652E804A6562AE9020345109---2d1d76caef282e40ae76fcad2ffa94bd18690abd652e804a6562ae9020345109---com.facebook.ads.internal.dynamicloading.DynamicLoaderFactory---setFallbackMode---null
07-22 18:15:16.454 22289 22371 D FiniteState: 2D1D76CAEF282E40AE76FCAD2FFA94BD18690ABD652E804A6562AE9020345109---2d1d76caef282e40ae76fcad2ffa94bd18690abd652e804a6562ae9020345109---com.facebook.ads.internal.dynamicloading.DynamicLoaderFactory---access$200---null
07-22 18:15:16.454 22289 22381 D FiniteState: 2D1D76CAEF282E40AE76FCAD2FFA94BD18690ABD652E804A6562AE9020345109---2d1d76caef282e40ae76fcad2ffa94bd18690abd652e804a6562ae9020345109---com.facebook.ads.internal.dynamicloading.DexLoadErrorReporter$1---run---null
07-22 18:15:16.587 22289 22381 D FiniteState: 2D1D76CAEF282E40AE76FCAD2FFA94BD18690ABD652E804A6562AE9020345109---2d1d76caef282e40ae76fcad2ffa94bd18690abd652e804a6562ae9020345109---com.facebook.ads.internal.dynamicloading.DexLoadErrorReporter---addEnvFields---null
07-22 18:15:16.595 22289 22381 D FiniteState: 2D1D76CAEF282E40AE76FCAD2FFA94BD18690ABD652E804A6562AE9020345109---2d1d76caef282e40ae76fcad2ffa94bd18690abd652e804a6562ae9020345109---com.facebook.ads.internal.api.BuildConfigApi---isUnity---null
07-22 18:15:16.610 22289 22381 D FiniteState: 2D1D76CAEF282E40AE76FCAD2FFA94BD18690ABD652E804A6562AE9020345109---2d1d76caef282e40ae76fcad2ffa94bd18690abd652e804a6562ae9020345109---com.facebook.ads.internal.dynamicloading.DexLoadErrorReporter---access$000---null
07-22 18:15:16.611 22289 22381 D FiniteState: 2D1D76CAEF282E40AE76FCAD2FFA94BD18690ABD652E804A6562AE9020345109---2d1d76caef282e40ae76fcad2ffa94bd18690abd652e804a6562ae9020345109---com.facebook.ads.internal.dynamicloading.DexLoadErrorReporter---addEnvFields---null
07-22 18:15:16.612 22289 22381 D FiniteState: 2D1D76CAEF282E40AE76FCAD2FFA94BD18690ABD652E804A6562AE9020345109---2d1d76caef282e40ae76fcad2ffa94bd18690abd652e804a6562ae9020345109---com.facebook.ads.internal.api.BuildConfigApi---isUnity---null
07-22 18:15:16.612 22289 22381 D FiniteState: 2D1D76CAEF282E40AE76FCAD2FFA94BD18690ABD652E804A6562AE9020345109---2d1d76caef282e40ae76fcad2ffa94bd18690abd652e804a6562ae9020345109---com.facebook.ads.internal.dynamicloading.DexLoadErrorReporter---access$000---null
07-22 18:15:17.400 22289 22289 D FiniteState: 2D1D76CAEF282E40AE76FCAD2FFA94BD18690ABD652E804A6562AE9020345109---2d1d76caef282e40ae76fcad2ffa94bd18690abd652e804a6562ae9020345109---com.facebook.ads.internal.util.common.ANActivityLifecycleCallbacksListener---onActivityStarted---null
07-22 18:15:17.401 22289 22289 D FiniteState: 2D1D76CAEF282E40AE76FCAD2FFA94BD18690ABD652E804A6562AE9020345109---2d1d76caef282e40ae76fcad2ffa94bd18690abd652e804a6562ae9020345109---com.facebook.ads.internal.util.common.ANActivityLifecycleCallbacksListener---onActivityResumed---null
07-22 18:16:54.946 25161 25161 D FiniteState: 003483FF2A74BF9B2AA6CC20850DF8D0EA0EEDC16089E6B65159D692157E658C---003483ff2a74bf9b2aa6cc20850df8d0ea0eedc16089e6b65159d692157e658c---com.google.android.gms.ads.MobileAdsInitProvider---attachInfo---null
07-22 18:16:55.152 25161 25161 D FiniteState: 003483FF2A74BF9B2AA6CC20850DF8D0EA0EEDC16089E6B65159D692157E658C---003483ff2a74bf9b2aa6cc20850df8d0ea0eedc16089e6b65159d692157e658c---com.google.android.gms.ads.RequestConfiguration$Builder---build---null
07-22 18:16:55.152 25161 25161 D FiniteState: 003483FF2A74BF9B2AA6CC20850DF8D0EA0EEDC16089E6B65159D692157E658C---003483ff2a74bf9b2aa6cc20850df8d0ea0eedc16089e6b65159d692157e658c---com.google.android.gms.ads.internal.client.zzed---zzf---null
07-22 18:16:55.154 25161 25161 D FiniteState: 003483FF2A74BF9B2AA6CC20850DF8D0EA0EEDC16089E6B65159D692157E658C---003483ff2a74bf9b2aa6cc20850df8d0ea0eedc16089e6b65159d692157e658c---com.google.android.gms.ads.internal.client.zzed---zzy---null
07-22 18:16:55.155 25161 25161 D FiniteState: 003483FF2A74BF9B2AA6CC20850DF8D0EA0EEDC16089E6B65159D692157E658C---003483ff2a74bf9b2aa6cc20850df8d0ea0eedc16089e6b65159d692157e658c---com.google.android.gms.ads.internal.client.zzav---zzd---null
07-22 18:16:55.157 25161 25161 D FiniteState: 003483FF2A74BF9B2AA6CC20850DF8D0EA0EEDC16089E6B65159D692157E658C---003483ff2a74bf9b2aa6cc20850df8d0ea0eedc16089e6b65159d692157e658c---com.google.android.gms.ads.internal.client.zzao---zzc---null
07-22 18:16:55.192 25161 25161 D FiniteState: 003483FF2A74BF9B2AA6CC20850DF8D0EA0EEDC16089E6B65159D692157E658C---003483ff2a74bf9b2aa6cc20850df8d0ea0eedc16089e6b65159d692157e658c---com.google.android.gms.ads.internal.client.zzek---getRemoteCreator---null
07-22 18:16:55.192 25161 25161 D FiniteState: 003483FF2A74BF9B2AA6CC20850DF8D0EA0EEDC16089E6B65159D692157E658C---003483ff2a74bf9b2aa6cc20850df8d0ea0eedc16089e6b65159d692157e658c---com.google.android.gms.ads.internal.client.zzcn---zze---null
07-22 18:16:55.259 25161 25161 D FiniteState: 003483FF2A74BF9B2AA6CC20850DF8D0EA0EEDC16089E6B65159D692157E658C---003483ff2a74bf9b2aa6cc20850df8d0ea0eedc16089e6b65159d692157e658c---com.google.android.gms.ads.internal.client.zzek---zza---null
07-22 18:16:55.259 25161 25161 D FiniteState: 003483FF2A74BF9B2AA6CC20850DF8D0EA0EEDC16089E6B65159D692157E658C---003483ff2a74bf9b2aa6cc20850df8d0ea0eedc16089e6b65159d692157e658c---com.google.android.gms.ads.internal.client.zzck---zzr---null
07-22 18:16:55.259 25161 25161 D FiniteState: 003483FF2A74BF9B2AA6CC20850DF8D0EA0EEDC16089E6B65159D692157E658C---003483ff2a74bf9b2aa6cc20850df8d0ea0eedc16089e6b65159d692157e658c---com.google.android.gms.ads.internal.client.zzck---zzn---null
07-22 18:16:55.260 25161 25161 D FiniteState: 003483FF2A74BF9B2AA6CC20850DF8D0EA0EEDC16089E6B65159D692157E658C---003483ff2a74bf9b2aa6cc20850df8d0ea0eedc16089e6b65159d692157e658c---com.google.android.gms.ads.internal.client.zzed---zzx---null
07-22 18:16:55.261 25161 25161 D FiniteState: 003483FF2A74BF9B2AA6CC20850DF8D0EA0EEDC16089E6B65159D692157E658C---003483ff2a74bf9b2aa6cc20850df8d0ea0eedc16089e6b65159d692157e658c---com.google.android.gms.ads.internal.client.zzck---zzj---null
07-22 18:16:55.261 25161 25161 D FiniteState: 003483FF2A74BF9B2AA6CC20850DF8D0EA0EEDC16089E6B65159D692157E658C---003483ff2a74bf9b2aa6cc20850df8d0ea0eedc16089e6b65159d692157e658c---com.google.android.gms.ads.internal.client.zzck---zzk---null
07-22 18:16:55.519 25161 25161 D FiniteState: 003483FF2A74BF9B2AA6CC20850DF8D0EA0EEDC16089E6B65159D692157E658C---003483ff2a74bf9b2aa6cc20850df8d0ea0eedc16089e6b65159d692157e658c---com.google.android.gms.ads.MobileAds---initialize---null
07-22 18:16:58.850 25339 25339 D FiniteState: 003483FF2A74BF9B2AA6CC20850DF8D0EA0EEDC16089E6B65159D692157E658C---003483ff2a74bf9b2aa6cc20850df8d0ea0eedc16089e6b65159d692157e658c---com.google.android.gms.ads.MobileAdsInitProvider---attachInfo---null
07-22 18:18:50.279 27654 27654 D FiniteState: 2C338A77F0EFF6B811433351889D2574CDB6F56D93E6806FFE03FCDE2F8C863F---2c338a77f0eff6b811433351889d2574cdb6f56d93e6806ffe03fcde2f8c863f---com.facebook.ads.AudienceNetworkAds---initialize---null
07-22 18:18:50.279 27654 27654 D FiniteState: 2C338A77F0EFF6B811433351889D2574CDB6F56D93E6806FFE03FCDE2F8C863F---2c338a77f0eff6b811433351889d2574cdb6f56d93e6806ffe03fcde2f8c863f---com.facebook.ads.internal.dynamicloading.DynamicLoaderFactory---initialize---null
07-22 18:18:50.280 27654 27807 D FiniteState: 2C338A77F0EFF6B811433351889D2574CDB6F56D93E6806FFE03FCDE2F8C863F---2c338a77f0eff6b811433351889d2574cdb6f56d93e6806ffe03fcde2f8c863f---com.facebook.ads.internal.util.common.ANActivityLifecycleCallbacksListener---registerActivityCallbacks---null
07-22 18:18:50.280 27654 27807 D FiniteState: 2C338A77F0EFF6B811433351889D2574CDB6F56D93E6806FFE03FCDE2F8C863F---2c338a77f0eff6b811433351889d2574cdb6f56d93e6806ffe03fcde2f8c863f---com.facebook.ads.internal.dynamicloading.DynamicLoaderFactory$1---run---null
07-22 18:18:50.494 27654 27654 D FiniteState: 2C338A77F0EFF6B811433351889D2574CDB6F56D93E6806FFE03FCDE2F8C863F---2c338a77f0eff6b811433351889d2574cdb6f56d93e6806ffe03fcde2f8c863f---com.facebook.ads.AudienceNetworkAds---initialize---null
07-22 18:18:50.681 27654 27807 D FiniteState: 2C338A77F0EFF6B811433351889D2574CDB6F56D93E6806FFE03FCDE2F8C863F---2c338a77f0eff6b811433351889d2574cdb6f56d93e6806ffe03fcde2f8c863f---com.facebook.ads.internal.dynamicloading.DynamicLoaderFactory---createErrorMessage---null
07-22 18:18:50.682 27654 27807 D FiniteState: 2C338A77F0EFF6B811433351889D2574CDB6F56D93E6806FFE03FCDE2F8C863F---2c338a77f0eff6b811433351889d2574cdb6f56d93e6806ffe03fcde2f8c863f---com.facebook.ads.internal.dynamicloading.DynamicLoaderFactory---stackTraceToString---null
07-22 18:18:50.684 27654 27807 D FiniteState: 2C338A77F0EFF6B811433351889D2574CDB6F56D93E6806FFE03FCDE2F8C863F---2c338a77f0eff6b811433351889d2574cdb6f56d93e6806ffe03fcde2f8c863f---com.facebook.ads.internal.dynamicloading.DynamicLoaderFallback---makeFallbackLoader---null
07-22 18:18:50.693 27654 27807 D FiniteState: 2C338A77F0EFF6B811433351889D2574CDB6F56D93E6806FFE03FCDE2F8C863F---2c338a77f0eff6b811433351889d2574cdb6f56d93e6806ffe03fcde2f8c863f---com.facebook.ads.internal.dynamicloading.DynamicLoaderFallback$SimpleMethodCaptor$1---invoke---null
07-22 18:18:50.702 27654 27807 D FiniteState: 2C338A77F0EFF6B811433351889D2574CDB6F56D93E6806FFE03FCDE2F8C863F---2c338a77f0eff6b811433351889d2574cdb6f56d93e6806ffe03fcde2f8c863f---com.facebook.ads.internal.dynamicloading.DynamicLoaderFallback$SimpleMethodCaptor$1---invoke---null
07-22 18:18:50.702 27654 27807 D FiniteState: 2C338A77F0EFF6B811433351889D2574CDB6F56D93E6806FFE03FCDE2F8C863F---2c338a77f0eff6b811433351889d2574cdb6f56d93e6806ffe03fcde2f8c863f---com.facebook.ads.internal.dynamicloading.DynamicLoaderFallback$SimpleMethodCaptor$1---invoke---null
07-22 18:18:50.702 27654 27807 D FiniteState: 2C338A77F0EFF6B811433351889D2574CDB6F56D93E6806FFE03FCDE2F8C863F---2c338a77f0eff6b811433351889d2574cdb6f56d93e6806ffe03fcde2f8c863f---com.facebook.ads.internal.dynamicloading.DynamicLoaderFallback$SimpleMethodCaptor$1---invoke---null
07-22 18:18:50.702 27654 27807 D FiniteState: 2C338A77F0EFF6B811433351889D2574CDB6F56D93E6806FFE03FCDE2F8C863F---2c338a77f0eff6b811433351889d2574cdb6f56d93e6806ffe03fcde2f8c863f---com.facebook.ads.internal.dynamicloading.DynamicLoaderFallback$SimpleMethodCaptor$1---invoke---null
07-22 18:18:50.702 27654 27807 D FiniteState: 2C338A77F0EFF6B811433351889D2574CDB6F56D93E6806FFE03FCDE2F8C863F---2c338a77f0eff6b811433351889d2574cdb6f56d93e6806ffe03fcde2f8c863f---com.facebook.ads.internal.dynamicloading.DynamicLoaderFallback$SimpleMethodCaptor$1---invoke---null
07-22 18:18:50.731 27654 27807 D FiniteState: 2C338A77F0EFF6B811433351889D2574CDB6F56D93E6806FFE03FCDE2F8C863F---2c338a77f0eff6b811433351889d2574cdb6f56d93e6806ffe03fcde2f8c863f---com.facebook.ads.internal.dynamicloading.DynamicLoaderFallback$SimpleMethodCaptor$1---invoke---null
07-22 18:18:50.731 27654 27807 D FiniteState: 2C338A77F0EFF6B811433351889D2574CDB6F56D93E6806FFE03FCDE2F8C863F---2c338a77f0eff6b811433351889d2574cdb6f56d93e6806ffe03fcde2f8c863f---com.facebook.ads.internal.dynamicloading.DynamicLoaderFallback$SimpleMethodCaptor$1---invoke---null
07-22 18:18:50.731 27654 27807 D FiniteState: 2C338A77F0EFF6B811433351889D2574CDB6F56D93E6806FFE03FCDE2F8C863F---2c338a77f0eff6b811433351889d2574cdb6f56d93e6806ffe03fcde2f8c863f---com.facebook.ads.internal.dynamicloading.DynamicLoaderFallback$SimpleMethodCaptor$1---invoke---null
07-22 18:18:50.743 27654 27807 D FiniteState: 2C338A77F0EFF6B811433351889D2574CDB6F56D93E6806FFE03FCDE2F8C863F---2c338a77f0eff6b811433351889d2574cdb6f56d93e6806ffe03fcde2f8c863f---com.facebook.ads.internal.dynamicloading.DynamicLoaderFallback$SimpleMethodCaptor$1---invoke---null
07-22 18:18:50.743 27654 27807 D FiniteState: 2C338A77F0EFF6B811433351889D2574CDB6F56D93E6806FFE03FCDE2F8C863F---2c338a77f0eff6b811433351889d2574cdb6f56d93e6806ffe03fcde2f8c863f---com.facebook.ads.internal.dynamicloading.DynamicLoaderFallback$SimpleMethodCaptor$1---invoke---null
07-22 18:18:50.745 27654 27807 D FiniteState: 2C338A77F0EFF6B811433351889D2574CDB6F56D93E6806FFE03FCDE2F8C863F---2c338a77f0eff6b811433351889d2574cdb6f56d93e6806ffe03fcde2f8c863f---com.facebook.ads.internal.dynamicloading.DynamicLoaderFallback$SimpleMethodCaptor$1---invoke---null
07-22 18:18:50.749 27654 27807 D FiniteState: 2C338A77F0EFF6B811433351889D2574CDB6F56D93E6806FFE03FCDE2F8C863F---2c338a77f0eff6b811433351889d2574cdb6f56d93e6806ffe03fcde2f8c863f---com.facebook.ads.internal.dynamicloading.DynamicLoaderFallback$SimpleMethodCaptor$1---invoke---null
07-22 18:18:50.749 27654 27807 D FiniteState: 2C338A77F0EFF6B811433351889D2574CDB6F56D93E6806FFE03FCDE2F8C863F---2c338a77f0eff6b811433351889d2574cdb6f56d93e6806ffe03fcde2f8c863f---com.facebook.ads.internal.dynamicloading.DynamicLoaderFallback$SimpleMethodCaptor$1---invoke---null
07-22 18:18:50.749 27654 27807 D FiniteState: 2C338A77F0EFF6B811433351889D2574CDB6F56D93E6806FFE03FCDE2F8C863F---2c338a77f0eff6b811433351889d2574cdb6f56d93e6806ffe03fcde2f8c863f---com.facebook.ads.internal.dynamicloading.DynamicLoaderFallback$SimpleMethodCaptor$1---invoke---null
07-22 18:18:50.750 27654 27807 D FiniteState: 2C338A77F0EFF6B811433351889D2574CDB6F56D93E6806FFE03FCDE2F8C863F---2c338a77f0eff6b811433351889d2574cdb6f56d93e6806ffe03fcde2f8c863f---com.facebook.ads.internal.dynamicloading.DynamicLoaderFallback$SimpleMethodCaptor$1---invoke---null
07-22 18:18:50.750 27654 27807 D FiniteState: 2C338A77F0EFF6B811433351889D2574CDB6F56D93E6806FFE03FCDE2F8C863F---2c338a77f0eff6b811433351889d2574cdb6f56d93e6806ffe03fcde2f8c863f---com.facebook.ads.internal.dynamicloading.DynamicLoaderFallback$SimpleMethodCaptor$1---invoke---null
07-22 18:18:50.750 27654 27807 D FiniteState: 2C338A77F0EFF6B811433351889D2574CDB6F56D93E6806FFE03FCDE2F8C863F---2c338a77f0eff6b811433351889d2574cdb6f56d93e6806ffe03fcde2f8c863f---com.facebook.ads.internal.dynamicloading.DynamicLoaderFallback$SimpleMethodCaptor$1---invoke---null
07-22 18:18:50.776 27654 27807 D FiniteState: 2C338A77F0EFF6B811433351889D2574CDB6F56D93E6806FFE03FCDE2F8C863F---2c338a77f0eff6b811433351889d2574cdb6f56d93e6806ffe03fcde2f8c863f---com.facebook.ads.internal.dynamicloading.DynamicLoaderFallback$SimpleMethodCaptor$1---invoke---null
07-22 18:18:50.777 27654 27807 D FiniteState: 2C338A77F0EFF6B811433351889D2574CDB6F56D93E6806FFE03FCDE2F8C863F---2c338a77f0eff6b811433351889d2574cdb6f56d93e6806ffe03fcde2f8c863f---com.facebook.ads.internal.dynamicloading.DynamicLoaderFallback$SimpleMethodCaptor$1---invoke---null
07-22 18:18:50.778 27654 27807 D FiniteState: 2C338A77F0EFF6B811433351889D2574CDB6F56D93E6806FFE03FCDE2F8C863F---2c338a77f0eff6b811433351889d2574cdb6f56d93e6806ffe03fcde2f8c863f---com.facebook.ads.internal.dynamicloading.DynamicLoaderFallback$SimpleMethodCaptor$1---invoke---null
07-22 18:18:50.778 27654 27807 D FiniteState: 2C338A77F0EFF6B811433351889D2574CDB6F56D93E6806FFE03FCDE2F8C863F---2c338a77f0eff6b811433351889d2574cdb6f56d93e6806ffe03fcde2f8c863f---com.facebook.ads.internal.dynamicloading.DynamicLoaderFallback$SimpleMethodCaptor$1---invoke---null
07-22 18:18:50.779 27654 27807 D FiniteState: 2C338A77F0EFF6B811433351889D2574CDB6F56D93E6806FFE03FCDE2F8C863F---2c338a77f0eff6b811433351889d2574cdb6f56d93e6806ffe03fcde2f8c863f---com.facebook.ads.internal.dynamicloading.DynamicLoaderFactory---setFallbackMode---null
07-22 18:18:50.779 27654 27807 D FiniteState: 2C338A77F0EFF6B811433351889D2574CDB6F56D93E6806FFE03FCDE2F8C863F---2c338a77f0eff6b811433351889d2574cdb6f56d93e6806ffe03fcde2f8c863f---com.facebook.ads.internal.dynamicloading.DynamicLoaderFactory---access$200---null
07-22 18:20:47.049 30333 30333 D FiniteState: 0C01126C72E8CEABB6727ED1CCCC82A365AEAA416BE21DAC5661597AB7037B6B---0c01126c72e8ceabb6727ed1cccc82a365aeaa416be21dac5661597ab7037b6b---com.google.android.gms.ads.MobileAdsInitProvider---attachInfo---null
07-22 18:20:47.827 30459 30459 D FiniteState: 0C01126C72E8CEABB6727ED1CCCC82A365AEAA416BE21DAC5661597AB7037B6B---0c01126c72e8ceabb6727ed1cccc82a365aeaa416be21dac5661597ab7037b6b---com.google.android.gms.ads.MobileAdsInitProvider---attachInfo---null
07-22 18:20:49.159 30591 30591 D FiniteState: 0C01126C72E8CEABB6727ED1CCCC82A365AEAA416BE21DAC5661597AB7037B6B---0c01126c72e8ceabb6727ed1cccc82a365aeaa416be21dac5661597ab7037b6b---com.google.android.gms.ads.MobileAdsInitProvider---attachInfo---null
07-22 18:20:49.622 30705 30705 D FiniteState: 0C01126C72E8CEABB6727ED1CCCC82A365AEAA416BE21DAC5661597AB7037B6B---0c01126c72e8ceabb6727ed1cccc82a365aeaa416be21dac5661597ab7037b6b---com.google.android.gms.ads.MobileAdsInitProvider---attachInfo---null
07-22 18:20:49.891 30818 30818 D FiniteState: 0C01126C72E8CEABB6727ED1CCCC82A365AEAA416BE21DAC5661597AB7037B6B---0c01126c72e8ceabb6727ed1cccc82a365aeaa416be21dac5661597ab7037b6b---com.google.android.gms.ads.MobileAdsInitProvider---attachInfo---null
07-22 18:20:50.211 30932 30932 D FiniteState: 0C01126C72E8CEABB6727ED1CCCC82A365AEAA416BE21DAC5661597AB7037B6B---0c01126c72e8ceabb6727ed1cccc82a365aeaa416be21dac5661597ab7037b6b---com.google.android.gms.ads.MobileAdsInitProvider---attachInfo---null
07-22 18:20:50.546 31046 31046 D FiniteState: 0C01126C72E8CEABB6727ED1CCCC82A365AEAA416BE21DAC5661597AB7037B6B---0c01126c72e8ceabb6727ed1cccc82a365aeaa416be21dac5661597ab7037b6b---com.google.android.gms.ads.MobileAdsInitProvider---attachInfo---null
07-22 18:20:50.813 31162 31162 D FiniteState: 0C01126C72E8CEABB6727ED1CCCC82A365AEAA416BE21DAC5661597AB7037B6B---0c01126c72e8ceabb6727ed1cccc82a365aeaa416be21dac5661597ab7037b6b---com.google.android.gms.ads.MobileAdsInitProvider---attachInfo---null
07-22 18:20:51.201 31275 31275 D FiniteState: 0C01126C72E8CEABB6727ED1CCCC82A365AEAA416BE21DAC5661597AB7037B6B---0c01126c72e8ceabb6727ed1cccc82a365aeaa416be21dac5661597ab7037b6b---com.google.android.gms.ads.MobileAdsInitProvider---attachInfo---null
07-22 18:20:51.492 31387 31387 D FiniteState: 0C01126C72E8CEABB6727ED1CCCC82A365AEAA416BE21DAC5661597AB7037B6B---0c01126c72e8ceabb6727ed1cccc82a365aeaa416be21dac5661597ab7037b6b---com.google.android.gms.ads.MobileAdsInitProvider---attachInfo---null
07-22 18:20:51.755 31499 31499 D FiniteState: 0C01126C72E8CEABB6727ED1CCCC82A365AEAA416BE21DAC5661597AB7037B6B---0c01126c72e8ceabb6727ed1cccc82a365aeaa416be21dac5661597ab7037b6b---com.google.android.gms.ads.MobileAdsInitProvider---attachInfo---null
07-22 18:20:52.131 31613 31613 D FiniteState: 0C01126C72E8CEABB6727ED1CCCC82A365AEAA416BE21DAC5661597AB7037B6B---0c01126c72e8ceabb6727ed1cccc82a365aeaa416be21dac5661597ab7037b6b---com.google.android.gms.ads.MobileAdsInitProvider---attachInfo---null
07-22 18:20:52.709 31726 31726 D FiniteState: 0C01126C72E8CEABB6727ED1CCCC82A365AEAA416BE21DAC5661597AB7037B6B---0c01126c72e8ceabb6727ed1cccc82a365aeaa416be21dac5661597ab7037b6b---com.google.android.gms.ads.MobileAdsInitProvider---attachInfo---null
07-22 18:21:36.328 32747 32747 D FiniteState: 2CA414340473F9E706848CC75EE3D8A58B1FBE33A8B0E60EE0BB30B877A7B8D5---2ca414340473f9e706848cc75ee3d8a58b1fbe33a8b0e60ee0bb30b877a7b8d5---com.google.android.gms.ads.RequestConfiguration$Builder---build---null
07-22 18:21:36.420 32747 32747 D FiniteState: 2CA414340473F9E706848CC75EE3D8A58B1FBE33A8B0E60EE0BB30B877A7B8D5---2ca414340473f9e706848cc75ee3d8a58b1fbe33a8b0e60ee0bb30b877a7b8d5---com.google.android.gms.ads.MobileAds---initialize---null
07-22 18:21:36.420 32747 32747 D FiniteState: 2CA414340473F9E706848CC75EE3D8A58B1FBE33A8B0E60EE0BB30B877A7B8D5---2ca414340473f9e706848cc75ee3d8a58b1fbe33a8b0e60ee0bb30b877a7b8d5---com.google.android.gms.ads.RequestConfiguration$Builder---setTestDeviceIds---null
07-22 18:21:36.421 32747 32747 D FiniteState: 2CA414340473F9E706848CC75EE3D8A58B1FBE33A8B0E60EE0BB30B877A7B8D5---2ca414340473f9e706848cc75ee3d8a58b1fbe33a8b0e60ee0bb30b877a7b8d5---com.google.android.gms.ads.RequestConfiguration$Builder---build---null
07-22 18:21:36.421 32747 32747 D FiniteState: 2CA414340473F9E706848CC75EE3D8A58B1FBE33A8B0E60EE0BB30B877A7B8D5---2ca414340473f9e706848cc75ee3d8a58b1fbe33a8b0e60ee0bb30b877a7b8d5---com.google.android.gms.ads.MobileAds---setRequestConfiguration---null
07-22 18:24:00.511  4806  4806 D FiniteState: 19B3C283B02B627DA6CFEDD2EA6CF1A14A7DBEA1237BD0E14651C5FD8AC9A25C---19b3c283b02b627da6cfedd2ea6cf1a14a7dbea1237bd0e14651c5fd8ac9a25c---com.google.android.gms.ads.MobileAdsInitProvider---attachInfo---null
07-22 18:24:00.647  4806  4806 D FiniteState: 19B3C283B02B627DA6CFEDD2EA6CF1A14A7DBEA1237BD0E14651C5FD8AC9A25C---19b3c283b02b627da6cfedd2ea6cf1a14a7dbea1237bd0e14651c5fd8ac9a25c---com.google.android.gms.ads.RequestConfiguration$Builder---build---null
07-22 18:24:00.647  4806  4806 D FiniteState: 19B3C283B02B627DA6CFEDD2EA6CF1A14A7DBEA1237BD0E14651C5FD8AC9A25C---19b3c283b02b627da6cfedd2ea6cf1a14a7dbea1237bd0e14651c5fd8ac9a25c---com.google.android.gms.ads.internal.client.zzed---zzf---null
07-22 18:24:00.649  4806  4806 D FiniteState: 19B3C283B02B627DA6CFEDD2EA6CF1A14A7DBEA1237BD0E14651C5FD8AC9A25C---19b3c283b02b627da6cfedd2ea6cf1a14a7dbea1237bd0e14651c5fd8ac9a25c---com.google.android.gms.ads.internal.client.zzed---zzy---null
07-22 18:24:00.649  4806  4806 D FiniteState: 19B3C283B02B627DA6CFEDD2EA6CF1A14A7DBEA1237BD0E14651C5FD8AC9A25C---19b3c283b02b627da6cfedd2ea6cf1a14a7dbea1237bd0e14651c5fd8ac9a25c---com.google.android.gms.ads.internal.client.zzav---zzd---null
07-22 18:24:00.651  4806  4806 D FiniteState: 19B3C283B02B627DA6CFEDD2EA6CF1A14A7DBEA1237BD0E14651C5FD8AC9A25C---19b3c283b02b627da6cfedd2ea6cf1a14a7dbea1237bd0e14651c5fd8ac9a25c---com.google.android.gms.ads.internal.client.zzao---zzc---null
07-22 18:24:00.751  4806  4806 D FiniteState: 19B3C283B02B627DA6CFEDD2EA6CF1A14A7DBEA1237BD0E14651C5FD8AC9A25C---19b3c283b02b627da6cfedd2ea6cf1a14a7dbea1237bd0e14651c5fd8ac9a25c---com.google.android.gms.ads.internal.client.zzek---getRemoteCreator---null
07-22 18:24:00.751  4806  4806 D FiniteState: 19B3C283B02B627DA6CFEDD2EA6CF1A14A7DBEA1237BD0E14651C5FD8AC9A25C---19b3c283b02b627da6cfedd2ea6cf1a14a7dbea1237bd0e14651c5fd8ac9a25c---com.google.android.gms.ads.internal.client.zzcn---zze---null
07-22 18:24:00.924  4806  4806 D FiniteState: 19B3C283B02B627DA6CFEDD2EA6CF1A14A7DBEA1237BD0E14651C5FD8AC9A25C---19b3c283b02b627da6cfedd2ea6cf1a14a7dbea1237bd0e14651c5fd8ac9a25c---com.google.android.gms.ads.internal.client.zzek---zza---null
07-22 18:24:00.924  4806  4806 D FiniteState: 19B3C283B02B627DA6CFEDD2EA6CF1A14A7DBEA1237BD0E14651C5FD8AC9A25C---19b3c283b02b627da6cfedd2ea6cf1a14a7dbea1237bd0e14651c5fd8ac9a25c---com.google.android.gms.ads.internal.client.zzck---zzr---null
07-22 18:24:00.925  4806  4806 D FiniteState: 19B3C283B02B627DA6CFEDD2EA6CF1A14A7DBEA1237BD0E14651C5FD8AC9A25C---19b3c283b02b627da6cfedd2ea6cf1a14a7dbea1237bd0e14651c5fd8ac9a25c---com.google.android.gms.ads.internal.client.zzck---zzn---null
07-22 18:24:00.926  4806  4806 D FiniteState: 19B3C283B02B627DA6CFEDD2EA6CF1A14A7DBEA1237BD0E14651C5FD8AC9A25C---19b3c283b02b627da6cfedd2ea6cf1a14a7dbea1237bd0e14651c5fd8ac9a25c---com.google.android.gms.ads.internal.client.zzed---zzx---null
07-22 18:24:00.937  4806  4806 D FiniteState: 19B3C283B02B627DA6CFEDD2EA6CF1A14A7DBEA1237BD0E14651C5FD8AC9A25C---19b3c283b02b627da6cfedd2ea6cf1a14a7dbea1237bd0e14651c5fd8ac9a25c---com.google.android.gms.ads.internal.client.zzck---zzj---null
07-22 18:24:00.938  4806  4806 D FiniteState: 19B3C283B02B627DA6CFEDD2EA6CF1A14A7DBEA1237BD0E14651C5FD8AC9A25C---19b3c283b02b627da6cfedd2ea6cf1a14a7dbea1237bd0e14651c5fd8ac9a25c---com.google.android.gms.ads.internal.client.zzck---zzk---null
07-22 18:24:01.643  4806  4806 D FiniteState: 19B3C283B02B627DA6CFEDD2EA6CF1A14A7DBEA1237BD0E14651C5FD8AC9A25C---19b3c283b02b627da6cfedd2ea6cf1a14a7dbea1237bd0e14651c5fd8ac9a25c---com.google.android.gms.ads.MobileAds---initialize---null
07-22 18:24:01.647  4806  4806 D FiniteState: 19B3C283B02B627DA6CFEDD2EA6CF1A14A7DBEA1237BD0E14651C5FD8AC9A25C---19b3c283b02b627da6cfedd2ea6cf1a14a7dbea1237bd0e14651c5fd8ac9a25c---com.google.android.gms.ads.internal.client.zzed---zzt---null
07-22 18:24:01.647  4806  4806 D FiniteState: 19B3C283B02B627DA6CFEDD2EA6CF1A14A7DBEA1237BD0E14651C5FD8AC9A25C---19b3c283b02b627da6cfedd2ea6cf1a14a7dbea1237bd0e14651c5fd8ac9a25c---com.google.android.gms.ads.internal.client.zzck---zzp---null
07-22 18:24:01.647  4806  4806 D FiniteState: 19B3C283B02B627DA6CFEDD2EA6CF1A14A7DBEA1237BD0E14651C5FD8AC9A25C---19b3c283b02b627da6cfedd2ea6cf1a14a7dbea1237bd0e14651c5fd8ac9a25c---com.google.android.gms.ads.MobileAds---setAppVolume---null
07-22 18:24:05.996  5030  5030 D FiniteState: 19B3C283B02B627DA6CFEDD2EA6CF1A14A7DBEA1237BD0E14651C5FD8AC9A25C---19b3c283b02b627da6cfedd2ea6cf1a14a7dbea1237bd0e14651c5fd8ac9a25c---com.google.android.gms.ads.MobileAdsInitProvider---attachInfo---null
