--------- beginning of main
07-22 17:35:27.216 15825 15825 D FiniteState: 0BC167335F1F593ECD96CC06043241B2CBFD87D6F3DC511FABF9CE8C5B5F6B40---0bc167335f1f593ecd96cc06043241b2cbfd87d6f3dc511fabf9ce8c5b5f6b40---com.google.android.gms.ads.MobileAdsInitProvider---attachInfo---null
07-22 17:35:27.682 15825 15825 D FiniteState: 0BC167335F1F593ECD96CC06043241B2CBFD87D6F3DC511FABF9CE8C5B5F6B40---0bc167335f1f593ecd96cc06043241b2cbfd87d6f3dc511fabf9ce8c5b5f6b40---com.google.android.gms.ads.BaseAdView---setAdUnitId---null
07-22 17:35:27.685 15825 15825 D FiniteState: 0BC167335F1F593ECD96CC06043241B2CBFD87D6F3DC511FABF9CE8C5B5F6B40---0bc167335f1f593ecd96cc06043241b2cbfd87d6f3dc511fabf9ce8c5b5f6b40---com.google.android.gms.ads.internal.client.zzea---zzs---null
07-22 17:35:27.685 15825 15825 D FiniteState: 0BC167335F1F593ECD96CC06043241B2CBFD87D6F3DC511FABF9CE8C5B5F6B40---0bc167335f1f593ecd96cc06043241b2cbfd87d6f3dc511fabf9ce8c5b5f6b40---com.google.android.gms.ads.BaseAdView---setAdSize---null
07-22 17:35:27.688 15825 15825 D FiniteState: 0BC167335F1F593ECD96CC06043241B2CBFD87D6F3DC511FABF9CE8C5B5F6B40---0bc167335f1f593ecd96cc06043241b2cbfd87d6f3dc511fabf9ce8c5b5f6b40---com.google.android.gms.ads.internal.client.zzea---zzr---null
07-22 17:35:27.688 15825 15825 D FiniteState: 0BC167335F1F593ECD96CC06043241B2CBFD87D6F3DC511FABF9CE8C5B5F6B40---0bc167335f1f593ecd96cc06043241b2cbfd87d6f3dc511fabf9ce8c5b5f6b40---com.google.android.gms.ads.BaseAdView---setAdListener---null
07-22 17:35:27.689 15825 15825 D FiniteState: 0BC167335F1F593ECD96CC06043241B2CBFD87D6F3DC511FABF9CE8C5B5F6B40---0bc167335f1f593ecd96cc06043241b2cbfd87d6f3dc511fabf9ce8c5b5f6b40---com.google.android.gms.ads.internal.client.zzdw---zzw---null
07-22 17:35:27.691 15825 15825 D FiniteState: 0BC167335F1F593ECD96CC06043241B2CBFD87D6F3DC511FABF9CE8C5B5F6B40---0bc167335f1f593ecd96cc06043241b2cbfd87d6f3dc511fabf9ce8c5b5f6b40---com.google.android.gms.ads.RequestConfiguration$Builder---build---null
07-22 17:35:27.691 15825 15825 D FiniteState: 0BC167335F1F593ECD96CC06043241B2CBFD87D6F3DC511FABF9CE8C5B5F6B40---0bc167335f1f593ecd96cc06043241b2cbfd87d6f3dc511fabf9ce8c5b5f6b40---com.google.android.gms.ads.RequestConfiguration$Builder---build---null
07-22 17:35:27.691 15825 15825 D FiniteState: 0BC167335F1F593ECD96CC06043241B2CBFD87D6F3DC511FABF9CE8C5B5F6B40---0bc167335f1f593ecd96cc06043241b2cbfd87d6f3dc511fabf9ce8c5b5f6b40---com.google.android.gms.ads.internal.client.zzej---zzf---null
07-22 17:35:27.691 15825 15825 D FiniteState: 0BC167335F1F593ECD96CC06043241B2CBFD87D6F3DC511FABF9CE8C5B5F6B40---0bc167335f1f593ecd96cc06043241b2cbfd87d6f3dc511fabf9ce8c5b5f6b40---com.google.android.gms.ads.internal.client.zzej---zzv---null
07-22 17:35:27.692 15825 15825 D FiniteState: 0BC167335F1F593ECD96CC06043241B2CBFD87D6F3DC511FABF9CE8C5B5F6B40---0bc167335f1f593ecd96cc06043241b2cbfd87d6f3dc511fabf9ce8c5b5f6b40---com.google.android.gms.ads.MobileAds---setRequestConfiguration---null
07-22 17:35:27.692 15825 15825 D FiniteState: 0BC167335F1F593ECD96CC06043241B2CBFD87D6F3DC511FABF9CE8C5B5F6B40---0bc167335f1f593ecd96cc06043241b2cbfd87d6f3dc511fabf9ce8c5b5f6b40---com.google.android.gms.ads.internal.client.zzdw---zzu---null
07-22 17:35:27.692 15825 15825 D FiniteState: 0BC167335F1F593ECD96CC06043241B2CBFD87D6F3DC511FABF9CE8C5B5F6B40---0bc167335f1f593ecd96cc06043241b2cbfd87d6f3dc511fabf9ce8c5b5f6b40---com.google.android.gms.ads.AdRequest$Builder---addNetworkExtrasBundle---null
07-22 17:35:27.693 15825 15825 D FiniteState: 0BC167335F1F593ECD96CC06043241B2CBFD87D6F3DC511FABF9CE8C5B5F6B40---0bc167335f1f593ecd96cc06043241b2cbfd87d6f3dc511fabf9ce8c5b5f6b40---com.google.android.gms.ads.AdRequest$Builder---build---null
07-22 17:35:27.693 15825 15825 D FiniteState: 0BC167335F1F593ECD96CC06043241B2CBFD87D6F3DC511FABF9CE8C5B5F6B40---0bc167335f1f593ecd96cc06043241b2cbfd87d6f3dc511fabf9ce8c5b5f6b40---com.google.android.gms.ads.BaseAdView---loadAd---null
07-22 17:35:27.695 15825 15825 D FiniteState: 0BC167335F1F593ECD96CC06043241B2CBFD87D6F3DC511FABF9CE8C5B5F6B40---0bc167335f1f593ecd96cc06043241b2cbfd87d6f3dc511fabf9ce8c5b5f6b40---com.google.android.gms.ads.internal.client.zzea---zzC---null
07-22 17:35:27.695 15825 15825 D FiniteState: 0BC167335F1F593ECD96CC06043241B2CBFD87D6F3DC511FABF9CE8C5B5F6B40---0bc167335f1f593ecd96cc06043241b2cbfd87d6f3dc511fabf9ce8c5b5f6b40---com.google.android.gms.ads.internal.client.zzax---zzd---null
07-22 17:35:27.697 15825 15825 D FiniteState: 0BC167335F1F593ECD96CC06043241B2CBFD87D6F3DC511FABF9CE8C5B5F6B40---0bc167335f1f593ecd96cc06043241b2cbfd87d6f3dc511fabf9ce8c5b5f6b40---com.google.android.gms.ads.internal.client.zzk---zza---null
07-22 17:35:27.722 15825 15825 D FiniteState: 0BC167335F1F593ECD96CC06043241B2CBFD87D6F3DC511FABF9CE8C5B5F6B40---0bc167335f1f593ecd96cc06043241b2cbfd87d6f3dc511fabf9ce8c5b5f6b40---com.google.android.gms.ads.internal.client.zzk---getRemoteCreator---null
07-22 17:35:27.722 15825 15825 D FiniteState: 0BC167335F1F593ECD96CC06043241B2CBFD87D6F3DC511FABF9CE8C5B5F6B40---0bc167335f1f593ecd96cc06043241b2cbfd87d6f3dc511fabf9ce8c5b5f6b40---com.google.android.gms.ads.internal.client.zzbv---zze---null
07-22 17:35:27.722 15825 15825 D FiniteState: 0BC167335F1F593ECD96CC06043241B2CBFD87D6F3DC511FABF9CE8C5B5F6B40---0bc167335f1f593ecd96cc06043241b2cbfd87d6f3dc511fabf9ce8c5b5f6b40---com.google.android.gms.ads.internal.client.zzq---writeToParcel---null
07-22 17:35:27.747 15825 15825 D FiniteState: 0BC167335F1F593ECD96CC06043241B2CBFD87D6F3DC511FABF9CE8C5B5F6B40---0bc167335f1f593ecd96cc06043241b2cbfd87d6f3dc511fabf9ce8c5b5f6b40---com.google.android.gms.ads.internal.client.zzbs---zzD---null
07-22 17:35:27.747 15825 15825 D FiniteState: 0BC167335F1F593ECD96CC06043241B2CBFD87D6F3DC511FABF9CE8C5B5F6B40---0bc167335f1f593ecd96cc06043241b2cbfd87d6f3dc511fabf9ce8c5b5f6b40---com.google.android.gms.ads.internal.client.zzbs---zzP---null
07-22 17:35:27.748 15825 15825 D FiniteState: 0BC167335F1F593ECD96CC06043241B2CBFD87D6F3DC511FABF9CE8C5B5F6B40---0bc167335f1f593ecd96cc06043241b2cbfd87d6f3dc511fabf9ce8c5b5f6b40---com.google.android.gms.ads.internal.client.zzbs---zzN---null
07-22 17:35:27.748 15825 15825 D FiniteState: 0BC167335F1F593ECD96CC06043241B2CBFD87D6F3DC511FABF9CE8C5B5F6B40---0bc167335f1f593ecd96cc06043241b2cbfd87d6f3dc511fabf9ce8c5b5f6b40---com.google.android.gms.ads.internal.client.zzbs---zzn---null
07-22 17:35:27.748 15825 15825 D FiniteState: 0BC167335F1F593ECD96CC06043241B2CBFD87D6F3DC511FABF9CE8C5B5F6B40---0bc167335f1f593ecd96cc06043241b2cbfd87d6f3dc511fabf9ce8c5b5f6b40---com.google.android.gms.ads.internal.client.zzdx---zzt---null
07-22 17:35:27.748 15825 15825 D FiniteState: 0BC167335F1F593ECD96CC06043241B2CBFD87D6F3DC511FABF9CE8C5B5F6B40---0bc167335f1f593ecd96cc06043241b2cbfd87d6f3dc511fabf9ce8c5b5f6b40---com.google.android.gms.ads.RequestConfiguration---getTestDeviceIds---null
07-22 17:35:27.749 15825 15825 D FiniteState: 0BC167335F1F593ECD96CC06043241B2CBFD87D6F3DC511FABF9CE8C5B5F6B40---0bc167335f1f593ecd96cc06043241b2cbfd87d6f3dc511fabf9ce8c5b5f6b40---com.google.android.gms.ads.internal.client.zzdx---zzp---null
07-22 17:35:27.749 15825 15825 D FiniteState: 0BC167335F1F593ECD96CC06043241B2CBFD87D6F3DC511FABF9CE8C5B5F6B40---0bc167335f1f593ecd96cc06043241b2cbfd87d6f3dc511fabf9ce8c5b5f6b40---com.google.android.gms.ads.internal.client.zzl---writeToParcel---null
07-22 17:35:27.749 15825 15825 D FiniteState: 0BC167335F1F593ECD96CC06043241B2CBFD87D6F3DC511FABF9CE8C5B5F6B40---0bc167335f1f593ecd96cc06043241b2cbfd87d6f3dc511fabf9ce8c5b5f6b40---com.google.android.gms.ads.internal.client.zzbs---zzaa---null
07-22 17:35:28.013 15825 15825 D FiniteState: 0BC167335F1F593ECD96CC06043241B2CBFD87D6F3DC511FABF9CE8C5B5F6B40---0bc167335f1f593ecd96cc06043241b2cbfd87d6f3dc511fabf9ce8c5b5f6b40---com.google.android.gms.ads.BaseAdView---onMeasure---null
07-22 17:35:28.046 15825 15825 D FiniteState: 0BC167335F1F593ECD96CC06043241B2CBFD87D6F3DC511FABF9CE8C5B5F6B40---0bc167335f1f593ecd96cc06043241b2cbfd87d6f3dc511fabf9ce8c5b5f6b40---com.google.android.gms.ads.BaseAdView---onMeasure---null
07-22 17:35:28.082 15825 15825 D FiniteState: 0BC167335F1F593ECD96CC06043241B2CBFD87D6F3DC511FABF9CE8C5B5F6B40---0bc167335f1f593ecd96cc06043241b2cbfd87d6f3dc511fabf9ce8c5b5f6b40---com.google.android.gms.ads.BaseAdView---onLayout---null
07-22 17:35:30.379 15825 15825 D FiniteState: 0BC167335F1F593ECD96CC06043241B2CBFD87D6F3DC511FABF9CE8C5B5F6B40---0bc167335f1f593ecd96cc06043241b2cbfd87d6f3dc511fabf9ce8c5b5f6b40---com.google.android.gms.ads.internal.client.zzdl---zzj---null
07-22 17:35:30.379 15825 15825 D FiniteState: 0BC167335F1F593ECD96CC06043241B2CBFD87D6F3DC511FABF9CE8C5B5F6B40---0bc167335f1f593ecd96cc06043241b2cbfd87d6f3dc511fabf9ce8c5b5f6b40---com.google.android.gms.ads.internal.client.zzdl---zzf---null
07-22 17:35:30.379 15825 15825 D FiniteState: 0BC167335F1F593ECD96CC06043241B2CBFD87D6F3DC511FABF9CE8C5B5F6B40---0bc167335f1f593ecd96cc06043241b2cbfd87d6f3dc511fabf9ce8c5b5f6b40---com.google.android.gms.ads.ResponseInfo---zza---null
07-22 17:35:30.379 15825 15825 D FiniteState: 0BC167335F1F593ECD96CC06043241B2CBFD87D6F3DC511FABF9CE8C5B5F6B40---0bc167335f1f593ecd96cc06043241b2cbfd87d6f3dc511fabf9ce8c5b5f6b40---com.google.android.gms.ads.internal.client.zzdz---onAdFailedToLoad---null
07-22 17:35:30.383 15825 15825 D FiniteState: 0BC167335F1F593ECD96CC06043241B2CBFD87D6F3DC511FABF9CE8C5B5F6B40---0bc167335f1f593ecd96cc06043241b2cbfd87d6f3dc511fabf9ce8c5b5f6b40---com.google.android.gms.ads.internal.client.zzaz---onAdFailedToLoad---null
07-22 17:35:30.383 15825 15825 D FiniteState: 0BC167335F1F593ECD96CC06043241B2CBFD87D6F3DC511FABF9CE8C5B5F6B40---0bc167335f1f593ecd96cc06043241b2cbfd87d6f3dc511fabf9ce8c5b5f6b40---com.google.android.gms.ads.internal.client.zzg---zzf---null
07-22 17:36:05.354 16840 16887 D FiniteState: 2E21E23EF46D9C4773EAEEF05749491C8E032C7F134EF6011A3D922A7DA693FE---2e21e23ef46d9c4773eaeef05749491c8e032c7f134ef6011a3d922a7da693fe---com.google.android.gms.ads.identifier.AdvertisingIdClient---getAdvertisingIdInfo---null
07-22 17:36:05.355 16840 16887 D FiniteState: 2E21E23EF46D9C4773EAEEF05749491C8E032C7F134EF6011A3D922A7DA693FE---2e21e23ef46d9c4773eaeef05749491c8e032c7f134ef6011a3d922a7da693fe---com.google.android.gms.ads.identifier.AdvertisingIdClient---zzb---null
07-22 17:36:05.857 16840 16879 D FiniteState: 2E21E23EF46D9C4773EAEEF05749491C8E032C7F134EF6011A3D922A7DA693FE---2e21e23ef46d9c4773eaeef05749491c8e032c7f134ef6011a3d922a7da693fe---com.google.android.gms.ads.identifier.AdvertisingIdClient---getAdvertisingIdInfo---null
07-22 17:36:05.858 16840 16879 D FiniteState: 2E21E23EF46D9C4773EAEEF05749491C8E032C7F134EF6011A3D922A7DA693FE---2e21e23ef46d9c4773eaeef05749491c8e032c7f134ef6011a3d922a7da693fe---com.google.android.gms.ads.identifier.AdvertisingIdClient---zzb---null
07-22 17:36:07.007 16840 16887 D FiniteState: 2E21E23EF46D9C4773EAEEF05749491C8E032C7F134EF6011A3D922A7DA693FE---2e21e23ef46d9c4773eaeef05749491c8e032c7f134ef6011a3d922a7da693fe---com.google.android.gms.ads.identifier.AdvertisingIdClient---zzd---null
07-22 17:36:07.009 16840 16879 D FiniteState: 2E21E23EF46D9C4773EAEEF05749491C8E032C7F134EF6011A3D922A7DA693FE---2e21e23ef46d9c4773eaeef05749491c8e032c7f134ef6011a3d922a7da693fe---com.google.android.gms.ads.identifier.AdvertisingIdClient---zzd---null
07-22 17:36:07.012 16840 16887 D FiniteState: 2E21E23EF46D9C4773EAEEF05749491C8E032C7F134EF6011A3D922A7DA693FE---2e21e23ef46d9c4773eaeef05749491c8e032c7f134ef6011a3d922a7da693fe---com.google.android.gms.ads.identifier.AdvertisingIdClient---zza---null
07-22 17:36:07.012 16840 16879 D FiniteState: 2E21E23EF46D9C4773EAEEF05749491C8E032C7F134EF6011A3D922A7DA693FE---2e21e23ef46d9c4773eaeef05749491c8e032c7f134ef6011a3d922a7da693fe---com.google.android.gms.ads.identifier.AdvertisingIdClient---zza---null
07-22 17:36:07.320 16840 16890 D FiniteState: 2E21E23EF46D9C4773EAEEF05749491C8E032C7F134EF6011A3D922A7DA693FE---2e21e23ef46d9c4773eaeef05749491c8e032c7f134ef6011a3d922a7da693fe---com.google.android.gms.ads.identifier.AdvertisingIdClient---getAdvertisingIdInfo---null
07-22 17:36:07.320 16840 16890 D FiniteState: 2E21E23EF46D9C4773EAEEF05749491C8E032C7F134EF6011A3D922A7DA693FE---2e21e23ef46d9c4773eaeef05749491c8e032c7f134ef6011a3d922a7da693fe---com.google.android.gms.ads.identifier.AdvertisingIdClient---zzb---null
07-22 17:36:07.715 16840 16890 D FiniteState: 2E21E23EF46D9C4773EAEEF05749491C8E032C7F134EF6011A3D922A7DA693FE---2e21e23ef46d9c4773eaeef05749491c8e032c7f134ef6011a3d922a7da693fe---com.google.android.gms.ads.identifier.AdvertisingIdClient---zzd---null
07-22 17:36:07.719 16840 16890 D FiniteState: 2E21E23EF46D9C4773EAEEF05749491C8E032C7F134EF6011A3D922A7DA693FE---2e21e23ef46d9c4773eaeef05749491c8e032c7f134ef6011a3d922a7da693fe---com.google.android.gms.ads.identifier.AdvertisingIdClient---zza---null
07-22 17:36:20.715 17267 17267 D FiniteState: 2D1D76CAEF282E40AE76FCAD2FFA94BD18690ABD652E804A6562AE9020345109---2d1d76caef282e40ae76fcad2ffa94bd18690abd652e804a6562ae9020345109---com.facebook.ads.internal.dynamicloading.DynamicLoaderFactory---initialize---null
07-22 17:36:20.718 17267 17267 D FiniteState: 2D1D76CAEF282E40AE76FCAD2FFA94BD18690ABD652E804A6562AE9020345109---2d1d76caef282e40ae76fcad2ffa94bd18690abd652e804a6562ae9020345109---com.facebook.ads.AudienceNetworkContentProvider---onCreate---null
07-22 17:36:20.721 17267 17288 D FiniteState: 2D1D76CAEF282E40AE76FCAD2FFA94BD18690ABD652E804A6562AE9020345109---2d1d76caef282e40ae76fcad2ffa94bd18690abd652e804a6562ae9020345109---com.facebook.ads.internal.util.common.ANActivityLifecycleCallbacksListener---registerActivityCallbacks---null
07-22 17:36:20.721 17267 17288 D FiniteState: 2D1D76CAEF282E40AE76FCAD2FFA94BD18690ABD652E804A6562AE9020345109---2d1d76caef282e40ae76fcad2ffa94bd18690abd652e804a6562ae9020345109---com.facebook.ads.internal.dynamicloading.DynamicLoaderFactory$1---run---null
07-22 17:36:20.962 17267 17267 D FiniteState: 2D1D76CAEF282E40AE76FCAD2FFA94BD18690ABD652E804A6562AE9020345109---2d1d76caef282e40ae76fcad2ffa94bd18690abd652e804a6562ae9020345109---com.facebook.ads.internal.util.common.ANActivityLifecycleCallbacksListener---onActivityCreated---null
07-22 17:36:21.126 17267 17288 D FiniteState: 2D1D76CAEF282E40AE76FCAD2FFA94BD18690ABD652E804A6562AE9020345109---2d1d76caef282e40ae76fcad2ffa94bd18690abd652e804a6562ae9020345109---com.facebook.ads.internal.dynamicloading.DynamicLoaderFactory---access$200---null
07-22 17:36:21.928 17267 17267 D FiniteState: 2D1D76CAEF282E40AE76FCAD2FFA94BD18690ABD652E804A6562AE9020345109---2d1d76caef282e40ae76fcad2ffa94bd18690abd652e804a6562ae9020345109---com.facebook.ads.AudienceNetworkAds---initialize---null
07-22 17:36:21.928 17267 17267 D FiniteState: 2D1D76CAEF282E40AE76FCAD2FFA94BD18690ABD652E804A6562AE9020345109---2d1d76caef282e40ae76fcad2ffa94bd18690abd652e804a6562ae9020345109---com.facebook.ads.internal.dynamicloading.DynamicLoaderFactory---initialize---null
07-22 17:36:21.929 17267 17349 D FiniteState: 2D1D76CAEF282E40AE76FCAD2FFA94BD18690ABD652E804A6562AE9020345109---2d1d76caef282e40ae76fcad2ffa94bd18690abd652e804a6562ae9020345109---com.facebook.ads.internal.dynamicloading.DynamicLoaderFactory$1---run---null
07-22 17:36:21.942 17267 17267 D FiniteState: 2D1D76CAEF282E40AE76FCAD2FFA94BD18690ABD652E804A6562AE9020345109---2d1d76caef282e40ae76fcad2ffa94bd18690abd652e804a6562ae9020345109---com.facebook.ads.AudienceNetworkAds---initialize---null
07-22 17:36:21.966 17267 17267 D FiniteState: 2D1D76CAEF282E40AE76FCAD2FFA94BD18690ABD652E804A6562AE9020345109---2d1d76caef282e40ae76fcad2ffa94bd18690abd652e804a6562ae9020345109---com.facebook.ads.AudienceNetworkAds---initialize---null
07-22 17:36:22.333 17267 17349 D FiniteState: 2D1D76CAEF282E40AE76FCAD2FFA94BD18690ABD652E804A6562AE9020345109---2d1d76caef282e40ae76fcad2ffa94bd18690abd652e804a6562ae9020345109---com.facebook.ads.internal.dynamicloading.DynamicLoaderFactory---createErrorMessage---null
07-22 17:36:22.351 17267 17349 D FiniteState: 2D1D76CAEF282E40AE76FCAD2FFA94BD18690ABD652E804A6562AE9020345109---2d1d76caef282e40ae76fcad2ffa94bd18690abd652e804a6562ae9020345109---com.facebook.ads.internal.dynamicloading.DynamicLoaderFallback---makeFallbackLoader---null
07-22 17:36:22.356 17267 17349 D FiniteState: 2D1D76CAEF282E40AE76FCAD2FFA94BD18690ABD652E804A6562AE9020345109---2d1d76caef282e40ae76fcad2ffa94bd18690abd652e804a6562ae9020345109---com.facebook.ads.internal.dynamicloading.DynamicLoaderFallback$SimpleMethodCaptor$1---invoke---null
07-22 17:36:22.356 17267 17349 D FiniteState: 2D1D76CAEF282E40AE76FCAD2FFA94BD18690ABD652E804A6562AE9020345109---2d1d76caef282e40ae76fcad2ffa94bd18690abd652e804a6562ae9020345109---com.facebook.ads.internal.dynamicloading.DynamicLoaderFallback$SimpleMethodCaptor$1---invoke---null
07-22 17:36:22.356 17267 17349 D FiniteState: 2D1D76CAEF282E40AE76FCAD2FFA94BD18690ABD652E804A6562AE9020345109---2d1d76caef282e40ae76fcad2ffa94bd18690abd652e804a6562ae9020345109---com.facebook.ads.internal.dynamicloading.DynamicLoaderFallback$SimpleMethodCaptor$1---invoke---null
07-22 17:36:22.364 17267 17349 D FiniteState: 2D1D76CAEF282E40AE76FCAD2FFA94BD18690ABD652E804A6562AE9020345109---2d1d76caef282e40ae76fcad2ffa94bd18690abd652e804a6562ae9020345109---com.facebook.ads.internal.dynamicloading.DynamicLoaderFallback$SimpleMethodCaptor$1---invoke---null
07-22 17:36:22.364 17267 17349 D FiniteState: 2D1D76CAEF282E40AE76FCAD2FFA94BD18690ABD652E804A6562AE9020345109---2d1d76caef282e40ae76fcad2ffa94bd18690abd652e804a6562ae9020345109---com.facebook.ads.internal.dynamicloading.DynamicLoaderFallback$SimpleMethodCaptor$1---invoke---null
07-22 17:36:22.367 17267 17349 D FiniteState: 2D1D76CAEF282E40AE76FCAD2FFA94BD18690ABD652E804A6562AE9020345109---2d1d76caef282e40ae76fcad2ffa94bd18690abd652e804a6562ae9020345109---com.facebook.ads.internal.dynamicloading.DynamicLoaderFallback$SimpleMethodCaptor$1---invoke---null
07-22 17:36:22.370 17267 17349 D FiniteState: 2D1D76CAEF282E40AE76FCAD2FFA94BD18690ABD652E804A6562AE9020345109---2d1d76caef282e40ae76fcad2ffa94bd18690abd652e804a6562ae9020345109---com.facebook.ads.internal.dynamicloading.DynamicLoaderFallback$SimpleMethodCaptor$1---invoke---null
07-22 17:36:22.370 17267 17349 D FiniteState: 2D1D76CAEF282E40AE76FCAD2FFA94BD18690ABD652E804A6562AE9020345109---2d1d76caef282e40ae76fcad2ffa94bd18690abd652e804a6562ae9020345109---com.facebook.ads.internal.dynamicloading.DynamicLoaderFallback$SimpleMethodCaptor$1---invoke---null
07-22 17:36:22.370 17267 17349 D FiniteState: 2D1D76CAEF282E40AE76FCAD2FFA94BD18690ABD652E804A6562AE9020345109---2d1d76caef282e40ae76fcad2ffa94bd18690abd652e804a6562ae9020345109---com.facebook.ads.internal.dynamicloading.DynamicLoaderFallback$SimpleMethodCaptor$1---invoke---null
07-22 17:36:22.375 17267 17349 D FiniteState: 2D1D76CAEF282E40AE76FCAD2FFA94BD18690ABD652E804A6562AE9020345109---2d1d76caef282e40ae76fcad2ffa94bd18690abd652e804a6562ae9020345109---com.facebook.ads.internal.dynamicloading.DynamicLoaderFallback$SimpleMethodCaptor$1---invoke---null
07-22 17:36:22.375 17267 17349 D FiniteState: 2D1D76CAEF282E40AE76FCAD2FFA94BD18690ABD652E804A6562AE9020345109---2d1d76caef282e40ae76fcad2ffa94bd18690abd652e804a6562ae9020345109---com.facebook.ads.internal.dynamicloading.DynamicLoaderFallback$SimpleMethodCaptor$1---invoke---null
07-22 17:36:22.376 17267 17349 D FiniteState: 2D1D76CAEF282E40AE76FCAD2FFA94BD18690ABD652E804A6562AE9020345109---2d1d76caef282e40ae76fcad2ffa94bd18690abd652e804a6562ae9020345109---com.facebook.ads.internal.dynamicloading.DynamicLoaderFallback$SimpleMethodCaptor$1---invoke---null
07-22 17:36:22.377 17267 17349 D FiniteState: 2D1D76CAEF282E40AE76FCAD2FFA94BD18690ABD652E804A6562AE9020345109---2d1d76caef282e40ae76fcad2ffa94bd18690abd652e804a6562ae9020345109---com.facebook.ads.internal.dynamicloading.DynamicLoaderFallback$SimpleMethodCaptor$1---invoke---null
07-22 17:36:22.377 17267 17349 D FiniteState: 2D1D76CAEF282E40AE76FCAD2FFA94BD18690ABD652E804A6562AE9020345109---2d1d76caef282e40ae76fcad2ffa94bd18690abd652e804a6562ae9020345109---com.facebook.ads.internal.dynamicloading.DynamicLoaderFallback$SimpleMethodCaptor$1---invoke---null
07-22 17:36:22.379 17267 17349 D FiniteState: 2D1D76CAEF282E40AE76FCAD2FFA94BD18690ABD652E804A6562AE9020345109---2d1d76caef282e40ae76fcad2ffa94bd18690abd652e804a6562ae9020345109---com.facebook.ads.internal.dynamicloading.DynamicLoaderFallback$SimpleMethodCaptor$1---invoke---null
07-22 17:36:22.383 17267 17349 D FiniteState: 2D1D76CAEF282E40AE76FCAD2FFA94BD18690ABD652E804A6562AE9020345109---2d1d76caef282e40ae76fcad2ffa94bd18690abd652e804a6562ae9020345109---com.facebook.ads.internal.dynamicloading.DynamicLoaderFallback$SimpleMethodCaptor$1---invoke---null
07-22 17:36:22.383 17267 17349 D FiniteState: 2D1D76CAEF282E40AE76FCAD2FFA94BD18690ABD652E804A6562AE9020345109---2d1d76caef282e40ae76fcad2ffa94bd18690abd652e804a6562ae9020345109---com.facebook.ads.internal.dynamicloading.DynamicLoaderFallback$SimpleMethodCaptor$1---invoke---null
07-22 17:36:22.383 17267 17349 D FiniteState: 2D1D76CAEF282E40AE76FCAD2FFA94BD18690ABD652E804A6562AE9020345109---2d1d76caef282e40ae76fcad2ffa94bd18690abd652e804a6562ae9020345109---com.facebook.ads.internal.dynamicloading.DynamicLoaderFallback$SimpleMethodCaptor$1---invoke---null
07-22 17:36:22.385 17267 17349 D FiniteState: 2D1D76CAEF282E40AE76FCAD2FFA94BD18690ABD652E804A6562AE9020345109---2d1d76caef282e40ae76fcad2ffa94bd18690abd652e804a6562ae9020345109---com.facebook.ads.internal.dynamicloading.DynamicLoaderFallback$SimpleMethodCaptor$1---invoke---null
07-22 17:36:22.387 17267 17349 D FiniteState: 2D1D76CAEF282E40AE76FCAD2FFA94BD18690ABD652E804A6562AE9020345109---2d1d76caef282e40ae76fcad2ffa94bd18690abd652e804a6562ae9020345109---com.facebook.ads.internal.dynamicloading.DynamicLoaderFallback$SimpleMethodCaptor$1---invoke---null
07-22 17:36:22.388 17267 17349 D FiniteState: 2D1D76CAEF282E40AE76FCAD2FFA94BD18690ABD652E804A6562AE9020345109---2d1d76caef282e40ae76fcad2ffa94bd18690abd652e804a6562ae9020345109---com.facebook.ads.internal.dynamicloading.DynamicLoaderFallback$SimpleMethodCaptor$1---invoke---null
07-22 17:36:22.389 17267 17349 D FiniteState: 2D1D76CAEF282E40AE76FCAD2FFA94BD18690ABD652E804A6562AE9020345109---2d1d76caef282e40ae76fcad2ffa94bd18690abd652e804a6562ae9020345109---com.facebook.ads.internal.dynamicloading.DynamicLoaderFallback$SimpleMethodCaptor$1---invoke---null
07-22 17:36:22.389 17267 17349 D FiniteState: 2D1D76CAEF282E40AE76FCAD2FFA94BD18690ABD652E804A6562AE9020345109---2d1d76caef282e40ae76fcad2ffa94bd18690abd652e804a6562ae9020345109---com.facebook.ads.internal.dynamicloading.DynamicLoaderFactory---setFallbackMode---null
07-22 17:36:22.389 17267 17349 D FiniteState: 2D1D76CAEF282E40AE76FCAD2FFA94BD18690ABD652E804A6562AE9020345109---2d1d76caef282e40ae76fcad2ffa94bd18690abd652e804a6562ae9020345109---com.facebook.ads.internal.dynamicloading.DynamicLoaderFactory---access$200---null
07-22 17:36:23.008 17267 17267 D FiniteState: 2D1D76CAEF282E40AE76FCAD2FFA94BD18690ABD652E804A6562AE9020345109---2d1d76caef282e40ae76fcad2ffa94bd18690abd652e804a6562ae9020345109---com.facebook.ads.internal.util.common.ANActivityLifecycleCallbacksListener---onActivityStarted---null
07-22 17:36:23.009 17267 17267 D FiniteState: 2D1D76CAEF282E40AE76FCAD2FFA94BD18690ABD652E804A6562AE9020345109---2d1d76caef282e40ae76fcad2ffa94bd18690abd652e804a6562ae9020345109---com.facebook.ads.internal.util.common.ANActivityLifecycleCallbacksListener---onActivityResumed---null
07-22 17:36:27.716 17267 17267 D FiniteState: 2D1D76CAEF282E40AE76FCAD2FFA94BD18690ABD652E804A6562AE9020345109---2d1d76caef282e40ae76fcad2ffa94bd18690abd652e804a6562ae9020345109---com.facebook.ads.internal.dynamicloading.DynamicLoaderFactory---makeLoader---null
07-22 17:36:27.716 17267 17267 D FiniteState: 2D1D76CAEF282E40AE76FCAD2FFA94BD18690ABD652E804A6562AE9020345109---2d1d76caef282e40ae76fcad2ffa94bd18690abd652e804a6562ae9020345109---com.facebook.ads.internal.dynamicloading.DynamicLoaderFallback$1---invoke---null
07-22 17:36:27.717 17267 17267 D FiniteState: 2D1D76CAEF282E40AE76FCAD2FFA94BD18690ABD652E804A6562AE9020345109---2d1d76caef282e40ae76fcad2ffa94bd18690abd652e804a6562ae9020345109---com.facebook.ads.internal.dynamicloading.DynamicLoaderFallback---reportError---null
07-22 17:36:27.717 17267 17267 D FiniteState: 2D1D76CAEF282E40AE76FCAD2FFA94BD18690ABD652E804A6562AE9020345109---2d1d76caef282e40ae76fcad2ffa94bd18690abd652e804a6562ae9020345109---com.facebook.ads.AdView---loadAd---null
07-22 17:37:59.973 21306 21306 D FiniteState: 003483FF2A74BF9B2AA6CC20850DF8D0EA0EEDC16089E6B65159D692157E658C---003483ff2a74bf9b2aa6cc20850df8d0ea0eedc16089e6b65159d692157e658c---com.google.android.gms.ads.MobileAdsInitProvider---attachInfo---null
07-22 17:38:00.051 21306 21306 D FiniteState: 003483FF2A74BF9B2AA6CC20850DF8D0EA0EEDC16089E6B65159D692157E658C---003483ff2a74bf9b2aa6cc20850df8d0ea0eedc16089e6b65159d692157e658c---com.google.android.gms.ads.RequestConfiguration$Builder---build---null
07-22 17:38:00.051 21306 21306 D FiniteState: 003483FF2A74BF9B2AA6CC20850DF8D0EA0EEDC16089E6B65159D692157E658C---003483ff2a74bf9b2aa6cc20850df8d0ea0eedc16089e6b65159d692157e658c---com.google.android.gms.ads.internal.client.zzed---zzf---null
07-22 17:38:00.054 21306 21306 D FiniteState: 003483FF2A74BF9B2AA6CC20850DF8D0EA0EEDC16089E6B65159D692157E658C---003483ff2a74bf9b2aa6cc20850df8d0ea0eedc16089e6b65159d692157e658c---com.google.android.gms.ads.internal.client.zzed---zzy---null
07-22 17:38:00.054 21306 21306 D FiniteState: 003483FF2A74BF9B2AA6CC20850DF8D0EA0EEDC16089E6B65159D692157E658C---003483ff2a74bf9b2aa6cc20850df8d0ea0eedc16089e6b65159d692157e658c---com.google.android.gms.ads.internal.client.zzav---zzd---null
07-22 17:38:00.055 21306 21306 D FiniteState: 003483FF2A74BF9B2AA6CC20850DF8D0EA0EEDC16089E6B65159D692157E658C---003483ff2a74bf9b2aa6cc20850df8d0ea0eedc16089e6b65159d692157e658c---com.google.android.gms.ads.internal.client.zzao---zzc---null
07-22 17:38:00.081 21306 21306 D FiniteState: 003483FF2A74BF9B2AA6CC20850DF8D0EA0EEDC16089E6B65159D692157E658C---003483ff2a74bf9b2aa6cc20850df8d0ea0eedc16089e6b65159d692157e658c---com.google.android.gms.ads.internal.client.zzek---getRemoteCreator---null
07-22 17:38:00.081 21306 21306 D FiniteState: 003483FF2A74BF9B2AA6CC20850DF8D0EA0EEDC16089E6B65159D692157E658C---003483ff2a74bf9b2aa6cc20850df8d0ea0eedc16089e6b65159d692157e658c---com.google.android.gms.ads.internal.client.zzcn---zze---null
07-22 17:38:00.125 21306 21306 D FiniteState: 003483FF2A74BF9B2AA6CC20850DF8D0EA0EEDC16089E6B65159D692157E658C---003483ff2a74bf9b2aa6cc20850df8d0ea0eedc16089e6b65159d692157e658c---com.google.android.gms.ads.internal.client.zzek---zza---null
07-22 17:38:00.125 21306 21306 D FiniteState: 003483FF2A74BF9B2AA6CC20850DF8D0EA0EEDC16089E6B65159D692157E658C---003483ff2a74bf9b2aa6cc20850df8d0ea0eedc16089e6b65159d692157e658c---com.google.android.gms.ads.internal.client.zzck---zzr---null
07-22 17:38:00.125 21306 21306 D FiniteState: 003483FF2A74BF9B2AA6CC20850DF8D0EA0EEDC16089E6B65159D692157E658C---003483ff2a74bf9b2aa6cc20850df8d0ea0eedc16089e6b65159d692157e658c---com.google.android.gms.ads.internal.client.zzck---zzn---null
07-22 17:38:00.125 21306 21306 D FiniteState: 003483FF2A74BF9B2AA6CC20850DF8D0EA0EEDC16089E6B65159D692157E658C---003483ff2a74bf9b2aa6cc20850df8d0ea0eedc16089e6b65159d692157e658c---com.google.android.gms.ads.internal.client.zzed---zzx---null
07-22 17:38:00.126 21306 21306 D FiniteState: 003483FF2A74BF9B2AA6CC20850DF8D0EA0EEDC16089E6B65159D692157E658C---003483ff2a74bf9b2aa6cc20850df8d0ea0eedc16089e6b65159d692157e658c---com.google.android.gms.ads.internal.client.zzck---zzj---null
07-22 17:38:00.126 21306 21306 D FiniteState: 003483FF2A74BF9B2AA6CC20850DF8D0EA0EEDC16089E6B65159D692157E658C---003483ff2a74bf9b2aa6cc20850df8d0ea0eedc16089e6b65159d692157e658c---com.google.android.gms.ads.internal.client.zzck---zzk---null
07-22 17:38:00.379 21306 21306 D FiniteState: 003483FF2A74BF9B2AA6CC20850DF8D0EA0EEDC16089E6B65159D692157E658C---003483ff2a74bf9b2aa6cc20850df8d0ea0eedc16089e6b65159d692157e658c---com.google.android.gms.ads.MobileAds---initialize---null
07-22 17:38:03.630 21481 21481 D FiniteState: 003483FF2A74BF9B2AA6CC20850DF8D0EA0EEDC16089E6B65159D692157E658C---003483ff2a74bf9b2aa6cc20850df8d0ea0eedc16089e6b65159d692157e658c---com.google.android.gms.ads.MobileAdsInitProvider---attachInfo---null
07-22 17:39:53.348 23785 23785 D FiniteState: 2C338A77F0EFF6B811433351889D2574CDB6F56D93E6806FFE03FCDE2F8C863F---2c338a77f0eff6b811433351889d2574cdb6f56d93e6806ffe03fcde2f8c863f---com.facebook.ads.AudienceNetworkAds---initialize---null
07-22 17:39:53.348 23785 23785 D FiniteState: 2C338A77F0EFF6B811433351889D2574CDB6F56D93E6806FFE03FCDE2F8C863F---2c338a77f0eff6b811433351889d2574cdb6f56d93e6806ffe03fcde2f8c863f---com.facebook.ads.internal.dynamicloading.DynamicLoaderFactory---initialize---null
07-22 17:39:53.353 23785 23938 D FiniteState: 2C338A77F0EFF6B811433351889D2574CDB6F56D93E6806FFE03FCDE2F8C863F---2c338a77f0eff6b811433351889d2574cdb6f56d93e6806ffe03fcde2f8c863f---com.facebook.ads.internal.util.common.ANActivityLifecycleCallbacksListener---registerActivityCallbacks---null
07-22 17:39:53.353 23785 23938 D FiniteState: 2C338A77F0EFF6B811433351889D2574CDB6F56D93E6806FFE03FCDE2F8C863F---2c338a77f0eff6b811433351889d2574cdb6f56d93e6806ffe03fcde2f8c863f---com.facebook.ads.internal.dynamicloading.DynamicLoaderFactory$1---run---null
07-22 17:39:53.525 23785 23785 D FiniteState: 2C338A77F0EFF6B811433351889D2574CDB6F56D93E6806FFE03FCDE2F8C863F---2c338a77f0eff6b811433351889d2574cdb6f56d93e6806ffe03fcde2f8c863f---com.facebook.ads.AudienceNetworkAds---initialize---null
07-22 17:39:53.755 23785 23938 D FiniteState: 2C338A77F0EFF6B811433351889D2574CDB6F56D93E6806FFE03FCDE2F8C863F---2c338a77f0eff6b811433351889d2574cdb6f56d93e6806ffe03fcde2f8c863f---com.facebook.ads.internal.dynamicloading.DynamicLoaderFactory---createErrorMessage---null
07-22 17:39:53.757 23785 23938 D FiniteState: 2C338A77F0EFF6B811433351889D2574CDB6F56D93E6806FFE03FCDE2F8C863F---2c338a77f0eff6b811433351889d2574cdb6f56d93e6806ffe03fcde2f8c863f---com.facebook.ads.internal.dynamicloading.DynamicLoaderFactory---stackTraceToString---null
07-22 17:39:53.759 23785 23938 D FiniteState: 2C338A77F0EFF6B811433351889D2574CDB6F56D93E6806FFE03FCDE2F8C863F---2c338a77f0eff6b811433351889d2574cdb6f56d93e6806ffe03fcde2f8c863f---com.facebook.ads.internal.dynamicloading.DynamicLoaderFallback---makeFallbackLoader---null
07-22 17:39:53.775 23785 23938 D FiniteState: 2C338A77F0EFF6B811433351889D2574CDB6F56D93E6806FFE03FCDE2F8C863F---2c338a77f0eff6b811433351889d2574cdb6f56d93e6806ffe03fcde2f8c863f---com.facebook.ads.internal.dynamicloading.DynamicLoaderFallback$SimpleMethodCaptor$1---invoke---null
07-22 17:39:53.776 23785 23938 D FiniteState: 2C338A77F0EFF6B811433351889D2574CDB6F56D93E6806FFE03FCDE2F8C863F---2c338a77f0eff6b811433351889d2574cdb6f56d93e6806ffe03fcde2f8c863f---com.facebook.ads.internal.dynamicloading.DynamicLoaderFallback$SimpleMethodCaptor$1---invoke---null
07-22 17:39:53.777 23785 23938 D FiniteState: 2C338A77F0EFF6B811433351889D2574CDB6F56D93E6806FFE03FCDE2F8C863F---2c338a77f0eff6b811433351889d2574cdb6f56d93e6806ffe03fcde2f8c863f---com.facebook.ads.internal.dynamicloading.DynamicLoaderFallback$SimpleMethodCaptor$1---invoke---null
07-22 17:39:53.778 23785 23938 D FiniteState: 2C338A77F0EFF6B811433351889D2574CDB6F56D93E6806FFE03FCDE2F8C863F---2c338a77f0eff6b811433351889d2574cdb6f56d93e6806ffe03fcde2f8c863f---com.facebook.ads.internal.dynamicloading.DynamicLoaderFallback$SimpleMethodCaptor$1---invoke---null
07-22 17:39:53.779 23785 23938 D FiniteState: 2C338A77F0EFF6B811433351889D2574CDB6F56D93E6806FFE03FCDE2F8C863F---2c338a77f0eff6b811433351889d2574cdb6f56d93e6806ffe03fcde2f8c863f---com.facebook.ads.internal.dynamicloading.DynamicLoaderFallback$SimpleMethodCaptor$1---invoke---null
07-22 17:39:53.780 23785 23938 D FiniteState: 2C338A77F0EFF6B811433351889D2574CDB6F56D93E6806FFE03FCDE2F8C863F---2c338a77f0eff6b811433351889d2574cdb6f56d93e6806ffe03fcde2f8c863f---com.facebook.ads.internal.dynamicloading.DynamicLoaderFallback$SimpleMethodCaptor$1---invoke---null
07-22 17:39:53.787 23785 23938 D FiniteState: 2C338A77F0EFF6B811433351889D2574CDB6F56D93E6806FFE03FCDE2F8C863F---2c338a77f0eff6b811433351889d2574cdb6f56d93e6806ffe03fcde2f8c863f---com.facebook.ads.internal.dynamicloading.DynamicLoaderFallback$SimpleMethodCaptor$1---invoke---null
07-22 17:39:53.789 23785 23938 D FiniteState: 2C338A77F0EFF6B811433351889D2574CDB6F56D93E6806FFE03FCDE2F8C863F---2c338a77f0eff6b811433351889d2574cdb6f56d93e6806ffe03fcde2f8c863f---com.facebook.ads.internal.dynamicloading.DynamicLoaderFallback$SimpleMethodCaptor$1---invoke---null
07-22 17:39:53.790 23785 23938 D FiniteState: 2C338A77F0EFF6B811433351889D2574CDB6F56D93E6806FFE03FCDE2F8C863F---2c338a77f0eff6b811433351889d2574cdb6f56d93e6806ffe03fcde2f8c863f---com.facebook.ads.internal.dynamicloading.DynamicLoaderFallback$SimpleMethodCaptor$1---invoke---null
07-22 17:39:53.795 23785 23938 D FiniteState: 2C338A77F0EFF6B811433351889D2574CDB6F56D93E6806FFE03FCDE2F8C863F---2c338a77f0eff6b811433351889d2574cdb6f56d93e6806ffe03fcde2f8c863f---com.facebook.ads.internal.dynamicloading.DynamicLoaderFallback$SimpleMethodCaptor$1---invoke---null
07-22 17:39:53.795 23785 23938 D FiniteState: 2C338A77F0EFF6B811433351889D2574CDB6F56D93E6806FFE03FCDE2F8C863F---2c338a77f0eff6b811433351889d2574cdb6f56d93e6806ffe03fcde2f8c863f---com.facebook.ads.internal.dynamicloading.DynamicLoaderFallback$SimpleMethodCaptor$1---invoke---null
07-22 17:39:53.796 23785 23938 D FiniteState: 2C338A77F0EFF6B811433351889D2574CDB6F56D93E6806FFE03FCDE2F8C863F---2c338a77f0eff6b811433351889d2574cdb6f56d93e6806ffe03fcde2f8c863f---com.facebook.ads.internal.dynamicloading.DynamicLoaderFallback$SimpleMethodCaptor$1---invoke---null
07-22 17:39:53.799 23785 23938 D FiniteState: 2C338A77F0EFF6B811433351889D2574CDB6F56D93E6806FFE03FCDE2F8C863F---2c338a77f0eff6b811433351889d2574cdb6f56d93e6806ffe03fcde2f8c863f---com.facebook.ads.internal.dynamicloading.DynamicLoaderFallback$SimpleMethodCaptor$1---invoke---null
07-22 17:39:53.800 23785 23938 D FiniteState: 2C338A77F0EFF6B811433351889D2574CDB6F56D93E6806FFE03FCDE2F8C863F---2c338a77f0eff6b811433351889d2574cdb6f56d93e6806ffe03fcde2f8c863f---com.facebook.ads.internal.dynamicloading.DynamicLoaderFallback$SimpleMethodCaptor$1---invoke---null
07-22 17:39:53.800 23785 23938 D FiniteState: 2C338A77F0EFF6B811433351889D2574CDB6F56D93E6806FFE03FCDE2F8C863F---2c338a77f0eff6b811433351889d2574cdb6f56d93e6806ffe03fcde2f8c863f---com.facebook.ads.internal.dynamicloading.DynamicLoaderFallback$SimpleMethodCaptor$1---invoke---null
07-22 17:39:53.800 23785 23938 D FiniteState: 2C338A77F0EFF6B811433351889D2574CDB6F56D93E6806FFE03FCDE2F8C863F---2c338a77f0eff6b811433351889d2574cdb6f56d93e6806ffe03fcde2f8c863f---com.facebook.ads.internal.dynamicloading.DynamicLoaderFallback$SimpleMethodCaptor$1---invoke---null
07-22 17:39:53.801 23785 23938 D FiniteState: 2C338A77F0EFF6B811433351889D2574CDB6F56D93E6806FFE03FCDE2F8C863F---2c338a77f0eff6b811433351889d2574cdb6f56d93e6806ffe03fcde2f8c863f---com.facebook.ads.internal.dynamicloading.DynamicLoaderFallback$SimpleMethodCaptor$1---invoke---null
07-22 17:39:53.801 23785 23938 D FiniteState: 2C338A77F0EFF6B811433351889D2574CDB6F56D93E6806FFE03FCDE2F8C863F---2c338a77f0eff6b811433351889d2574cdb6f56d93e6806ffe03fcde2f8c863f---com.facebook.ads.internal.dynamicloading.DynamicLoaderFallback$SimpleMethodCaptor$1---invoke---null
07-22 17:39:53.802 23785 23938 D FiniteState: 2C338A77F0EFF6B811433351889D2574CDB6F56D93E6806FFE03FCDE2F8C863F---2c338a77f0eff6b811433351889d2574cdb6f56d93e6806ffe03fcde2f8c863f---com.facebook.ads.internal.dynamicloading.DynamicLoaderFallback$SimpleMethodCaptor$1---invoke---null
07-22 17:39:53.815 23785 23938 D FiniteState: 2C338A77F0EFF6B811433351889D2574CDB6F56D93E6806FFE03FCDE2F8C863F---2c338a77f0eff6b811433351889d2574cdb6f56d93e6806ffe03fcde2f8c863f---com.facebook.ads.internal.dynamicloading.DynamicLoaderFallback$SimpleMethodCaptor$1---invoke---null
07-22 17:39:53.816 23785 23938 D FiniteState: 2C338A77F0EFF6B811433351889D2574CDB6F56D93E6806FFE03FCDE2F8C863F---2c338a77f0eff6b811433351889d2574cdb6f56d93e6806ffe03fcde2f8c863f---com.facebook.ads.internal.dynamicloading.DynamicLoaderFallback$SimpleMethodCaptor$1---invoke---null
07-22 17:39:53.816 23785 23938 D FiniteState: 2C338A77F0EFF6B811433351889D2574CDB6F56D93E6806FFE03FCDE2F8C863F---2c338a77f0eff6b811433351889d2574cdb6f56d93e6806ffe03fcde2f8c863f---com.facebook.ads.internal.dynamicloading.DynamicLoaderFallback$SimpleMethodCaptor$1---invoke---null
07-22 17:39:53.816 23785 23938 D FiniteState: 2C338A77F0EFF6B811433351889D2574CDB6F56D93E6806FFE03FCDE2F8C863F---2c338a77f0eff6b811433351889d2574cdb6f56d93e6806ffe03fcde2f8c863f---com.facebook.ads.internal.dynamicloading.DynamicLoaderFactory---setFallbackMode---null
07-22 17:39:53.816 23785 23938 D FiniteState: 2C338A77F0EFF6B811433351889D2574CDB6F56D93E6806FFE03FCDE2F8C863F---2c338a77f0eff6b811433351889d2574cdb6f56d93e6806ffe03fcde2f8c863f---com.facebook.ads.internal.dynamicloading.DynamicLoaderFactory---access$200---null
07-22 17:39:54.472 23785 23785 D FiniteState: 2C338A77F0EFF6B811433351889D2574CDB6F56D93E6806FFE03FCDE2F8C863F---2c338a77f0eff6b811433351889d2574cdb6f56d93e6806ffe03fcde2f8c863f---com.facebook.ads.internal.util.common.ANActivityLifecycleCallbacksListener---onActivityStarted---null
07-22 17:39:54.476 23785 23785 D FiniteState: 2C338A77F0EFF6B811433351889D2574CDB6F56D93E6806FFE03FCDE2F8C863F---2c338a77f0eff6b811433351889d2574cdb6f56d93e6806ffe03fcde2f8c863f---com.facebook.ads.internal.util.common.ANActivityLifecycleCallbacksListener---onActivityResumed---null
07-22 17:39:54.987 23785 23785 D FiniteState: 2C338A77F0EFF6B811433351889D2574CDB6F56D93E6806FFE03FCDE2F8C863F---2c338a77f0eff6b811433351889d2574cdb6f56d93e6806ffe03fcde2f8c863f---com.facebook.ads.internal.dynamicloading.DynamicLoaderFactory---makeLoader---null
07-22 17:39:54.987 23785 23785 D FiniteState: 2C338A77F0EFF6B811433351889D2574CDB6F56D93E6806FFE03FCDE2F8C863F---2c338a77f0eff6b811433351889d2574cdb6f56d93e6806ffe03fcde2f8c863f---com.facebook.ads.internal.dynamicloading.DynamicLoaderFallback$1---invoke---null
07-22 17:39:54.987 23785 23785 D FiniteState: 2C338A77F0EFF6B811433351889D2574CDB6F56D93E6806FFE03FCDE2F8C863F---2c338a77f0eff6b811433351889d2574cdb6f56d93e6806ffe03fcde2f8c863f---com.facebook.ads.internal.dynamicloading.DynamicLoaderFallback---reportError---null
07-22 17:39:54.987 23785 23785 D FiniteState: 2C338A77F0EFF6B811433351889D2574CDB6F56D93E6806FFE03FCDE2F8C863F---2c338a77f0eff6b811433351889d2574cdb6f56d93e6806ffe03fcde2f8c863f---com.facebook.ads.InterstitialAd---loadAd---null
07-22 17:39:54.988 23785 23785 D FiniteState: 2C338A77F0EFF6B811433351889D2574CDB6F56D93E6806FFE03FCDE2F8C863F---2c338a77f0eff6b811433351889d2574cdb6f56d93e6806ffe03fcde2f8c863f---com.facebook.ads.internal.dynamicloading.DynamicLoaderFactory---makeLoader---null
07-22 17:39:54.988 23785 23785 D FiniteState: 2C338A77F0EFF6B811433351889D2574CDB6F56D93E6806FFE03FCDE2F8C863F---2c338a77f0eff6b811433351889d2574cdb6f56d93e6806ffe03fcde2f8c863f---com.facebook.ads.internal.dynamicloading.DynamicLoaderFallback$1---invoke---null
07-22 17:39:54.988 23785 23785 D FiniteState: 2C338A77F0EFF6B811433351889D2574CDB6F56D93E6806FFE03FCDE2F8C863F---2c338a77f0eff6b811433351889d2574cdb6f56d93e6806ffe03fcde2f8c863f---com.facebook.ads.internal.dynamicloading.DynamicLoaderFallback---reportError---null
07-22 17:39:54.988 23785 23785 D FiniteState: 2C338A77F0EFF6B811433351889D2574CDB6F56D93E6806FFE03FCDE2F8C863F---2c338a77f0eff6b811433351889d2574cdb6f56d93e6806ffe03fcde2f8c863f---com.facebook.ads.AdView---loadAd---null
07-22 17:41:52.716 26524 26524 D FiniteState: 0C01126C72E8CEABB6727ED1CCCC82A365AEAA416BE21DAC5661597AB7037B6B---0c01126c72e8ceabb6727ed1cccc82a365aeaa416be21dac5661597ab7037b6b---com.google.android.gms.ads.MobileAdsInitProvider---attachInfo---null
07-22 17:41:54.112 26647 26647 D FiniteState: 0C01126C72E8CEABB6727ED1CCCC82A365AEAA416BE21DAC5661597AB7037B6B---0c01126c72e8ceabb6727ed1cccc82a365aeaa416be21dac5661597ab7037b6b---com.google.android.gms.ads.MobileAdsInitProvider---attachInfo---null
07-22 17:41:55.212 26776 26776 D FiniteState: 0C01126C72E8CEABB6727ED1CCCC82A365AEAA416BE21DAC5661597AB7037B6B---0c01126c72e8ceabb6727ed1cccc82a365aeaa416be21dac5661597ab7037b6b---com.google.android.gms.ads.MobileAdsInitProvider---attachInfo---null
07-22 17:41:55.477 26888 26888 D FiniteState: 0C01126C72E8CEABB6727ED1CCCC82A365AEAA416BE21DAC5661597AB7037B6B---0c01126c72e8ceabb6727ed1cccc82a365aeaa416be21dac5661597ab7037b6b---com.google.android.gms.ads.MobileAdsInitProvider---attachInfo---null
07-22 17:41:55.875 27002 27002 D FiniteState: 0C01126C72E8CEABB6727ED1CCCC82A365AEAA416BE21DAC5661597AB7037B6B---0c01126c72e8ceabb6727ed1cccc82a365aeaa416be21dac5661597ab7037b6b---com.google.android.gms.ads.MobileAdsInitProvider---attachInfo---null
07-22 17:41:56.144 27115 27115 D FiniteState: 0C01126C72E8CEABB6727ED1CCCC82A365AEAA416BE21DAC5661597AB7037B6B---0c01126c72e8ceabb6727ed1cccc82a365aeaa416be21dac5661597ab7037b6b---com.google.android.gms.ads.MobileAdsInitProvider---attachInfo---null
07-22 17:41:56.521 27227 27227 D FiniteState: 0C01126C72E8CEABB6727ED1CCCC82A365AEAA416BE21DAC5661597AB7037B6B---0c01126c72e8ceabb6727ed1cccc82a365aeaa416be21dac5661597ab7037b6b---com.google.android.gms.ads.MobileAdsInitProvider---attachInfo---null
07-22 17:41:56.833 27341 27341 D FiniteState: 0C01126C72E8CEABB6727ED1CCCC82A365AEAA416BE21DAC5661597AB7037B6B---0c01126c72e8ceabb6727ed1cccc82a365aeaa416be21dac5661597ab7037b6b---com.google.android.gms.ads.MobileAdsInitProvider---attachInfo---null
07-22 17:41:57.085 27455 27455 D FiniteState: 0C01126C72E8CEABB6727ED1CCCC82A365AEAA416BE21DAC5661597AB7037B6B---0c01126c72e8ceabb6727ed1cccc82a365aeaa416be21dac5661597ab7037b6b---com.google.android.gms.ads.MobileAdsInitProvider---attachInfo---null
07-22 17:41:57.351 27572 27572 D FiniteState: 0C01126C72E8CEABB6727ED1CCCC82A365AEAA416BE21DAC5661597AB7037B6B---0c01126c72e8ceabb6727ed1cccc82a365aeaa416be21dac5661597ab7037b6b---com.google.android.gms.ads.MobileAdsInitProvider---attachInfo---null
07-22 17:41:57.906 27686 27686 D FiniteState: 0C01126C72E8CEABB6727ED1CCCC82A365AEAA416BE21DAC5661597AB7037B6B---0c01126c72e8ceabb6727ed1cccc82a365aeaa416be21dac5661597ab7037b6b---com.google.android.gms.ads.MobileAdsInitProvider---attachInfo---null
07-22 17:41:58.202 27802 27802 D FiniteState: 0C01126C72E8CEABB6727ED1CCCC82A365AEAA416BE21DAC5661597AB7037B6B---0c01126c72e8ceabb6727ed1cccc82a365aeaa416be21dac5661597ab7037b6b---com.google.android.gms.ads.MobileAdsInitProvider---attachInfo---null
07-22 17:41:58.476 27916 27916 D FiniteState: 0C01126C72E8CEABB6727ED1CCCC82A365AEAA416BE21DAC5661597AB7037B6B---0c01126c72e8ceabb6727ed1cccc82a365aeaa416be21dac5661597ab7037b6b---com.google.android.gms.ads.MobileAdsInitProvider---attachInfo---null
07-22 17:41:58.746 28028 28028 D FiniteState: 0C01126C72E8CEABB6727ED1CCCC82A365AEAA416BE21DAC5661597AB7037B6B---0c01126c72e8ceabb6727ed1cccc82a365aeaa416be21dac5661597ab7037b6b---com.google.android.gms.ads.MobileAdsInitProvider---attachInfo---null
07-22 17:42:44.326 29071 29071 D FiniteState: 2CA414340473F9E706848CC75EE3D8A58B1FBE33A8B0E60EE0BB30B877A7B8D5---2ca414340473f9e706848cc75ee3d8a58b1fbe33a8b0e60ee0bb30b877a7b8d5---com.google.android.gms.ads.RequestConfiguration$Builder---build---null
07-22 17:42:44.449 29071 29071 D FiniteState: 2CA414340473F9E706848CC75EE3D8A58B1FBE33A8B0E60EE0BB30B877A7B8D5---2ca414340473f9e706848cc75ee3d8a58b1fbe33a8b0e60ee0bb30b877a7b8d5---com.google.android.gms.ads.MobileAds---initialize---null
07-22 17:42:44.449 29071 29071 D FiniteState: 2CA414340473F9E706848CC75EE3D8A58B1FBE33A8B0E60EE0BB30B877A7B8D5---2ca414340473f9e706848cc75ee3d8a58b1fbe33a8b0e60ee0bb30b877a7b8d5---com.google.android.gms.ads.RequestConfiguration$Builder---setTestDeviceIds---null
07-22 17:42:44.449 29071 29071 D FiniteState: 2CA414340473F9E706848CC75EE3D8A58B1FBE33A8B0E60EE0BB30B877A7B8D5---2ca414340473f9e706848cc75ee3d8a58b1fbe33a8b0e60ee0bb30b877a7b8d5---com.google.android.gms.ads.RequestConfiguration$Builder---build---null
07-22 17:42:44.449 29071 29071 D FiniteState: 2CA414340473F9E706848CC75EE3D8A58B1FBE33A8B0E60EE0BB30B877A7B8D5---2ca414340473f9e706848cc75ee3d8a58b1fbe33a8b0e60ee0bb30b877a7b8d5---com.google.android.gms.ads.MobileAds---setRequestConfiguration---null
07-22 17:45:11.624 32475 32475 D FiniteState: 19B3C283B02B627DA6CFEDD2EA6CF1A14A7DBEA1237BD0E14651C5FD8AC9A25C---19b3c283b02b627da6cfedd2ea6cf1a14a7dbea1237bd0e14651c5fd8ac9a25c---com.google.android.gms.ads.MobileAdsInitProvider---attachInfo---null
07-22 17:45:11.713 32475 32475 D FiniteState: 19B3C283B02B627DA6CFEDD2EA6CF1A14A7DBEA1237BD0E14651C5FD8AC9A25C---19b3c283b02b627da6cfedd2ea6cf1a14a7dbea1237bd0e14651c5fd8ac9a25c---com.google.android.gms.ads.RequestConfiguration$Builder---build---null
07-22 17:45:11.714 32475 32475 D FiniteState: 19B3C283B02B627DA6CFEDD2EA6CF1A14A7DBEA1237BD0E14651C5FD8AC9A25C---19b3c283b02b627da6cfedd2ea6cf1a14a7dbea1237bd0e14651c5fd8ac9a25c---com.google.android.gms.ads.internal.client.zzed---zzf---null
07-22 17:45:11.726 32475 32475 D FiniteState: 19B3C283B02B627DA6CFEDD2EA6CF1A14A7DBEA1237BD0E14651C5FD8AC9A25C---19b3c283b02b627da6cfedd2ea6cf1a14a7dbea1237bd0e14651c5fd8ac9a25c---com.google.android.gms.ads.internal.client.zzed---zzy---null
07-22 17:45:11.726 32475 32475 D FiniteState: 19B3C283B02B627DA6CFEDD2EA6CF1A14A7DBEA1237BD0E14651C5FD8AC9A25C---19b3c283b02b627da6cfedd2ea6cf1a14a7dbea1237bd0e14651c5fd8ac9a25c---com.google.android.gms.ads.internal.client.zzav---zzd---null
07-22 17:45:11.728 32475 32475 D FiniteState: 19B3C283B02B627DA6CFEDD2EA6CF1A14A7DBEA1237BD0E14651C5FD8AC9A25C---19b3c283b02b627da6cfedd2ea6cf1a14a7dbea1237bd0e14651c5fd8ac9a25c---com.google.android.gms.ads.internal.client.zzao---zzc---null
07-22 17:45:11.780 32475 32475 D FiniteState: 19B3C283B02B627DA6CFEDD2EA6CF1A14A7DBEA1237BD0E14651C5FD8AC9A25C---19b3c283b02b627da6cfedd2ea6cf1a14a7dbea1237bd0e14651c5fd8ac9a25c---com.google.android.gms.ads.internal.client.zzek---getRemoteCreator---null
07-22 17:45:11.780 32475 32475 D FiniteState: 19B3C283B02B627DA6CFEDD2EA6CF1A14A7DBEA1237BD0E14651C5FD8AC9A25C---19b3c283b02b627da6cfedd2ea6cf1a14a7dbea1237bd0e14651c5fd8ac9a25c---com.google.android.gms.ads.internal.client.zzcn---zze---null
07-22 17:45:11.832 32475 32475 D FiniteState: 19B3C283B02B627DA6CFEDD2EA6CF1A14A7DBEA1237BD0E14651C5FD8AC9A25C---19b3c283b02b627da6cfedd2ea6cf1a14a7dbea1237bd0e14651c5fd8ac9a25c---com.google.android.gms.ads.internal.client.zzek---zza---null
07-22 17:45:11.832 32475 32475 D FiniteState: 19B3C283B02B627DA6CFEDD2EA6CF1A14A7DBEA1237BD0E14651C5FD8AC9A25C---19b3c283b02b627da6cfedd2ea6cf1a14a7dbea1237bd0e14651c5fd8ac9a25c---com.google.android.gms.ads.internal.client.zzck---zzr---null
07-22 17:45:11.832 32475 32475 D FiniteState: 19B3C283B02B627DA6CFEDD2EA6CF1A14A7DBEA1237BD0E14651C5FD8AC9A25C---19b3c283b02b627da6cfedd2ea6cf1a14a7dbea1237bd0e14651c5fd8ac9a25c---com.google.android.gms.ads.internal.client.zzck---zzn---null
07-22 17:45:11.833 32475 32475 D FiniteState: 19B3C283B02B627DA6CFEDD2EA6CF1A14A7DBEA1237BD0E14651C5FD8AC9A25C---19b3c283b02b627da6cfedd2ea6cf1a14a7dbea1237bd0e14651c5fd8ac9a25c---com.google.android.gms.ads.internal.client.zzed---zzx---null
07-22 17:45:11.854 32475 32475 D FiniteState: 19B3C283B02B627DA6CFEDD2EA6CF1A14A7DBEA1237BD0E14651C5FD8AC9A25C---19b3c283b02b627da6cfedd2ea6cf1a14a7dbea1237bd0e14651c5fd8ac9a25c---com.google.android.gms.ads.internal.client.zzck---zzj---null
07-22 17:45:11.854 32475 32475 D FiniteState: 19B3C283B02B627DA6CFEDD2EA6CF1A14A7DBEA1237BD0E14651C5FD8AC9A25C---19b3c283b02b627da6cfedd2ea6cf1a14a7dbea1237bd0e14651c5fd8ac9a25c---com.google.android.gms.ads.internal.client.zzck---zzk---null
07-22 17:45:12.218 32475 32475 D FiniteState: 19B3C283B02B627DA6CFEDD2EA6CF1A14A7DBEA1237BD0E14651C5FD8AC9A25C---19b3c283b02b627da6cfedd2ea6cf1a14a7dbea1237bd0e14651c5fd8ac9a25c---com.google.android.gms.ads.MobileAds---initialize---null
07-22 17:45:12.221 32475 32475 D FiniteState: 19B3C283B02B627DA6CFEDD2EA6CF1A14A7DBEA1237BD0E14651C5FD8AC9A25C---19b3c283b02b627da6cfedd2ea6cf1a14a7dbea1237bd0e14651c5fd8ac9a25c---com.google.android.gms.ads.internal.client.zzed---zzt---null
07-22 17:45:12.221 32475 32475 D FiniteState: 19B3C283B02B627DA6CFEDD2EA6CF1A14A7DBEA1237BD0E14651C5FD8AC9A25C---19b3c283b02b627da6cfedd2ea6cf1a14a7dbea1237bd0e14651c5fd8ac9a25c---com.google.android.gms.ads.internal.client.zzck---zzp---null
07-22 17:45:12.222 32475 32475 D FiniteState: 19B3C283B02B627DA6CFEDD2EA6CF1A14A7DBEA1237BD0E14651C5FD8AC9A25C---19b3c283b02b627da6cfedd2ea6cf1a14a7dbea1237bd0e14651c5fd8ac9a25c---com.google.android.gms.ads.MobileAds---setAppVolume---null
