--------- beginning of main
11-30 14:28:18.883 17376 17376 D FiniteState: BloombergFinanceMarketNews5.98.0.3930355.fd19b588eApkpure---5e0b94fe2ccc7730fdab6542ef461e05bca0b5de9ce8ea7f40e24800de70b4d8---com.google.android.gms.ads.MobileAdsInitProvider---attachInfo---null
11-30 14:28:19.219 17376 17433 D FiniteState: BloombergFinanceMarketNews5.98.0.3930355.fd19b588eApkpure---5e0b94fe2ccc7730fdab6542ef461e05bca0b5de9ce8ea7f40e24800de70b4d8---com.google.android.gms.ads.identifier.AdvertisingIdClient---getAdvertisingIdInfo---null
11-30 14:28:19.220 17376 17433 D FiniteState: BloombergFinanceMarketNews5.98.0.3930355.fd19b588eApkpure---5e0b94fe2ccc7730fdab6542ef461e05bca0b5de9ce8ea7f40e24800de70b4d8---com.google.android.gms.ads.identifier.AdvertisingIdClient---zzb---null
11-30 14:28:19.274 17376 17447 D FiniteState: BloombergFinanceMarketNews5.98.0.3930355.fd19b588eApkpure---5e0b94fe2ccc7730fdab6542ef461e05bca0b5de9ce8ea7f40e24800de70b4d8---com.google.android.gms.ads.identifier.AdvertisingIdClient---getAdvertisingIdInfo---null
11-30 14:28:19.274 17376 17447 D FiniteState: BloombergFinanceMarketNews5.98.0.3930355.fd19b588eApkpure---5e0b94fe2ccc7730fdab6542ef461e05bca0b5de9ce8ea7f40e24800de70b4d8---com.google.android.gms.ads.identifier.AdvertisingIdClient---zzb---null
11-30 14:28:19.287 17376 17433 D FiniteState: BloombergFinanceMarketNews5.98.0.3930355.fd19b588eApkpure---5e0b94fe2ccc7730fdab6542ef461e05bca0b5de9ce8ea7f40e24800de70b4d8---com.google.android.gms.ads.identifier.AdvertisingIdClient---zzd---null
11-30 14:28:19.322 17376 17427 D FiniteState: BloombergFinanceMarketNews5.98.0.3930355.fd19b588eApkpure---5e0b94fe2ccc7730fdab6542ef461e05bca0b5de9ce8ea7f40e24800de70b4d8---com.google.android.gms.ads.identifier.AdvertisingIdClient---getAdvertisingIdInfo---null
11-30 14:28:19.322 17376 17427 D FiniteState: BloombergFinanceMarketNews5.98.0.3930355.fd19b588eApkpure---5e0b94fe2ccc7730fdab6542ef461e05bca0b5de9ce8ea7f40e24800de70b4d8---com.google.android.gms.ads.identifier.AdvertisingIdClient---zzb---null
11-30 14:28:19.341 17376 17433 D FiniteState: BloombergFinanceMarketNews5.98.0.3930355.fd19b588eApkpure---5e0b94fe2ccc7730fdab6542ef461e05bca0b5de9ce8ea7f40e24800de70b4d8---com.google.android.gms.ads.identifier.AdvertisingIdClient---zza---null
11-30 14:28:19.607 17376 17447 D FiniteState: BloombergFinanceMarketNews5.98.0.3930355.fd19b588eApkpure---5e0b94fe2ccc7730fdab6542ef461e05bca0b5de9ce8ea7f40e24800de70b4d8---com.google.android.gms.ads.identifier.AdvertisingIdClient---zzd---null
11-30 14:28:19.651 17376 17447 D FiniteState: BloombergFinanceMarketNews5.98.0.3930355.fd19b588eApkpure---5e0b94fe2ccc7730fdab6542ef461e05bca0b5de9ce8ea7f40e24800de70b4d8---com.google.android.gms.ads.identifier.AdvertisingIdClient---zza---null
11-30 14:28:19.655 17376 17427 D FiniteState: BloombergFinanceMarketNews5.98.0.3930355.fd19b588eApkpure---5e0b94fe2ccc7730fdab6542ef461e05bca0b5de9ce8ea7f40e24800de70b4d8---com.google.android.gms.ads.identifier.AdvertisingIdClient---zzd---null
11-30 14:28:19.656 17376 17427 D FiniteState: BloombergFinanceMarketNews5.98.0.3930355.fd19b588eApkpure---5e0b94fe2ccc7730fdab6542ef461e05bca0b5de9ce8ea7f40e24800de70b4d8---com.google.android.gms.ads.identifier.AdvertisingIdClient---zza---null
11-30 14:28:19.660 17376 17447 D FiniteState: BloombergFinanceMarketNews5.98.0.3930355.fd19b588eApkpure---5e0b94fe2ccc7730fdab6542ef461e05bca0b5de9ce8ea7f40e24800de70b4d8---com.google.android.gms.ads.identifier.AdvertisingIdClient---getAdvertisingIdInfo---null
11-30 14:28:19.660 17376 17447 D FiniteState: BloombergFinanceMarketNews5.98.0.3930355.fd19b588eApkpure---5e0b94fe2ccc7730fdab6542ef461e05bca0b5de9ce8ea7f40e24800de70b4d8---com.google.android.gms.ads.identifier.AdvertisingIdClient---zzb---null
11-30 14:28:19.668 17376 17427 D FiniteState: BloombergFinanceMarketNews5.98.0.3930355.fd19b588eApkpure---5e0b94fe2ccc7730fdab6542ef461e05bca0b5de9ce8ea7f40e24800de70b4d8---com.google.android.gms.ads.identifier.AdvertisingIdClient---getAdvertisingIdInfo---null
11-30 14:28:19.668 17376 17427 D FiniteState: BloombergFinanceMarketNews5.98.0.3930355.fd19b588eApkpure---5e0b94fe2ccc7730fdab6542ef461e05bca0b5de9ce8ea7f40e24800de70b4d8---com.google.android.gms.ads.identifier.AdvertisingIdClient---zzb---null
11-30 14:28:19.671 17376 17447 D FiniteState: BloombergFinanceMarketNews5.98.0.3930355.fd19b588eApkpure---5e0b94fe2ccc7730fdab6542ef461e05bca0b5de9ce8ea7f40e24800de70b4d8---com.google.android.gms.ads.identifier.AdvertisingIdClient---zzd---null
11-30 14:28:19.672 17376 17427 D FiniteState: BloombergFinanceMarketNews5.98.0.3930355.fd19b588eApkpure---5e0b94fe2ccc7730fdab6542ef461e05bca0b5de9ce8ea7f40e24800de70b4d8---com.google.android.gms.ads.identifier.AdvertisingIdClient---zzd---null
11-30 14:28:19.674 17376 17427 D FiniteState: BloombergFinanceMarketNews5.98.0.3930355.fd19b588eApkpure---5e0b94fe2ccc7730fdab6542ef461e05bca0b5de9ce8ea7f40e24800de70b4d8---com.google.android.gms.ads.identifier.AdvertisingIdClient---zza---null
11-30 14:28:19.676 17376 17540 D FiniteState: BloombergFinanceMarketNews5.98.0.3930355.fd19b588eApkpure---5e0b94fe2ccc7730fdab6542ef461e05bca0b5de9ce8ea7f40e24800de70b4d8---com.google.android.gms.ads.identifier.AdvertisingIdClient---getAdvertisingIdInfo---null
11-30 14:28:19.676 17376 17540 D FiniteState: BloombergFinanceMarketNews5.98.0.3930355.fd19b588eApkpure---5e0b94fe2ccc7730fdab6542ef461e05bca0b5de9ce8ea7f40e24800de70b4d8---com.google.android.gms.ads.identifier.AdvertisingIdClient---zzb---null
11-30 14:28:19.679 17376 17540 D FiniteState: BloombergFinanceMarketNews5.98.0.3930355.fd19b588eApkpure---5e0b94fe2ccc7730fdab6542ef461e05bca0b5de9ce8ea7f40e24800de70b4d8---com.google.android.gms.ads.identifier.AdvertisingIdClient---zzd---null
11-30 14:28:19.683 17376 17447 D FiniteState: BloombergFinanceMarketNews5.98.0.3930355.fd19b588eApkpure---5e0b94fe2ccc7730fdab6542ef461e05bca0b5de9ce8ea7f40e24800de70b4d8---com.google.android.gms.ads.identifier.AdvertisingIdClient---zza---null
11-30 14:28:19.684 17376 17540 D FiniteState: BloombergFinanceMarketNews5.98.0.3930355.fd19b588eApkpure---5e0b94fe2ccc7730fdab6542ef461e05bca0b5de9ce8ea7f40e24800de70b4d8---com.google.android.gms.ads.identifier.AdvertisingIdClient---zza---null
11-30 14:28:19.926 17376 17447 D FiniteState: BloombergFinanceMarketNews5.98.0.3930355.fd19b588eApkpure---5e0b94fe2ccc7730fdab6542ef461e05bca0b5de9ce8ea7f40e24800de70b4d8---com.google.android.gms.ads.identifier.AdvertisingIdClient---getAdvertisingIdInfo---null
11-30 14:28:19.926 17376 17447 D FiniteState: BloombergFinanceMarketNews5.98.0.3930355.fd19b588eApkpure---5e0b94fe2ccc7730fdab6542ef461e05bca0b5de9ce8ea7f40e24800de70b4d8---com.google.android.gms.ads.identifier.AdvertisingIdClient---zzb---null
11-30 14:28:19.945 17376 17447 D FiniteState: BloombergFinanceMarketNews5.98.0.3930355.fd19b588eApkpure---5e0b94fe2ccc7730fdab6542ef461e05bca0b5de9ce8ea7f40e24800de70b4d8---com.google.android.gms.ads.identifier.AdvertisingIdClient---zzd---null
11-30 14:28:19.975 17376 17447 D FiniteState: BloombergFinanceMarketNews5.98.0.3930355.fd19b588eApkpure---5e0b94fe2ccc7730fdab6542ef461e05bca0b5de9ce8ea7f40e24800de70b4d8---com.google.android.gms.ads.identifier.AdvertisingIdClient---zza---null
11-30 14:28:29.058 17376 17387 D FiniteState: BloombergFinanceMarketNews5.98.0.3930355.fd19b588eApkpure---5e0b94fe2ccc7730fdab6542ef461e05bca0b5de9ce8ea7f40e24800de70b4d8---com.google.android.gms.ads.identifier.AdvertisingIdClient---zza---null
11-30 14:28:29.058 17376 17387 D FiniteState: BloombergFinanceMarketNews5.98.0.3930355.fd19b588eApkpure---5e0b94fe2ccc7730fdab6542ef461e05bca0b5de9ce8ea7f40e24800de70b4d8---com.google.android.gms.ads.identifier.AdvertisingIdClient---finalize---null
11-30 14:28:29.058 17376 17387 D FiniteState: BloombergFinanceMarketNews5.98.0.3930355.fd19b588eApkpure---5e0b94fe2ccc7730fdab6542ef461e05bca0b5de9ce8ea7f40e24800de70b4d8---com.google.android.gms.ads.identifier.AdvertisingIdClient---zza---null
11-30 14:28:29.058 17376 17387 D FiniteState: BloombergFinanceMarketNews5.98.0.3930355.fd19b588eApkpure---5e0b94fe2ccc7730fdab6542ef461e05bca0b5de9ce8ea7f40e24800de70b4d8---com.google.android.gms.ads.identifier.AdvertisingIdClient---finalize---null
11-30 14:28:29.058 17376 17387 D FiniteState: BloombergFinanceMarketNews5.98.0.3930355.fd19b588eApkpure---5e0b94fe2ccc7730fdab6542ef461e05bca0b5de9ce8ea7f40e24800de70b4d8---com.google.android.gms.ads.identifier.AdvertisingIdClient---zza---null
11-30 14:28:29.058 17376 17387 D FiniteState: BloombergFinanceMarketNews5.98.0.3930355.fd19b588eApkpure---5e0b94fe2ccc7730fdab6542ef461e05bca0b5de9ce8ea7f40e24800de70b4d8---com.google.android.gms.ads.identifier.AdvertisingIdClient---finalize---null
11-30 14:28:29.058 17376 17387 D FiniteState: BloombergFinanceMarketNews5.98.0.3930355.fd19b588eApkpure---5e0b94fe2ccc7730fdab6542ef461e05bca0b5de9ce8ea7f40e24800de70b4d8---com.google.android.gms.ads.identifier.AdvertisingIdClient---zza---null
11-30 14:28:29.058 17376 17387 D FiniteState: BloombergFinanceMarketNews5.98.0.3930355.fd19b588eApkpure---5e0b94fe2ccc7730fdab6542ef461e05bca0b5de9ce8ea7f40e24800de70b4d8---com.google.android.gms.ads.identifier.AdvertisingIdClient---finalize---null
11-30 14:28:29.058 17376 17387 D FiniteState: BloombergFinanceMarketNews5.98.0.3930355.fd19b588eApkpure---5e0b94fe2ccc7730fdab6542ef461e05bca0b5de9ce8ea7f40e24800de70b4d8---com.google.android.gms.ads.identifier.AdvertisingIdClient---zza---null
11-30 14:28:29.058 17376 17387 D FiniteState: BloombergFinanceMarketNews5.98.0.3930355.fd19b588eApkpure---5e0b94fe2ccc7730fdab6542ef461e05bca0b5de9ce8ea7f40e24800de70b4d8---com.google.android.gms.ads.identifier.AdvertisingIdClient---finalize---null
11-30 14:28:29.058 17376 17387 D FiniteState: BloombergFinanceMarketNews5.98.0.3930355.fd19b588eApkpure---5e0b94fe2ccc7730fdab6542ef461e05bca0b5de9ce8ea7f40e24800de70b4d8---com.google.android.gms.ads.identifier.AdvertisingIdClient---zza---null
11-30 14:28:29.058 17376 17387 D FiniteState: BloombergFinanceMarketNews5.98.0.3930355.fd19b588eApkpure---5e0b94fe2ccc7730fdab6542ef461e05bca0b5de9ce8ea7f40e24800de70b4d8---com.google.android.gms.ads.identifier.AdvertisingIdClient---finalize---null
11-30 14:28:29.059 17376 17387 D FiniteState: BloombergFinanceMarketNews5.98.0.3930355.fd19b588eApkpure---5e0b94fe2ccc7730fdab6542ef461e05bca0b5de9ce8ea7f40e24800de70b4d8---com.google.android.gms.ads.identifier.AdvertisingIdClient---zza---null
11-30 14:28:29.059 17376 17387 D FiniteState: BloombergFinanceMarketNews5.98.0.3930355.fd19b588eApkpure---5e0b94fe2ccc7730fdab6542ef461e05bca0b5de9ce8ea7f40e24800de70b4d8---com.google.android.gms.ads.identifier.AdvertisingIdClient---finalize---null
11-30 14:29:33.691 18170 18246 D FiniteState: LinkedInJobsBusinessNews4.1.833.1Apkpure---0c21f6d60e23b0fa05150aadace148b5bcd282f222a84b020a206c24e869f25f---com.google.android.gms.ads.identifier.AdvertisingIdClient---getAdvertisingIdInfo---null
11-30 14:29:33.691 18170 18246 D FiniteState: LinkedInJobsBusinessNews4.1.833.1Apkpure---0c21f6d60e23b0fa05150aadace148b5bcd282f222a84b020a206c24e869f25f---com.google.android.gms.ads.identifier.AdvertisingIdClient---zzb---null
11-30 14:29:33.789 18170 18262 D FiniteState: LinkedInJobsBusinessNews4.1.833.1Apkpure---0c21f6d60e23b0fa05150aadace148b5bcd282f222a84b020a206c24e869f25f---com.google.android.gms.ads.identifier.AdvertisingIdClient---getAdvertisingIdInfo---null
11-30 14:29:33.790 18170 18262 D FiniteState: LinkedInJobsBusinessNews4.1.833.1Apkpure---0c21f6d60e23b0fa05150aadace148b5bcd282f222a84b020a206c24e869f25f---com.google.android.gms.ads.identifier.AdvertisingIdClient---zzb---null
11-30 14:29:33.792 18170 18246 D FiniteState: LinkedInJobsBusinessNews4.1.833.1Apkpure---0c21f6d60e23b0fa05150aadace148b5bcd282f222a84b020a206c24e869f25f---com.google.android.gms.ads.identifier.AdvertisingIdClient---zzd---null
11-30 14:29:33.803 18170 18246 D FiniteState: LinkedInJobsBusinessNews4.1.833.1Apkpure---0c21f6d60e23b0fa05150aadace148b5bcd282f222a84b020a206c24e869f25f---com.google.android.gms.ads.identifier.AdvertisingIdClient---zza---null
11-30 14:29:33.805 18170 18262 D FiniteState: LinkedInJobsBusinessNews4.1.833.1Apkpure---0c21f6d60e23b0fa05150aadace148b5bcd282f222a84b020a206c24e869f25f---com.google.android.gms.ads.identifier.AdvertisingIdClient---zzd---null
11-30 14:29:33.812 18170 18262 D FiniteState: LinkedInJobsBusinessNews4.1.833.1Apkpure---0c21f6d60e23b0fa05150aadace148b5bcd282f222a84b020a206c24e869f25f---com.google.android.gms.ads.identifier.AdvertisingIdClient---zza---null
11-30 14:29:35.911 18170 18246 D FiniteState: LinkedInJobsBusinessNews4.1.833.1Apkpure---0c21f6d60e23b0fa05150aadace148b5bcd282f222a84b020a206c24e869f25f---com.google.android.gms.ads.identifier.AdvertisingIdClient---getAdvertisingIdInfo---null
11-30 14:29:35.911 18170 18246 D FiniteState: LinkedInJobsBusinessNews4.1.833.1Apkpure---0c21f6d60e23b0fa05150aadace148b5bcd282f222a84b020a206c24e869f25f---com.google.android.gms.ads.identifier.AdvertisingIdClient---zzb---null
11-30 14:29:35.915 18170 18239 D FiniteState: LinkedInJobsBusinessNews4.1.833.1Apkpure---0c21f6d60e23b0fa05150aadace148b5bcd282f222a84b020a206c24e869f25f---com.google.android.gms.ads.identifier.AdvertisingIdClient---getAdvertisingIdInfo---null
11-30 14:29:35.915 18170 18239 D FiniteState: LinkedInJobsBusinessNews4.1.833.1Apkpure---0c21f6d60e23b0fa05150aadace148b5bcd282f222a84b020a206c24e869f25f---com.google.android.gms.ads.identifier.AdvertisingIdClient---zzb---null
11-30 14:29:35.938 18170 18239 D FiniteState: LinkedInJobsBusinessNews4.1.833.1Apkpure---0c21f6d60e23b0fa05150aadace148b5bcd282f222a84b020a206c24e869f25f---com.google.android.gms.ads.identifier.AdvertisingIdClient---zzd---null
11-30 14:29:35.944 18170 18239 D FiniteState: LinkedInJobsBusinessNews4.1.833.1Apkpure---0c21f6d60e23b0fa05150aadace148b5bcd282f222a84b020a206c24e869f25f---com.google.android.gms.ads.identifier.AdvertisingIdClient---zza---null
11-30 14:29:35.955 18170 18246 D FiniteState: LinkedInJobsBusinessNews4.1.833.1Apkpure---0c21f6d60e23b0fa05150aadace148b5bcd282f222a84b020a206c24e869f25f---com.google.android.gms.ads.identifier.AdvertisingIdClient---zzd---null
11-30 14:29:35.962 18170 18246 D FiniteState: LinkedInJobsBusinessNews4.1.833.1Apkpure---0c21f6d60e23b0fa05150aadace148b5bcd282f222a84b020a206c24e869f25f---com.google.android.gms.ads.identifier.AdvertisingIdClient---zza---null
11-30 14:29:35.988 18170 18246 D FiniteState: LinkedInJobsBusinessNews4.1.833.1Apkpure---0c21f6d60e23b0fa05150aadace148b5bcd282f222a84b020a206c24e869f25f---com.google.android.gms.ads.identifier.AdvertisingIdClient---getAdvertisingIdInfo---null
11-30 14:29:35.988 18170 18246 D FiniteState: LinkedInJobsBusinessNews4.1.833.1Apkpure---0c21f6d60e23b0fa05150aadace148b5bcd282f222a84b020a206c24e869f25f---com.google.android.gms.ads.identifier.AdvertisingIdClient---zzb---null
11-30 14:29:35.994 18170 18246 D FiniteState: LinkedInJobsBusinessNews4.1.833.1Apkpure---0c21f6d60e23b0fa05150aadace148b5bcd282f222a84b020a206c24e869f25f---com.google.android.gms.ads.identifier.AdvertisingIdClient---zzd---null
11-30 14:29:36.024 18170 18246 D FiniteState: LinkedInJobsBusinessNews4.1.833.1Apkpure---0c21f6d60e23b0fa05150aadace148b5bcd282f222a84b020a206c24e869f25f---com.google.android.gms.ads.identifier.AdvertisingIdClient---zza---null
11-30 14:29:43.723 18170 18181 D FiniteState: LinkedInJobsBusinessNews4.1.833.1Apkpure---0c21f6d60e23b0fa05150aadace148b5bcd282f222a84b020a206c24e869f25f---com.google.android.gms.ads.identifier.AdvertisingIdClient---zza---null
11-30 14:29:43.723 18170 18181 D FiniteState: LinkedInJobsBusinessNews4.1.833.1Apkpure---0c21f6d60e23b0fa05150aadace148b5bcd282f222a84b020a206c24e869f25f---com.google.android.gms.ads.identifier.AdvertisingIdClient---finalize---null
11-30 14:29:43.723 18170 18181 D FiniteState: LinkedInJobsBusinessNews4.1.833.1Apkpure---0c21f6d60e23b0fa05150aadace148b5bcd282f222a84b020a206c24e869f25f---com.google.android.gms.ads.identifier.AdvertisingIdClient---zza---null
11-30 14:29:43.723 18170 18181 D FiniteState: LinkedInJobsBusinessNews4.1.833.1Apkpure---0c21f6d60e23b0fa05150aadace148b5bcd282f222a84b020a206c24e869f25f---com.google.android.gms.ads.identifier.AdvertisingIdClient---finalize---null
11-30 14:29:43.724 18170 18181 D FiniteState: LinkedInJobsBusinessNews4.1.833.1Apkpure---0c21f6d60e23b0fa05150aadace148b5bcd282f222a84b020a206c24e869f25f---com.google.android.gms.ads.identifier.AdvertisingIdClient---zza---null
11-30 14:29:43.724 18170 18181 D FiniteState: LinkedInJobsBusinessNews4.1.833.1Apkpure---0c21f6d60e23b0fa05150aadace148b5bcd282f222a84b020a206c24e869f25f---com.google.android.gms.ads.identifier.AdvertisingIdClient---finalize---null
11-30 14:29:43.724 18170 18181 D FiniteState: LinkedInJobsBusinessNews4.1.833.1Apkpure---0c21f6d60e23b0fa05150aadace148b5bcd282f222a84b020a206c24e869f25f---com.google.android.gms.ads.identifier.AdvertisingIdClient---zza---null
11-30 14:29:43.724 18170 18181 D FiniteState: LinkedInJobsBusinessNews4.1.833.1Apkpure---0c21f6d60e23b0fa05150aadace148b5bcd282f222a84b020a206c24e869f25f---com.google.android.gms.ads.identifier.AdvertisingIdClient---finalize---null
11-30 14:29:43.724 18170 18181 D FiniteState: LinkedInJobsBusinessNews4.1.833.1Apkpure---0c21f6d60e23b0fa05150aadace148b5bcd282f222a84b020a206c24e869f25f---com.google.android.gms.ads.identifier.AdvertisingIdClient---zza---null
11-30 14:29:43.724 18170 18181 D FiniteState: LinkedInJobsBusinessNews4.1.833.1Apkpure---0c21f6d60e23b0fa05150aadace148b5bcd282f222a84b020a206c24e869f25f---com.google.android.gms.ads.identifier.AdvertisingIdClient---finalize---null
11-30 14:30:25.738 19644 19661 D FiniteState: FlipaClipCreate2DAnimation3.3.7Apkpure---5bb894104924433a374e0a18e2aa9d319009233e5c7a60896855e59345418ff8---com.google.android.gms.ads.identifier.AdvertisingIdClient---getAdvertisingIdInfo---null
11-30 14:30:25.739 19644 19661 D FiniteState: FlipaClipCreate2DAnimation3.3.7Apkpure---5bb894104924433a374e0a18e2aa9d319009233e5c7a60896855e59345418ff8---com.google.android.gms.ads.identifier.AdvertisingIdClient---zzb---null
11-30 14:30:25.745 19644 19644 D FiniteState: FlipaClipCreate2DAnimation3.3.7Apkpure---5bb894104924433a374e0a18e2aa9d319009233e5c7a60896855e59345418ff8---com.google.android.gms.ads.MobileAdsInitProvider---attachInfo---null
11-30 14:30:25.862 19644 19644 D FiniteState: FlipaClipCreate2DAnimation3.3.7Apkpure---5bb894104924433a374e0a18e2aa9d319009233e5c7a60896855e59345418ff8---com.facebook.ads.internal.dynamicloading.DynamicLoaderFactory---initialize---null
11-30 14:30:25.863 19644 19644 D FiniteState: FlipaClipCreate2DAnimation3.3.7Apkpure---5bb894104924433a374e0a18e2aa9d319009233e5c7a60896855e59345418ff8---com.facebook.ads.AudienceNetworkContentProvider---onCreate---null
11-30 14:30:25.865 19644 19706 D FiniteState: FlipaClipCreate2DAnimation3.3.7Apkpure---5bb894104924433a374e0a18e2aa9d319009233e5c7a60896855e59345418ff8---com.facebook.ads.internal.util.common.ANActivityLifecycleCallbacksListener---registerActivityCallbacks---null
11-30 14:30:25.865 19644 19706 D FiniteState: FlipaClipCreate2DAnimation3.3.7Apkpure---5bb894104924433a374e0a18e2aa9d319009233e5c7a60896855e59345418ff8---com.facebook.ads.internal.dynamicloading.DynamicLoaderFactory$a---run---null
11-30 14:30:26.267 19644 19706 D FiniteState: FlipaClipCreate2DAnimation3.3.7Apkpure---5bb894104924433a374e0a18e2aa9d319009233e5c7a60896855e59345418ff8---com.facebook.ads.internal.dynamicloading.DynamicLoaderFactory---access$200---null
11-30 14:30:26.306 19644 19644 D FiniteState: FlipaClipCreate2DAnimation3.3.7Apkpure---5bb894104924433a374e0a18e2aa9d319009233e5c7a60896855e59345418ff8---com.facebook.ads.internal.util.common.ANActivityLifecycleCallbacksListener---onActivityCreated---null
11-30 14:30:26.323 19644 19644 D FiniteState: FlipaClipCreate2DAnimation3.3.7Apkpure---5bb894104924433a374e0a18e2aa9d319009233e5c7a60896855e59345418ff8---com.facebook.ads.internal.util.common.ANActivityLifecycleCallbacksListener---onActivityStarted---null
11-30 14:30:26.533 19644 19644 D FiniteState: FlipaClipCreate2DAnimation3.3.7Apkpure---5bb894104924433a374e0a18e2aa9d319009233e5c7a60896855e59345418ff8---com.facebook.ads.internal.util.common.ANActivityLifecycleCallbacksListener---onActivityResumed---null
11-30 14:30:26.552 19644 19661 D FiniteState: FlipaClipCreate2DAnimation3.3.7Apkpure---5bb894104924433a374e0a18e2aa9d319009233e5c7a60896855e59345418ff8---com.google.android.gms.ads.identifier.AdvertisingIdClient---zzd---null
11-30 14:30:26.559 19644 19661 D FiniteState: FlipaClipCreate2DAnimation3.3.7Apkpure---5bb894104924433a374e0a18e2aa9d319009233e5c7a60896855e59345418ff8---com.google.android.gms.ads.identifier.AdvertisingIdClient---zza---null
11-30 14:30:26.821 19644 19644 D FiniteState: FlipaClipCreate2DAnimation3.3.7Apkpure---5bb894104924433a374e0a18e2aa9d319009233e5c7a60896855e59345418ff8---com.facebook.ads.internal.util.common.ANActivityLifecycleCallbacksListener---onActivityPaused---null
11-30 14:30:27.151 19644 19712 D FiniteState: FlipaClipCreate2DAnimation3.3.7Apkpure---5bb894104924433a374e0a18e2aa9d319009233e5c7a60896855e59345418ff8---com.google.android.gms.ads.identifier.AdvertisingIdClient---getAdvertisingIdInfo---null
11-30 14:30:27.151 19644 19712 D FiniteState: FlipaClipCreate2DAnimation3.3.7Apkpure---5bb894104924433a374e0a18e2aa9d319009233e5c7a60896855e59345418ff8---com.google.android.gms.ads.identifier.AdvertisingIdClient---zzb---null
11-30 14:30:27.431 19644 19712 D FiniteState: FlipaClipCreate2DAnimation3.3.7Apkpure---5bb894104924433a374e0a18e2aa9d319009233e5c7a60896855e59345418ff8---com.google.android.gms.ads.identifier.AdvertisingIdClient---zzd---null
11-30 14:30:27.506 19644 19712 D FiniteState: FlipaClipCreate2DAnimation3.3.7Apkpure---5bb894104924433a374e0a18e2aa9d319009233e5c7a60896855e59345418ff8---com.google.android.gms.ads.identifier.AdvertisingIdClient---zza---null
11-30 14:30:34.467 19644 19644 D FiniteState: FlipaClipCreate2DAnimation3.3.7Apkpure---5bb894104924433a374e0a18e2aa9d319009233e5c7a60896855e59345418ff8---com.facebook.ads.internal.util.common.ANActivityLifecycleCallbacksListener---onActivityResumed---null
11-30 14:30:36.607 19644 19654 D FiniteState: FlipaClipCreate2DAnimation3.3.7Apkpure---5bb894104924433a374e0a18e2aa9d319009233e5c7a60896855e59345418ff8---com.google.android.gms.ads.identifier.AdvertisingIdClient---zza---null
11-30 14:30:36.607 19644 19654 D FiniteState: FlipaClipCreate2DAnimation3.3.7Apkpure---5bb894104924433a374e0a18e2aa9d319009233e5c7a60896855e59345418ff8---com.google.android.gms.ads.identifier.AdvertisingIdClient---finalize---null
11-30 14:30:36.608 19644 19654 D FiniteState: FlipaClipCreate2DAnimation3.3.7Apkpure---5bb894104924433a374e0a18e2aa9d319009233e5c7a60896855e59345418ff8---com.google.android.gms.ads.identifier.AdvertisingIdClient---zza---null
11-30 14:30:36.608 19644 19654 D FiniteState: FlipaClipCreate2DAnimation3.3.7Apkpure---5bb894104924433a374e0a18e2aa9d319009233e5c7a60896855e59345418ff8---com.google.android.gms.ads.identifier.AdvertisingIdClient---finalize---null
11-30 14:31:41.334 20438 20455 D FiniteState: TappytoonComicsNovels3.35.1Apkpure---abf86ca642dd75bff1f9df756cccf851cea157a438157816c0ad665a79f5d26c---com.google.android.gms.ads.identifier.AdvertisingIdClient---getAdvertisingIdInfo---null
11-30 14:31:41.334 20438 20455 D FiniteState: TappytoonComicsNovels3.35.1Apkpure---abf86ca642dd75bff1f9df756cccf851cea157a438157816c0ad665a79f5d26c---com.google.android.gms.ads.identifier.AdvertisingIdClient---zzb---null
11-30 14:31:41.335 20438 20438 D FiniteState: TappytoonComicsNovels3.35.1Apkpure---abf86ca642dd75bff1f9df756cccf851cea157a438157816c0ad665a79f5d26c---com.google.android.gms.ads.MobileAdsInitProvider---attachInfo---null
11-30 14:31:41.405 20438 20438 D FiniteState: TappytoonComicsNovels3.35.1Apkpure---abf86ca642dd75bff1f9df756cccf851cea157a438157816c0ad665a79f5d26c---com.facebook.ads.internal.dynamicloading.DynamicLoaderFactory---initialize---null
11-30 14:31:41.406 20438 20438 D FiniteState: TappytoonComicsNovels3.35.1Apkpure---abf86ca642dd75bff1f9df756cccf851cea157a438157816c0ad665a79f5d26c---com.facebook.ads.AudienceNetworkContentProvider---onCreate---null
11-30 14:31:41.406 20438 20482 D FiniteState: TappytoonComicsNovels3.35.1Apkpure---abf86ca642dd75bff1f9df756cccf851cea157a438157816c0ad665a79f5d26c---com.facebook.ads.internal.util.common.ANActivityLifecycleCallbacksListener---registerActivityCallbacks---null
11-30 14:31:41.407 20438 20482 D FiniteState: TappytoonComicsNovels3.35.1Apkpure---abf86ca642dd75bff1f9df756cccf851cea157a438157816c0ad665a79f5d26c---com.facebook.ads.internal.dynamicloading.DynamicLoaderFactory$1---run---null
11-30 14:31:41.420 20438 20491 D FiniteState: TappytoonComicsNovels3.35.1Apkpure---abf86ca642dd75bff1f9df756cccf851cea157a438157816c0ad665a79f5d26c---com.google.android.gms.ads.identifier.AdvertisingIdClient---getAdvertisingIdInfo---null
11-30 14:31:41.420 20438 20491 D FiniteState: TappytoonComicsNovels3.35.1Apkpure---abf86ca642dd75bff1f9df756cccf851cea157a438157816c0ad665a79f5d26c---com.google.android.gms.ads.identifier.AdvertisingIdClient---zzb---null
11-30 14:32:18.334 20848 20895 D FiniteState: TeachMeAnatomy5.34Apkpure---4e4b068824b6b006c5364efe2440c15bb3e778a5a90bad5a741486e6eba9e7fa---com.google.android.gms.ads.identifier.AdvertisingIdClient---getAdvertisingIdInfo---null
11-30 14:32:18.337 20848 20895 D FiniteState: TeachMeAnatomy5.34Apkpure---4e4b068824b6b006c5364efe2440c15bb3e778a5a90bad5a741486e6eba9e7fa---com.google.android.gms.ads.identifier.AdvertisingIdClient---zza---null
11-30 14:32:18.337 20848 20895 D FiniteState: TeachMeAnatomy5.34Apkpure---4e4b068824b6b006c5364efe2440c15bb3e778a5a90bad5a741486e6eba9e7fa---com.google.android.gms.ads.identifier.AdvertisingIdClient---zza---null
11-30 14:32:19.072 20848 20895 D FiniteState: TeachMeAnatomy5.34Apkpure---4e4b068824b6b006c5364efe2440c15bb3e778a5a90bad5a741486e6eba9e7fa---com.google.android.gms.ads.identifier.AdvertisingIdClient---getInfo---null
11-30 14:32:19.079 20848 20895 D FiniteState: TeachMeAnatomy5.34Apkpure---4e4b068824b6b006c5364efe2440c15bb3e778a5a90bad5a741486e6eba9e7fa---com.google.android.gms.ads.identifier.AdvertisingIdClient---finish---null
11-30 14:32:19.083 20848 20895 D FiniteState: TeachMeAnatomy5.34Apkpure---4e4b068824b6b006c5364efe2440c15bb3e778a5a90bad5a741486e6eba9e7fa---com.google.android.gms.ads.identifier.AdvertisingIdClient---getAdvertisingIdInfo---null
11-30 14:32:19.083 20848 20895 D FiniteState: TeachMeAnatomy5.34Apkpure---4e4b068824b6b006c5364efe2440c15bb3e778a5a90bad5a741486e6eba9e7fa---com.google.android.gms.ads.identifier.AdvertisingIdClient---zza---null
11-30 14:32:19.083 20848 20895 D FiniteState: TeachMeAnatomy5.34Apkpure---4e4b068824b6b006c5364efe2440c15bb3e778a5a90bad5a741486e6eba9e7fa---com.google.android.gms.ads.identifier.AdvertisingIdClient---zza---null
11-30 14:32:19.146 20848 20859 D FiniteState: TeachMeAnatomy5.34Apkpure---4e4b068824b6b006c5364efe2440c15bb3e778a5a90bad5a741486e6eba9e7fa---com.google.android.gms.ads.identifier.AdvertisingIdClient---finish---null
11-30 14:32:19.146 20848 20859 D FiniteState: TeachMeAnatomy5.34Apkpure---4e4b068824b6b006c5364efe2440c15bb3e778a5a90bad5a741486e6eba9e7fa---com.google.android.gms.ads.identifier.AdvertisingIdClient---finalize---null
11-30 14:32:19.466 20848 20895 D FiniteState: TeachMeAnatomy5.34Apkpure---4e4b068824b6b006c5364efe2440c15bb3e778a5a90bad5a741486e6eba9e7fa---com.google.android.gms.ads.identifier.AdvertisingIdClient---getInfo---null
11-30 14:32:19.467 20848 20895 D FiniteState: TeachMeAnatomy5.34Apkpure---4e4b068824b6b006c5364efe2440c15bb3e778a5a90bad5a741486e6eba9e7fa---com.google.android.gms.ads.identifier.AdvertisingIdClient---finish---null
11-30 14:32:20.371 20848 20859 D FiniteState: TeachMeAnatomy5.34Apkpure---4e4b068824b6b006c5364efe2440c15bb3e778a5a90bad5a741486e6eba9e7fa---com.google.android.gms.ads.identifier.AdvertisingIdClient---finish---null
11-30 14:32:20.371 20848 20859 D FiniteState: TeachMeAnatomy5.34Apkpure---4e4b068824b6b006c5364efe2440c15bb3e778a5a90bad5a741486e6eba9e7fa---com.google.android.gms.ads.identifier.AdvertisingIdClient---finalize---null
11-30 14:33:36.633 21480 21480 D FiniteState: SmartTools-Utilities20.6Apkpure---15efb6f40b69f3fc9c53c94dca8198f4707e1a6366be8cf141d90060c599f756---com.google.android.gms.ads.MobileAdsInitProvider---attachInfo---null
11-30 14:33:36.641 21480 21480 D FiniteState: SmartTools-Utilities20.6Apkpure---15efb6f40b69f3fc9c53c94dca8198f4707e1a6366be8cf141d90060c599f756---com.facebook.ads.internal.dynamicloading.DynamicLoaderFactory---initialize---null
11-30 14:33:36.641 21480 21480 D FiniteState: SmartTools-Utilities20.6Apkpure---15efb6f40b69f3fc9c53c94dca8198f4707e1a6366be8cf141d90060c599f756---com.facebook.ads.AudienceNetworkContentProvider---onCreate---null
11-30 14:33:36.641 21480 21499 D FiniteState: SmartTools-Utilities20.6Apkpure---15efb6f40b69f3fc9c53c94dca8198f4707e1a6366be8cf141d90060c599f756---com.facebook.ads.internal.util.common.ANActivityLifecycleCallbacksListener---registerActivityCallbacks---null
11-30 14:33:36.641 21480 21499 D FiniteState: SmartTools-Utilities20.6Apkpure---15efb6f40b69f3fc9c53c94dca8198f4707e1a6366be8cf141d90060c599f756---com.facebook.ads.internal.dynamicloading.DynamicLoaderFactory$a---run---null
11-30 14:33:36.699 21480 21480 D FiniteState: SmartTools-Utilities20.6Apkpure---15efb6f40b69f3fc9c53c94dca8198f4707e1a6366be8cf141d90060c599f756---com.facebook.ads.internal.util.common.ANActivityLifecycleCallbacksListener---onActivityCreated---null
11-30 14:33:36.764 21480 21480 D FiniteState: SmartTools-Utilities20.6Apkpure---15efb6f40b69f3fc9c53c94dca8198f4707e1a6366be8cf141d90060c599f756---com.facebook.ads.internal.util.common.ANActivityLifecycleCallbacksListener---onActivityStarted---null
11-30 14:33:36.765 21480 21480 D FiniteState: SmartTools-Utilities20.6Apkpure---15efb6f40b69f3fc9c53c94dca8198f4707e1a6366be8cf141d90060c599f756---com.facebook.ads.internal.util.common.ANActivityLifecycleCallbacksListener---onActivityResumed---null
11-30 14:33:36.767 21480 21480 D FiniteState: SmartTools-Utilities20.6Apkpure---15efb6f40b69f3fc9c53c94dca8198f4707e1a6366be8cf141d90060c599f756---com.facebook.ads.internal.settings.AdInternalSettings---setDataProcessingOptions---null
11-30 14:33:36.767 21480 21480 D FiniteState: SmartTools-Utilities20.6Apkpure---15efb6f40b69f3fc9c53c94dca8198f4707e1a6366be8cf141d90060c599f756---com.facebook.ads.internal.settings.MultithreadedBundleWrapper---putStringArray---null
11-30 14:33:36.767 21480 21480 D FiniteState: SmartTools-Utilities20.6Apkpure---15efb6f40b69f3fc9c53c94dca8198f4707e1a6366be8cf141d90060c599f756---com.facebook.ads.internal.settings.MultithreadedBundleWrapper---putInteger---null
11-30 14:33:36.767 21480 21480 D FiniteState: SmartTools-Utilities20.6Apkpure---15efb6f40b69f3fc9c53c94dca8198f4707e1a6366be8cf141d90060c599f756---com.facebook.ads.internal.settings.MultithreadedBundleWrapper---putInteger---null
11-30 14:33:36.767 21480 21480 D FiniteState: SmartTools-Utilities20.6Apkpure---15efb6f40b69f3fc9c53c94dca8198f4707e1a6366be8cf141d90060c599f756---com.facebook.ads.AdSettings---setDataProcessingOptions---null
11-30 14:33:37.042 21480 21499 D FiniteState: SmartTools-Utilities20.6Apkpure---15efb6f40b69f3fc9c53c94dca8198f4707e1a6366be8cf141d90060c599f756---com.facebook.ads.internal.dynamicloading.DynamicLoaderFactory---access$200---null
11-30 14:33:37.128 21480 21480 D FiniteState: SmartTools-Utilities20.6Apkpure---15efb6f40b69f3fc9c53c94dca8198f4707e1a6366be8cf141d90060c599f756---com.google.android.gms.ads.MobileAds---a---null
11-30 14:33:37.921 21480 21480 D FiniteState: SmartTools-Utilities20.6Apkpure---15efb6f40b69f3fc9c53c94dca8198f4707e1a6366be8cf141d90060c599f756---com.facebook.ads.AudienceNetworkAds---buildInitSettings---null
11-30 14:33:37.922 21480 21480 D FiniteState: SmartTools-Utilities20.6Apkpure---15efb6f40b69f3fc9c53c94dca8198f4707e1a6366be8cf141d90060c599f756---com.facebook.ads.internal.settings.MultithreadedBundleWrapper---putString---null
11-30 14:33:37.922 21480 21480 D FiniteState: SmartTools-Utilities20.6Apkpure---15efb6f40b69f3fc9c53c94dca8198f4707e1a6366be8cf141d90060c599f756---com.facebook.ads.internal.settings.AdInternalSettings---setMediationService---null
11-30 14:33:37.922 21480 21480 D FiniteState: SmartTools-Utilities20.6Apkpure---15efb6f40b69f3fc9c53c94dca8198f4707e1a6366be8cf141d90060c599f756---com.facebook.ads.AdSettings---setMediationService---null
11-30 14:33:37.922 21480 21480 D FiniteState: SmartTools-Utilities20.6Apkpure---15efb6f40b69f3fc9c53c94dca8198f4707e1a6366be8cf141d90060c599f756---com.facebook.ads.internal.api.InitSettingsBuilder---withMediationService---null
11-30 14:33:37.922 21480 21480 D FiniteState: SmartTools-Utilities20.6Apkpure---15efb6f40b69f3fc9c53c94dca8198f4707e1a6366be8cf141d90060c599f756---com.facebook.ads.internal.api.InitSettingsBuilder---withPlacementIds---null
11-30 14:33:37.922 21480 21480 D FiniteState: SmartTools-Utilities20.6Apkpure---15efb6f40b69f3fc9c53c94dca8198f4707e1a6366be8cf141d90060c599f756---com.facebook.ads.internal.settings.MultithreadedBundleWrapper---putStringArrayList---null
11-30 14:33:37.922 21480 21480 D FiniteState: SmartTools-Utilities20.6Apkpure---15efb6f40b69f3fc9c53c94dca8198f4707e1a6366be8cf141d90060c599f756---com.facebook.ads.internal.dynamicloading.DynamicLoaderFactory---initialize---null
11-30 14:33:37.923 21480 21480 D FiniteState: SmartTools-Utilities20.6Apkpure---15efb6f40b69f3fc9c53c94dca8198f4707e1a6366be8cf141d90060c599f756---com.facebook.ads.internal.api.InitSettingsBuilder---initialize---null
11-30 14:33:37.924 21480 21632 D FiniteState: SmartTools-Utilities20.6Apkpure---15efb6f40b69f3fc9c53c94dca8198f4707e1a6366be8cf141d90060c599f756---com.facebook.ads.internal.dynamicloading.DynamicLoaderFactory$a---run---null
11-30 14:33:38.324 21480 21632 D FiniteState: SmartTools-Utilities20.6Apkpure---15efb6f40b69f3fc9c53c94dca8198f4707e1a6366be8cf141d90060c599f756---com.facebook.ads.internal.dynamicloading.DynamicLoaderFactory---createErrorMessage---null
11-30 14:33:38.325 21480 21632 D FiniteState: SmartTools-Utilities20.6Apkpure---15efb6f40b69f3fc9c53c94dca8198f4707e1a6366be8cf141d90060c599f756---com.facebook.ads.internal.dynamicloading.DynamicLoaderFallback---makeFallbackLoader---null
11-30 14:33:38.326 21480 21632 D FiniteState: SmartTools-Utilities20.6Apkpure---15efb6f40b69f3fc9c53c94dca8198f4707e1a6366be8cf141d90060c599f756---com.facebook.ads.internal.dynamicloading.DynamicLoaderFallback$c$a---invoke---null
11-30 14:33:38.326 21480 21632 D FiniteState: SmartTools-Utilities20.6Apkpure---15efb6f40b69f3fc9c53c94dca8198f4707e1a6366be8cf141d90060c599f756---com.facebook.ads.internal.dynamicloading.DynamicLoaderFallback$c$a---invoke---null
11-30 14:33:38.326 21480 21632 D FiniteState: SmartTools-Utilities20.6Apkpure---15efb6f40b69f3fc9c53c94dca8198f4707e1a6366be8cf141d90060c599f756---com.facebook.ads.internal.dynamicloading.DynamicLoaderFallback$c$a---invoke---null
11-30 14:33:38.326 21480 21632 D FiniteState: SmartTools-Utilities20.6Apkpure---15efb6f40b69f3fc9c53c94dca8198f4707e1a6366be8cf141d90060c599f756---com.facebook.ads.internal.dynamicloading.DynamicLoaderFallback$c$a---invoke---null
11-30 14:33:38.326 21480 21632 D FiniteState: SmartTools-Utilities20.6Apkpure---15efb6f40b69f3fc9c53c94dca8198f4707e1a6366be8cf141d90060c599f756---com.facebook.ads.internal.dynamicloading.DynamicLoaderFallback$c$a---invoke---null
11-30 14:33:38.326 21480 21632 D FiniteState: SmartTools-Utilities20.6Apkpure---15efb6f40b69f3fc9c53c94dca8198f4707e1a6366be8cf141d90060c599f756---com.facebook.ads.internal.dynamicloading.DynamicLoaderFallback$c$a---invoke---null
11-30 14:33:38.327 21480 21632 D FiniteState: SmartTools-Utilities20.6Apkpure---15efb6f40b69f3fc9c53c94dca8198f4707e1a6366be8cf141d90060c599f756---com.facebook.ads.internal.dynamicloading.DynamicLoaderFallback$c$a---invoke---null
11-30 14:33:38.327 21480 21632 D FiniteState: SmartTools-Utilities20.6Apkpure---15efb6f40b69f3fc9c53c94dca8198f4707e1a6366be8cf141d90060c599f756---com.facebook.ads.internal.dynamicloading.DynamicLoaderFallback$c$a---invoke---null
11-30 14:33:38.327 21480 21632 D FiniteState: SmartTools-Utilities20.6Apkpure---15efb6f40b69f3fc9c53c94dca8198f4707e1a6366be8cf141d90060c599f756---com.facebook.ads.internal.dynamicloading.DynamicLoaderFallback$c$a---invoke---null
11-30 14:33:38.327 21480 21632 D FiniteState: SmartTools-Utilities20.6Apkpure---15efb6f40b69f3fc9c53c94dca8198f4707e1a6366be8cf141d90060c599f756---com.facebook.ads.internal.dynamicloading.DynamicLoaderFallback$c$a---invoke---null
11-30 14:33:38.327 21480 21632 D FiniteState: SmartTools-Utilities20.6Apkpure---15efb6f40b69f3fc9c53c94dca8198f4707e1a6366be8cf141d90060c599f756---com.facebook.ads.internal.dynamicloading.DynamicLoaderFallback$c$a---invoke---null
11-30 14:33:38.327 21480 21632 D FiniteState: SmartTools-Utilities20.6Apkpure---15efb6f40b69f3fc9c53c94dca8198f4707e1a6366be8cf141d90060c599f756---com.facebook.ads.internal.dynamicloading.DynamicLoaderFallback$c$a---invoke---null
11-30 14:33:38.327 21480 21632 D FiniteState: SmartTools-Utilities20.6Apkpure---15efb6f40b69f3fc9c53c94dca8198f4707e1a6366be8cf141d90060c599f756---com.facebook.ads.internal.dynamicloading.DynamicLoaderFallback$c$a---invoke---null
11-30 14:33:38.327 21480 21632 D FiniteState: SmartTools-Utilities20.6Apkpure---15efb6f40b69f3fc9c53c94dca8198f4707e1a6366be8cf141d90060c599f756---com.facebook.ads.internal.dynamicloading.DynamicLoaderFallback$c$a---invoke---null
11-30 14:33:38.327 21480 21632 D FiniteState: SmartTools-Utilities20.6Apkpure---15efb6f40b69f3fc9c53c94dca8198f4707e1a6366be8cf141d90060c599f756---com.facebook.ads.internal.dynamicloading.DynamicLoaderFallback$c$a---invoke---null
11-30 14:33:38.327 21480 21632 D FiniteState: SmartTools-Utilities20.6Apkpure---15efb6f40b69f3fc9c53c94dca8198f4707e1a6366be8cf141d90060c599f756---com.facebook.ads.internal.dynamicloading.DynamicLoaderFallback$c$a---invoke---null
11-30 14:33:38.327 21480 21632 D FiniteState: SmartTools-Utilities20.6Apkpure---15efb6f40b69f3fc9c53c94dca8198f4707e1a6366be8cf141d90060c599f756---com.facebook.ads.internal.dynamicloading.DynamicLoaderFallback$c$a---invoke---null
11-30 14:33:38.327 21480 21632 D FiniteState: SmartTools-Utilities20.6Apkpure---15efb6f40b69f3fc9c53c94dca8198f4707e1a6366be8cf141d90060c599f756---com.facebook.ads.internal.dynamicloading.DynamicLoaderFallback$c$a---invoke---null
11-30 14:33:38.327 21480 21632 D FiniteState: SmartTools-Utilities20.6Apkpure---15efb6f40b69f3fc9c53c94dca8198f4707e1a6366be8cf141d90060c599f756---com.facebook.ads.internal.dynamicloading.DynamicLoaderFallback$c$a---invoke---null
11-30 14:33:38.327 21480 21632 D FiniteState: SmartTools-Utilities20.6Apkpure---15efb6f40b69f3fc9c53c94dca8198f4707e1a6366be8cf141d90060c599f756---com.facebook.ads.internal.dynamicloading.DynamicLoaderFallback$c$a---invoke---null
11-30 14:33:38.327 21480 21632 D FiniteState: SmartTools-Utilities20.6Apkpure---15efb6f40b69f3fc9c53c94dca8198f4707e1a6366be8cf141d90060c599f756---com.facebook.ads.internal.dynamicloading.DynamicLoaderFallback$c$a---invoke---null
11-30 14:33:38.327 21480 21632 D FiniteState: SmartTools-Utilities20.6Apkpure---15efb6f40b69f3fc9c53c94dca8198f4707e1a6366be8cf141d90060c599f756---com.facebook.ads.internal.dynamicloading.DynamicLoaderFallback$c$a---invoke---null
11-30 14:33:38.327 21480 21632 D FiniteState: SmartTools-Utilities20.6Apkpure---15efb6f40b69f3fc9c53c94dca8198f4707e1a6366be8cf141d90060c599f756---com.facebook.ads.internal.dynamicloading.DynamicLoaderFactory---setFallbackMode---null
11-30 14:33:38.327 21480 21632 D FiniteState: SmartTools-Utilities20.6Apkpure---15efb6f40b69f3fc9c53c94dca8198f4707e1a6366be8cf141d90060c599f756---com.facebook.ads.internal.dynamicloading.DynamicLoaderFactory---doCallInitialize---null
11-30 14:33:38.327 21480 21632 D FiniteState: SmartTools-Utilities20.6Apkpure---15efb6f40b69f3fc9c53c94dca8198f4707e1a6366be8cf141d90060c599f756---com.facebook.ads.internal.dynamicloading.DynamicLoaderFactory---access$200---null
11-30 14:33:38.428 21480 21480 D FiniteState: SmartTools-Utilities20.6Apkpure---15efb6f40b69f3fc9c53c94dca8198f4707e1a6366be8cf141d90060c599f756---com.facebook.ads.internal.dynamicloading.DynamicLoaderFactory---createErrorInitResult---null
11-30 14:33:38.428 21480 21480 D FiniteState: SmartTools-Utilities20.6Apkpure---15efb6f40b69f3fc9c53c94dca8198f4707e1a6366be8cf141d90060c599f756---com.facebook.ads.internal.dynamicloading.DynamicLoaderFactory---createErrorMessage---null
11-30 14:33:38.428 21480 21480 D FiniteState: SmartTools-Utilities20.6Apkpure---15efb6f40b69f3fc9c53c94dca8198f4707e1a6366be8cf141d90060c599f756---com.facebook.ads.internal.dynamicloading.DynamicLoaderFactory$b---run---null
11-30 14:33:38.481 21480 21509 D FiniteState: SmartTools-Utilities20.6Apkpure---15efb6f40b69f3fc9c53c94dca8198f4707e1a6366be8cf141d90060c599f756---com.facebook.ads.BidderTokenProvider---getBidderToken---null
11-30 14:33:38.481 21480 21509 D FiniteState: SmartTools-Utilities20.6Apkpure---15efb6f40b69f3fc9c53c94dca8198f4707e1a6366be8cf141d90060c599f756---com.facebook.ads.internal.dynamicloading.DynamicLoaderFactory---makeLoader---null
11-30 14:33:44.509 21480 21480 D FiniteState: SmartTools-Utilities20.6Apkpure---15efb6f40b69f3fc9c53c94dca8198f4707e1a6366be8cf141d90060c599f756---com.facebook.ads.internal.util.common.ANActivityLifecycleCallbacksListener---onActivityPaused---null
11-30 14:34:04.309 21480 21480 D FiniteState: SmartTools-Utilities20.6Apkpure---15efb6f40b69f3fc9c53c94dca8198f4707e1a6366be8cf141d90060c599f756---com.facebook.ads.internal.util.common.ANActivityLifecycleCallbacksListener---onActivityResumed---null
11-30 14:34:13.751 21480 21480 D FiniteState: SmartTools-Utilities20.6Apkpure---15efb6f40b69f3fc9c53c94dca8198f4707e1a6366be8cf141d90060c599f756---com.facebook.ads.internal.util.common.ANActivityLifecycleCallbacksListener---onActivityPaused---null
11-30 14:34:13.767 21480 21480 D FiniteState: SmartTools-Utilities20.6Apkpure---15efb6f40b69f3fc9c53c94dca8198f4707e1a6366be8cf141d90060c599f756---com.facebook.ads.internal.util.common.ANActivityLifecycleCallbacksListener---onActivityCreated---null
11-30 14:34:13.780 21480 21480 D FiniteState: SmartTools-Utilities20.6Apkpure---15efb6f40b69f3fc9c53c94dca8198f4707e1a6366be8cf141d90060c599f756---com.facebook.ads.internal.util.common.ANActivityLifecycleCallbacksListener---onActivityStarted---null
11-30 14:34:13.780 21480 21480 D FiniteState: SmartTools-Utilities20.6Apkpure---15efb6f40b69f3fc9c53c94dca8198f4707e1a6366be8cf141d90060c599f756---com.facebook.ads.internal.util.common.ANActivityLifecycleCallbacksListener---onActivityResumed---null
11-30 14:34:14.304 21480 21480 D FiniteState: SmartTools-Utilities20.6Apkpure---15efb6f40b69f3fc9c53c94dca8198f4707e1a6366be8cf141d90060c599f756---com.facebook.ads.internal.util.common.ANActivityLifecycleCallbacksListener---onActivityStopped---null
11-30 14:34:27.268 22023 22023 D FiniteState: CarGurusUsedNewCars2.77Apkpure---652aa32ee11dd109f11feef942fa4207306b1651e8f342e047cf450d8ae7b9a5---com.google.android.gms.ads.MobileAdsInitProvider---attachInfo---null
11-30 14:34:27.442 22023 22023 D FiniteState: CarGurusUsedNewCars2.77Apkpure---652aa32ee11dd109f11feef942fa4207306b1651e8f342e047cf450d8ae7b9a5---com.google.android.gms.ads.RequestConfiguration$Builder---build---null
11-30 14:34:27.442 22023 22023 D FiniteState: CarGurusUsedNewCars2.77Apkpure---652aa32ee11dd109f11feef942fa4207306b1651e8f342e047cf450d8ae7b9a5---com.google.android.gms.ads.internal.client.zzej---zzf---null
11-30 14:34:27.444 22023 22023 D FiniteState: CarGurusUsedNewCars2.77Apkpure---652aa32ee11dd109f11feef942fa4207306b1651e8f342e047cf450d8ae7b9a5---com.google.android.gms.ads.internal.client.zzej---zzA---null
11-30 14:34:27.444 22023 22023 D FiniteState: CarGurusUsedNewCars2.77Apkpure---652aa32ee11dd109f11feef942fa4207306b1651e8f342e047cf450d8ae7b9a5---com.google.android.gms.ads.internal.client.zzax---zzd---null
11-30 14:34:27.446 22023 22023 D FiniteState: CarGurusUsedNewCars2.77Apkpure---652aa32ee11dd109f11feef942fa4207306b1651e8f342e047cf450d8ae7b9a5---com.google.android.gms.ads.internal.client.zzaq---zzc---null
11-30 14:34:27.447 22023 22023 D FiniteState: CarGurusUsedNewCars2.77Apkpure---652aa32ee11dd109f11feef942fa4207306b1651e8f342e047cf450d8ae7b9a5---com.google.android.gms.ads.internal.client.zzeq---getRemoteCreator---null
11-30 14:34:27.448 22023 22023 D FiniteState: CarGurusUsedNewCars2.77Apkpure---652aa32ee11dd109f11feef942fa4207306b1651e8f342e047cf450d8ae7b9a5---com.google.android.gms.ads.internal.client.zzcp---zze---null
11-30 14:34:27.477 22023 22023 D FiniteState: CarGurusUsedNewCars2.77Apkpure---652aa32ee11dd109f11feef942fa4207306b1651e8f342e047cf450d8ae7b9a5---com.google.android.gms.ads.internal.client.zzeq---zza---null
11-30 14:34:27.477 22023 22023 D FiniteState: CarGurusUsedNewCars2.77Apkpure---652aa32ee11dd109f11feef942fa4207306b1651e8f342e047cf450d8ae7b9a5---com.google.android.gms.ads.internal.client.zzcm---zzs---null
11-30 14:34:27.477 22023 22023 D FiniteState: CarGurusUsedNewCars2.77Apkpure---652aa32ee11dd109f11feef942fa4207306b1651e8f342e047cf450d8ae7b9a5---com.google.android.gms.ads.internal.client.zzcm---zzo---null
11-30 14:34:27.478 22023 22023 D FiniteState: CarGurusUsedNewCars2.77Apkpure---652aa32ee11dd109f11feef942fa4207306b1651e8f342e047cf450d8ae7b9a5---com.google.android.gms.ads.internal.client.zzej---zzz---null
11-30 14:34:27.478 22023 22023 D FiniteState: CarGurusUsedNewCars2.77Apkpure---652aa32ee11dd109f11feef942fa4207306b1651e8f342e047cf450d8ae7b9a5---com.google.android.gms.ads.internal.client.zzcm---zzk---null
11-30 14:34:27.478 22023 22023 D FiniteState: CarGurusUsedNewCars2.77Apkpure---652aa32ee11dd109f11feef942fa4207306b1651e8f342e047cf450d8ae7b9a5---com.google.android.gms.ads.internal.client.zzcm---zzl---null
11-30 14:34:27.495 22023 22093 D FiniteState: CarGurusUsedNewCars2.77Apkpure---652aa32ee11dd109f11feef942fa4207306b1651e8f342e047cf450d8ae7b9a5---com.google.android.gms.ads.identifier.AdvertisingIdClient---getAdvertisingIdInfo---null
11-30 14:34:27.495 22023 22093 D FiniteState: CarGurusUsedNewCars2.77Apkpure---652aa32ee11dd109f11feef942fa4207306b1651e8f342e047cf450d8ae7b9a5---com.google.android.gms.ads.identifier.AdvertisingIdClient---zzb---null
11-30 14:34:27.778 22023 22023 D FiniteState: CarGurusUsedNewCars2.77Apkpure---652aa32ee11dd109f11feef942fa4207306b1651e8f342e047cf450d8ae7b9a5---com.google.android.gms.ads.MobileAds---initialize---null
11-30 14:34:27.872 22023 22093 D FiniteState: CarGurusUsedNewCars2.77Apkpure---652aa32ee11dd109f11feef942fa4207306b1651e8f342e047cf450d8ae7b9a5---com.google.android.gms.ads.identifier.AdvertisingIdClient---zzd---null
11-30 14:34:27.939 22023 22093 D FiniteState: CarGurusUsedNewCars2.77Apkpure---652aa32ee11dd109f11feef942fa4207306b1651e8f342e047cf450d8ae7b9a5---com.google.android.gms.ads.identifier.AdvertisingIdClient---zza---null
11-30 14:34:28.544 22023 22234 D FiniteState: CarGurusUsedNewCars2.77Apkpure---652aa32ee11dd109f11feef942fa4207306b1651e8f342e047cf450d8ae7b9a5---com.google.android.gms.ads.identifier.AdvertisingIdClient---getAdvertisingIdInfo---null
11-30 14:34:28.544 22023 22234 D FiniteState: CarGurusUsedNewCars2.77Apkpure---652aa32ee11dd109f11feef942fa4207306b1651e8f342e047cf450d8ae7b9a5---com.google.android.gms.ads.identifier.AdvertisingIdClient---zzb---null
11-30 14:34:28.549 22023 22234 D FiniteState: CarGurusUsedNewCars2.77Apkpure---652aa32ee11dd109f11feef942fa4207306b1651e8f342e047cf450d8ae7b9a5---com.google.android.gms.ads.identifier.AdvertisingIdClient---zzd---null
11-30 14:34:28.552 22023 22234 D FiniteState: CarGurusUsedNewCars2.77Apkpure---652aa32ee11dd109f11feef942fa4207306b1651e8f342e047cf450d8ae7b9a5---com.google.android.gms.ads.identifier.AdvertisingIdClient---zza---null
11-30 14:34:28.571 22023 22023 D FiniteState: CarGurusUsedNewCars2.77Apkpure---652aa32ee11dd109f11feef942fa4207306b1651e8f342e047cf450d8ae7b9a5---com.google.android.gms.ads.internal.client.zzei---zzb---null
11-30 14:34:28.571 22023 22023 D FiniteState: CarGurusUsedNewCars2.77Apkpure---652aa32ee11dd109f11feef942fa4207306b1651e8f342e047cf450d8ae7b9a5---com.google.android.gms.ads.internal.client.zzej---zzy---null
11-30 14:35:06.858 22638 22656 D FiniteState: WEBTOON2.12.10Apkpure---40627fad47208e13ff7955035d04715ba5b4eebde6c5a19701777458539c1063---com.google.android.gms.ads.identifier.AdvertisingIdClient---getAdvertisingIdInfo---null
11-30 14:35:06.858 22638 22656 D FiniteState: WEBTOON2.12.10Apkpure---40627fad47208e13ff7955035d04715ba5b4eebde6c5a19701777458539c1063---com.google.android.gms.ads.identifier.AdvertisingIdClient---zzb---null
11-30 14:35:06.927 22638 22638 D FiniteState: WEBTOON2.12.10Apkpure---40627fad47208e13ff7955035d04715ba5b4eebde6c5a19701777458539c1063---com.google.android.gms.ads.MobileAdsInitProvider---attachInfo---null
11-30 14:35:06.942 22638 22701 D FiniteState: WEBTOON2.12.10Apkpure---40627fad47208e13ff7955035d04715ba5b4eebde6c5a19701777458539c1063---com.google.android.gms.ads.identifier.AdvertisingIdClient---getAdvertisingIdInfo---null
11-30 14:35:06.942 22638 22701 D FiniteState: WEBTOON2.12.10Apkpure---40627fad47208e13ff7955035d04715ba5b4eebde6c5a19701777458539c1063---com.google.android.gms.ads.identifier.AdvertisingIdClient---zzb---null
11-30 14:35:06.943 22638 22638 D FiniteState: WEBTOON2.12.10Apkpure---40627fad47208e13ff7955035d04715ba5b4eebde6c5a19701777458539c1063---com.facebook.ads.internal.dynamicloading.DynamicLoaderFactory---initialize---null
11-30 14:35:06.943 22638 22638 D FiniteState: WEBTOON2.12.10Apkpure---40627fad47208e13ff7955035d04715ba5b4eebde6c5a19701777458539c1063---com.facebook.ads.AudienceNetworkContentProvider---onCreate---null
11-30 14:35:06.943 22638 22703 D FiniteState: WEBTOON2.12.10Apkpure---40627fad47208e13ff7955035d04715ba5b4eebde6c5a19701777458539c1063---com.facebook.ads.internal.util.common.ANActivityLifecycleCallbacksListener---registerActivityCallbacks---null
