--------- beginning of main
11-30 14:55:26.095 28127 28127 D FiniteState: BloombergFinanceMarketNews5.98.0.3930355.fd19b588eApkpure---5e0b94fe2ccc7730fdab6542ef461e05bca0b5de9ce8ea7f40e24800de70b4d8---com.google.android.gms.ads.MobileAdsInitProvider---attachInfo---null
11-30 14:55:26.418 28127 28178 D FiniteState: BloombergFinanceMarketNews5.98.0.3930355.fd19b588eApkpure---5e0b94fe2ccc7730fdab6542ef461e05bca0b5de9ce8ea7f40e24800de70b4d8---com.google.android.gms.ads.identifier.AdvertisingIdClient---getAdvertisingIdInfo---null
11-30 14:55:26.418 28127 28178 D FiniteState: BloombergFinanceMarketNews5.98.0.3930355.fd19b588eApkpure---5e0b94fe2ccc7730fdab6542ef461e05bca0b5de9ce8ea7f40e24800de70b4d8---com.google.android.gms.ads.identifier.AdvertisingIdClient---zzb---null
11-30 14:55:26.543 28127 28184 D FiniteState: BloombergFinanceMarketNews5.98.0.3930355.fd19b588eApkpure---5e0b94fe2ccc7730fdab6542ef461e05bca0b5de9ce8ea7f40e24800de70b4d8---com.google.android.gms.ads.identifier.AdvertisingIdClient---getAdvertisingIdInfo---null
11-30 14:55:26.543 28127 28184 D FiniteState: BloombergFinanceMarketNews5.98.0.3930355.fd19b588eApkpure---5e0b94fe2ccc7730fdab6542ef461e05bca0b5de9ce8ea7f40e24800de70b4d8---com.google.android.gms.ads.identifier.AdvertisingIdClient---zzb---null
11-30 14:55:26.543 28127 28196 D FiniteState: BloombergFinanceMarketNews5.98.0.3930355.fd19b588eApkpure---5e0b94fe2ccc7730fdab6542ef461e05bca0b5de9ce8ea7f40e24800de70b4d8---com.google.android.gms.ads.identifier.AdvertisingIdClient---getAdvertisingIdInfo---null
11-30 14:55:26.543 28127 28196 D FiniteState: BloombergFinanceMarketNews5.98.0.3930355.fd19b588eApkpure---5e0b94fe2ccc7730fdab6542ef461e05bca0b5de9ce8ea7f40e24800de70b4d8---com.google.android.gms.ads.identifier.AdvertisingIdClient---zzb---null
11-30 14:55:26.574 28127 28178 D FiniteState: BloombergFinanceMarketNews5.98.0.3930355.fd19b588eApkpure---5e0b94fe2ccc7730fdab6542ef461e05bca0b5de9ce8ea7f40e24800de70b4d8---com.google.android.gms.ads.identifier.AdvertisingIdClient---zzd---null
11-30 14:55:26.590 28127 28184 D FiniteState: BloombergFinanceMarketNews5.98.0.3930355.fd19b588eApkpure---5e0b94fe2ccc7730fdab6542ef461e05bca0b5de9ce8ea7f40e24800de70b4d8---com.google.android.gms.ads.identifier.AdvertisingIdClient---zzd---null
11-30 14:55:26.590 28127 28196 D FiniteState: BloombergFinanceMarketNews5.98.0.3930355.fd19b588eApkpure---5e0b94fe2ccc7730fdab6542ef461e05bca0b5de9ce8ea7f40e24800de70b4d8---com.google.android.gms.ads.identifier.AdvertisingIdClient---zzd---null
11-30 14:55:26.602 28127 28184 D FiniteState: BloombergFinanceMarketNews5.98.0.3930355.fd19b588eApkpure---5e0b94fe2ccc7730fdab6542ef461e05bca0b5de9ce8ea7f40e24800de70b4d8---com.google.android.gms.ads.identifier.AdvertisingIdClient---zza---null
11-30 14:55:26.610 28127 28196 D FiniteState: BloombergFinanceMarketNews5.98.0.3930355.fd19b588eApkpure---5e0b94fe2ccc7730fdab6542ef461e05bca0b5de9ce8ea7f40e24800de70b4d8---com.google.android.gms.ads.identifier.AdvertisingIdClient---zza---null
11-30 14:55:26.615 28127 28178 D FiniteState: BloombergFinanceMarketNews5.98.0.3930355.fd19b588eApkpure---5e0b94fe2ccc7730fdab6542ef461e05bca0b5de9ce8ea7f40e24800de70b4d8---com.google.android.gms.ads.identifier.AdvertisingIdClient---zza---null
11-30 14:55:26.859 28127 28196 D FiniteState: BloombergFinanceMarketNews5.98.0.3930355.fd19b588eApkpure---5e0b94fe2ccc7730fdab6542ef461e05bca0b5de9ce8ea7f40e24800de70b4d8---com.google.android.gms.ads.identifier.AdvertisingIdClient---getAdvertisingIdInfo---null
11-30 14:55:26.859 28127 28196 D FiniteState: BloombergFinanceMarketNews5.98.0.3930355.fd19b588eApkpure---5e0b94fe2ccc7730fdab6542ef461e05bca0b5de9ce8ea7f40e24800de70b4d8---com.google.android.gms.ads.identifier.AdvertisingIdClient---zzb---null
11-30 14:55:26.891 28127 28277 D FiniteState: BloombergFinanceMarketNews5.98.0.3930355.fd19b588eApkpure---5e0b94fe2ccc7730fdab6542ef461e05bca0b5de9ce8ea7f40e24800de70b4d8---com.google.android.gms.ads.identifier.AdvertisingIdClient---getAdvertisingIdInfo---null
11-30 14:55:26.891 28127 28277 D FiniteState: BloombergFinanceMarketNews5.98.0.3930355.fd19b588eApkpure---5e0b94fe2ccc7730fdab6542ef461e05bca0b5de9ce8ea7f40e24800de70b4d8---com.google.android.gms.ads.identifier.AdvertisingIdClient---zzb---null
11-30 14:55:26.915 28127 28196 D FiniteState: BloombergFinanceMarketNews5.98.0.3930355.fd19b588eApkpure---5e0b94fe2ccc7730fdab6542ef461e05bca0b5de9ce8ea7f40e24800de70b4d8---com.google.android.gms.ads.identifier.AdvertisingIdClient---zzd---null
11-30 14:55:26.918 28127 28175 D FiniteState: BloombergFinanceMarketNews5.98.0.3930355.fd19b588eApkpure---5e0b94fe2ccc7730fdab6542ef461e05bca0b5de9ce8ea7f40e24800de70b4d8---com.google.android.gms.ads.identifier.AdvertisingIdClient---getAdvertisingIdInfo---null
11-30 14:55:26.919 28127 28175 D FiniteState: BloombergFinanceMarketNews5.98.0.3930355.fd19b588eApkpure---5e0b94fe2ccc7730fdab6542ef461e05bca0b5de9ce8ea7f40e24800de70b4d8---com.google.android.gms.ads.identifier.AdvertisingIdClient---zzb---null
11-30 14:55:26.922 28127 28277 D FiniteState: BloombergFinanceMarketNews5.98.0.3930355.fd19b588eApkpure---5e0b94fe2ccc7730fdab6542ef461e05bca0b5de9ce8ea7f40e24800de70b4d8---com.google.android.gms.ads.identifier.AdvertisingIdClient---zzd---null
11-30 14:55:26.926 28127 28277 D FiniteState: BloombergFinanceMarketNews5.98.0.3930355.fd19b588eApkpure---5e0b94fe2ccc7730fdab6542ef461e05bca0b5de9ce8ea7f40e24800de70b4d8---com.google.android.gms.ads.identifier.AdvertisingIdClient---zza---null
11-30 14:55:26.935 28127 28196 D FiniteState: BloombergFinanceMarketNews5.98.0.3930355.fd19b588eApkpure---5e0b94fe2ccc7730fdab6542ef461e05bca0b5de9ce8ea7f40e24800de70b4d8---com.google.android.gms.ads.identifier.AdvertisingIdClient---zza---null
11-30 14:55:26.943 28127 28175 D FiniteState: BloombergFinanceMarketNews5.98.0.3930355.fd19b588eApkpure---5e0b94fe2ccc7730fdab6542ef461e05bca0b5de9ce8ea7f40e24800de70b4d8---com.google.android.gms.ads.identifier.AdvertisingIdClient---zzd---null
11-30 14:55:26.947 28127 28175 D FiniteState: BloombergFinanceMarketNews5.98.0.3930355.fd19b588eApkpure---5e0b94fe2ccc7730fdab6542ef461e05bca0b5de9ce8ea7f40e24800de70b4d8---com.google.android.gms.ads.identifier.AdvertisingIdClient---zza---null
11-30 14:55:27.176 28127 28196 D FiniteState: BloombergFinanceMarketNews5.98.0.3930355.fd19b588eApkpure---5e0b94fe2ccc7730fdab6542ef461e05bca0b5de9ce8ea7f40e24800de70b4d8---com.google.android.gms.ads.identifier.AdvertisingIdClient---getAdvertisingIdInfo---null
11-30 14:55:27.176 28127 28196 D FiniteState: BloombergFinanceMarketNews5.98.0.3930355.fd19b588eApkpure---5e0b94fe2ccc7730fdab6542ef461e05bca0b5de9ce8ea7f40e24800de70b4d8---com.google.android.gms.ads.identifier.AdvertisingIdClient---zzb---null
11-30 14:55:27.201 28127 28196 D FiniteState: BloombergFinanceMarketNews5.98.0.3930355.fd19b588eApkpure---5e0b94fe2ccc7730fdab6542ef461e05bca0b5de9ce8ea7f40e24800de70b4d8---com.google.android.gms.ads.identifier.AdvertisingIdClient---zzd---null
11-30 14:55:27.202 28127 28196 D FiniteState: BloombergFinanceMarketNews5.98.0.3930355.fd19b588eApkpure---5e0b94fe2ccc7730fdab6542ef461e05bca0b5de9ce8ea7f40e24800de70b4d8---com.google.android.gms.ads.identifier.AdvertisingIdClient---zza---null
11-30 14:55:36.309 28127 28138 D FiniteState: BloombergFinanceMarketNews5.98.0.3930355.fd19b588eApkpure---5e0b94fe2ccc7730fdab6542ef461e05bca0b5de9ce8ea7f40e24800de70b4d8---com.google.android.gms.ads.identifier.AdvertisingIdClient---zza---null
11-30 14:55:36.309 28127 28138 D FiniteState: BloombergFinanceMarketNews5.98.0.3930355.fd19b588eApkpure---5e0b94fe2ccc7730fdab6542ef461e05bca0b5de9ce8ea7f40e24800de70b4d8---com.google.android.gms.ads.identifier.AdvertisingIdClient---finalize---null
11-30 14:55:36.309 28127 28138 D FiniteState: BloombergFinanceMarketNews5.98.0.3930355.fd19b588eApkpure---5e0b94fe2ccc7730fdab6542ef461e05bca0b5de9ce8ea7f40e24800de70b4d8---com.google.android.gms.ads.identifier.AdvertisingIdClient---zza---null
11-30 14:55:36.309 28127 28138 D FiniteState: BloombergFinanceMarketNews5.98.0.3930355.fd19b588eApkpure---5e0b94fe2ccc7730fdab6542ef461e05bca0b5de9ce8ea7f40e24800de70b4d8---com.google.android.gms.ads.identifier.AdvertisingIdClient---finalize---null
11-30 14:55:36.309 28127 28138 D FiniteState: BloombergFinanceMarketNews5.98.0.3930355.fd19b588eApkpure---5e0b94fe2ccc7730fdab6542ef461e05bca0b5de9ce8ea7f40e24800de70b4d8---com.google.android.gms.ads.identifier.AdvertisingIdClient---zza---null
11-30 14:55:36.309 28127 28138 D FiniteState: BloombergFinanceMarketNews5.98.0.3930355.fd19b588eApkpure---5e0b94fe2ccc7730fdab6542ef461e05bca0b5de9ce8ea7f40e24800de70b4d8---com.google.android.gms.ads.identifier.AdvertisingIdClient---finalize---null
11-30 14:55:36.310 28127 28138 D FiniteState: BloombergFinanceMarketNews5.98.0.3930355.fd19b588eApkpure---5e0b94fe2ccc7730fdab6542ef461e05bca0b5de9ce8ea7f40e24800de70b4d8---com.google.android.gms.ads.identifier.AdvertisingIdClient---zza---null
11-30 14:55:36.310 28127 28138 D FiniteState: BloombergFinanceMarketNews5.98.0.3930355.fd19b588eApkpure---5e0b94fe2ccc7730fdab6542ef461e05bca0b5de9ce8ea7f40e24800de70b4d8---com.google.android.gms.ads.identifier.AdvertisingIdClient---finalize---null
11-30 14:55:36.310 28127 28138 D FiniteState: BloombergFinanceMarketNews5.98.0.3930355.fd19b588eApkpure---5e0b94fe2ccc7730fdab6542ef461e05bca0b5de9ce8ea7f40e24800de70b4d8---com.google.android.gms.ads.identifier.AdvertisingIdClient---zza---null
11-30 14:55:36.310 28127 28138 D FiniteState: BloombergFinanceMarketNews5.98.0.3930355.fd19b588eApkpure---5e0b94fe2ccc7730fdab6542ef461e05bca0b5de9ce8ea7f40e24800de70b4d8---com.google.android.gms.ads.identifier.AdvertisingIdClient---finalize---null
11-30 14:55:36.310 28127 28138 D FiniteState: BloombergFinanceMarketNews5.98.0.3930355.fd19b588eApkpure---5e0b94fe2ccc7730fdab6542ef461e05bca0b5de9ce8ea7f40e24800de70b4d8---com.google.android.gms.ads.identifier.AdvertisingIdClient---zza---null
11-30 14:55:36.310 28127 28138 D FiniteState: BloombergFinanceMarketNews5.98.0.3930355.fd19b588eApkpure---5e0b94fe2ccc7730fdab6542ef461e05bca0b5de9ce8ea7f40e24800de70b4d8---com.google.android.gms.ads.identifier.AdvertisingIdClient---finalize---null
11-30 14:55:36.310 28127 28138 D FiniteState: BloombergFinanceMarketNews5.98.0.3930355.fd19b588eApkpure---5e0b94fe2ccc7730fdab6542ef461e05bca0b5de9ce8ea7f40e24800de70b4d8---com.google.android.gms.ads.identifier.AdvertisingIdClient---zza---null
11-30 14:55:36.310 28127 28138 D FiniteState: BloombergFinanceMarketNews5.98.0.3930355.fd19b588eApkpure---5e0b94fe2ccc7730fdab6542ef461e05bca0b5de9ce8ea7f40e24800de70b4d8---com.google.android.gms.ads.identifier.AdvertisingIdClient---finalize---null
11-30 14:56:41.333 29001 29076 D FiniteState: LinkedInJobsBusinessNews4.1.833.1Apkpure---0c21f6d60e23b0fa05150aadace148b5bcd282f222a84b020a206c24e869f25f---com.google.android.gms.ads.identifier.AdvertisingIdClient---getAdvertisingIdInfo---null
11-30 14:56:41.333 29001 29076 D FiniteState: LinkedInJobsBusinessNews4.1.833.1Apkpure---0c21f6d60e23b0fa05150aadace148b5bcd282f222a84b020a206c24e869f25f---com.google.android.gms.ads.identifier.AdvertisingIdClient---zzb---null
11-30 14:56:41.393 29001 29076 D FiniteState: LinkedInJobsBusinessNews4.1.833.1Apkpure---0c21f6d60e23b0fa05150aadace148b5bcd282f222a84b020a206c24e869f25f---com.google.android.gms.ads.identifier.AdvertisingIdClient---zzd---null
11-30 14:56:41.400 29001 29092 D FiniteState: LinkedInJobsBusinessNews4.1.833.1Apkpure---0c21f6d60e23b0fa05150aadace148b5bcd282f222a84b020a206c24e869f25f---com.google.android.gms.ads.identifier.AdvertisingIdClient---getAdvertisingIdInfo---null
11-30 14:56:41.400 29001 29092 D FiniteState: LinkedInJobsBusinessNews4.1.833.1Apkpure---0c21f6d60e23b0fa05150aadace148b5bcd282f222a84b020a206c24e869f25f---com.google.android.gms.ads.identifier.AdvertisingIdClient---zzb---null
11-30 14:56:41.400 29001 29076 D FiniteState: LinkedInJobsBusinessNews4.1.833.1Apkpure---0c21f6d60e23b0fa05150aadace148b5bcd282f222a84b020a206c24e869f25f---com.google.android.gms.ads.identifier.AdvertisingIdClient---zza---null
11-30 14:56:41.697 29001 29092 D FiniteState: LinkedInJobsBusinessNews4.1.833.1Apkpure---0c21f6d60e23b0fa05150aadace148b5bcd282f222a84b020a206c24e869f25f---com.google.android.gms.ads.identifier.AdvertisingIdClient---zzd---null
11-30 14:56:41.711 29001 29092 D FiniteState: LinkedInJobsBusinessNews4.1.833.1Apkpure---0c21f6d60e23b0fa05150aadace148b5bcd282f222a84b020a206c24e869f25f---com.google.android.gms.ads.identifier.AdvertisingIdClient---zza---null
11-30 14:56:44.521 29001 29077 D FiniteState: LinkedInJobsBusinessNews4.1.833.1Apkpure---0c21f6d60e23b0fa05150aadace148b5bcd282f222a84b020a206c24e869f25f---com.google.android.gms.ads.identifier.AdvertisingIdClient---getAdvertisingIdInfo---null
11-30 14:56:44.521 29001 29077 D FiniteState: LinkedInJobsBusinessNews4.1.833.1Apkpure---0c21f6d60e23b0fa05150aadace148b5bcd282f222a84b020a206c24e869f25f---com.google.android.gms.ads.identifier.AdvertisingIdClient---zzb---null
11-30 14:56:44.522 29001 29070 D FiniteState: LinkedInJobsBusinessNews4.1.833.1Apkpure---0c21f6d60e23b0fa05150aadace148b5bcd282f222a84b020a206c24e869f25f---com.google.android.gms.ads.identifier.AdvertisingIdClient---getAdvertisingIdInfo---null
11-30 14:56:44.522 29001 29070 D FiniteState: LinkedInJobsBusinessNews4.1.833.1Apkpure---0c21f6d60e23b0fa05150aadace148b5bcd282f222a84b020a206c24e869f25f---com.google.android.gms.ads.identifier.AdvertisingIdClient---zzb---null
11-30 14:56:44.539 29001 29077 D FiniteState: LinkedInJobsBusinessNews4.1.833.1Apkpure---0c21f6d60e23b0fa05150aadace148b5bcd282f222a84b020a206c24e869f25f---com.google.android.gms.ads.identifier.AdvertisingIdClient---zzd---null
11-30 14:56:44.542 29001 29077 D FiniteState: LinkedInJobsBusinessNews4.1.833.1Apkpure---0c21f6d60e23b0fa05150aadace148b5bcd282f222a84b020a206c24e869f25f---com.google.android.gms.ads.identifier.AdvertisingIdClient---zza---null
11-30 14:56:44.553 29001 29070 D FiniteState: LinkedInJobsBusinessNews4.1.833.1Apkpure---0c21f6d60e23b0fa05150aadace148b5bcd282f222a84b020a206c24e869f25f---com.google.android.gms.ads.identifier.AdvertisingIdClient---zzd---null
11-30 14:56:44.559 29001 29070 D FiniteState: LinkedInJobsBusinessNews4.1.833.1Apkpure---0c21f6d60e23b0fa05150aadace148b5bcd282f222a84b020a206c24e869f25f---com.google.android.gms.ads.identifier.AdvertisingIdClient---zza---null
11-30 14:56:44.574 29001 29076 D FiniteState: LinkedInJobsBusinessNews4.1.833.1Apkpure---0c21f6d60e23b0fa05150aadace148b5bcd282f222a84b020a206c24e869f25f---com.google.android.gms.ads.identifier.AdvertisingIdClient---getAdvertisingIdInfo---null
11-30 14:56:44.574 29001 29076 D FiniteState: LinkedInJobsBusinessNews4.1.833.1Apkpure---0c21f6d60e23b0fa05150aadace148b5bcd282f222a84b020a206c24e869f25f---com.google.android.gms.ads.identifier.AdvertisingIdClient---zzb---null
11-30 14:56:44.581 29001 29076 D FiniteState: LinkedInJobsBusinessNews4.1.833.1Apkpure---0c21f6d60e23b0fa05150aadace148b5bcd282f222a84b020a206c24e869f25f---com.google.android.gms.ads.identifier.AdvertisingIdClient---zzd---null
11-30 14:56:44.587 29001 29076 D FiniteState: LinkedInJobsBusinessNews4.1.833.1Apkpure---0c21f6d60e23b0fa05150aadace148b5bcd282f222a84b020a206c24e869f25f---com.google.android.gms.ads.identifier.AdvertisingIdClient---zza---null
11-30 14:56:51.379 29001 29011 D FiniteState: LinkedInJobsBusinessNews4.1.833.1Apkpure---0c21f6d60e23b0fa05150aadace148b5bcd282f222a84b020a206c24e869f25f---com.google.android.gms.ads.identifier.AdvertisingIdClient---zza---null
11-30 14:56:51.380 29001 29011 D FiniteState: LinkedInJobsBusinessNews4.1.833.1Apkpure---0c21f6d60e23b0fa05150aadace148b5bcd282f222a84b020a206c24e869f25f---com.google.android.gms.ads.identifier.AdvertisingIdClient---finalize---null
11-30 14:56:51.380 29001 29011 D FiniteState: LinkedInJobsBusinessNews4.1.833.1Apkpure---0c21f6d60e23b0fa05150aadace148b5bcd282f222a84b020a206c24e869f25f---com.google.android.gms.ads.identifier.AdvertisingIdClient---zza---null
11-30 14:56:51.380 29001 29011 D FiniteState: LinkedInJobsBusinessNews4.1.833.1Apkpure---0c21f6d60e23b0fa05150aadace148b5bcd282f222a84b020a206c24e869f25f---com.google.android.gms.ads.identifier.AdvertisingIdClient---finalize---null
11-30 14:56:51.380 29001 29011 D FiniteState: LinkedInJobsBusinessNews4.1.833.1Apkpure---0c21f6d60e23b0fa05150aadace148b5bcd282f222a84b020a206c24e869f25f---com.google.android.gms.ads.identifier.AdvertisingIdClient---zza---null
11-30 14:56:51.380 29001 29011 D FiniteState: LinkedInJobsBusinessNews4.1.833.1Apkpure---0c21f6d60e23b0fa05150aadace148b5bcd282f222a84b020a206c24e869f25f---com.google.android.gms.ads.identifier.AdvertisingIdClient---finalize---null
11-30 14:56:51.386 29001 29011 D FiniteState: LinkedInJobsBusinessNews4.1.833.1Apkpure---0c21f6d60e23b0fa05150aadace148b5bcd282f222a84b020a206c24e869f25f---com.google.android.gms.ads.identifier.AdvertisingIdClient---zza---null
11-30 14:56:51.386 29001 29011 D FiniteState: LinkedInJobsBusinessNews4.1.833.1Apkpure---0c21f6d60e23b0fa05150aadace148b5bcd282f222a84b020a206c24e869f25f---com.google.android.gms.ads.identifier.AdvertisingIdClient---finalize---null
11-30 14:56:51.386 29001 29011 D FiniteState: LinkedInJobsBusinessNews4.1.833.1Apkpure---0c21f6d60e23b0fa05150aadace148b5bcd282f222a84b020a206c24e869f25f---com.google.android.gms.ads.identifier.AdvertisingIdClient---zza---null
11-30 14:56:51.386 29001 29011 D FiniteState: LinkedInJobsBusinessNews4.1.833.1Apkpure---0c21f6d60e23b0fa05150aadace148b5bcd282f222a84b020a206c24e869f25f---com.google.android.gms.ads.identifier.AdvertisingIdClient---finalize---null
11-30 14:57:32.941 30391 30415 D FiniteState: FlipaClipCreate2DAnimation3.3.7Apkpure---5bb894104924433a374e0a18e2aa9d319009233e5c7a60896855e59345418ff8---com.google.android.gms.ads.identifier.AdvertisingIdClient---getAdvertisingIdInfo---null
11-30 14:57:32.942 30391 30415 D FiniteState: FlipaClipCreate2DAnimation3.3.7Apkpure---5bb894104924433a374e0a18e2aa9d319009233e5c7a60896855e59345418ff8---com.google.android.gms.ads.identifier.AdvertisingIdClient---zzb---null
11-30 14:57:32.948 30391 30391 D FiniteState: FlipaClipCreate2DAnimation3.3.7Apkpure---5bb894104924433a374e0a18e2aa9d319009233e5c7a60896855e59345418ff8---com.google.android.gms.ads.MobileAdsInitProvider---attachInfo---null
11-30 14:57:33.194 30391 30391 D FiniteState: FlipaClipCreate2DAnimation3.3.7Apkpure---5bb894104924433a374e0a18e2aa9d319009233e5c7a60896855e59345418ff8---com.facebook.ads.internal.dynamicloading.DynamicLoaderFactory---initialize---null
11-30 14:57:33.195 30391 30391 D FiniteState: FlipaClipCreate2DAnimation3.3.7Apkpure---5bb894104924433a374e0a18e2aa9d319009233e5c7a60896855e59345418ff8---com.facebook.ads.AudienceNetworkContentProvider---onCreate---null
11-30 14:57:33.197 30391 30479 D FiniteState: FlipaClipCreate2DAnimation3.3.7Apkpure---5bb894104924433a374e0a18e2aa9d319009233e5c7a60896855e59345418ff8---com.facebook.ads.internal.util.common.ANActivityLifecycleCallbacksListener---registerActivityCallbacks---null
11-30 14:57:33.201 30391 30479 D FiniteState: FlipaClipCreate2DAnimation3.3.7Apkpure---5bb894104924433a374e0a18e2aa9d319009233e5c7a60896855e59345418ff8---com.facebook.ads.internal.dynamicloading.DynamicLoaderFactory$a---run---null
11-30 14:57:33.601 30391 30391 D FiniteState: FlipaClipCreate2DAnimation3.3.7Apkpure---5bb894104924433a374e0a18e2aa9d319009233e5c7a60896855e59345418ff8---com.facebook.ads.internal.util.common.ANActivityLifecycleCallbacksListener---onActivityCreated---null
11-30 14:57:33.603 30391 30479 D FiniteState: FlipaClipCreate2DAnimation3.3.7Apkpure---5bb894104924433a374e0a18e2aa9d319009233e5c7a60896855e59345418ff8---com.facebook.ads.internal.dynamicloading.DynamicLoaderFactory---access$200---null
11-30 14:57:33.661 30391 30391 D FiniteState: FlipaClipCreate2DAnimation3.3.7Apkpure---5bb894104924433a374e0a18e2aa9d319009233e5c7a60896855e59345418ff8---com.facebook.ads.internal.util.common.ANActivityLifecycleCallbacksListener---onActivityStarted---null
11-30 14:57:33.839 30391 30391 D FiniteState: FlipaClipCreate2DAnimation3.3.7Apkpure---5bb894104924433a374e0a18e2aa9d319009233e5c7a60896855e59345418ff8---com.facebook.ads.internal.util.common.ANActivityLifecycleCallbacksListener---onActivityResumed---null
11-30 14:57:33.859 30391 30415 D FiniteState: FlipaClipCreate2DAnimation3.3.7Apkpure---5bb894104924433a374e0a18e2aa9d319009233e5c7a60896855e59345418ff8---com.google.android.gms.ads.identifier.AdvertisingIdClient---zzd---null
11-30 14:57:33.868 30391 30415 D FiniteState: FlipaClipCreate2DAnimation3.3.7Apkpure---5bb894104924433a374e0a18e2aa9d319009233e5c7a60896855e59345418ff8---com.google.android.gms.ads.identifier.AdvertisingIdClient---zza---null
11-30 14:57:34.272 30391 30391 D FiniteState: FlipaClipCreate2DAnimation3.3.7Apkpure---5bb894104924433a374e0a18e2aa9d319009233e5c7a60896855e59345418ff8---com.facebook.ads.internal.util.common.ANActivityLifecycleCallbacksListener---onActivityPaused---null
11-30 14:57:34.389 30391 30485 D FiniteState: FlipaClipCreate2DAnimation3.3.7Apkpure---5bb894104924433a374e0a18e2aa9d319009233e5c7a60896855e59345418ff8---com.google.android.gms.ads.identifier.AdvertisingIdClient---getAdvertisingIdInfo---null
11-30 14:57:34.389 30391 30485 D FiniteState: FlipaClipCreate2DAnimation3.3.7Apkpure---5bb894104924433a374e0a18e2aa9d319009233e5c7a60896855e59345418ff8---com.google.android.gms.ads.identifier.AdvertisingIdClient---zzb---null
11-30 14:57:34.633 30391 30485 D FiniteState: FlipaClipCreate2DAnimation3.3.7Apkpure---5bb894104924433a374e0a18e2aa9d319009233e5c7a60896855e59345418ff8---com.google.android.gms.ads.identifier.AdvertisingIdClient---zzd---null
11-30 14:57:34.634 30391 30485 D FiniteState: FlipaClipCreate2DAnimation3.3.7Apkpure---5bb894104924433a374e0a18e2aa9d319009233e5c7a60896855e59345418ff8---com.google.android.gms.ads.identifier.AdvertisingIdClient---zza---null
11-30 14:57:41.694 30391 30391 D FiniteState: FlipaClipCreate2DAnimation3.3.7Apkpure---5bb894104924433a374e0a18e2aa9d319009233e5c7a60896855e59345418ff8---com.facebook.ads.internal.util.common.ANActivityLifecycleCallbacksListener---onActivityResumed---null
11-30 14:57:43.857 30391 30401 D FiniteState: FlipaClipCreate2DAnimation3.3.7Apkpure---5bb894104924433a374e0a18e2aa9d319009233e5c7a60896855e59345418ff8---com.google.android.gms.ads.identifier.AdvertisingIdClient---zza---null
11-30 14:57:43.857 30391 30401 D FiniteState: FlipaClipCreate2DAnimation3.3.7Apkpure---5bb894104924433a374e0a18e2aa9d319009233e5c7a60896855e59345418ff8---com.google.android.gms.ads.identifier.AdvertisingIdClient---finalize---null
11-30 14:57:43.859 30391 30401 D FiniteState: FlipaClipCreate2DAnimation3.3.7Apkpure---5bb894104924433a374e0a18e2aa9d319009233e5c7a60896855e59345418ff8---com.google.android.gms.ads.identifier.AdvertisingIdClient---zza---null
11-30 14:57:43.859 30391 30401 D FiniteState: FlipaClipCreate2DAnimation3.3.7Apkpure---5bb894104924433a374e0a18e2aa9d319009233e5c7a60896855e59345418ff8---com.google.android.gms.ads.identifier.AdvertisingIdClient---finalize---null
11-30 14:58:47.816 31244 31261 D FiniteState: TappytoonComicsNovels3.35.1Apkpure---abf86ca642dd75bff1f9df756cccf851cea157a438157816c0ad665a79f5d26c---com.google.android.gms.ads.identifier.AdvertisingIdClient---getAdvertisingIdInfo---null
11-30 14:58:47.817 31244 31261 D FiniteState: TappytoonComicsNovels3.35.1Apkpure---abf86ca642dd75bff1f9df756cccf851cea157a438157816c0ad665a79f5d26c---com.google.android.gms.ads.identifier.AdvertisingIdClient---zzb---null
11-30 14:58:47.818 31244 31244 D FiniteState: TappytoonComicsNovels3.35.1Apkpure---abf86ca642dd75bff1f9df756cccf851cea157a438157816c0ad665a79f5d26c---com.google.android.gms.ads.MobileAdsInitProvider---attachInfo---null
11-30 14:58:47.855 31244 31244 D FiniteState: TappytoonComicsNovels3.35.1Apkpure---abf86ca642dd75bff1f9df756cccf851cea157a438157816c0ad665a79f5d26c---com.facebook.ads.internal.dynamicloading.DynamicLoaderFactory---initialize---null
11-30 14:58:47.855 31244 31244 D FiniteState: TappytoonComicsNovels3.35.1Apkpure---abf86ca642dd75bff1f9df756cccf851cea157a438157816c0ad665a79f5d26c---com.facebook.ads.AudienceNetworkContentProvider---onCreate---null
11-30 14:58:47.859 31244 31288 D FiniteState: TappytoonComicsNovels3.35.1Apkpure---abf86ca642dd75bff1f9df756cccf851cea157a438157816c0ad665a79f5d26c---com.facebook.ads.internal.util.common.ANActivityLifecycleCallbacksListener---registerActivityCallbacks---null
11-30 14:58:47.859 31244 31288 D FiniteState: TappytoonComicsNovels3.35.1Apkpure---abf86ca642dd75bff1f9df756cccf851cea157a438157816c0ad665a79f5d26c---com.facebook.ads.internal.dynamicloading.DynamicLoaderFactory$1---run---null
11-30 14:58:47.875 31244 31299 D FiniteState: TappytoonComicsNovels3.35.1Apkpure---abf86ca642dd75bff1f9df756cccf851cea157a438157816c0ad665a79f5d26c---com.google.android.gms.ads.identifier.AdvertisingIdClient---getAdvertisingIdInfo---null
11-30 14:58:47.875 31244 31299 D FiniteState: TappytoonComicsNovels3.35.1Apkpure---abf86ca642dd75bff1f9df756cccf851cea157a438157816c0ad665a79f5d26c---com.google.android.gms.ads.identifier.AdvertisingIdClient---zzb---null
11-30 14:59:24.248 31759 31806 D FiniteState: TeachMeAnatomy5.34Apkpure---4e4b068824b6b006c5364efe2440c15bb3e778a5a90bad5a741486e6eba9e7fa---com.google.android.gms.ads.identifier.AdvertisingIdClient---getAdvertisingIdInfo---null
11-30 14:59:24.274 31759 31806 D FiniteState: TeachMeAnatomy5.34Apkpure---4e4b068824b6b006c5364efe2440c15bb3e778a5a90bad5a741486e6eba9e7fa---com.google.android.gms.ads.identifier.AdvertisingIdClient---zza---null
11-30 14:59:24.275 31759 31806 D FiniteState: TeachMeAnatomy5.34Apkpure---4e4b068824b6b006c5364efe2440c15bb3e778a5a90bad5a741486e6eba9e7fa---com.google.android.gms.ads.identifier.AdvertisingIdClient---zza---null
11-30 14:59:25.133 31759 31806 D FiniteState: TeachMeAnatomy5.34Apkpure---4e4b068824b6b006c5364efe2440c15bb3e778a5a90bad5a741486e6eba9e7fa---com.google.android.gms.ads.identifier.AdvertisingIdClient---getInfo---null
11-30 14:59:25.139 31759 31806 D FiniteState: TeachMeAnatomy5.34Apkpure---4e4b068824b6b006c5364efe2440c15bb3e778a5a90bad5a741486e6eba9e7fa---com.google.android.gms.ads.identifier.AdvertisingIdClient---finish---null
11-30 14:59:25.140 31759 31806 D FiniteState: TeachMeAnatomy5.34Apkpure---4e4b068824b6b006c5364efe2440c15bb3e778a5a90bad5a741486e6eba9e7fa---com.google.android.gms.ads.identifier.AdvertisingIdClient---getAdvertisingIdInfo---null
11-30 14:59:25.140 31759 31806 D FiniteState: TeachMeAnatomy5.34Apkpure---4e4b068824b6b006c5364efe2440c15bb3e778a5a90bad5a741486e6eba9e7fa---com.google.android.gms.ads.identifier.AdvertisingIdClient---zza---null
11-30 14:59:25.140 31759 31806 D FiniteState: TeachMeAnatomy5.34Apkpure---4e4b068824b6b006c5364efe2440c15bb3e778a5a90bad5a741486e6eba9e7fa---com.google.android.gms.ads.identifier.AdvertisingIdClient---zza---null
11-30 14:59:25.307 31759 31806 D FiniteState: TeachMeAnatomy5.34Apkpure---4e4b068824b6b006c5364efe2440c15bb3e778a5a90bad5a741486e6eba9e7fa---com.google.android.gms.ads.identifier.AdvertisingIdClient---getInfo---null
11-30 14:59:25.397 31759 31806 D FiniteState: TeachMeAnatomy5.34Apkpure---4e4b068824b6b006c5364efe2440c15bb3e778a5a90bad5a741486e6eba9e7fa---com.google.android.gms.ads.identifier.AdvertisingIdClient---finish---null
11-30 14:59:26.140 31759 31770 D FiniteState: TeachMeAnatomy5.34Apkpure---4e4b068824b6b006c5364efe2440c15bb3e778a5a90bad5a741486e6eba9e7fa---com.google.android.gms.ads.identifier.AdvertisingIdClient---finish---null
11-30 14:59:26.140 31759 31770 D FiniteState: TeachMeAnatomy5.34Apkpure---4e4b068824b6b006c5364efe2440c15bb3e778a5a90bad5a741486e6eba9e7fa---com.google.android.gms.ads.identifier.AdvertisingIdClient---finalize---null
11-30 14:59:26.268 31759 31770 D FiniteState: TeachMeAnatomy5.34Apkpure---4e4b068824b6b006c5364efe2440c15bb3e778a5a90bad5a741486e6eba9e7fa---com.google.android.gms.ads.identifier.AdvertisingIdClient---finish---null
11-30 14:59:26.268 31759 31770 D FiniteState: TeachMeAnatomy5.34Apkpure---4e4b068824b6b006c5364efe2440c15bb3e778a5a90bad5a741486e6eba9e7fa---com.google.android.gms.ads.identifier.AdvertisingIdClient---finalize---null
11-30 15:00:55.216 32486 32486 D FiniteState: SmartTools-Utilities20.6Apkpure---15efb6f40b69f3fc9c53c94dca8198f4707e1a6366be8cf141d90060c599f756---com.google.android.gms.ads.MobileAdsInitProvider---attachInfo---null
11-30 15:00:55.220 32486 32486 D FiniteState: SmartTools-Utilities20.6Apkpure---15efb6f40b69f3fc9c53c94dca8198f4707e1a6366be8cf141d90060c599f756---com.facebook.ads.internal.dynamicloading.DynamicLoaderFactory---initialize---null
11-30 15:00:55.220 32486 32486 D FiniteState: SmartTools-Utilities20.6Apkpure---15efb6f40b69f3fc9c53c94dca8198f4707e1a6366be8cf141d90060c599f756---com.facebook.ads.AudienceNetworkContentProvider---onCreate---null
11-30 15:00:55.221 32486 32505 D FiniteState: SmartTools-Utilities20.6Apkpure---15efb6f40b69f3fc9c53c94dca8198f4707e1a6366be8cf141d90060c599f756---com.facebook.ads.internal.util.common.ANActivityLifecycleCallbacksListener---registerActivityCallbacks---null
11-30 15:00:55.221 32486 32505 D FiniteState: SmartTools-Utilities20.6Apkpure---15efb6f40b69f3fc9c53c94dca8198f4707e1a6366be8cf141d90060c599f756---com.facebook.ads.internal.dynamicloading.DynamicLoaderFactory$a---run---null
11-30 15:00:55.247 32486 32486 D FiniteState: SmartTools-Utilities20.6Apkpure---15efb6f40b69f3fc9c53c94dca8198f4707e1a6366be8cf141d90060c599f756---com.facebook.ads.internal.util.common.ANActivityLifecycleCallbacksListener---onActivityCreated---null
11-30 15:00:55.317 32486 32486 D FiniteState: SmartTools-Utilities20.6Apkpure---15efb6f40b69f3fc9c53c94dca8198f4707e1a6366be8cf141d90060c599f756---com.facebook.ads.internal.util.common.ANActivityLifecycleCallbacksListener---onActivityStarted---null
11-30 15:00:55.325 32486 32486 D FiniteState: SmartTools-Utilities20.6Apkpure---15efb6f40b69f3fc9c53c94dca8198f4707e1a6366be8cf141d90060c599f756---com.facebook.ads.internal.util.common.ANActivityLifecycleCallbacksListener---onActivityResumed---null
11-30 15:00:55.329 32486 32486 D FiniteState: SmartTools-Utilities20.6Apkpure---15efb6f40b69f3fc9c53c94dca8198f4707e1a6366be8cf141d90060c599f756---com.facebook.ads.internal.settings.AdInternalSettings---setDataProcessingOptions---null
11-30 15:00:55.329 32486 32486 D FiniteState: SmartTools-Utilities20.6Apkpure---15efb6f40b69f3fc9c53c94dca8198f4707e1a6366be8cf141d90060c599f756---com.facebook.ads.internal.settings.MultithreadedBundleWrapper---putStringArray---null
11-30 15:00:55.329 32486 32486 D FiniteState: SmartTools-Utilities20.6Apkpure---15efb6f40b69f3fc9c53c94dca8198f4707e1a6366be8cf141d90060c599f756---com.facebook.ads.internal.settings.MultithreadedBundleWrapper---putInteger---null
11-30 15:00:55.329 32486 32486 D FiniteState: SmartTools-Utilities20.6Apkpure---15efb6f40b69f3fc9c53c94dca8198f4707e1a6366be8cf141d90060c599f756---com.facebook.ads.internal.settings.MultithreadedBundleWrapper---putInteger---null
11-30 15:00:55.329 32486 32486 D FiniteState: SmartTools-Utilities20.6Apkpure---15efb6f40b69f3fc9c53c94dca8198f4707e1a6366be8cf141d90060c599f756---com.facebook.ads.AdSettings---setDataProcessingOptions---null
11-30 15:00:55.623 32486 32505 D FiniteState: SmartTools-Utilities20.6Apkpure---15efb6f40b69f3fc9c53c94dca8198f4707e1a6366be8cf141d90060c599f756---com.facebook.ads.internal.dynamicloading.DynamicLoaderFactory---access$200---null
11-30 15:00:55.795 32486 32486 D FiniteState: SmartTools-Utilities20.6Apkpure---15efb6f40b69f3fc9c53c94dca8198f4707e1a6366be8cf141d90060c599f756---com.google.android.gms.ads.MobileAds---a---null
11-30 15:00:56.571 32486 32486 D FiniteState: SmartTools-Utilities20.6Apkpure---15efb6f40b69f3fc9c53c94dca8198f4707e1a6366be8cf141d90060c599f756---com.facebook.ads.AudienceNetworkAds---buildInitSettings---null
11-30 15:00:56.571 32486 32486 D FiniteState: SmartTools-Utilities20.6Apkpure---15efb6f40b69f3fc9c53c94dca8198f4707e1a6366be8cf141d90060c599f756---com.facebook.ads.internal.settings.MultithreadedBundleWrapper---putString---null
11-30 15:00:56.571 32486 32486 D FiniteState: SmartTools-Utilities20.6Apkpure---15efb6f40b69f3fc9c53c94dca8198f4707e1a6366be8cf141d90060c599f756---com.facebook.ads.internal.settings.AdInternalSettings---setMediationService---null
11-30 15:00:56.571 32486 32486 D FiniteState: SmartTools-Utilities20.6Apkpure---15efb6f40b69f3fc9c53c94dca8198f4707e1a6366be8cf141d90060c599f756---com.facebook.ads.AdSettings---setMediationService---null
11-30 15:00:56.571 32486 32486 D FiniteState: SmartTools-Utilities20.6Apkpure---15efb6f40b69f3fc9c53c94dca8198f4707e1a6366be8cf141d90060c599f756---com.facebook.ads.internal.api.InitSettingsBuilder---withMediationService---null
11-30 15:00:56.571 32486 32486 D FiniteState: SmartTools-Utilities20.6Apkpure---15efb6f40b69f3fc9c53c94dca8198f4707e1a6366be8cf141d90060c599f756---com.facebook.ads.internal.api.InitSettingsBuilder---withPlacementIds---null
11-30 15:00:56.571 32486 32486 D FiniteState: SmartTools-Utilities20.6Apkpure---15efb6f40b69f3fc9c53c94dca8198f4707e1a6366be8cf141d90060c599f756---com.facebook.ads.internal.settings.MultithreadedBundleWrapper---putStringArrayList---null
11-30 15:00:56.571 32486 32486 D FiniteState: SmartTools-Utilities20.6Apkpure---15efb6f40b69f3fc9c53c94dca8198f4707e1a6366be8cf141d90060c599f756---com.facebook.ads.internal.dynamicloading.DynamicLoaderFactory---initialize---null
11-30 15:00:56.572 32486 32486 D FiniteState: SmartTools-Utilities20.6Apkpure---15efb6f40b69f3fc9c53c94dca8198f4707e1a6366be8cf141d90060c599f756---com.facebook.ads.internal.api.InitSettingsBuilder---initialize---null
11-30 15:00:56.572 32486 32651 D FiniteState: SmartTools-Utilities20.6Apkpure---15efb6f40b69f3fc9c53c94dca8198f4707e1a6366be8cf141d90060c599f756---com.facebook.ads.internal.dynamicloading.DynamicLoaderFactory$a---run---null
11-30 15:00:56.973 32486 32651 D FiniteState: SmartTools-Utilities20.6Apkpure---15efb6f40b69f3fc9c53c94dca8198f4707e1a6366be8cf141d90060c599f756---com.facebook.ads.internal.dynamicloading.DynamicLoaderFactory---createErrorMessage---null
11-30 15:00:56.973 32486 32651 D FiniteState: SmartTools-Utilities20.6Apkpure---15efb6f40b69f3fc9c53c94dca8198f4707e1a6366be8cf141d90060c599f756---com.facebook.ads.internal.dynamicloading.DynamicLoaderFallback---makeFallbackLoader---null
11-30 15:00:56.975 32486 32651 D FiniteState: SmartTools-Utilities20.6Apkpure---15efb6f40b69f3fc9c53c94dca8198f4707e1a6366be8cf141d90060c599f756---com.facebook.ads.internal.dynamicloading.DynamicLoaderFallback$c$a---invoke---null
11-30 15:00:56.975 32486 32651 D FiniteState: SmartTools-Utilities20.6Apkpure---15efb6f40b69f3fc9c53c94dca8198f4707e1a6366be8cf141d90060c599f756---com.facebook.ads.internal.dynamicloading.DynamicLoaderFallback$c$a---invoke---null
11-30 15:00:56.975 32486 32651 D FiniteState: SmartTools-Utilities20.6Apkpure---15efb6f40b69f3fc9c53c94dca8198f4707e1a6366be8cf141d90060c599f756---com.facebook.ads.internal.dynamicloading.DynamicLoaderFallback$c$a---invoke---null
11-30 15:00:56.975 32486 32651 D FiniteState: SmartTools-Utilities20.6Apkpure---15efb6f40b69f3fc9c53c94dca8198f4707e1a6366be8cf141d90060c599f756---com.facebook.ads.internal.dynamicloading.DynamicLoaderFallback$c$a---invoke---null
11-30 15:00:56.975 32486 32651 D FiniteState: SmartTools-Utilities20.6Apkpure---15efb6f40b69f3fc9c53c94dca8198f4707e1a6366be8cf141d90060c599f756---com.facebook.ads.internal.dynamicloading.DynamicLoaderFallback$c$a---invoke---null
11-30 15:00:56.975 32486 32651 D FiniteState: SmartTools-Utilities20.6Apkpure---15efb6f40b69f3fc9c53c94dca8198f4707e1a6366be8cf141d90060c599f756---com.facebook.ads.internal.dynamicloading.DynamicLoaderFallback$c$a---invoke---null
11-30 15:00:56.975 32486 32651 D FiniteState: SmartTools-Utilities20.6Apkpure---15efb6f40b69f3fc9c53c94dca8198f4707e1a6366be8cf141d90060c599f756---com.facebook.ads.internal.dynamicloading.DynamicLoaderFallback$c$a---invoke---null
11-30 15:00:56.975 32486 32651 D FiniteState: SmartTools-Utilities20.6Apkpure---15efb6f40b69f3fc9c53c94dca8198f4707e1a6366be8cf141d90060c599f756---com.facebook.ads.internal.dynamicloading.DynamicLoaderFallback$c$a---invoke---null
11-30 15:00:56.975 32486 32651 D FiniteState: SmartTools-Utilities20.6Apkpure---15efb6f40b69f3fc9c53c94dca8198f4707e1a6366be8cf141d90060c599f756---com.facebook.ads.internal.dynamicloading.DynamicLoaderFallback$c$a---invoke---null
11-30 15:00:56.975 32486 32651 D FiniteState: SmartTools-Utilities20.6Apkpure---15efb6f40b69f3fc9c53c94dca8198f4707e1a6366be8cf141d90060c599f756---com.facebook.ads.internal.dynamicloading.DynamicLoaderFallback$c$a---invoke---null
11-30 15:00:56.975 32486 32651 D FiniteState: SmartTools-Utilities20.6Apkpure---15efb6f40b69f3fc9c53c94dca8198f4707e1a6366be8cf141d90060c599f756---com.facebook.ads.internal.dynamicloading.DynamicLoaderFallback$c$a---invoke---null
11-30 15:00:56.975 32486 32651 D FiniteState: SmartTools-Utilities20.6Apkpure---15efb6f40b69f3fc9c53c94dca8198f4707e1a6366be8cf141d90060c599f756---com.facebook.ads.internal.dynamicloading.DynamicLoaderFallback$c$a---invoke---null
11-30 15:00:56.975 32486 32651 D FiniteState: SmartTools-Utilities20.6Apkpure---15efb6f40b69f3fc9c53c94dca8198f4707e1a6366be8cf141d90060c599f756---com.facebook.ads.internal.dynamicloading.DynamicLoaderFallback$c$a---invoke---null
11-30 15:00:56.975 32486 32651 D FiniteState: SmartTools-Utilities20.6Apkpure---15efb6f40b69f3fc9c53c94dca8198f4707e1a6366be8cf141d90060c599f756---com.facebook.ads.internal.dynamicloading.DynamicLoaderFallback$c$a---invoke---null
11-30 15:00:56.975 32486 32651 D FiniteState: SmartTools-Utilities20.6Apkpure---15efb6f40b69f3fc9c53c94dca8198f4707e1a6366be8cf141d90060c599f756---com.facebook.ads.internal.dynamicloading.DynamicLoaderFallback$c$a---invoke---null
11-30 15:00:56.975 32486 32651 D FiniteState: SmartTools-Utilities20.6Apkpure---15efb6f40b69f3fc9c53c94dca8198f4707e1a6366be8cf141d90060c599f756---com.facebook.ads.internal.dynamicloading.DynamicLoaderFallback$c$a---invoke---null
11-30 15:00:56.975 32486 32651 D FiniteState: SmartTools-Utilities20.6Apkpure---15efb6f40b69f3fc9c53c94dca8198f4707e1a6366be8cf141d90060c599f756---com.facebook.ads.internal.dynamicloading.DynamicLoaderFallback$c$a---invoke---null
11-30 15:00:56.975 32486 32651 D FiniteState: SmartTools-Utilities20.6Apkpure---15efb6f40b69f3fc9c53c94dca8198f4707e1a6366be8cf141d90060c599f756---com.facebook.ads.internal.dynamicloading.DynamicLoaderFallback$c$a---invoke---null
11-30 15:00:56.975 32486 32651 D FiniteState: SmartTools-Utilities20.6Apkpure---15efb6f40b69f3fc9c53c94dca8198f4707e1a6366be8cf141d90060c599f756---com.facebook.ads.internal.dynamicloading.DynamicLoaderFallback$c$a---invoke---null
11-30 15:00:56.975 32486 32651 D FiniteState: SmartTools-Utilities20.6Apkpure---15efb6f40b69f3fc9c53c94dca8198f4707e1a6366be8cf141d90060c599f756---com.facebook.ads.internal.dynamicloading.DynamicLoaderFallback$c$a---invoke---null
11-30 15:00:56.975 32486 32651 D FiniteState: SmartTools-Utilities20.6Apkpure---15efb6f40b69f3fc9c53c94dca8198f4707e1a6366be8cf141d90060c599f756---com.facebook.ads.internal.dynamicloading.DynamicLoaderFallback$c$a---invoke---null
11-30 15:00:56.975 32486 32651 D FiniteState: SmartTools-Utilities20.6Apkpure---15efb6f40b69f3fc9c53c94dca8198f4707e1a6366be8cf141d90060c599f756---com.facebook.ads.internal.dynamicloading.DynamicLoaderFallback$c$a---invoke---null
11-30 15:00:56.976 32486 32651 D FiniteState: SmartTools-Utilities20.6Apkpure---15efb6f40b69f3fc9c53c94dca8198f4707e1a6366be8cf141d90060c599f756---com.facebook.ads.internal.dynamicloading.DynamicLoaderFactory---setFallbackMode---null
11-30 15:00:56.976 32486 32651 D FiniteState: SmartTools-Utilities20.6Apkpure---15efb6f40b69f3fc9c53c94dca8198f4707e1a6366be8cf141d90060c599f756---com.facebook.ads.internal.dynamicloading.DynamicLoaderFactory---doCallInitialize---null
11-30 15:00:56.976 32486 32651 D FiniteState: SmartTools-Utilities20.6Apkpure---15efb6f40b69f3fc9c53c94dca8198f4707e1a6366be8cf141d90060c599f756---com.facebook.ads.internal.dynamicloading.DynamicLoaderFactory---access$200---null
11-30 15:00:57.076 32486 32486 D FiniteState: SmartTools-Utilities20.6Apkpure---15efb6f40b69f3fc9c53c94dca8198f4707e1a6366be8cf141d90060c599f756---com.facebook.ads.internal.dynamicloading.DynamicLoaderFactory---createErrorInitResult---null
11-30 15:00:57.076 32486 32486 D FiniteState: SmartTools-Utilities20.6Apkpure---15efb6f40b69f3fc9c53c94dca8198f4707e1a6366be8cf141d90060c599f756---com.facebook.ads.internal.dynamicloading.DynamicLoaderFactory---createErrorMessage---null
11-30 15:00:57.077 32486 32486 D FiniteState: SmartTools-Utilities20.6Apkpure---15efb6f40b69f3fc9c53c94dca8198f4707e1a6366be8cf141d90060c599f756---com.facebook.ads.internal.dynamicloading.DynamicLoaderFactory$b---run---null
11-30 15:00:57.115 32486 32518 D FiniteState: SmartTools-Utilities20.6Apkpure---15efb6f40b69f3fc9c53c94dca8198f4707e1a6366be8cf141d90060c599f756---com.facebook.ads.BidderTokenProvider---getBidderToken---null
11-30 15:00:57.115 32486 32518 D FiniteState: SmartTools-Utilities20.6Apkpure---15efb6f40b69f3fc9c53c94dca8198f4707e1a6366be8cf141d90060c599f756---com.facebook.ads.internal.dynamicloading.DynamicLoaderFactory---makeLoader---null
11-30 15:01:03.092 32486 32486 D FiniteState: SmartTools-Utilities20.6Apkpure---15efb6f40b69f3fc9c53c94dca8198f4707e1a6366be8cf141d90060c599f756---com.facebook.ads.internal.util.common.ANActivityLifecycleCallbacksListener---onActivityPaused---null
11-30 15:01:22.552 32486 32486 D FiniteState: SmartTools-Utilities20.6Apkpure---15efb6f40b69f3fc9c53c94dca8198f4707e1a6366be8cf141d90060c599f756---com.facebook.ads.internal.util.common.ANActivityLifecycleCallbacksListener---onActivityResumed---null
11-30 15:01:22.574 32486   352 D FiniteState: SmartTools-Utilities20.6Apkpure---15efb6f40b69f3fc9c53c94dca8198f4707e1a6366be8cf141d90060c599f756---com.facebook.ads.BidderTokenProvider---getBidderToken---null
11-30 15:01:22.574 32486   352 D FiniteState: SmartTools-Utilities20.6Apkpure---15efb6f40b69f3fc9c53c94dca8198f4707e1a6366be8cf141d90060c599f756---com.facebook.ads.internal.dynamicloading.DynamicLoaderFactory---makeLoader---null
11-30 15:01:32.199 32486 32486 D FiniteState: SmartTools-Utilities20.6Apkpure---15efb6f40b69f3fc9c53c94dca8198f4707e1a6366be8cf141d90060c599f756---com.facebook.ads.internal.util.common.ANActivityLifecycleCallbacksListener---onActivityPaused---null
11-30 15:01:32.215 32486 32486 D FiniteState: SmartTools-Utilities20.6Apkpure---15efb6f40b69f3fc9c53c94dca8198f4707e1a6366be8cf141d90060c599f756---com.facebook.ads.internal.util.common.ANActivityLifecycleCallbacksListener---onActivityCreated---null
11-30 15:01:32.229 32486 32486 D FiniteState: SmartTools-Utilities20.6Apkpure---15efb6f40b69f3fc9c53c94dca8198f4707e1a6366be8cf141d90060c599f756---com.facebook.ads.internal.util.common.ANActivityLifecycleCallbacksListener---onActivityStarted---null
11-30 15:01:32.230 32486 32486 D FiniteState: SmartTools-Utilities20.6Apkpure---15efb6f40b69f3fc9c53c94dca8198f4707e1a6366be8cf141d90060c599f756---com.facebook.ads.internal.util.common.ANActivityLifecycleCallbacksListener---onActivityResumed---null
11-30 15:01:32.790 32486 32486 D FiniteState: SmartTools-Utilities20.6Apkpure---15efb6f40b69f3fc9c53c94dca8198f4707e1a6366be8cf141d90060c599f756---com.facebook.ads.internal.util.common.ANActivityLifecycleCallbacksListener---onActivityStopped---null
11-30 15:01:45.823  1272  1272 D FiniteState: CarGurusUsedNewCars2.77Apkpure---652aa32ee11dd109f11feef942fa4207306b1651e8f342e047cf450d8ae7b9a5---com.google.android.gms.ads.MobileAdsInitProvider---attachInfo---null
11-30 15:01:46.002  1272  1272 D FiniteState: CarGurusUsedNewCars2.77Apkpure---652aa32ee11dd109f11feef942fa4207306b1651e8f342e047cf450d8ae7b9a5---com.google.android.gms.ads.RequestConfiguration$Builder---build---null
11-30 15:01:46.002  1272  1272 D FiniteState: CarGurusUsedNewCars2.77Apkpure---652aa32ee11dd109f11feef942fa4207306b1651e8f342e047cf450d8ae7b9a5---com.google.android.gms.ads.internal.client.zzej---zzf---null
11-30 15:01:46.003  1272  1272 D FiniteState: CarGurusUsedNewCars2.77Apkpure---652aa32ee11dd109f11feef942fa4207306b1651e8f342e047cf450d8ae7b9a5---com.google.android.gms.ads.internal.client.zzej---zzA---null
11-30 15:01:46.003  1272  1272 D FiniteState: CarGurusUsedNewCars2.77Apkpure---652aa32ee11dd109f11feef942fa4207306b1651e8f342e047cf450d8ae7b9a5---com.google.android.gms.ads.internal.client.zzax---zzd---null
11-30 15:01:46.004  1272  1272 D FiniteState: CarGurusUsedNewCars2.77Apkpure---652aa32ee11dd109f11feef942fa4207306b1651e8f342e047cf450d8ae7b9a5---com.google.android.gms.ads.internal.client.zzaq---zzc---null
11-30 15:01:46.006  1272  1272 D FiniteState: CarGurusUsedNewCars2.77Apkpure---652aa32ee11dd109f11feef942fa4207306b1651e8f342e047cf450d8ae7b9a5---com.google.android.gms.ads.internal.client.zzeq---getRemoteCreator---null
11-30 15:01:46.006  1272  1272 D FiniteState: CarGurusUsedNewCars2.77Apkpure---652aa32ee11dd109f11feef942fa4207306b1651e8f342e047cf450d8ae7b9a5---com.google.android.gms.ads.internal.client.zzcp---zze---null
11-30 15:01:46.040  1272  1272 D FiniteState: CarGurusUsedNewCars2.77Apkpure---652aa32ee11dd109f11feef942fa4207306b1651e8f342e047cf450d8ae7b9a5---com.google.android.gms.ads.internal.client.zzeq---zza---null
11-30 15:01:46.040  1272  1272 D FiniteState: CarGurusUsedNewCars2.77Apkpure---652aa32ee11dd109f11feef942fa4207306b1651e8f342e047cf450d8ae7b9a5---com.google.android.gms.ads.internal.client.zzcm---zzs---null
11-30 15:01:46.040  1272  1272 D FiniteState: CarGurusUsedNewCars2.77Apkpure---652aa32ee11dd109f11feef942fa4207306b1651e8f342e047cf450d8ae7b9a5---com.google.android.gms.ads.internal.client.zzcm---zzo---null
11-30 15:01:46.040  1272  1272 D FiniteState: CarGurusUsedNewCars2.77Apkpure---652aa32ee11dd109f11feef942fa4207306b1651e8f342e047cf450d8ae7b9a5---com.google.android.gms.ads.internal.client.zzej---zzz---null
11-30 15:01:46.041  1272  1272 D FiniteState: CarGurusUsedNewCars2.77Apkpure---652aa32ee11dd109f11feef942fa4207306b1651e8f342e047cf450d8ae7b9a5---com.google.android.gms.ads.internal.client.zzcm---zzk---null
11-30 15:01:46.041  1272  1272 D FiniteState: CarGurusUsedNewCars2.77Apkpure---652aa32ee11dd109f11feef942fa4207306b1651e8f342e047cf450d8ae7b9a5---com.google.android.gms.ads.internal.client.zzcm---zzl---null
11-30 15:01:46.054  1272  1368 D FiniteState: CarGurusUsedNewCars2.77Apkpure---652aa32ee11dd109f11feef942fa4207306b1651e8f342e047cf450d8ae7b9a5---com.google.android.gms.ads.identifier.AdvertisingIdClient---getAdvertisingIdInfo---null
11-30 15:01:46.055  1272  1368 D FiniteState: CarGurusUsedNewCars2.77Apkpure---652aa32ee11dd109f11feef942fa4207306b1651e8f342e047cf450d8ae7b9a5---com.google.android.gms.ads.identifier.AdvertisingIdClient---zzb---null
11-30 15:01:46.342  1272  1272 D FiniteState: CarGurusUsedNewCars2.77Apkpure---652aa32ee11dd109f11feef942fa4207306b1651e8f342e047cf450d8ae7b9a5---com.google.android.gms.ads.MobileAds---initialize---null
11-30 15:01:46.502  1272  1368 D FiniteState: CarGurusUsedNewCars2.77Apkpure---652aa32ee11dd109f11feef942fa4207306b1651e8f342e047cf450d8ae7b9a5---com.google.android.gms.ads.identifier.AdvertisingIdClient---zzd---null
11-30 15:01:46.528  1272  1368 D FiniteState: CarGurusUsedNewCars2.77Apkpure---652aa32ee11dd109f11feef942fa4207306b1651e8f342e047cf450d8ae7b9a5---com.google.android.gms.ads.identifier.AdvertisingIdClient---zza---null
11-30 15:01:47.069  1272  1579 D FiniteState: CarGurusUsedNewCars2.77Apkpure---652aa32ee11dd109f11feef942fa4207306b1651e8f342e047cf450d8ae7b9a5---com.google.android.gms.ads.identifier.AdvertisingIdClient---getAdvertisingIdInfo---null
11-30 15:01:47.069  1272  1579 D FiniteState: CarGurusUsedNewCars2.77Apkpure---652aa32ee11dd109f11feef942fa4207306b1651e8f342e047cf450d8ae7b9a5---com.google.android.gms.ads.identifier.AdvertisingIdClient---zzb---null
11-30 15:01:47.095  1272  1579 D FiniteState: CarGurusUsedNewCars2.77Apkpure---652aa32ee11dd109f11feef942fa4207306b1651e8f342e047cf450d8ae7b9a5---com.google.android.gms.ads.identifier.AdvertisingIdClient---zzd---null
11-30 15:01:47.104  1272  1579 D FiniteState: CarGurusUsedNewCars2.77Apkpure---652aa32ee11dd109f11feef942fa4207306b1651e8f342e047cf450d8ae7b9a5---com.google.android.gms.ads.identifier.AdvertisingIdClient---zza---null
11-30 15:01:47.182  1272  1272 D FiniteState: CarGurusUsedNewCars2.77Apkpure---652aa32ee11dd109f11feef942fa4207306b1651e8f342e047cf450d8ae7b9a5---com.google.android.gms.ads.internal.client.zzei---zzb---null
11-30 15:01:47.182  1272  1272 D FiniteState: CarGurusUsedNewCars2.77Apkpure---652aa32ee11dd109f11feef942fa4207306b1651e8f342e047cf450d8ae7b9a5---com.google.android.gms.ads.internal.client.zzej---zzy---null
11-30 15:02:24.623  2124  2152 D FiniteState: WEBTOON2.12.10Apkpure---40627fad47208e13ff7955035d04715ba5b4eebde6c5a19701777458539c1063---com.google.android.gms.ads.identifier.AdvertisingIdClient---getAdvertisingIdInfo---null
11-30 15:02:24.624  2124  2152 D FiniteState: WEBTOON2.12.10Apkpure---40627fad47208e13ff7955035d04715ba5b4eebde6c5a19701777458539c1063---com.google.android.gms.ads.identifier.AdvertisingIdClient---zzb---null
11-30 15:02:24.682  2124  2124 D FiniteState: WEBTOON2.12.10Apkpure---40627fad47208e13ff7955035d04715ba5b4eebde6c5a19701777458539c1063---com.google.android.gms.ads.MobileAdsInitProvider---attachInfo---null
11-30 15:02:24.697  2124  2207 D FiniteState: WEBTOON2.12.10Apkpure---40627fad47208e13ff7955035d04715ba5b4eebde6c5a19701777458539c1063---com.google.android.gms.ads.identifier.AdvertisingIdClient---getAdvertisingIdInfo---null
11-30 15:02:24.697  2124  2207 D FiniteState: WEBTOON2.12.10Apkpure---40627fad47208e13ff7955035d04715ba5b4eebde6c5a19701777458539c1063---com.google.android.gms.ads.identifier.AdvertisingIdClient---zzb---null
11-30 15:02:24.698  2124  2124 D FiniteState: WEBTOON2.12.10Apkpure---40627fad47208e13ff7955035d04715ba5b4eebde6c5a19701777458539c1063---com.facebook.ads.internal.dynamicloading.DynamicLoaderFactory---initialize---null
