12-03 09:56:32.258 25332 25470 D FiniteState: SmartTools-Utilities20.6Apkpure---15efb6f40b69f3fc9c53c94dca8198f4707e1a6366be8cf141d90060c599f756---com.facebook.ads.internal.dynamicloading.DynamicLoaderFallback$c$a---invoke---null
12-03 09:56:32.258 25332 25470 D FiniteState: SmartTools-Utilities20.6Apkpure---15efb6f40b69f3fc9c53c94dca8198f4707e1a6366be8cf141d90060c599f756---com.facebook.ads.internal.dynamicloading.DynamicLoaderFallback$c$a---invoke---null
12-03 09:56:32.258 25332 25470 D FiniteState: SmartTools-Utilities20.6Apkpure---15efb6f40b69f3fc9c53c94dca8198f4707e1a6366be8cf141d90060c599f756---com.facebook.ads.internal.dynamicloading.DynamicLoaderFallback$c$a---invoke---null
12-03 09:56:32.258 25332 25470 D FiniteState: SmartTools-Utilities20.6Apkpure---15efb6f40b69f3fc9c53c94dca8198f4707e1a6366be8cf141d90060c599f756---com.facebook.ads.internal.dynamicloading.DynamicLoaderFallback$c$a---invoke---null
12-03 09:56:32.258 25332 25470 D FiniteState: SmartTools-Utilities20.6Apkpure---15efb6f40b69f3fc9c53c94dca8198f4707e1a6366be8cf141d90060c599f756---com.facebook.ads.internal.dynamicloading.DynamicLoaderFallback$c$a---invoke---null
12-03 09:56:32.258 25332 25470 D FiniteState: SmartTools-Utilities20.6Apkpure---15efb6f40b69f3fc9c53c94dca8198f4707e1a6366be8cf141d90060c599f756---com.facebook.ads.internal.dynamicloading.DynamicLoaderFallback$c$a---invoke---null
12-03 09:56:32.258 25332 25470 D FiniteState: SmartTools-Utilities20.6Apkpure---15efb6f40b69f3fc9c53c94dca8198f4707e1a6366be8cf141d90060c599f756---com.facebook.ads.internal.dynamicloading.DynamicLoaderFallback$c$a---invoke---null
12-03 09:56:32.258 25332 25470 D FiniteState: SmartTools-Utilities20.6Apkpure---15efb6f40b69f3fc9c53c94dca8198f4707e1a6366be8cf141d90060c599f756---com.facebook.ads.internal.dynamicloading.DynamicLoaderFallback$c$a---invoke---null
12-03 09:56:32.259 25332 25470 D FiniteState: SmartTools-Utilities20.6Apkpure---15efb6f40b69f3fc9c53c94dca8198f4707e1a6366be8cf141d90060c599f756---com.facebook.ads.internal.dynamicloading.DynamicLoaderFactory---setFallbackMode---null
12-03 09:56:32.259 25332 25470 D FiniteState: SmartTools-Utilities20.6Apkpure---15efb6f40b69f3fc9c53c94dca8198f4707e1a6366be8cf141d90060c599f756---com.facebook.ads.internal.dynamicloading.DynamicLoaderFactory---doCallInitialize---null
12-03 09:56:32.259 25332 25470 D FiniteState: SmartTools-Utilities20.6Apkpure---15efb6f40b69f3fc9c53c94dca8198f4707e1a6366be8cf141d90060c599f756---com.facebook.ads.internal.dynamicloading.DynamicLoaderFactory---access$200---null
12-03 09:56:32.359 25332 25332 D FiniteState: SmartTools-Utilities20.6Apkpure---15efb6f40b69f3fc9c53c94dca8198f4707e1a6366be8cf141d90060c599f756---com.facebook.ads.internal.dynamicloading.DynamicLoaderFactory---createErrorInitResult---null
12-03 09:56:32.359 25332 25332 D FiniteState: SmartTools-Utilities20.6Apkpure---15efb6f40b69f3fc9c53c94dca8198f4707e1a6366be8cf141d90060c599f756---com.facebook.ads.internal.dynamicloading.DynamicLoaderFactory---createErrorMessage---null
12-03 09:56:32.360 25332 25332 D FiniteState: SmartTools-Utilities20.6Apkpure---15efb6f40b69f3fc9c53c94dca8198f4707e1a6366be8cf141d90060c599f756---com.facebook.ads.internal.dynamicloading.DynamicLoaderFactory$b---run---null
12-03 09:56:32.437 25332 25503 D FiniteState: SmartTools-Utilities20.6Apkpure---15efb6f40b69f3fc9c53c94dca8198f4707e1a6366be8cf141d90060c599f756---com.facebook.ads.BidderTokenProvider---getBidderToken---null
12-03 09:56:32.437 25332 25503 D FiniteState: SmartTools-Utilities20.6Apkpure---15efb6f40b69f3fc9c53c94dca8198f4707e1a6366be8cf141d90060c599f756---com.facebook.ads.internal.dynamicloading.DynamicLoaderFactory---makeLoader---null
12-03 09:56:38.386 25332 25332 D FiniteState: SmartTools-Utilities20.6Apkpure---15efb6f40b69f3fc9c53c94dca8198f4707e1a6366be8cf141d90060c599f756---com.facebook.ads.internal.util.common.ANActivityLifecycleCallbacksListener---onActivityPaused---null
12-03 09:57:01.795 25332 25332 D FiniteState: SmartTools-Utilities20.6Apkpure---15efb6f40b69f3fc9c53c94dca8198f4707e1a6366be8cf141d90060c599f756---com.facebook.ads.internal.util.common.ANActivityLifecycleCallbacksListener---onActivityResumed---null
12-03 09:57:11.256 25332 25332 D FiniteState: SmartTools-Utilities20.6Apkpure---15efb6f40b69f3fc9c53c94dca8198f4707e1a6366be8cf141d90060c599f756---com.facebook.ads.internal.util.common.ANActivityLifecycleCallbacksListener---onActivityPaused---null
12-03 09:57:11.275 25332 25332 D FiniteState: SmartTools-Utilities20.6Apkpure---15efb6f40b69f3fc9c53c94dca8198f4707e1a6366be8cf141d90060c599f756---com.facebook.ads.internal.util.common.ANActivityLifecycleCallbacksListener---onActivityCreated---null
12-03 09:57:11.291 25332 25332 D FiniteState: SmartTools-Utilities20.6Apkpure---15efb6f40b69f3fc9c53c94dca8198f4707e1a6366be8cf141d90060c599f756---com.facebook.ads.internal.util.common.ANActivityLifecycleCallbacksListener---onActivityStarted---null
12-03 09:57:11.291 25332 25332 D FiniteState: SmartTools-Utilities20.6Apkpure---15efb6f40b69f3fc9c53c94dca8198f4707e1a6366be8cf141d90060c599f756---com.facebook.ads.internal.util.common.ANActivityLifecycleCallbacksListener---onActivityResumed---null
12-03 09:57:11.843 25332 25332 D FiniteState: SmartTools-Utilities20.6Apkpure---15efb6f40b69f3fc9c53c94dca8198f4707e1a6366be8cf141d90060c599f756---com.facebook.ads.internal.util.common.ANActivityLifecycleCallbacksListener---onActivityStopped---null
12-03 09:57:25.276 25824 25824 D FiniteState: CarGurusUsedNewCars2.77Apkpure---652aa32ee11dd109f11feef942fa4207306b1651e8f342e047cf450d8ae7b9a5---com.google.android.gms.ads.MobileAdsInitProvider---attachInfo---null
12-03 09:57:25.444 25824 25824 D FiniteState: CarGurusUsedNewCars2.77Apkpure---652aa32ee11dd109f11feef942fa4207306b1651e8f342e047cf450d8ae7b9a5---com.google.android.gms.ads.RequestConfiguration$Builder---build---null
12-03 09:57:25.444 25824 25824 D FiniteState: CarGurusUsedNewCars2.77Apkpure---652aa32ee11dd109f11feef942fa4207306b1651e8f342e047cf450d8ae7b9a5---com.google.android.gms.ads.internal.client.zzej---zzf---null
12-03 09:57:25.445 25824 25824 D FiniteState: CarGurusUsedNewCars2.77Apkpure---652aa32ee11dd109f11feef942fa4207306b1651e8f342e047cf450d8ae7b9a5---com.google.android.gms.ads.internal.client.zzej---zzA---null
12-03 09:57:25.445 25824 25824 D FiniteState: CarGurusUsedNewCars2.77Apkpure---652aa32ee11dd109f11feef942fa4207306b1651e8f342e047cf450d8ae7b9a5---com.google.android.gms.ads.internal.client.zzax---zzd---null
12-03 09:57:25.447 25824 25824 D FiniteState: CarGurusUsedNewCars2.77Apkpure---652aa32ee11dd109f11feef942fa4207306b1651e8f342e047cf450d8ae7b9a5---com.google.android.gms.ads.internal.client.zzaq---zzc---null
12-03 09:57:25.449 25824 25824 D FiniteState: CarGurusUsedNewCars2.77Apkpure---652aa32ee11dd109f11feef942fa4207306b1651e8f342e047cf450d8ae7b9a5---com.google.android.gms.ads.internal.client.zzeq---getRemoteCreator---null
12-03 09:57:25.449 25824 25824 D FiniteState: CarGurusUsedNewCars2.77Apkpure---652aa32ee11dd109f11feef942fa4207306b1651e8f342e047cf450d8ae7b9a5---com.google.android.gms.ads.internal.client.zzcp---zze---null
12-03 09:57:25.492 25824 25824 D FiniteState: CarGurusUsedNewCars2.77Apkpure---652aa32ee11dd109f11feef942fa4207306b1651e8f342e047cf450d8ae7b9a5---com.google.android.gms.ads.internal.client.zzeq---zza---null
12-03 09:57:25.492 25824 25824 D FiniteState: CarGurusUsedNewCars2.77Apkpure---652aa32ee11dd109f11feef942fa4207306b1651e8f342e047cf450d8ae7b9a5---com.google.android.gms.ads.internal.client.zzcm---zzs---null
12-03 09:57:25.492 25824 25824 D FiniteState: CarGurusUsedNewCars2.77Apkpure---652aa32ee11dd109f11feef942fa4207306b1651e8f342e047cf450d8ae7b9a5---com.google.android.gms.ads.internal.client.zzcm---zzo---null
12-03 09:57:25.493 25824 25824 D FiniteState: CarGurusUsedNewCars2.77Apkpure---652aa32ee11dd109f11feef942fa4207306b1651e8f342e047cf450d8ae7b9a5---com.google.android.gms.ads.internal.client.zzej---zzz---null
12-03 09:57:25.494 25824 25824 D FiniteState: CarGurusUsedNewCars2.77Apkpure---652aa32ee11dd109f11feef942fa4207306b1651e8f342e047cf450d8ae7b9a5---com.google.android.gms.ads.internal.client.zzcm---zzk---null
12-03 09:57:25.494 25824 25824 D FiniteState: CarGurusUsedNewCars2.77Apkpure---652aa32ee11dd109f11feef942fa4207306b1651e8f342e047cf450d8ae7b9a5---com.google.android.gms.ads.internal.client.zzcm---zzl---null
12-03 09:57:25.516 25824 25897 D FiniteState: CarGurusUsedNewCars2.77Apkpure---652aa32ee11dd109f11feef942fa4207306b1651e8f342e047cf450d8ae7b9a5---com.google.android.gms.ads.identifier.AdvertisingIdClient---getAdvertisingIdInfo---null
12-03 09:57:25.516 25824 25897 D FiniteState: CarGurusUsedNewCars2.77Apkpure---652aa32ee11dd109f11feef942fa4207306b1651e8f342e047cf450d8ae7b9a5---com.google.android.gms.ads.identifier.AdvertisingIdClient---zzb---null
12-03 09:57:25.805 25824 25824 D FiniteState: CarGurusUsedNewCars2.77Apkpure---652aa32ee11dd109f11feef942fa4207306b1651e8f342e047cf450d8ae7b9a5---com.google.android.gms.ads.MobileAds---initialize---null
12-03 09:57:25.867 25824 25897 D FiniteState: CarGurusUsedNewCars2.77Apkpure---652aa32ee11dd109f11feef942fa4207306b1651e8f342e047cf450d8ae7b9a5---com.google.android.gms.ads.identifier.AdvertisingIdClient---zzd---null
12-03 09:57:25.893 25824 25897 D FiniteState: CarGurusUsedNewCars2.77Apkpure---652aa32ee11dd109f11feef942fa4207306b1651e8f342e047cf450d8ae7b9a5---com.google.android.gms.ads.identifier.AdvertisingIdClient---zza---null
12-03 09:57:26.422 25824 26029 D FiniteState: CarGurusUsedNewCars2.77Apkpure---652aa32ee11dd109f11feef942fa4207306b1651e8f342e047cf450d8ae7b9a5---com.google.android.gms.ads.identifier.AdvertisingIdClient---getAdvertisingIdInfo---null
12-03 09:57:26.422 25824 26029 D FiniteState: CarGurusUsedNewCars2.77Apkpure---652aa32ee11dd109f11feef942fa4207306b1651e8f342e047cf450d8ae7b9a5---com.google.android.gms.ads.identifier.AdvertisingIdClient---zzb---null
12-03 09:57:26.429 25824 26029 D FiniteState: CarGurusUsedNewCars2.77Apkpure---652aa32ee11dd109f11feef942fa4207306b1651e8f342e047cf450d8ae7b9a5---com.google.android.gms.ads.identifier.AdvertisingIdClient---zzd---null
12-03 09:57:26.430 25824 26029 D FiniteState: CarGurusUsedNewCars2.77Apkpure---652aa32ee11dd109f11feef942fa4207306b1651e8f342e047cf450d8ae7b9a5---com.google.android.gms.ads.identifier.AdvertisingIdClient---zza---null
12-03 09:57:26.481 25824 26033 D FiniteState: CarGurusUsedNewCars2.77Apkpure---652aa32ee11dd109f11feef942fa4207306b1651e8f342e047cf450d8ae7b9a5---com.google.android.gms.ads.identifier.AdvertisingIdClient---getAdvertisingIdInfo---null
12-03 09:57:26.481 25824 26033 D FiniteState: CarGurusUsedNewCars2.77Apkpure---652aa32ee11dd109f11feef942fa4207306b1651e8f342e047cf450d8ae7b9a5---com.google.android.gms.ads.identifier.AdvertisingIdClient---zzb---null
12-03 09:57:26.484 25824 26033 D FiniteState: CarGurusUsedNewCars2.77Apkpure---652aa32ee11dd109f11feef942fa4207306b1651e8f342e047cf450d8ae7b9a5---com.google.android.gms.ads.identifier.AdvertisingIdClient---zzd---null
12-03 09:57:26.484 25824 26033 D FiniteState: CarGurusUsedNewCars2.77Apkpure---652aa32ee11dd109f11feef942fa4207306b1651e8f342e047cf450d8ae7b9a5---com.google.android.gms.ads.identifier.AdvertisingIdClient---zza---null
12-03 09:57:26.502 25824 25824 D FiniteState: CarGurusUsedNewCars2.77Apkpure---652aa32ee11dd109f11feef942fa4207306b1651e8f342e047cf450d8ae7b9a5---com.google.android.gms.ads.internal.client.zzei---zzb---null
12-03 09:57:26.502 25824 25824 D FiniteState: CarGurusUsedNewCars2.77Apkpure---652aa32ee11dd109f11feef942fa4207306b1651e8f342e047cf450d8ae7b9a5---com.google.android.gms.ads.internal.client.zzej---zzy---null
12-03 09:57:44.524 26410 26427 D FiniteState: WEBTOON2.12.10Apkpure---40627fad47208e13ff7955035d04715ba5b4eebde6c5a19701777458539c1063---com.google.android.gms.ads.identifier.AdvertisingIdClient---getAdvertisingIdInfo---null
12-03 09:57:44.524 26410 26427 D FiniteState: WEBTOON2.12.10Apkpure---40627fad47208e13ff7955035d04715ba5b4eebde6c5a19701777458539c1063---com.google.android.gms.ads.identifier.AdvertisingIdClient---zzb---null
12-03 09:57:44.642 26410 26410 D FiniteState: WEBTOON2.12.10Apkpure---40627fad47208e13ff7955035d04715ba5b4eebde6c5a19701777458539c1063---com.google.android.gms.ads.MobileAdsInitProvider---attachInfo---null
12-03 09:57:44.678 26410 26472 D FiniteState: WEBTOON2.12.10Apkpure---40627fad47208e13ff7955035d04715ba5b4eebde6c5a19701777458539c1063---com.google.android.gms.ads.identifier.AdvertisingIdClient---getAdvertisingIdInfo---null
12-03 09:57:44.678 26410 26472 D FiniteState: WEBTOON2.12.10Apkpure---40627fad47208e13ff7955035d04715ba5b4eebde6c5a19701777458539c1063---com.google.android.gms.ads.identifier.AdvertisingIdClient---zzb---null
12-03 09:57:44.680 26410 26410 D FiniteState: WEBTOON2.12.10Apkpure---40627fad47208e13ff7955035d04715ba5b4eebde6c5a19701777458539c1063---com.facebook.ads.internal.dynamicloading.DynamicLoaderFactory---initialize---null
12-03 09:57:44.680 26410 26410 D FiniteState: WEBTOON2.12.10Apkpure---40627fad47208e13ff7955035d04715ba5b4eebde6c5a19701777458539c1063---com.facebook.ads.AudienceNetworkContentProvider---onCreate---null
12-03 09:57:44.680 26410 26474 D FiniteState: WEBTOON2.12.10Apkpure---40627fad47208e13ff7955035d04715ba5b4eebde6c5a19701777458539c1063---com.facebook.ads.internal.util.common.ANActivityLifecycleCallbacksListener---registerActivityCallbacks---null
12-03 09:57:44.681 26410 26474 D FiniteState: WEBTOON2.12.10Apkpure---40627fad47208e13ff7955035d04715ba5b4eebde6c5a19701777458539c1063---com.facebook.ads.internal.dynamicloading.DynamicLoaderFactory$1---run---null
12-03 09:57:44.827 26410 26528 D FiniteState: WEBTOON2.12.10Apkpure---40627fad47208e13ff7955035d04715ba5b4eebde6c5a19701777458539c1063---com.google.android.gms.ads.identifier.AdvertisingIdClient---getAdvertisingIdInfo---null
12-03 09:57:44.827 26410 26528 D FiniteState: WEBTOON2.12.10Apkpure---40627fad47208e13ff7955035d04715ba5b4eebde6c5a19701777458539c1063---com.google.android.gms.ads.identifier.AdvertisingIdClient---zzb---null
12-03 09:57:44.844 26410 26485 D FiniteState: WEBTOON2.12.10Apkpure---40627fad47208e13ff7955035d04715ba5b4eebde6c5a19701777458539c1063---com.google.android.gms.ads.identifier.AdvertisingIdClient---getAdvertisingIdInfo---null
12-03 09:57:44.844 26410 26485 D FiniteState: WEBTOON2.12.10Apkpure---40627fad47208e13ff7955035d04715ba5b4eebde6c5a19701777458539c1063---com.google.android.gms.ads.identifier.AdvertisingIdClient---zzb---null
12-03 09:57:44.844 26410 26410 D FiniteState: WEBTOON2.12.10Apkpure---40627fad47208e13ff7955035d04715ba5b4eebde6c5a19701777458539c1063---com.facebook.ads.internal.settings.AdInternalSettings---setDataProcessingOptions---null
12-03 09:57:44.844 26410 26410 D FiniteState: WEBTOON2.12.10Apkpure---40627fad47208e13ff7955035d04715ba5b4eebde6c5a19701777458539c1063---com.facebook.ads.internal.settings.MultithreadedBundleWrapper---putStringArray---null
12-03 09:57:44.844 26410 26410 D FiniteState: WEBTOON2.12.10Apkpure---40627fad47208e13ff7955035d04715ba5b4eebde6c5a19701777458539c1063---com.facebook.ads.internal.settings.MultithreadedBundleWrapper---putInteger---null
12-03 09:57:44.844 26410 26410 D FiniteState: WEBTOON2.12.10Apkpure---40627fad47208e13ff7955035d04715ba5b4eebde6c5a19701777458539c1063---com.facebook.ads.internal.settings.MultithreadedBundleWrapper---putInteger---null
12-03 09:57:44.844 26410 26410 D FiniteState: WEBTOON2.12.10Apkpure---40627fad47208e13ff7955035d04715ba5b4eebde6c5a19701777458539c1063---com.facebook.ads.AdSettings---setDataProcessingOptions---null
12-03 09:57:44.962 26410 26410 D FiniteState: WEBTOON2.12.10Apkpure---40627fad47208e13ff7955035d04715ba5b4eebde6c5a19701777458539c1063---com.facebook.ads.internal.util.common.ANActivityLifecycleCallbacksListener---onActivityCreated---null
12-03 09:57:44.977 26410 26410 D FiniteState: WEBTOON2.12.10Apkpure---40627fad47208e13ff7955035d04715ba5b4eebde6c5a19701777458539c1063---com.facebook.ads.internal.util.common.ANActivityLifecycleCallbacksListener---onActivityStarted---null
12-03 09:57:44.978 26410 26523 D FiniteState: WEBTOON2.12.10Apkpure---40627fad47208e13ff7955035d04715ba5b4eebde6c5a19701777458539c1063---com.google.android.gms.ads.identifier.AdvertisingIdClient---getAdvertisingIdInfo---null
12-03 09:57:44.979 26410 26523 D FiniteState: WEBTOON2.12.10Apkpure---40627fad47208e13ff7955035d04715ba5b4eebde6c5a19701777458539c1063---com.google.android.gms.ads.identifier.AdvertisingIdClient---zzb---null
12-03 09:57:44.986 26410 26481 D FiniteState: WEBTOON2.12.10Apkpure---40627fad47208e13ff7955035d04715ba5b4eebde6c5a19701777458539c1063---com.google.android.gms.ads.identifier.AdvertisingIdClient---getAdvertisingIdInfo---null
12-03 09:57:44.986 26410 26481 D FiniteState: WEBTOON2.12.10Apkpure---40627fad47208e13ff7955035d04715ba5b4eebde6c5a19701777458539c1063---com.google.android.gms.ads.identifier.AdvertisingIdClient---zzb---null
12-03 09:57:44.994 26410 26480 D FiniteState: WEBTOON2.12.10Apkpure---40627fad47208e13ff7955035d04715ba5b4eebde6c5a19701777458539c1063---com.google.android.gms.ads.identifier.AdvertisingIdClient---getAdvertisingIdInfo---null
12-03 09:57:44.994 26410 26480 D FiniteState: WEBTOON2.12.10Apkpure---40627fad47208e13ff7955035d04715ba5b4eebde6c5a19701777458539c1063---com.google.android.gms.ads.identifier.AdvertisingIdClient---zzb---null
12-03 09:57:44.996 26410 26578 D FiniteState: WEBTOON2.12.10Apkpure---40627fad47208e13ff7955035d04715ba5b4eebde6c5a19701777458539c1063---com.google.android.gms.ads.identifier.AdvertisingIdClient---getAdvertisingIdInfo---null
12-03 09:57:44.997 26410 26578 D FiniteState: WEBTOON2.12.10Apkpure---40627fad47208e13ff7955035d04715ba5b4eebde6c5a19701777458539c1063---com.google.android.gms.ads.identifier.AdvertisingIdClient---zzb---null
12-03 09:57:45.002 26410 26410 D FiniteState: WEBTOON2.12.10Apkpure---40627fad47208e13ff7955035d04715ba5b4eebde6c5a19701777458539c1063---com.facebook.ads.internal.util.common.ANActivityLifecycleCallbacksListener---onActivityResumed---null
12-03 09:57:45.014 26410 26427 D FiniteState: WEBTOON2.12.10Apkpure---40627fad47208e13ff7955035d04715ba5b4eebde6c5a19701777458539c1063---com.google.android.gms.ads.identifier.AdvertisingIdClient---zzd---null
12-03 09:57:45.015 26410 26472 D FiniteState: WEBTOON2.12.10Apkpure---40627fad47208e13ff7955035d04715ba5b4eebde6c5a19701777458539c1063---com.google.android.gms.ads.identifier.AdvertisingIdClient---zzd---null
12-03 09:57:45.018 26410 26472 D FiniteState: WEBTOON2.12.10Apkpure---40627fad47208e13ff7955035d04715ba5b4eebde6c5a19701777458539c1063---com.google.android.gms.ads.identifier.AdvertisingIdClient---zza---null
12-03 09:57:45.018 26410 26427 D FiniteState: WEBTOON2.12.10Apkpure---40627fad47208e13ff7955035d04715ba5b4eebde6c5a19701777458539c1063---com.google.android.gms.ads.identifier.AdvertisingIdClient---zza---null
12-03 09:57:45.025 26410 26528 D FiniteState: WEBTOON2.12.10Apkpure---40627fad47208e13ff7955035d04715ba5b4eebde6c5a19701777458539c1063---com.google.android.gms.ads.identifier.AdvertisingIdClient---zzd---null
12-03 09:57:45.026 26410 26528 D FiniteState: WEBTOON2.12.10Apkpure---40627fad47208e13ff7955035d04715ba5b4eebde6c5a19701777458539c1063---com.google.android.gms.ads.identifier.AdvertisingIdClient---zza---null
12-03 09:57:45.027 26410 26485 D FiniteState: WEBTOON2.12.10Apkpure---40627fad47208e13ff7955035d04715ba5b4eebde6c5a19701777458539c1063---com.google.android.gms.ads.identifier.AdvertisingIdClient---zzd---null
12-03 09:57:45.030 26410 26485 D FiniteState: WEBTOON2.12.10Apkpure---40627fad47208e13ff7955035d04715ba5b4eebde6c5a19701777458539c1063---com.google.android.gms.ads.identifier.AdvertisingIdClient---zza---null
12-03 09:57:45.031 26410 26480 D FiniteState: WEBTOON2.12.10Apkpure---40627fad47208e13ff7955035d04715ba5b4eebde6c5a19701777458539c1063---com.google.android.gms.ads.identifier.AdvertisingIdClient---zzd---null
12-03 09:57:45.031 26410 26523 D FiniteState: WEBTOON2.12.10Apkpure---40627fad47208e13ff7955035d04715ba5b4eebde6c5a19701777458539c1063---com.google.android.gms.ads.identifier.AdvertisingIdClient---zzd---null
12-03 09:57:45.031 26410 26481 D FiniteState: WEBTOON2.12.10Apkpure---40627fad47208e13ff7955035d04715ba5b4eebde6c5a19701777458539c1063---com.google.android.gms.ads.identifier.AdvertisingIdClient---zzd---null
12-03 09:57:45.032 26410 26480 D FiniteState: WEBTOON2.12.10Apkpure---40627fad47208e13ff7955035d04715ba5b4eebde6c5a19701777458539c1063---com.google.android.gms.ads.identifier.AdvertisingIdClient---zza---null
12-03 09:57:45.033 26410 26523 D FiniteState: WEBTOON2.12.10Apkpure---40627fad47208e13ff7955035d04715ba5b4eebde6c5a19701777458539c1063---com.google.android.gms.ads.identifier.AdvertisingIdClient---zza---null
12-03 09:57:45.035 26410 26481 D FiniteState: WEBTOON2.12.10Apkpure---40627fad47208e13ff7955035d04715ba5b4eebde6c5a19701777458539c1063---com.google.android.gms.ads.identifier.AdvertisingIdClient---zza---null
12-03 09:57:45.036 26410 26578 D FiniteState: WEBTOON2.12.10Apkpure---40627fad47208e13ff7955035d04715ba5b4eebde6c5a19701777458539c1063---com.google.android.gms.ads.identifier.AdvertisingIdClient---zzd---null
12-03 09:57:45.037 26410 26578 D FiniteState: WEBTOON2.12.10Apkpure---40627fad47208e13ff7955035d04715ba5b4eebde6c5a19701777458539c1063---com.google.android.gms.ads.identifier.AdvertisingIdClient---zza---null
12-03 09:57:45.081 26410 26474 D FiniteState: WEBTOON2.12.10Apkpure---40627fad47208e13ff7955035d04715ba5b4eebde6c5a19701777458539c1063---com.facebook.ads.internal.dynamicloading.DynamicLoaderFactory---access$200---null
12-03 09:57:45.112 26410 26477 D FiniteState: WEBTOON2.12.10Apkpure---40627fad47208e13ff7955035d04715ba5b4eebde6c5a19701777458539c1063---com.google.android.gms.ads.identifier.AdvertisingIdClient---getAdvertisingIdInfo---null
12-03 09:57:45.120 26410 26477 D FiniteState: WEBTOON2.12.10Apkpure---40627fad47208e13ff7955035d04715ba5b4eebde6c5a19701777458539c1063---com.google.android.gms.ads.identifier.AdvertisingIdClient---zzb---null
12-03 09:57:45.139 26410 26477 D FiniteState: WEBTOON2.12.10Apkpure---40627fad47208e13ff7955035d04715ba5b4eebde6c5a19701777458539c1063---com.google.android.gms.ads.identifier.AdvertisingIdClient---zzd---null
12-03 09:57:45.140 26410 26477 D FiniteState: WEBTOON2.12.10Apkpure---40627fad47208e13ff7955035d04715ba5b4eebde6c5a19701777458539c1063---com.google.android.gms.ads.identifier.AdvertisingIdClient---zza---null
12-03 09:57:45.445 26410 26410 D FiniteState: WEBTOON2.12.10Apkpure---40627fad47208e13ff7955035d04715ba5b4eebde6c5a19701777458539c1063---com.facebook.ads.AudienceNetworkAds---buildInitSettings---null
12-03 09:57:45.445 26410 26410 D FiniteState: WEBTOON2.12.10Apkpure---40627fad47208e13ff7955035d04715ba5b4eebde6c5a19701777458539c1063---com.facebook.ads.internal.dynamicloading.DynamicLoaderFactory---initialize---null
12-03 09:57:45.446 26410 26410 D FiniteState: WEBTOON2.12.10Apkpure---40627fad47208e13ff7955035d04715ba5b4eebde6c5a19701777458539c1063---com.facebook.ads.internal.api.InitSettingsBuilder---initialize---null
12-03 09:57:45.446 26410 26410 D FiniteState: WEBTOON2.12.10Apkpure---40627fad47208e13ff7955035d04715ba5b4eebde6c5a19701777458539c1063---com.facebook.ads.internal.settings.MultithreadedBundleWrapper---putSerializable---null
12-03 09:57:45.446 26410 26410 D FiniteState: WEBTOON2.12.10Apkpure---40627fad47208e13ff7955035d04715ba5b4eebde6c5a19701777458539c1063---com.facebook.ads.AdSettings---setIntegrationErrorMode---null
12-03 09:57:45.448 26410 26664 D FiniteState: WEBTOON2.12.10Apkpure---40627fad47208e13ff7955035d04715ba5b4eebde6c5a19701777458539c1063---com.facebook.ads.internal.dynamicloading.DynamicLoaderFactory$1---run---null
12-03 09:57:45.480 26410 26665 D FiniteState: WEBTOON2.12.10Apkpure---40627fad47208e13ff7955035d04715ba5b4eebde6c5a19701777458539c1063---com.google.android.gms.ads.identifier.AdvertisingIdClient---getAdvertisingIdInfo---null
12-03 09:57:45.480 26410 26665 D FiniteState: WEBTOON2.12.10Apkpure---40627fad47208e13ff7955035d04715ba5b4eebde6c5a19701777458539c1063---com.google.android.gms.ads.identifier.AdvertisingIdClient---zzb---null
12-03 09:57:45.489 26410 26665 D FiniteState: WEBTOON2.12.10Apkpure---40627fad47208e13ff7955035d04715ba5b4eebde6c5a19701777458539c1063---com.google.android.gms.ads.identifier.AdvertisingIdClient---zzd---null
12-03 09:57:45.492 26410 26665 D FiniteState: WEBTOON2.12.10Apkpure---40627fad47208e13ff7955035d04715ba5b4eebde6c5a19701777458539c1063---com.google.android.gms.ads.identifier.AdvertisingIdClient---zza---null
12-03 09:57:45.497 26410 26665 D FiniteState: WEBTOON2.12.10Apkpure---40627fad47208e13ff7955035d04715ba5b4eebde6c5a19701777458539c1063---com.google.android.gms.ads.identifier.AdvertisingIdClient---getAdvertisingIdInfo---null
12-03 09:57:45.497 26410 26665 D FiniteState: WEBTOON2.12.10Apkpure---40627fad47208e13ff7955035d04715ba5b4eebde6c5a19701777458539c1063---com.google.android.gms.ads.identifier.AdvertisingIdClient---zzb---null
12-03 09:57:45.505 26410 26665 D FiniteState: WEBTOON2.12.10Apkpure---40627fad47208e13ff7955035d04715ba5b4eebde6c5a19701777458539c1063---com.google.android.gms.ads.identifier.AdvertisingIdClient---zzd---null
12-03 09:57:45.509 26410 26665 D FiniteState: WEBTOON2.12.10Apkpure---40627fad47208e13ff7955035d04715ba5b4eebde6c5a19701777458539c1063---com.google.android.gms.ads.identifier.AdvertisingIdClient---zza---null
12-03 09:57:45.849 26410 26664 D FiniteState: WEBTOON2.12.10Apkpure---40627fad47208e13ff7955035d04715ba5b4eebde6c5a19701777458539c1063---com.facebook.ads.internal.dynamicloading.DynamicLoaderFactory---createErrorMessage---null
12-03 09:57:45.849 26410 26664 D FiniteState: WEBTOON2.12.10Apkpure---40627fad47208e13ff7955035d04715ba5b4eebde6c5a19701777458539c1063---com.facebook.ads.internal.dynamicloading.DynamicLoaderFallback---makeFallbackLoader---null
12-03 09:57:45.851 26410 26664 D FiniteState: WEBTOON2.12.10Apkpure---40627fad47208e13ff7955035d04715ba5b4eebde6c5a19701777458539c1063---com.facebook.ads.internal.dynamicloading.DynamicLoaderFallback$SimpleMethodCaptor$1---invoke---null
12-03 09:57:45.851 26410 26664 D FiniteState: WEBTOON2.12.10Apkpure---40627fad47208e13ff7955035d04715ba5b4eebde6c5a19701777458539c1063---com.facebook.ads.internal.dynamicloading.DynamicLoaderFallback$SimpleMethodCaptor$1---invoke---null
12-03 09:57:45.851 26410 26664 D FiniteState: WEBTOON2.12.10Apkpure---40627fad47208e13ff7955035d04715ba5b4eebde6c5a19701777458539c1063---com.facebook.ads.internal.dynamicloading.DynamicLoaderFallback$SimpleMethodCaptor$1---invoke---null
12-03 09:57:45.851 26410 26664 D FiniteState: WEBTOON2.12.10Apkpure---40627fad47208e13ff7955035d04715ba5b4eebde6c5a19701777458539c1063---com.facebook.ads.internal.dynamicloading.DynamicLoaderFallback$SimpleMethodCaptor$1---invoke---null
12-03 09:57:45.851 26410 26664 D FiniteState: WEBTOON2.12.10Apkpure---40627fad47208e13ff7955035d04715ba5b4eebde6c5a19701777458539c1063---com.facebook.ads.internal.dynamicloading.DynamicLoaderFallback$SimpleMethodCaptor$1---invoke---null
12-03 09:57:45.851 26410 26664 D FiniteState: WEBTOON2.12.10Apkpure---40627fad47208e13ff7955035d04715ba5b4eebde6c5a19701777458539c1063---com.facebook.ads.internal.dynamicloading.DynamicLoaderFallback$SimpleMethodCaptor$1---invoke---null
12-03 09:57:45.851 26410 26664 D FiniteState: WEBTOON2.12.10Apkpure---40627fad47208e13ff7955035d04715ba5b4eebde6c5a19701777458539c1063---com.facebook.ads.internal.dynamicloading.DynamicLoaderFallback$SimpleMethodCaptor$1---invoke---null
12-03 09:57:45.851 26410 26664 D FiniteState: WEBTOON2.12.10Apkpure---40627fad47208e13ff7955035d04715ba5b4eebde6c5a19701777458539c1063---com.facebook.ads.internal.dynamicloading.DynamicLoaderFallback$SimpleMethodCaptor$1---invoke---null
12-03 09:57:45.851 26410 26664 D FiniteState: WEBTOON2.12.10Apkpure---40627fad47208e13ff7955035d04715ba5b4eebde6c5a19701777458539c1063---com.facebook.ads.internal.dynamicloading.DynamicLoaderFallback$SimpleMethodCaptor$1---invoke---null
12-03 09:57:45.852 26410 26664 D FiniteState: WEBTOON2.12.10Apkpure---40627fad47208e13ff7955035d04715ba5b4eebde6c5a19701777458539c1063---com.facebook.ads.internal.dynamicloading.DynamicLoaderFallback$SimpleMethodCaptor$1---invoke---null
12-03 09:57:45.852 26410 26664 D FiniteState: WEBTOON2.12.10Apkpure---40627fad47208e13ff7955035d04715ba5b4eebde6c5a19701777458539c1063---com.facebook.ads.internal.dynamicloading.DynamicLoaderFallback$SimpleMethodCaptor$1---invoke---null
12-03 09:57:45.852 26410 26664 D FiniteState: WEBTOON2.12.10Apkpure---40627fad47208e13ff7955035d04715ba5b4eebde6c5a19701777458539c1063---com.facebook.ads.internal.dynamicloading.DynamicLoaderFallback$SimpleMethodCaptor$1---invoke---null
12-03 09:57:45.852 26410 26664 D FiniteState: WEBTOON2.12.10Apkpure---40627fad47208e13ff7955035d04715ba5b4eebde6c5a19701777458539c1063---com.facebook.ads.internal.dynamicloading.DynamicLoaderFallback$SimpleMethodCaptor$1---invoke---null
12-03 09:57:45.852 26410 26664 D FiniteState: WEBTOON2.12.10Apkpure---40627fad47208e13ff7955035d04715ba5b4eebde6c5a19701777458539c1063---com.facebook.ads.internal.dynamicloading.DynamicLoaderFallback$SimpleMethodCaptor$1---invoke---null
12-03 09:57:45.852 26410 26664 D FiniteState: WEBTOON2.12.10Apkpure---40627fad47208e13ff7955035d04715ba5b4eebde6c5a19701777458539c1063---com.facebook.ads.internal.dynamicloading.DynamicLoaderFallback$SimpleMethodCaptor$1---invoke---null
12-03 09:57:45.852 26410 26664 D FiniteState: WEBTOON2.12.10Apkpure---40627fad47208e13ff7955035d04715ba5b4eebde6c5a19701777458539c1063---com.facebook.ads.internal.dynamicloading.DynamicLoaderFallback$SimpleMethodCaptor$1---invoke---null
12-03 09:57:45.852 26410 26664 D FiniteState: WEBTOON2.12.10Apkpure---40627fad47208e13ff7955035d04715ba5b4eebde6c5a19701777458539c1063---com.facebook.ads.internal.dynamicloading.DynamicLoaderFallback$SimpleMethodCaptor$1---invoke---null
12-03 09:57:45.852 26410 26664 D FiniteState: WEBTOON2.12.10Apkpure---40627fad47208e13ff7955035d04715ba5b4eebde6c5a19701777458539c1063---com.facebook.ads.internal.dynamicloading.DynamicLoaderFallback$SimpleMethodCaptor$1---invoke---null
12-03 09:57:45.852 26410 26664 D FiniteState: WEBTOON2.12.10Apkpure---40627fad47208e13ff7955035d04715ba5b4eebde6c5a19701777458539c1063---com.facebook.ads.internal.dynamicloading.DynamicLoaderFallback$SimpleMethodCaptor$1---invoke---null
12-03 09:57:45.852 26410 26664 D FiniteState: WEBTOON2.12.10Apkpure---40627fad47208e13ff7955035d04715ba5b4eebde6c5a19701777458539c1063---com.facebook.ads.internal.dynamicloading.DynamicLoaderFallback$SimpleMethodCaptor$1---invoke---null
12-03 09:57:45.852 26410 26664 D FiniteState: WEBTOON2.12.10Apkpure---40627fad47208e13ff7955035d04715ba5b4eebde6c5a19701777458539c1063---com.facebook.ads.internal.dynamicloading.DynamicLoaderFallback$SimpleMethodCaptor$1---invoke---null
12-03 09:57:45.852 26410 26664 D FiniteState: WEBTOON2.12.10Apkpure---40627fad47208e13ff7955035d04715ba5b4eebde6c5a19701777458539c1063---com.facebook.ads.internal.dynamicloading.DynamicLoaderFallback$SimpleMethodCaptor$1---invoke---null
12-03 09:57:45.852 26410 26664 D FiniteState: WEBTOON2.12.10Apkpure---40627fad47208e13ff7955035d04715ba5b4eebde6c5a19701777458539c1063---com.facebook.ads.internal.dynamicloading.DynamicLoaderFactory---setFallbackMode---null
12-03 09:57:45.852 26410 26664 D FiniteState: WEBTOON2.12.10Apkpure---40627fad47208e13ff7955035d04715ba5b4eebde6c5a19701777458539c1063---com.facebook.ads.internal.dynamicloading.DynamicLoaderFactory---doCallInitialize---null
12-03 09:57:45.852 26410 26664 D FiniteState: WEBTOON2.12.10Apkpure---40627fad47208e13ff7955035d04715ba5b4eebde6c5a19701777458539c1063---com.facebook.ads.internal.dynamicloading.DynamicLoaderFactory---access$200---null
12-03 09:57:45.955 26410 26410 D FiniteState: WEBTOON2.12.10Apkpure---40627fad47208e13ff7955035d04715ba5b4eebde6c5a19701777458539c1063---com.facebook.ads.internal.dynamicloading.DynamicLoaderFactory---createErrorInitResult---null
12-03 09:57:45.955 26410 26410 D FiniteState: WEBTOON2.12.10Apkpure---40627fad47208e13ff7955035d04715ba5b4eebde6c5a19701777458539c1063---com.facebook.ads.internal.settings.MultithreadedBundleWrapper---putBoolean---null
12-03 09:57:45.955 26410 26410 D FiniteState: WEBTOON2.12.10Apkpure---40627fad47208e13ff7955035d04715ba5b4eebde6c5a19701777458539c1063---com.facebook.ads.internal.settings.AdInternalSettings---setTestMode---null
12-03 09:57:45.956 26410 26410 D FiniteState: WEBTOON2.12.10Apkpure---40627fad47208e13ff7955035d04715ba5b4eebde6c5a19701777458539c1063---com.facebook.ads.AdSettings---setTestMode---null
12-03 09:57:45.956 26410 26410 D FiniteState: WEBTOON2.12.10Apkpure---40627fad47208e13ff7955035d04715ba5b4eebde6c5a19701777458539c1063---com.facebook.ads.internal.dynamicloading.DynamicLoaderFactory---createErrorMessage---null
12-03 09:57:45.956 26410 26410 D FiniteState: WEBTOON2.12.10Apkpure---40627fad47208e13ff7955035d04715ba5b4eebde6c5a19701777458539c1063---com.facebook.ads.internal.dynamicloading.DynamicLoaderFactory$2---run---null
12-03 09:57:46.741 26410 26421 D FiniteState: WEBTOON2.12.10Apkpure---40627fad47208e13ff7955035d04715ba5b4eebde6c5a19701777458539c1063---com.google.android.gms.ads.identifier.AdvertisingIdClient---zza---null
12-03 09:57:46.741 26410 26421 D FiniteState: WEBTOON2.12.10Apkpure---40627fad47208e13ff7955035d04715ba5b4eebde6c5a19701777458539c1063---com.google.android.gms.ads.identifier.AdvertisingIdClient---finalize---null
12-03 09:57:46.741 26410 26421 D FiniteState: WEBTOON2.12.10Apkpure---40627fad47208e13ff7955035d04715ba5b4eebde6c5a19701777458539c1063---com.google.android.gms.ads.identifier.AdvertisingIdClient---zza---null
12-03 09:57:46.741 26410 26421 D FiniteState: WEBTOON2.12.10Apkpure---40627fad47208e13ff7955035d04715ba5b4eebde6c5a19701777458539c1063---com.google.android.gms.ads.identifier.AdvertisingIdClient---finalize---null
12-03 09:57:46.742 26410 26421 D FiniteState: WEBTOON2.12.10Apkpure---40627fad47208e13ff7955035d04715ba5b4eebde6c5a19701777458539c1063---com.google.android.gms.ads.identifier.AdvertisingIdClient---zza---null
12-03 09:57:46.742 26410 26421 D FiniteState: WEBTOON2.12.10Apkpure---40627fad47208e13ff7955035d04715ba5b4eebde6c5a19701777458539c1063---com.google.android.gms.ads.identifier.AdvertisingIdClient---finalize---null
12-03 09:57:46.742 26410 26421 D FiniteState: WEBTOON2.12.10Apkpure---40627fad47208e13ff7955035d04715ba5b4eebde6c5a19701777458539c1063---com.google.android.gms.ads.identifier.AdvertisingIdClient---zza---null
12-03 09:57:46.742 26410 26421 D FiniteState: WEBTOON2.12.10Apkpure---40627fad47208e13ff7955035d04715ba5b4eebde6c5a19701777458539c1063---com.google.android.gms.ads.identifier.AdvertisingIdClient---finalize---null
12-03 09:57:46.742 26410 26421 D FiniteState: WEBTOON2.12.10Apkpure---40627fad47208e13ff7955035d04715ba5b4eebde6c5a19701777458539c1063---com.google.android.gms.ads.identifier.AdvertisingIdClient---zza---null
12-03 09:57:46.743 26410 26421 D FiniteState: WEBTOON2.12.10Apkpure---40627fad47208e13ff7955035d04715ba5b4eebde6c5a19701777458539c1063---com.google.android.gms.ads.identifier.AdvertisingIdClient---finalize---null
12-03 09:57:46.743 26410 26421 D FiniteState: WEBTOON2.12.10Apkpure---40627fad47208e13ff7955035d04715ba5b4eebde6c5a19701777458539c1063---com.google.android.gms.ads.identifier.AdvertisingIdClient---zza---null
12-03 09:57:46.743 26410 26421 D FiniteState: WEBTOON2.12.10Apkpure---40627fad47208e13ff7955035d04715ba5b4eebde6c5a19701777458539c1063---com.google.android.gms.ads.identifier.AdvertisingIdClient---finalize---null
12-03 09:57:46.743 26410 26421 D FiniteState: WEBTOON2.12.10Apkpure---40627fad47208e13ff7955035d04715ba5b4eebde6c5a19701777458539c1063---com.google.android.gms.ads.identifier.AdvertisingIdClient---zza---null
12-03 09:57:46.743 26410 26421 D FiniteState: WEBTOON2.12.10Apkpure---40627fad47208e13ff7955035d04715ba5b4eebde6c5a19701777458539c1063---com.google.android.gms.ads.identifier.AdvertisingIdClient---finalize---null
12-03 09:57:46.743 26410 26421 D FiniteState: WEBTOON2.12.10Apkpure---40627fad47208e13ff7955035d04715ba5b4eebde6c5a19701777458539c1063---com.google.android.gms.ads.identifier.AdvertisingIdClient---zza---null
12-03 09:57:46.743 26410 26421 D FiniteState: WEBTOON2.12.10Apkpure---40627fad47208e13ff7955035d04715ba5b4eebde6c5a19701777458539c1063---com.google.android.gms.ads.identifier.AdvertisingIdClient---finalize---null
12-03 09:57:46.743 26410 26421 D FiniteState: WEBTOON2.12.10Apkpure---40627fad47208e13ff7955035d04715ba5b4eebde6c5a19701777458539c1063---com.google.android.gms.ads.identifier.AdvertisingIdClient---zza---null
12-03 09:57:46.743 26410 26421 D FiniteState: WEBTOON2.12.10Apkpure---40627fad47208e13ff7955035d04715ba5b4eebde6c5a19701777458539c1063---com.google.android.gms.ads.identifier.AdvertisingIdClient---finalize---null
12-03 09:57:46.743 26410 26421 D FiniteState: WEBTOON2.12.10Apkpure---40627fad47208e13ff7955035d04715ba5b4eebde6c5a19701777458539c1063---com.google.android.gms.ads.identifier.AdvertisingIdClient---zza---null
12-03 09:57:46.743 26410 26421 D FiniteState: WEBTOON2.12.10Apkpure---40627fad47208e13ff7955035d04715ba5b4eebde6c5a19701777458539c1063---com.google.android.gms.ads.identifier.AdvertisingIdClient---finalize---null
12-03 09:57:46.743 26410 26421 D FiniteState: WEBTOON2.12.10Apkpure---40627fad47208e13ff7955035d04715ba5b4eebde6c5a19701777458539c1063---com.google.android.gms.ads.identifier.AdvertisingIdClient---zza---null
12-03 09:57:46.743 26410 26421 D FiniteState: WEBTOON2.12.10Apkpure---40627fad47208e13ff7955035d04715ba5b4eebde6c5a19701777458539c1063---com.google.android.gms.ads.identifier.AdvertisingIdClient---finalize---null
12-03 09:57:50.025 26410 26410 D FiniteState: WEBTOON2.12.10Apkpure---40627fad47208e13ff7955035d04715ba5b4eebde6c5a19701777458539c1063---com.facebook.ads.internal.settings.AdInternalSettings---setDataProcessingOptions---null
12-03 09:57:50.025 26410 26410 D FiniteState: WEBTOON2.12.10Apkpure---40627fad47208e13ff7955035d04715ba5b4eebde6c5a19701777458539c1063---com.facebook.ads.internal.settings.MultithreadedBundleWrapper---putStringArray---null
12-03 09:57:50.025 26410 26410 D FiniteState: WEBTOON2.12.10Apkpure---40627fad47208e13ff7955035d04715ba5b4eebde6c5a19701777458539c1063---com.facebook.ads.internal.settings.MultithreadedBundleWrapper---putInteger---null
12-03 09:57:50.025 26410 26410 D FiniteState: WEBTOON2.12.10Apkpure---40627fad47208e13ff7955035d04715ba5b4eebde6c5a19701777458539c1063---com.facebook.ads.internal.settings.MultithreadedBundleWrapper---putInteger---null
12-03 09:57:50.025 26410 26410 D FiniteState: WEBTOON2.12.10Apkpure---40627fad47208e13ff7955035d04715ba5b4eebde6c5a19701777458539c1063---com.facebook.ads.AdSettings---setDataProcessingOptions---null
12-03 09:57:50.039 26410 26410 D FiniteState: WEBTOON2.12.10Apkpure---40627fad47208e13ff7955035d04715ba5b4eebde6c5a19701777458539c1063---com.facebook.ads.internal.util.common.ANActivityLifecycleCallbacksListener---onActivityPaused---null
12-03 09:58:01.762 26410 26410 D FiniteState: WEBTOON2.12.10Apkpure---40627fad47208e13ff7955035d04715ba5b4eebde6c5a19701777458539c1063---com.facebook.ads.internal.util.common.ANActivityLifecycleCallbacksListener---onActivityResumed---null
12-03 09:58:01.765 26410 26481 D FiniteState: WEBTOON2.12.10Apkpure---40627fad47208e13ff7955035d04715ba5b4eebde6c5a19701777458539c1063---com.google.android.gms.ads.identifier.AdvertisingIdClient---getAdvertisingIdInfo---null
12-03 09:58:01.765 26410 26481 D FiniteState: WEBTOON2.12.10Apkpure---40627fad47208e13ff7955035d04715ba5b4eebde6c5a19701777458539c1063---com.google.android.gms.ads.identifier.AdvertisingIdClient---zzb---null
12-03 09:58:01.778 26410 26410 D FiniteState: WEBTOON2.12.10Apkpure---40627fad47208e13ff7955035d04715ba5b4eebde6c5a19701777458539c1063---com.facebook.ads.internal.util.common.ANActivityLifecycleCallbacksListener---onActivityPaused---null
12-03 09:58:01.782 26410 26481 D FiniteState: WEBTOON2.12.10Apkpure---40627fad47208e13ff7955035d04715ba5b4eebde6c5a19701777458539c1063---com.google.android.gms.ads.identifier.AdvertisingIdClient---zzd---null
12-03 09:58:01.784 26410 26481 D FiniteState: WEBTOON2.12.10Apkpure---40627fad47208e13ff7955035d04715ba5b4eebde6c5a19701777458539c1063---com.google.android.gms.ads.identifier.AdvertisingIdClient---zza---null
12-03 09:58:01.793 26410 26410 D FiniteState: WEBTOON2.12.10Apkpure---40627fad47208e13ff7955035d04715ba5b4eebde6c5a19701777458539c1063---com.facebook.ads.internal.util.common.ANActivityLifecycleCallbacksListener---onActivityCreated---null
12-03 09:58:01.804 26410 26410 D FiniteState: WEBTOON2.12.10Apkpure---40627fad47208e13ff7955035d04715ba5b4eebde6c5a19701777458539c1063---com.facebook.ads.internal.util.common.ANActivityLifecycleCallbacksListener---onActivityStarted---null
12-03 09:58:01.814 26410 26410 D FiniteState: WEBTOON2.12.10Apkpure---40627fad47208e13ff7955035d04715ba5b4eebde6c5a19701777458539c1063---com.facebook.ads.internal.util.common.ANActivityLifecycleCallbacksListener---onActivityResumed---null
12-03 09:58:01.821 26410 26410 D FiniteState: WEBTOON2.12.10Apkpure---40627fad47208e13ff7955035d04715ba5b4eebde6c5a19701777458539c1063---com.facebook.ads.internal.util.common.ANActivityLifecycleCallbacksListener---onActivityStopped---null
12-03 09:58:05.066 26410 26410 D FiniteState: WEBTOON2.12.10Apkpure---40627fad47208e13ff7955035d04715ba5b4eebde6c5a19701777458539c1063---com.facebook.ads.internal.util.common.ANActivityLifecycleCallbacksListener---onActivityPaused---null
12-03 09:58:05.069 26410 26410 D FiniteState: WEBTOON2.12.10Apkpure---40627fad47208e13ff7955035d04715ba5b4eebde6c5a19701777458539c1063---com.facebook.ads.internal.util.common.ANActivityLifecycleCallbacksListener---onActivityStarted---null
12-03 09:58:05.074 26410 26410 D FiniteState: WEBTOON2.12.10Apkpure---40627fad47208e13ff7955035d04715ba5b4eebde6c5a19701777458539c1063---com.facebook.ads.internal.util.common.ANActivityLifecycleCallbacksListener---onActivityResumed---null
12-03 09:58:05.077 26410 26410 D FiniteState: WEBTOON2.12.10Apkpure---40627fad47208e13ff7955035d04715ba5b4eebde6c5a19701777458539c1063---com.facebook.ads.internal.util.common.ANActivityLifecycleCallbacksListener---onActivityPaused---null
12-03 09:58:05.092 26410 26410 D FiniteState: WEBTOON2.12.10Apkpure---40627fad47208e13ff7955035d04715ba5b4eebde6c5a19701777458539c1063---com.facebook.ads.internal.util.common.ANActivityLifecycleCallbacksListener---onActivityCreated---null
12-03 09:58:05.098 26410 26410 D FiniteState: WEBTOON2.12.10Apkpure---40627fad47208e13ff7955035d04715ba5b4eebde6c5a19701777458539c1063---com.facebook.ads.internal.util.common.ANActivityLifecycleCallbacksListener---onActivityStarted---null
12-03 09:58:05.120 26410 26410 D FiniteState: WEBTOON2.12.10Apkpure---40627fad47208e13ff7955035d04715ba5b4eebde6c5a19701777458539c1063---com.facebook.ads.internal.util.common.ANActivityLifecycleCallbacksListener---onActivityResumed---null
12-03 09:58:05.129 26410 26410 D FiniteState: WEBTOON2.12.10Apkpure---40627fad47208e13ff7955035d04715ba5b4eebde6c5a19701777458539c1063---com.facebook.ads.internal.util.common.ANActivityLifecycleCallbacksListener---onActivityStopped---null
12-03 09:58:05.141 26410 26421 D FiniteState: WEBTOON2.12.10Apkpure---40627fad47208e13ff7955035d04715ba5b4eebde6c5a19701777458539c1063---com.google.android.gms.ads.identifier.AdvertisingIdClient---zza---null
12-03 09:58:05.141 26410 26421 D FiniteState: WEBTOON2.12.10Apkpure---40627fad47208e13ff7955035d04715ba5b4eebde6c5a19701777458539c1063---com.google.android.gms.ads.identifier.AdvertisingIdClient---finalize---null
12-03 09:58:05.747 26410 26410 D FiniteState: WEBTOON2.12.10Apkpure---40627fad47208e13ff7955035d04715ba5b4eebde6c5a19701777458539c1063---com.facebook.ads.internal.util.common.ANActivityLifecycleCallbacksListener---onActivityStopped---null
12-03 09:58:05.751 26410 26410 D FiniteState: WEBTOON2.12.10Apkpure---40627fad47208e13ff7955035d04715ba5b4eebde6c5a19701777458539c1063---com.facebook.ads.internal.util.common.ANActivityLifecycleCallbacksListener---onActivityDestroyed---null
12-03 09:58:11.752 26410 26410 D FiniteState: WEBTOON2.12.10Apkpure---40627fad47208e13ff7955035d04715ba5b4eebde6c5a19701777458539c1063---com.facebook.ads.internal.util.common.ANActivityLifecycleCallbacksListener---onActivityPaused---null
12-03 09:58:11.763 26410 26410 D FiniteState: WEBTOON2.12.10Apkpure---40627fad47208e13ff7955035d04715ba5b4eebde6c5a19701777458539c1063---com.facebook.ads.internal.util.common.ANActivityLifecycleCallbacksListener---onActivityStarted---null
12-03 09:58:11.766 26410 26587 D FiniteState: WEBTOON2.12.10Apkpure---40627fad47208e13ff7955035d04715ba5b4eebde6c5a19701777458539c1063---com.google.android.gms.ads.identifier.AdvertisingIdClient---getAdvertisingIdInfo---null
12-03 09:58:11.766 26410 26587 D FiniteState: WEBTOON2.12.10Apkpure---40627fad47208e13ff7955035d04715ba5b4eebde6c5a19701777458539c1063---com.google.android.gms.ads.identifier.AdvertisingIdClient---zzb---null
12-03 09:58:11.790 26410 26587 D FiniteState: WEBTOON2.12.10Apkpure---40627fad47208e13ff7955035d04715ba5b4eebde6c5a19701777458539c1063---com.google.android.gms.ads.identifier.AdvertisingIdClient---zzd---null
12-03 09:58:11.792 26410 26587 D FiniteState: WEBTOON2.12.10Apkpure---40627fad47208e13ff7955035d04715ba5b4eebde6c5a19701777458539c1063---com.google.android.gms.ads.identifier.AdvertisingIdClient---zza---null
12-03 09:58:11.795 26410 26410 D FiniteState: WEBTOON2.12.10Apkpure---40627fad47208e13ff7955035d04715ba5b4eebde6c5a19701777458539c1063---com.facebook.ads.internal.util.common.ANActivityLifecycleCallbacksListener---onActivityCreated---null
12-03 09:58:11.808 26410 26410 D FiniteState: WEBTOON2.12.10Apkpure---40627fad47208e13ff7955035d04715ba5b4eebde6c5a19701777458539c1063---com.facebook.ads.internal.util.common.ANActivityLifecycleCallbacksListener---onActivityStarted---null
12-03 09:58:11.830 26410 26410 D FiniteState: WEBTOON2.12.10Apkpure---40627fad47208e13ff7955035d04715ba5b4eebde6c5a19701777458539c1063---com.facebook.ads.internal.util.common.ANActivityLifecycleCallbacksListener---onActivityResumed---null
12-03 09:58:11.959 26410 26421 D FiniteState: WEBTOON2.12.10Apkpure---40627fad47208e13ff7955035d04715ba5b4eebde6c5a19701777458539c1063---com.google.android.gms.ads.identifier.AdvertisingIdClient---zza---null
12-03 09:58:11.959 26410 26421 D FiniteState: WEBTOON2.12.10Apkpure---40627fad47208e13ff7955035d04715ba5b4eebde6c5a19701777458539c1063---com.google.android.gms.ads.identifier.AdvertisingIdClient---finalize---null
12-03 09:58:12.463 26410 26410 D FiniteState: WEBTOON2.12.10Apkpure---40627fad47208e13ff7955035d04715ba5b4eebde6c5a19701777458539c1063---com.facebook.ads.internal.util.common.ANActivityLifecycleCallbacksListener---onActivityStopped---null
12-03 09:58:12.466 26410 26410 D FiniteState: WEBTOON2.12.10Apkpure---40627fad47208e13ff7955035d04715ba5b4eebde6c5a19701777458539c1063---com.facebook.ads.internal.util.common.ANActivityLifecycleCallbacksListener---onActivityDestroyed---null
12-03 09:58:12.470 26410 26410 D FiniteState: WEBTOON2.12.10Apkpure---40627fad47208e13ff7955035d04715ba5b4eebde6c5a19701777458539c1063---com.facebook.ads.internal.util.common.ANActivityLifecycleCallbacksListener---onActivityStopped---null
12-03 09:58:12.471 26410 26410 D FiniteState: WEBTOON2.12.10Apkpure---40627fad47208e13ff7955035d04715ba5b4eebde6c5a19701777458539c1063---com.facebook.ads.internal.util.common.ANActivityLifecycleCallbacksListener---onActivityDestroyed---null
12-03 09:58:38.203 27176 27176 D FiniteState: ArtFlowPaintDrawSketchbook2.9.26Apkpure---2ccb7ec12dc68a705abc7ae6a1fae754b69c106c06788c9dc8e1a0bb02168d93---com.google.android.gms.ads.MobileAdsInitProvider---attachInfo---null
12-03 09:59:21.605 28506 28627 D FiniteState: AlfredCameraHomeSecurityapp2023.10.1Apkpure---cf9ed4a78ae98f9517332a14e8dbf629734d4b44633e22304b5428f6d0a1589e---com.google.android.gms.ads.identifier.AdvertisingIdClient---getAdvertisingIdInfo---null
12-03 09:59:21.606 28506 28627 D FiniteState: AlfredCameraHomeSecurityapp2023.10.1Apkpure---cf9ed4a78ae98f9517332a14e8dbf629734d4b44633e22304b5428f6d0a1589e---com.google.android.gms.ads.identifier.AdvertisingIdClient---zzb---null
12-03 09:59:21.609 28506 28627 D FiniteState: AlfredCameraHomeSecurityapp2023.10.1Apkpure---cf9ed4a78ae98f9517332a14e8dbf629734d4b44633e22304b5428f6d0a1589e---com.google.android.gms.ads.identifier.AdvertisingIdClient---zzd---null
12-03 09:59:21.610 28506 28627 D FiniteState: AlfredCameraHomeSecurityapp2023.10.1Apkpure---cf9ed4a78ae98f9517332a14e8dbf629734d4b44633e22304b5428f6d0a1589e---com.google.android.gms.ads.identifier.AdvertisingIdClient---zza---null
12-03 09:59:31.393 28506 28517 D FiniteState: AlfredCameraHomeSecurityapp2023.10.1Apkpure---cf9ed4a78ae98f9517332a14e8dbf629734d4b44633e22304b5428f6d0a1589e---com.google.android.gms.ads.identifier.AdvertisingIdClient---zza---null
12-03 09:59:31.394 28506 28517 D FiniteState: AlfredCameraHomeSecurityapp2023.10.1Apkpure---cf9ed4a78ae98f9517332a14e8dbf629734d4b44633e22304b5428f6d0a1589e---com.google.android.gms.ads.identifier.AdvertisingIdClient---finalize---null
12-03 10:00:22.025 30274 30293 D FiniteState: AudiomackMusicDownloader6.25.4Apkpure---a070a78a18adc558d7f3a279a12d3f44a6012fe1cbe7db83aa04dd24a66d261d---com.google.android.gms.ads.identifier.AdvertisingIdClient---getAdvertisingIdInfo---null
12-03 10:00:22.025 30274 30293 D FiniteState: AudiomackMusicDownloader6.25.4Apkpure---a070a78a18adc558d7f3a279a12d3f44a6012fe1cbe7db83aa04dd24a66d261d---com.google.android.gms.ads.identifier.AdvertisingIdClient---zzb---null
12-03 10:00:22.048 30274 30274 D FiniteState: AudiomackMusicDownloader6.25.4Apkpure---a070a78a18adc558d7f3a279a12d3f44a6012fe1cbe7db83aa04dd24a66d261d---com.google.android.gms.ads.MobileAdsInitProvider---attachInfo---null
12-03 10:00:22.049 30274 30274 D FiniteState: AudiomackMusicDownloader6.25.4Apkpure---a070a78a18adc558d7f3a279a12d3f44a6012fe1cbe7db83aa04dd24a66d261d---com.facebook.ads.internal.dynamicloading.DynamicLoaderFactory---initialize---null
