12-03 10:53:27.659 26885 26895 D FiniteState: ESPNFantasySports8.5.0Apkpure---ffe335681a8a2208272a6fc449e045ff0fcd6cd888fed019d3b709f56bff4da6---com.google.android.gms.ads.identifier.AdvertisingIdClient---finalize---null
12-03 10:53:27.662 26885 26895 D FiniteState: ESPNFantasySports8.5.0Apkpure---ffe335681a8a2208272a6fc449e045ff0fcd6cd888fed019d3b709f56bff4da6---com.google.android.gms.ads.identifier.AdvertisingIdClient---zza---null
12-03 10:53:27.662 26885 26895 D FiniteState: ESPNFantasySports8.5.0Apkpure---ffe335681a8a2208272a6fc449e045ff0fcd6cd888fed019d3b709f56bff4da6---com.google.android.gms.ads.identifier.AdvertisingIdClient---finalize---null
12-03 10:53:27.662 26885 26895 D FiniteState: ESPNFantasySports8.5.0Apkpure---ffe335681a8a2208272a6fc449e045ff0fcd6cd888fed019d3b709f56bff4da6---com.google.android.gms.ads.identifier.AdvertisingIdClient---zza---null
12-03 10:53:27.662 26885 26895 D FiniteState: ESPNFantasySports8.5.0Apkpure---ffe335681a8a2208272a6fc449e045ff0fcd6cd888fed019d3b709f56bff4da6---com.google.android.gms.ads.identifier.AdvertisingIdClient---finalize---null
12-03 10:53:27.662 26885 26895 D FiniteState: ESPNFantasySports8.5.0Apkpure---ffe335681a8a2208272a6fc449e045ff0fcd6cd888fed019d3b709f56bff4da6---com.google.android.gms.ads.identifier.AdvertisingIdClient---zza---null
12-03 10:53:27.662 26885 26895 D FiniteState: ESPNFantasySports8.5.0Apkpure---ffe335681a8a2208272a6fc449e045ff0fcd6cd888fed019d3b709f56bff4da6---com.google.android.gms.ads.identifier.AdvertisingIdClient---finalize---null
12-03 10:53:27.663 26885 26895 D FiniteState: ESPNFantasySports8.5.0Apkpure---ffe335681a8a2208272a6fc449e045ff0fcd6cd888fed019d3b709f56bff4da6---com.google.android.gms.ads.identifier.AdvertisingIdClient---zza---null
12-03 10:53:27.663 26885 26895 D FiniteState: ESPNFantasySports8.5.0Apkpure---ffe335681a8a2208272a6fc449e045ff0fcd6cd888fed019d3b709f56bff4da6---com.google.android.gms.ads.identifier.AdvertisingIdClient---finalize---null
12-03 10:53:27.664 26885 26895 D FiniteState: ESPNFantasySports8.5.0Apkpure---ffe335681a8a2208272a6fc449e045ff0fcd6cd888fed019d3b709f56bff4da6---com.google.android.gms.ads.identifier.AdvertisingIdClient---zza---null
12-03 10:53:27.664 26885 26895 D FiniteState: ESPNFantasySports8.5.0Apkpure---ffe335681a8a2208272a6fc449e045ff0fcd6cd888fed019d3b709f56bff4da6---com.google.android.gms.ads.identifier.AdvertisingIdClient---finalize---null
12-03 10:53:27.664 26885 26895 D FiniteState: ESPNFantasySports8.5.0Apkpure---ffe335681a8a2208272a6fc449e045ff0fcd6cd888fed019d3b709f56bff4da6---com.google.android.gms.ads.identifier.AdvertisingIdClient---zza---null
12-03 10:53:27.664 26885 26895 D FiniteState: ESPNFantasySports8.5.0Apkpure---ffe335681a8a2208272a6fc449e045ff0fcd6cd888fed019d3b709f56bff4da6---com.google.android.gms.ads.identifier.AdvertisingIdClient---finalize---null
12-03 10:53:27.664 26885 26895 D FiniteState: ESPNFantasySports8.5.0Apkpure---ffe335681a8a2208272a6fc449e045ff0fcd6cd888fed019d3b709f56bff4da6---com.google.android.gms.ads.identifier.AdvertisingIdClient---zza---null
12-03 10:53:27.664 26885 26895 D FiniteState: ESPNFantasySports8.5.0Apkpure---ffe335681a8a2208272a6fc449e045ff0fcd6cd888fed019d3b709f56bff4da6---com.google.android.gms.ads.identifier.AdvertisingIdClient---finalize---null
12-03 10:53:27.664 26885 26895 D FiniteState: ESPNFantasySports8.5.0Apkpure---ffe335681a8a2208272a6fc449e045ff0fcd6cd888fed019d3b709f56bff4da6---com.google.android.gms.ads.identifier.AdvertisingIdClient---zza---null
12-03 10:53:27.664 26885 26895 D FiniteState: ESPNFantasySports8.5.0Apkpure---ffe335681a8a2208272a6fc449e045ff0fcd6cd888fed019d3b709f56bff4da6---com.google.android.gms.ads.identifier.AdvertisingIdClient---finalize---null
12-03 10:53:34.031 26885 26895 D FiniteState: ESPNFantasySports8.5.0Apkpure---ffe335681a8a2208272a6fc449e045ff0fcd6cd888fed019d3b709f56bff4da6---com.google.android.gms.ads.identifier.AdvertisingIdClient---zza---null
12-03 10:53:34.031 26885 26895 D FiniteState: ESPNFantasySports8.5.0Apkpure---ffe335681a8a2208272a6fc449e045ff0fcd6cd888fed019d3b709f56bff4da6---com.google.android.gms.ads.identifier.AdvertisingIdClient---finalize---null
12-03 10:53:34.031 26885 26895 D FiniteState: ESPNFantasySports8.5.0Apkpure---ffe335681a8a2208272a6fc449e045ff0fcd6cd888fed019d3b709f56bff4da6---com.google.android.gms.ads.identifier.AdvertisingIdClient---zza---null
12-03 10:53:34.031 26885 26895 D FiniteState: ESPNFantasySports8.5.0Apkpure---ffe335681a8a2208272a6fc449e045ff0fcd6cd888fed019d3b709f56bff4da6---com.google.android.gms.ads.identifier.AdvertisingIdClient---finalize---null
12-03 10:53:34.031 26885 26895 D FiniteState: ESPNFantasySports8.5.0Apkpure---ffe335681a8a2208272a6fc449e045ff0fcd6cd888fed019d3b709f56bff4da6---com.google.android.gms.ads.identifier.AdvertisingIdClient---zza---null
12-03 10:53:34.031 26885 26895 D FiniteState: ESPNFantasySports8.5.0Apkpure---ffe335681a8a2208272a6fc449e045ff0fcd6cd888fed019d3b709f56bff4da6---com.google.android.gms.ads.identifier.AdvertisingIdClient---finalize---null
12-03 10:53:34.031 26885 26895 D FiniteState: ESPNFantasySports8.5.0Apkpure---ffe335681a8a2208272a6fc449e045ff0fcd6cd888fed019d3b709f56bff4da6---com.google.android.gms.ads.identifier.AdvertisingIdClient---zza---null
12-03 10:53:34.031 26885 26895 D FiniteState: ESPNFantasySports8.5.0Apkpure---ffe335681a8a2208272a6fc449e045ff0fcd6cd888fed019d3b709f56bff4da6---com.google.android.gms.ads.identifier.AdvertisingIdClient---finalize---null
12-03 10:53:34.031 26885 26895 D FiniteState: ESPNFantasySports8.5.0Apkpure---ffe335681a8a2208272a6fc449e045ff0fcd6cd888fed019d3b709f56bff4da6---com.google.android.gms.ads.identifier.AdvertisingIdClient---zza---null
12-03 10:53:34.031 26885 26895 D FiniteState: ESPNFantasySports8.5.0Apkpure---ffe335681a8a2208272a6fc449e045ff0fcd6cd888fed019d3b709f56bff4da6---com.google.android.gms.ads.identifier.AdvertisingIdClient---finalize---null
12-03 10:53:34.031 26885 26895 D FiniteState: ESPNFantasySports8.5.0Apkpure---ffe335681a8a2208272a6fc449e045ff0fcd6cd888fed019d3b709f56bff4da6---com.google.android.gms.ads.identifier.AdvertisingIdClient---zza---null
12-03 10:53:34.031 26885 26895 D FiniteState: ESPNFantasySports8.5.0Apkpure---ffe335681a8a2208272a6fc449e045ff0fcd6cd888fed019d3b709f56bff4da6---com.google.android.gms.ads.identifier.AdvertisingIdClient---finalize---null
12-03 10:55:02.132 28259 28278 D FiniteState: TappytoonComicsNovels3.35.1Apkpure---abf86ca642dd75bff1f9df756cccf851cea157a438157816c0ad665a79f5d26c---com.google.android.gms.ads.identifier.AdvertisingIdClient---getAdvertisingIdInfo---null
12-03 10:55:02.132 28259 28278 D FiniteState: TappytoonComicsNovels3.35.1Apkpure---abf86ca642dd75bff1f9df756cccf851cea157a438157816c0ad665a79f5d26c---com.google.android.gms.ads.identifier.AdvertisingIdClient---zzb---null
12-03 10:55:02.133 28259 28259 D FiniteState: TappytoonComicsNovels3.35.1Apkpure---abf86ca642dd75bff1f9df756cccf851cea157a438157816c0ad665a79f5d26c---com.google.android.gms.ads.MobileAdsInitProvider---attachInfo---null
12-03 10:55:02.176 28259 28259 D FiniteState: TappytoonComicsNovels3.35.1Apkpure---abf86ca642dd75bff1f9df756cccf851cea157a438157816c0ad665a79f5d26c---com.facebook.ads.internal.dynamicloading.DynamicLoaderFactory---initialize---null
12-03 10:55:02.177 28259 28259 D FiniteState: TappytoonComicsNovels3.35.1Apkpure---abf86ca642dd75bff1f9df756cccf851cea157a438157816c0ad665a79f5d26c---com.facebook.ads.AudienceNetworkContentProvider---onCreate---null
12-03 10:55:02.180 28259 28304 D FiniteState: TappytoonComicsNovels3.35.1Apkpure---abf86ca642dd75bff1f9df756cccf851cea157a438157816c0ad665a79f5d26c---com.facebook.ads.internal.util.common.ANActivityLifecycleCallbacksListener---registerActivityCallbacks---null
12-03 10:55:02.180 28259 28304 D FiniteState: TappytoonComicsNovels3.35.1Apkpure---abf86ca642dd75bff1f9df756cccf851cea157a438157816c0ad665a79f5d26c---com.facebook.ads.internal.dynamicloading.DynamicLoaderFactory$1---run---null
12-03 10:55:02.196 28259 28313 D FiniteState: TappytoonComicsNovels3.35.1Apkpure---abf86ca642dd75bff1f9df756cccf851cea157a438157816c0ad665a79f5d26c---com.google.android.gms.ads.identifier.AdvertisingIdClient---getAdvertisingIdInfo---null
12-03 10:55:02.196 28259 28313 D FiniteState: TappytoonComicsNovels3.35.1Apkpure---abf86ca642dd75bff1f9df756cccf851cea157a438157816c0ad665a79f5d26c---com.google.android.gms.ads.identifier.AdvertisingIdClient---zzb---null
12-03 10:55:50.426 28760 28803 D FiniteState: TeachMeAnatomy5.34Apkpure---4e4b068824b6b006c5364efe2440c15bb3e778a5a90bad5a741486e6eba9e7fa---com.google.android.gms.ads.identifier.AdvertisingIdClient---getAdvertisingIdInfo---null
12-03 10:55:50.429 28760 28803 D FiniteState: TeachMeAnatomy5.34Apkpure---4e4b068824b6b006c5364efe2440c15bb3e778a5a90bad5a741486e6eba9e7fa---com.google.android.gms.ads.identifier.AdvertisingIdClient---zza---null
12-03 10:55:50.429 28760 28803 D FiniteState: TeachMeAnatomy5.34Apkpure---4e4b068824b6b006c5364efe2440c15bb3e778a5a90bad5a741486e6eba9e7fa---com.google.android.gms.ads.identifier.AdvertisingIdClient---zza---null
12-03 10:55:51.244 28760 28803 D FiniteState: TeachMeAnatomy5.34Apkpure---4e4b068824b6b006c5364efe2440c15bb3e778a5a90bad5a741486e6eba9e7fa---com.google.android.gms.ads.identifier.AdvertisingIdClient---getInfo---null
12-03 10:55:51.248 28760 28803 D FiniteState: TeachMeAnatomy5.34Apkpure---4e4b068824b6b006c5364efe2440c15bb3e778a5a90bad5a741486e6eba9e7fa---com.google.android.gms.ads.identifier.AdvertisingIdClient---finish---null
12-03 10:55:51.253 28760 28803 D FiniteState: TeachMeAnatomy5.34Apkpure---4e4b068824b6b006c5364efe2440c15bb3e778a5a90bad5a741486e6eba9e7fa---com.google.android.gms.ads.identifier.AdvertisingIdClient---getAdvertisingIdInfo---null
12-03 10:55:51.253 28760 28803 D FiniteState: TeachMeAnatomy5.34Apkpure---4e4b068824b6b006c5364efe2440c15bb3e778a5a90bad5a741486e6eba9e7fa---com.google.android.gms.ads.identifier.AdvertisingIdClient---zza---null
12-03 10:55:51.253 28760 28803 D FiniteState: TeachMeAnatomy5.34Apkpure---4e4b068824b6b006c5364efe2440c15bb3e778a5a90bad5a741486e6eba9e7fa---com.google.android.gms.ads.identifier.AdvertisingIdClient---zza---null
12-03 10:55:51.459 28760 28803 D FiniteState: TeachMeAnatomy5.34Apkpure---4e4b068824b6b006c5364efe2440c15bb3e778a5a90bad5a741486e6eba9e7fa---com.google.android.gms.ads.identifier.AdvertisingIdClient---getInfo---null
12-03 10:55:51.461 28760 28803 D FiniteState: TeachMeAnatomy5.34Apkpure---4e4b068824b6b006c5364efe2440c15bb3e778a5a90bad5a741486e6eba9e7fa---com.google.android.gms.ads.identifier.AdvertisingIdClient---finish---null
12-03 10:55:52.087 28760 28773 D FiniteState: TeachMeAnatomy5.34Apkpure---4e4b068824b6b006c5364efe2440c15bb3e778a5a90bad5a741486e6eba9e7fa---com.google.android.gms.ads.identifier.AdvertisingIdClient---finish---null
12-03 10:55:52.087 28760 28773 D FiniteState: TeachMeAnatomy5.34Apkpure---4e4b068824b6b006c5364efe2440c15bb3e778a5a90bad5a741486e6eba9e7fa---com.google.android.gms.ads.identifier.AdvertisingIdClient---finalize---null
12-03 10:55:52.112 28760 28773 D FiniteState: TeachMeAnatomy5.34Apkpure---4e4b068824b6b006c5364efe2440c15bb3e778a5a90bad5a741486e6eba9e7fa---com.google.android.gms.ads.identifier.AdvertisingIdClient---finish---null
12-03 10:55:52.112 28760 28773 D FiniteState: TeachMeAnatomy5.34Apkpure---4e4b068824b6b006c5364efe2440c15bb3e778a5a90bad5a741486e6eba9e7fa---com.google.android.gms.ads.identifier.AdvertisingIdClient---finalize---null
12-03 10:57:13.315 29386 29386 D FiniteState: SmartTools-Utilities20.6Apkpure---15efb6f40b69f3fc9c53c94dca8198f4707e1a6366be8cf141d90060c599f756---com.google.android.gms.ads.MobileAdsInitProvider---attachInfo---null
12-03 10:57:13.333 29386 29386 D FiniteState: SmartTools-Utilities20.6Apkpure---15efb6f40b69f3fc9c53c94dca8198f4707e1a6366be8cf141d90060c599f756---com.facebook.ads.internal.dynamicloading.DynamicLoaderFactory---initialize---null
12-03 10:57:13.334 29386 29386 D FiniteState: SmartTools-Utilities20.6Apkpure---15efb6f40b69f3fc9c53c94dca8198f4707e1a6366be8cf141d90060c599f756---com.facebook.ads.AudienceNetworkContentProvider---onCreate---null
12-03 10:57:13.338 29386 29406 D FiniteState: SmartTools-Utilities20.6Apkpure---15efb6f40b69f3fc9c53c94dca8198f4707e1a6366be8cf141d90060c599f756---com.facebook.ads.internal.util.common.ANActivityLifecycleCallbacksListener---registerActivityCallbacks---null
12-03 10:57:13.338 29386 29406 D FiniteState: SmartTools-Utilities20.6Apkpure---15efb6f40b69f3fc9c53c94dca8198f4707e1a6366be8cf141d90060c599f756---com.facebook.ads.internal.dynamicloading.DynamicLoaderFactory$a---run---null
12-03 10:57:13.417 29386 29386 D FiniteState: SmartTools-Utilities20.6Apkpure---15efb6f40b69f3fc9c53c94dca8198f4707e1a6366be8cf141d90060c599f756---com.facebook.ads.internal.util.common.ANActivityLifecycleCallbacksListener---onActivityCreated---null
12-03 10:57:13.646 29386 29386 D FiniteState: SmartTools-Utilities20.6Apkpure---15efb6f40b69f3fc9c53c94dca8198f4707e1a6366be8cf141d90060c599f756---com.facebook.ads.internal.util.common.ANActivityLifecycleCallbacksListener---onActivityStarted---null
12-03 10:57:13.653 29386 29386 D FiniteState: SmartTools-Utilities20.6Apkpure---15efb6f40b69f3fc9c53c94dca8198f4707e1a6366be8cf141d90060c599f756---com.facebook.ads.internal.util.common.ANActivityLifecycleCallbacksListener---onActivityResumed---null
12-03 10:57:13.665 29386 29386 D FiniteState: SmartTools-Utilities20.6Apkpure---15efb6f40b69f3fc9c53c94dca8198f4707e1a6366be8cf141d90060c599f756---com.facebook.ads.internal.settings.AdInternalSettings---setDataProcessingOptions---null
12-03 10:57:13.666 29386 29386 D FiniteState: SmartTools-Utilities20.6Apkpure---15efb6f40b69f3fc9c53c94dca8198f4707e1a6366be8cf141d90060c599f756---com.facebook.ads.internal.settings.MultithreadedBundleWrapper---putStringArray---null
12-03 10:57:13.666 29386 29386 D FiniteState: SmartTools-Utilities20.6Apkpure---15efb6f40b69f3fc9c53c94dca8198f4707e1a6366be8cf141d90060c599f756---com.facebook.ads.internal.settings.MultithreadedBundleWrapper---putInteger---null
12-03 10:57:13.666 29386 29386 D FiniteState: SmartTools-Utilities20.6Apkpure---15efb6f40b69f3fc9c53c94dca8198f4707e1a6366be8cf141d90060c599f756---com.facebook.ads.internal.settings.MultithreadedBundleWrapper---putInteger---null
12-03 10:57:13.666 29386 29386 D FiniteState: SmartTools-Utilities20.6Apkpure---15efb6f40b69f3fc9c53c94dca8198f4707e1a6366be8cf141d90060c599f756---com.facebook.ads.AdSettings---setDataProcessingOptions---null
12-03 10:57:13.746 29386 29406 D FiniteState: SmartTools-Utilities20.6Apkpure---15efb6f40b69f3fc9c53c94dca8198f4707e1a6366be8cf141d90060c599f756---com.facebook.ads.internal.dynamicloading.DynamicLoaderFactory---access$200---null
12-03 10:57:14.532 29386 29386 D FiniteState: SmartTools-Utilities20.6Apkpure---15efb6f40b69f3fc9c53c94dca8198f4707e1a6366be8cf141d90060c599f756---com.google.android.gms.ads.MobileAds---a---null
12-03 10:57:15.339 29386 29386 D FiniteState: SmartTools-Utilities20.6Apkpure---15efb6f40b69f3fc9c53c94dca8198f4707e1a6366be8cf141d90060c599f756---com.facebook.ads.AudienceNetworkAds---buildInitSettings---null
12-03 10:57:15.339 29386 29386 D FiniteState: SmartTools-Utilities20.6Apkpure---15efb6f40b69f3fc9c53c94dca8198f4707e1a6366be8cf141d90060c599f756---com.facebook.ads.internal.settings.MultithreadedBundleWrapper---putString---null
12-03 10:57:15.339 29386 29386 D FiniteState: SmartTools-Utilities20.6Apkpure---15efb6f40b69f3fc9c53c94dca8198f4707e1a6366be8cf141d90060c599f756---com.facebook.ads.internal.settings.AdInternalSettings---setMediationService---null
12-03 10:57:15.339 29386 29386 D FiniteState: SmartTools-Utilities20.6Apkpure---15efb6f40b69f3fc9c53c94dca8198f4707e1a6366be8cf141d90060c599f756---com.facebook.ads.AdSettings---setMediationService---null
12-03 10:57:15.340 29386 29386 D FiniteState: SmartTools-Utilities20.6Apkpure---15efb6f40b69f3fc9c53c94dca8198f4707e1a6366be8cf141d90060c599f756---com.facebook.ads.internal.api.InitSettingsBuilder---withMediationService---null
12-03 10:57:15.340 29386 29386 D FiniteState: SmartTools-Utilities20.6Apkpure---15efb6f40b69f3fc9c53c94dca8198f4707e1a6366be8cf141d90060c599f756---com.facebook.ads.internal.api.InitSettingsBuilder---withPlacementIds---null
12-03 10:57:15.340 29386 29386 D FiniteState: SmartTools-Utilities20.6Apkpure---15efb6f40b69f3fc9c53c94dca8198f4707e1a6366be8cf141d90060c599f756---com.facebook.ads.internal.settings.MultithreadedBundleWrapper---putStringArrayList---null
12-03 10:57:15.340 29386 29386 D FiniteState: SmartTools-Utilities20.6Apkpure---15efb6f40b69f3fc9c53c94dca8198f4707e1a6366be8cf141d90060c599f756---com.facebook.ads.internal.dynamicloading.DynamicLoaderFactory---initialize---null
12-03 10:57:15.340 29386 29386 D FiniteState: SmartTools-Utilities20.6Apkpure---15efb6f40b69f3fc9c53c94dca8198f4707e1a6366be8cf141d90060c599f756---com.facebook.ads.internal.api.InitSettingsBuilder---initialize---null
12-03 10:57:15.341 29386 29542 D FiniteState: SmartTools-Utilities20.6Apkpure---15efb6f40b69f3fc9c53c94dca8198f4707e1a6366be8cf141d90060c599f756---com.facebook.ads.internal.dynamicloading.DynamicLoaderFactory$a---run---null
12-03 10:57:15.741 29386 29542 D FiniteState: SmartTools-Utilities20.6Apkpure---15efb6f40b69f3fc9c53c94dca8198f4707e1a6366be8cf141d90060c599f756---com.facebook.ads.internal.dynamicloading.DynamicLoaderFactory---createErrorMessage---null
12-03 10:57:15.742 29386 29542 D FiniteState: SmartTools-Utilities20.6Apkpure---15efb6f40b69f3fc9c53c94dca8198f4707e1a6366be8cf141d90060c599f756---com.facebook.ads.internal.dynamicloading.DynamicLoaderFallback---makeFallbackLoader---null
12-03 10:57:15.744 29386 29542 D FiniteState: SmartTools-Utilities20.6Apkpure---15efb6f40b69f3fc9c53c94dca8198f4707e1a6366be8cf141d90060c599f756---com.facebook.ads.internal.dynamicloading.DynamicLoaderFallback$c$a---invoke---null
12-03 10:57:15.744 29386 29542 D FiniteState: SmartTools-Utilities20.6Apkpure---15efb6f40b69f3fc9c53c94dca8198f4707e1a6366be8cf141d90060c599f756---com.facebook.ads.internal.dynamicloading.DynamicLoaderFallback$c$a---invoke---null
12-03 10:57:15.744 29386 29542 D FiniteState: SmartTools-Utilities20.6Apkpure---15efb6f40b69f3fc9c53c94dca8198f4707e1a6366be8cf141d90060c599f756---com.facebook.ads.internal.dynamicloading.DynamicLoaderFallback$c$a---invoke---null
12-03 10:57:15.744 29386 29542 D FiniteState: SmartTools-Utilities20.6Apkpure---15efb6f40b69f3fc9c53c94dca8198f4707e1a6366be8cf141d90060c599f756---com.facebook.ads.internal.dynamicloading.DynamicLoaderFallback$c$a---invoke---null
12-03 10:57:15.744 29386 29542 D FiniteState: SmartTools-Utilities20.6Apkpure---15efb6f40b69f3fc9c53c94dca8198f4707e1a6366be8cf141d90060c599f756---com.facebook.ads.internal.dynamicloading.DynamicLoaderFallback$c$a---invoke---null
12-03 10:57:15.744 29386 29542 D FiniteState: SmartTools-Utilities20.6Apkpure---15efb6f40b69f3fc9c53c94dca8198f4707e1a6366be8cf141d90060c599f756---com.facebook.ads.internal.dynamicloading.DynamicLoaderFallback$c$a---invoke---null
12-03 10:57:15.744 29386 29542 D FiniteState: SmartTools-Utilities20.6Apkpure---15efb6f40b69f3fc9c53c94dca8198f4707e1a6366be8cf141d90060c599f756---com.facebook.ads.internal.dynamicloading.DynamicLoaderFallback$c$a---invoke---null
12-03 10:57:15.744 29386 29542 D FiniteState: SmartTools-Utilities20.6Apkpure---15efb6f40b69f3fc9c53c94dca8198f4707e1a6366be8cf141d90060c599f756---com.facebook.ads.internal.dynamicloading.DynamicLoaderFallback$c$a---invoke---null
12-03 10:57:15.744 29386 29542 D FiniteState: SmartTools-Utilities20.6Apkpure---15efb6f40b69f3fc9c53c94dca8198f4707e1a6366be8cf141d90060c599f756---com.facebook.ads.internal.dynamicloading.DynamicLoaderFallback$c$a---invoke---null
12-03 10:57:15.744 29386 29542 D FiniteState: SmartTools-Utilities20.6Apkpure---15efb6f40b69f3fc9c53c94dca8198f4707e1a6366be8cf141d90060c599f756---com.facebook.ads.internal.dynamicloading.DynamicLoaderFallback$c$a---invoke---null
12-03 10:57:15.744 29386 29542 D FiniteState: SmartTools-Utilities20.6Apkpure---15efb6f40b69f3fc9c53c94dca8198f4707e1a6366be8cf141d90060c599f756---com.facebook.ads.internal.dynamicloading.DynamicLoaderFallback$c$a---invoke---null
12-03 10:57:15.744 29386 29542 D FiniteState: SmartTools-Utilities20.6Apkpure---15efb6f40b69f3fc9c53c94dca8198f4707e1a6366be8cf141d90060c599f756---com.facebook.ads.internal.dynamicloading.DynamicLoaderFallback$c$a---invoke---null
12-03 10:57:15.744 29386 29542 D FiniteState: SmartTools-Utilities20.6Apkpure---15efb6f40b69f3fc9c53c94dca8198f4707e1a6366be8cf141d90060c599f756---com.facebook.ads.internal.dynamicloading.DynamicLoaderFallback$c$a---invoke---null
12-03 10:57:15.744 29386 29542 D FiniteState: SmartTools-Utilities20.6Apkpure---15efb6f40b69f3fc9c53c94dca8198f4707e1a6366be8cf141d90060c599f756---com.facebook.ads.internal.dynamicloading.DynamicLoaderFallback$c$a---invoke---null
12-03 10:57:15.744 29386 29542 D FiniteState: SmartTools-Utilities20.6Apkpure---15efb6f40b69f3fc9c53c94dca8198f4707e1a6366be8cf141d90060c599f756---com.facebook.ads.internal.dynamicloading.DynamicLoaderFallback$c$a---invoke---null
12-03 10:57:15.744 29386 29542 D FiniteState: SmartTools-Utilities20.6Apkpure---15efb6f40b69f3fc9c53c94dca8198f4707e1a6366be8cf141d90060c599f756---com.facebook.ads.internal.dynamicloading.DynamicLoaderFallback$c$a---invoke---null
12-03 10:57:15.744 29386 29542 D FiniteState: SmartTools-Utilities20.6Apkpure---15efb6f40b69f3fc9c53c94dca8198f4707e1a6366be8cf141d90060c599f756---com.facebook.ads.internal.dynamicloading.DynamicLoaderFallback$c$a---invoke---null
12-03 10:57:15.744 29386 29542 D FiniteState: SmartTools-Utilities20.6Apkpure---15efb6f40b69f3fc9c53c94dca8198f4707e1a6366be8cf141d90060c599f756---com.facebook.ads.internal.dynamicloading.DynamicLoaderFallback$c$a---invoke---null
12-03 10:57:15.744 29386 29542 D FiniteState: SmartTools-Utilities20.6Apkpure---15efb6f40b69f3fc9c53c94dca8198f4707e1a6366be8cf141d90060c599f756---com.facebook.ads.internal.dynamicloading.DynamicLoaderFallback$c$a---invoke---null
12-03 10:57:15.744 29386 29542 D FiniteState: SmartTools-Utilities20.6Apkpure---15efb6f40b69f3fc9c53c94dca8198f4707e1a6366be8cf141d90060c599f756---com.facebook.ads.internal.dynamicloading.DynamicLoaderFallback$c$a---invoke---null
12-03 10:57:15.745 29386 29542 D FiniteState: SmartTools-Utilities20.6Apkpure---15efb6f40b69f3fc9c53c94dca8198f4707e1a6366be8cf141d90060c599f756---com.facebook.ads.internal.dynamicloading.DynamicLoaderFallback$c$a---invoke---null
12-03 10:57:15.745 29386 29542 D FiniteState: SmartTools-Utilities20.6Apkpure---15efb6f40b69f3fc9c53c94dca8198f4707e1a6366be8cf141d90060c599f756---com.facebook.ads.internal.dynamicloading.DynamicLoaderFallback$c$a---invoke---null
12-03 10:57:15.745 29386 29542 D FiniteState: SmartTools-Utilities20.6Apkpure---15efb6f40b69f3fc9c53c94dca8198f4707e1a6366be8cf141d90060c599f756---com.facebook.ads.internal.dynamicloading.DynamicLoaderFactory---setFallbackMode---null
12-03 10:57:15.745 29386 29542 D FiniteState: SmartTools-Utilities20.6Apkpure---15efb6f40b69f3fc9c53c94dca8198f4707e1a6366be8cf141d90060c599f756---com.facebook.ads.internal.dynamicloading.DynamicLoaderFactory---doCallInitialize---null
12-03 10:57:15.745 29386 29542 D FiniteState: SmartTools-Utilities20.6Apkpure---15efb6f40b69f3fc9c53c94dca8198f4707e1a6366be8cf141d90060c599f756---com.facebook.ads.internal.dynamicloading.DynamicLoaderFactory---access$200---null
12-03 10:57:15.845 29386 29386 D FiniteState: SmartTools-Utilities20.6Apkpure---15efb6f40b69f3fc9c53c94dca8198f4707e1a6366be8cf141d90060c599f756---com.facebook.ads.internal.dynamicloading.DynamicLoaderFactory---createErrorInitResult---null
12-03 10:57:15.845 29386 29386 D FiniteState: SmartTools-Utilities20.6Apkpure---15efb6f40b69f3fc9c53c94dca8198f4707e1a6366be8cf141d90060c599f756---com.facebook.ads.internal.dynamicloading.DynamicLoaderFactory---createErrorMessage---null
12-03 10:57:15.845 29386 29386 D FiniteState: SmartTools-Utilities20.6Apkpure---15efb6f40b69f3fc9c53c94dca8198f4707e1a6366be8cf141d90060c599f756---com.facebook.ads.internal.dynamicloading.DynamicLoaderFactory$b---run---null
12-03 10:57:15.902 29386 29594 D FiniteState: SmartTools-Utilities20.6Apkpure---15efb6f40b69f3fc9c53c94dca8198f4707e1a6366be8cf141d90060c599f756---com.facebook.ads.BidderTokenProvider---getBidderToken---null
12-03 10:57:15.902 29386 29594 D FiniteState: SmartTools-Utilities20.6Apkpure---15efb6f40b69f3fc9c53c94dca8198f4707e1a6366be8cf141d90060c599f756---com.facebook.ads.internal.dynamicloading.DynamicLoaderFactory---makeLoader---null
12-03 10:58:02.442 29938 29938 D FiniteState: CarGurusUsedNewCars2.77Apkpure---652aa32ee11dd109f11feef942fa4207306b1651e8f342e047cf450d8ae7b9a5---com.google.android.gms.ads.MobileAdsInitProvider---attachInfo---null
12-03 10:58:03.022 29938 29938 D FiniteState: CarGurusUsedNewCars2.77Apkpure---652aa32ee11dd109f11feef942fa4207306b1651e8f342e047cf450d8ae7b9a5---com.google.android.gms.ads.RequestConfiguration$Builder---build---null
12-03 10:58:03.022 29938 29938 D FiniteState: CarGurusUsedNewCars2.77Apkpure---652aa32ee11dd109f11feef942fa4207306b1651e8f342e047cf450d8ae7b9a5---com.google.android.gms.ads.internal.client.zzej---zzf---null
12-03 10:58:03.025 29938 29938 D FiniteState: CarGurusUsedNewCars2.77Apkpure---652aa32ee11dd109f11feef942fa4207306b1651e8f342e047cf450d8ae7b9a5---com.google.android.gms.ads.internal.client.zzej---zzA---null
12-03 10:58:03.025 29938 29938 D FiniteState: CarGurusUsedNewCars2.77Apkpure---652aa32ee11dd109f11feef942fa4207306b1651e8f342e047cf450d8ae7b9a5---com.google.android.gms.ads.internal.client.zzax---zzd---null
12-03 10:58:03.031 29938 29938 D FiniteState: CarGurusUsedNewCars2.77Apkpure---652aa32ee11dd109f11feef942fa4207306b1651e8f342e047cf450d8ae7b9a5---com.google.android.gms.ads.internal.client.zzaq---zzc---null
12-03 10:58:03.035 29938 29938 D FiniteState: CarGurusUsedNewCars2.77Apkpure---652aa32ee11dd109f11feef942fa4207306b1651e8f342e047cf450d8ae7b9a5---com.google.android.gms.ads.internal.client.zzeq---getRemoteCreator---null
12-03 10:58:03.035 29938 29938 D FiniteState: CarGurusUsedNewCars2.77Apkpure---652aa32ee11dd109f11feef942fa4207306b1651e8f342e047cf450d8ae7b9a5---com.google.android.gms.ads.internal.client.zzcp---zze---null
12-03 10:58:03.158 29938 29938 D FiniteState: CarGurusUsedNewCars2.77Apkpure---652aa32ee11dd109f11feef942fa4207306b1651e8f342e047cf450d8ae7b9a5---com.google.android.gms.ads.internal.client.zzeq---zza---null
12-03 10:58:03.158 29938 29938 D FiniteState: CarGurusUsedNewCars2.77Apkpure---652aa32ee11dd109f11feef942fa4207306b1651e8f342e047cf450d8ae7b9a5---com.google.android.gms.ads.internal.client.zzcm---zzs---null
12-03 10:58:03.159 29938 29938 D FiniteState: CarGurusUsedNewCars2.77Apkpure---652aa32ee11dd109f11feef942fa4207306b1651e8f342e047cf450d8ae7b9a5---com.google.android.gms.ads.internal.client.zzcm---zzo---null
12-03 10:58:03.159 29938 29938 D FiniteState: CarGurusUsedNewCars2.77Apkpure---652aa32ee11dd109f11feef942fa4207306b1651e8f342e047cf450d8ae7b9a5---com.google.android.gms.ads.internal.client.zzej---zzz---null
12-03 10:58:03.162 29938 29938 D FiniteState: CarGurusUsedNewCars2.77Apkpure---652aa32ee11dd109f11feef942fa4207306b1651e8f342e047cf450d8ae7b9a5---com.google.android.gms.ads.internal.client.zzcm---zzk---null
12-03 10:58:03.162 29938 29938 D FiniteState: CarGurusUsedNewCars2.77Apkpure---652aa32ee11dd109f11feef942fa4207306b1651e8f342e047cf450d8ae7b9a5---com.google.android.gms.ads.internal.client.zzcm---zzl---null
12-03 10:58:03.222 29938 30016 D FiniteState: CarGurusUsedNewCars2.77Apkpure---652aa32ee11dd109f11feef942fa4207306b1651e8f342e047cf450d8ae7b9a5---com.google.android.gms.ads.identifier.AdvertisingIdClient---getAdvertisingIdInfo---null
12-03 10:58:03.222 29938 30016 D FiniteState: CarGurusUsedNewCars2.77Apkpure---652aa32ee11dd109f11feef942fa4207306b1651e8f342e047cf450d8ae7b9a5---com.google.android.gms.ads.identifier.AdvertisingIdClient---zzb---null
12-03 10:58:03.468 29938 29938 D FiniteState: CarGurusUsedNewCars2.77Apkpure---652aa32ee11dd109f11feef942fa4207306b1651e8f342e047cf450d8ae7b9a5---com.google.android.gms.ads.MobileAds---initialize---null
12-03 10:58:03.783 29938 30016 D FiniteState: CarGurusUsedNewCars2.77Apkpure---652aa32ee11dd109f11feef942fa4207306b1651e8f342e047cf450d8ae7b9a5---com.google.android.gms.ads.identifier.AdvertisingIdClient---zzd---null
12-03 10:58:03.785 29938 30016 D FiniteState: CarGurusUsedNewCars2.77Apkpure---652aa32ee11dd109f11feef942fa4207306b1651e8f342e047cf450d8ae7b9a5---com.google.android.gms.ads.identifier.AdvertisingIdClient---zza---null
12-03 10:58:04.260 29938 30133 D FiniteState: CarGurusUsedNewCars2.77Apkpure---652aa32ee11dd109f11feef942fa4207306b1651e8f342e047cf450d8ae7b9a5---com.google.android.gms.ads.identifier.AdvertisingIdClient---getAdvertisingIdInfo---null
12-03 10:58:04.260 29938 30133 D FiniteState: CarGurusUsedNewCars2.77Apkpure---652aa32ee11dd109f11feef942fa4207306b1651e8f342e047cf450d8ae7b9a5---com.google.android.gms.ads.identifier.AdvertisingIdClient---zzb---null
12-03 10:58:04.265 29938 30133 D FiniteState: CarGurusUsedNewCars2.77Apkpure---652aa32ee11dd109f11feef942fa4207306b1651e8f342e047cf450d8ae7b9a5---com.google.android.gms.ads.identifier.AdvertisingIdClient---zzd---null
12-03 10:58:04.266 29938 30133 D FiniteState: CarGurusUsedNewCars2.77Apkpure---652aa32ee11dd109f11feef942fa4207306b1651e8f342e047cf450d8ae7b9a5---com.google.android.gms.ads.identifier.AdvertisingIdClient---zza---null
12-03 10:58:53.166 30579 30598 D FiniteState: WEBTOON2.12.10Apkpure---40627fad47208e13ff7955035d04715ba5b4eebde6c5a19701777458539c1063---com.google.android.gms.ads.identifier.AdvertisingIdClient---getAdvertisingIdInfo---null
12-03 10:58:53.167 30579 30598 D FiniteState: WEBTOON2.12.10Apkpure---40627fad47208e13ff7955035d04715ba5b4eebde6c5a19701777458539c1063---com.google.android.gms.ads.identifier.AdvertisingIdClient---zzb---null
12-03 10:58:53.243 30579 30579 D FiniteState: WEBTOON2.12.10Apkpure---40627fad47208e13ff7955035d04715ba5b4eebde6c5a19701777458539c1063---com.google.android.gms.ads.MobileAdsInitProvider---attachInfo---null
12-03 10:58:53.258 30579 30643 D FiniteState: WEBTOON2.12.10Apkpure---40627fad47208e13ff7955035d04715ba5b4eebde6c5a19701777458539c1063---com.google.android.gms.ads.identifier.AdvertisingIdClient---getAdvertisingIdInfo---null
12-03 10:58:53.258 30579 30643 D FiniteState: WEBTOON2.12.10Apkpure---40627fad47208e13ff7955035d04715ba5b4eebde6c5a19701777458539c1063---com.google.android.gms.ads.identifier.AdvertisingIdClient---zzb---null
12-03 10:58:53.258 30579 30579 D FiniteState: WEBTOON2.12.10Apkpure---40627fad47208e13ff7955035d04715ba5b4eebde6c5a19701777458539c1063---com.facebook.ads.internal.dynamicloading.DynamicLoaderFactory---initialize---null
12-03 10:58:53.259 30579 30579 D FiniteState: WEBTOON2.12.10Apkpure---40627fad47208e13ff7955035d04715ba5b4eebde6c5a19701777458539c1063---com.facebook.ads.AudienceNetworkContentProvider---onCreate---null
12-03 10:58:53.260 30579 30645 D FiniteState: WEBTOON2.12.10Apkpure---40627fad47208e13ff7955035d04715ba5b4eebde6c5a19701777458539c1063---com.facebook.ads.internal.util.common.ANActivityLifecycleCallbacksListener---registerActivityCallbacks---null
12-03 10:58:53.260 30579 30645 D FiniteState: WEBTOON2.12.10Apkpure---40627fad47208e13ff7955035d04715ba5b4eebde6c5a19701777458539c1063---com.facebook.ads.internal.dynamicloading.DynamicLoaderFactory$1---run---null
12-03 10:58:53.467 30579 30702 D FiniteState: WEBTOON2.12.10Apkpure---40627fad47208e13ff7955035d04715ba5b4eebde6c5a19701777458539c1063---com.google.android.gms.ads.identifier.AdvertisingIdClient---getAdvertisingIdInfo---null
12-03 10:58:53.468 30579 30702 D FiniteState: WEBTOON2.12.10Apkpure---40627fad47208e13ff7955035d04715ba5b4eebde6c5a19701777458539c1063---com.google.android.gms.ads.identifier.AdvertisingIdClient---zzb---null
12-03 10:58:53.483 30579 30656 D FiniteState: WEBTOON2.12.10Apkpure---40627fad47208e13ff7955035d04715ba5b4eebde6c5a19701777458539c1063---com.google.android.gms.ads.identifier.AdvertisingIdClient---getAdvertisingIdInfo---null
12-03 10:58:53.484 30579 30656 D FiniteState: WEBTOON2.12.10Apkpure---40627fad47208e13ff7955035d04715ba5b4eebde6c5a19701777458539c1063---com.google.android.gms.ads.identifier.AdvertisingIdClient---zzb---null
12-03 10:58:53.486 30579 30579 D FiniteState: WEBTOON2.12.10Apkpure---40627fad47208e13ff7955035d04715ba5b4eebde6c5a19701777458539c1063---com.facebook.ads.internal.settings.AdInternalSettings---setDataProcessingOptions---null
12-03 10:58:53.486 30579 30579 D FiniteState: WEBTOON2.12.10Apkpure---40627fad47208e13ff7955035d04715ba5b4eebde6c5a19701777458539c1063---com.facebook.ads.internal.settings.MultithreadedBundleWrapper---putStringArray---null
12-03 10:58:53.486 30579 30579 D FiniteState: WEBTOON2.12.10Apkpure---40627fad47208e13ff7955035d04715ba5b4eebde6c5a19701777458539c1063---com.facebook.ads.internal.settings.MultithreadedBundleWrapper---putInteger---null
12-03 10:58:53.486 30579 30579 D FiniteState: WEBTOON2.12.10Apkpure---40627fad47208e13ff7955035d04715ba5b4eebde6c5a19701777458539c1063---com.facebook.ads.internal.settings.MultithreadedBundleWrapper---putInteger---null
12-03 10:58:53.486 30579 30579 D FiniteState: WEBTOON2.12.10Apkpure---40627fad47208e13ff7955035d04715ba5b4eebde6c5a19701777458539c1063---com.facebook.ads.AdSettings---setDataProcessingOptions---null
12-03 10:58:53.517 30579 30579 D FiniteState: WEBTOON2.12.10Apkpure---40627fad47208e13ff7955035d04715ba5b4eebde6c5a19701777458539c1063---com.facebook.ads.internal.util.common.ANActivityLifecycleCallbacksListener---onActivityCreated---null
12-03 10:58:53.533 30579 30579 D FiniteState: WEBTOON2.12.10Apkpure---40627fad47208e13ff7955035d04715ba5b4eebde6c5a19701777458539c1063---com.facebook.ads.internal.util.common.ANActivityLifecycleCallbacksListener---onActivityStarted---null
12-03 10:58:53.534 30579 30697 D FiniteState: WEBTOON2.12.10Apkpure---40627fad47208e13ff7955035d04715ba5b4eebde6c5a19701777458539c1063---com.google.android.gms.ads.identifier.AdvertisingIdClient---getAdvertisingIdInfo---null
12-03 10:58:53.535 30579 30697 D FiniteState: WEBTOON2.12.10Apkpure---40627fad47208e13ff7955035d04715ba5b4eebde6c5a19701777458539c1063---com.google.android.gms.ads.identifier.AdvertisingIdClient---zzb---null
12-03 10:58:53.538 30579 30652 D FiniteState: WEBTOON2.12.10Apkpure---40627fad47208e13ff7955035d04715ba5b4eebde6c5a19701777458539c1063---com.google.android.gms.ads.identifier.AdvertisingIdClient---getAdvertisingIdInfo---null
12-03 10:58:53.538 30579 30652 D FiniteState: WEBTOON2.12.10Apkpure---40627fad47208e13ff7955035d04715ba5b4eebde6c5a19701777458539c1063---com.google.android.gms.ads.identifier.AdvertisingIdClient---zzb---null
12-03 10:58:53.546 30579 30651 D FiniteState: WEBTOON2.12.10Apkpure---40627fad47208e13ff7955035d04715ba5b4eebde6c5a19701777458539c1063---com.google.android.gms.ads.identifier.AdvertisingIdClient---getAdvertisingIdInfo---null
12-03 10:58:53.546 30579 30651 D FiniteState: WEBTOON2.12.10Apkpure---40627fad47208e13ff7955035d04715ba5b4eebde6c5a19701777458539c1063---com.google.android.gms.ads.identifier.AdvertisingIdClient---zzb---null
12-03 10:58:53.558 30579 30677 D FiniteState: WEBTOON2.12.10Apkpure---40627fad47208e13ff7955035d04715ba5b4eebde6c5a19701777458539c1063---com.google.android.gms.ads.identifier.AdvertisingIdClient---getAdvertisingIdInfo---null
12-03 10:58:53.559 30579 30579 D FiniteState: WEBTOON2.12.10Apkpure---40627fad47208e13ff7955035d04715ba5b4eebde6c5a19701777458539c1063---com.facebook.ads.internal.util.common.ANActivityLifecycleCallbacksListener---onActivityResumed---null
12-03 10:58:53.562 30579 30677 D FiniteState: WEBTOON2.12.10Apkpure---40627fad47208e13ff7955035d04715ba5b4eebde6c5a19701777458539c1063---com.google.android.gms.ads.identifier.AdvertisingIdClient---zzb---null
12-03 10:58:53.571 30579 30598 D FiniteState: WEBTOON2.12.10Apkpure---40627fad47208e13ff7955035d04715ba5b4eebde6c5a19701777458539c1063---com.google.android.gms.ads.identifier.AdvertisingIdClient---zzd---null
12-03 10:58:53.571 30579 30643 D FiniteState: WEBTOON2.12.10Apkpure---40627fad47208e13ff7955035d04715ba5b4eebde6c5a19701777458539c1063---com.google.android.gms.ads.identifier.AdvertisingIdClient---zzd---null
12-03 10:58:53.572 30579 30702 D FiniteState: WEBTOON2.12.10Apkpure---40627fad47208e13ff7955035d04715ba5b4eebde6c5a19701777458539c1063---com.google.android.gms.ads.identifier.AdvertisingIdClient---zzd---null
12-03 10:58:53.575 30579 30702 D FiniteState: WEBTOON2.12.10Apkpure---40627fad47208e13ff7955035d04715ba5b4eebde6c5a19701777458539c1063---com.google.android.gms.ads.identifier.AdvertisingIdClient---zza---null
12-03 10:58:53.576 30579 30656 D FiniteState: WEBTOON2.12.10Apkpure---40627fad47208e13ff7955035d04715ba5b4eebde6c5a19701777458539c1063---com.google.android.gms.ads.identifier.AdvertisingIdClient---zzd---null
12-03 10:58:53.577 30579 30643 D FiniteState: WEBTOON2.12.10Apkpure---40627fad47208e13ff7955035d04715ba5b4eebde6c5a19701777458539c1063---com.google.android.gms.ads.identifier.AdvertisingIdClient---zza---null
12-03 10:58:53.577 30579 30598 D FiniteState: WEBTOON2.12.10Apkpure---40627fad47208e13ff7955035d04715ba5b4eebde6c5a19701777458539c1063---com.google.android.gms.ads.identifier.AdvertisingIdClient---zza---null
12-03 10:58:53.579 30579 30656 D FiniteState: WEBTOON2.12.10Apkpure---40627fad47208e13ff7955035d04715ba5b4eebde6c5a19701777458539c1063---com.google.android.gms.ads.identifier.AdvertisingIdClient---zza---null
12-03 10:58:53.582 30579 30697 D FiniteState: WEBTOON2.12.10Apkpure---40627fad47208e13ff7955035d04715ba5b4eebde6c5a19701777458539c1063---com.google.android.gms.ads.identifier.AdvertisingIdClient---zzd---null
12-03 10:58:53.582 30579 30652 D FiniteState: WEBTOON2.12.10Apkpure---40627fad47208e13ff7955035d04715ba5b4eebde6c5a19701777458539c1063---com.google.android.gms.ads.identifier.AdvertisingIdClient---zzd---null
12-03 10:58:53.586 30579 30697 D FiniteState: WEBTOON2.12.10Apkpure---40627fad47208e13ff7955035d04715ba5b4eebde6c5a19701777458539c1063---com.google.android.gms.ads.identifier.AdvertisingIdClient---zza---null
12-03 10:58:53.587 30579 30652 D FiniteState: WEBTOON2.12.10Apkpure---40627fad47208e13ff7955035d04715ba5b4eebde6c5a19701777458539c1063---com.google.android.gms.ads.identifier.AdvertisingIdClient---zza---null
12-03 10:58:53.592 30579 30651 D FiniteState: WEBTOON2.12.10Apkpure---40627fad47208e13ff7955035d04715ba5b4eebde6c5a19701777458539c1063---com.google.android.gms.ads.identifier.AdvertisingIdClient---zzd---null
12-03 10:58:53.608 30579 30651 D FiniteState: WEBTOON2.12.10Apkpure---40627fad47208e13ff7955035d04715ba5b4eebde6c5a19701777458539c1063---com.google.android.gms.ads.identifier.AdvertisingIdClient---zza---null
12-03 10:58:53.651 30579 30677 D FiniteState: WEBTOON2.12.10Apkpure---40627fad47208e13ff7955035d04715ba5b4eebde6c5a19701777458539c1063---com.google.android.gms.ads.identifier.AdvertisingIdClient---zzd---null
12-03 10:58:53.662 30579 30645 D FiniteState: WEBTOON2.12.10Apkpure---40627fad47208e13ff7955035d04715ba5b4eebde6c5a19701777458539c1063---com.facebook.ads.internal.dynamicloading.DynamicLoaderFactory---access$200---null
12-03 10:58:53.667 30579 30677 D FiniteState: WEBTOON2.12.10Apkpure---40627fad47208e13ff7955035d04715ba5b4eebde6c5a19701777458539c1063---com.google.android.gms.ads.identifier.AdvertisingIdClient---zza---null
12-03 10:58:53.749 30579 30648 D FiniteState: WEBTOON2.12.10Apkpure---40627fad47208e13ff7955035d04715ba5b4eebde6c5a19701777458539c1063---com.google.android.gms.ads.identifier.AdvertisingIdClient---getAdvertisingIdInfo---null
12-03 10:58:53.752 30579 30648 D FiniteState: WEBTOON2.12.10Apkpure---40627fad47208e13ff7955035d04715ba5b4eebde6c5a19701777458539c1063---com.google.android.gms.ads.identifier.AdvertisingIdClient---zzb---null
12-03 10:58:53.772 30579 30648 D FiniteState: WEBTOON2.12.10Apkpure---40627fad47208e13ff7955035d04715ba5b4eebde6c5a19701777458539c1063---com.google.android.gms.ads.identifier.AdvertisingIdClient---zzd---null
12-03 10:58:53.774 30579 30648 D FiniteState: WEBTOON2.12.10Apkpure---40627fad47208e13ff7955035d04715ba5b4eebde6c5a19701777458539c1063---com.google.android.gms.ads.identifier.AdvertisingIdClient---zza---null
12-03 10:58:54.308 30579 30579 D FiniteState: WEBTOON2.12.10Apkpure---40627fad47208e13ff7955035d04715ba5b4eebde6c5a19701777458539c1063---com.facebook.ads.AudienceNetworkAds---buildInitSettings---null
12-03 10:58:54.308 30579 30579 D FiniteState: WEBTOON2.12.10Apkpure---40627fad47208e13ff7955035d04715ba5b4eebde6c5a19701777458539c1063---com.facebook.ads.internal.dynamicloading.DynamicLoaderFactory---initialize---null
12-03 10:58:54.308 30579 30579 D FiniteState: WEBTOON2.12.10Apkpure---40627fad47208e13ff7955035d04715ba5b4eebde6c5a19701777458539c1063---com.facebook.ads.internal.api.InitSettingsBuilder---initialize---null
12-03 10:58:54.309 30579 30579 D FiniteState: WEBTOON2.12.10Apkpure---40627fad47208e13ff7955035d04715ba5b4eebde6c5a19701777458539c1063---com.facebook.ads.internal.settings.MultithreadedBundleWrapper---putSerializable---null
12-03 10:58:54.309 30579 30579 D FiniteState: WEBTOON2.12.10Apkpure---40627fad47208e13ff7955035d04715ba5b4eebde6c5a19701777458539c1063---com.facebook.ads.AdSettings---setIntegrationErrorMode---null
12-03 10:58:54.310 30579 30861 D FiniteState: WEBTOON2.12.10Apkpure---40627fad47208e13ff7955035d04715ba5b4eebde6c5a19701777458539c1063---com.facebook.ads.internal.dynamicloading.DynamicLoaderFactory$1---run---null
12-03 10:58:54.371 30579 30862 D FiniteState: WEBTOON2.12.10Apkpure---40627fad47208e13ff7955035d04715ba5b4eebde6c5a19701777458539c1063---com.google.android.gms.ads.identifier.AdvertisingIdClient---getAdvertisingIdInfo---null
12-03 10:58:54.377 30579 30862 D FiniteState: WEBTOON2.12.10Apkpure---40627fad47208e13ff7955035d04715ba5b4eebde6c5a19701777458539c1063---com.google.android.gms.ads.identifier.AdvertisingIdClient---zzb---null
12-03 10:58:54.407 30579 30862 D FiniteState: WEBTOON2.12.10Apkpure---40627fad47208e13ff7955035d04715ba5b4eebde6c5a19701777458539c1063---com.google.android.gms.ads.identifier.AdvertisingIdClient---zzd---null
12-03 10:58:54.412 30579 30862 D FiniteState: WEBTOON2.12.10Apkpure---40627fad47208e13ff7955035d04715ba5b4eebde6c5a19701777458539c1063---com.google.android.gms.ads.identifier.AdvertisingIdClient---zza---null
12-03 10:58:54.433 30579 30862 D FiniteState: WEBTOON2.12.10Apkpure---40627fad47208e13ff7955035d04715ba5b4eebde6c5a19701777458539c1063---com.google.android.gms.ads.identifier.AdvertisingIdClient---getAdvertisingIdInfo---null
12-03 10:58:54.433 30579 30862 D FiniteState: WEBTOON2.12.10Apkpure---40627fad47208e13ff7955035d04715ba5b4eebde6c5a19701777458539c1063---com.google.android.gms.ads.identifier.AdvertisingIdClient---zzb---null
12-03 10:58:54.440 30579 30862 D FiniteState: WEBTOON2.12.10Apkpure---40627fad47208e13ff7955035d04715ba5b4eebde6c5a19701777458539c1063---com.google.android.gms.ads.identifier.AdvertisingIdClient---zzd---null
12-03 10:58:54.443 30579 30862 D FiniteState: WEBTOON2.12.10Apkpure---40627fad47208e13ff7955035d04715ba5b4eebde6c5a19701777458539c1063---com.google.android.gms.ads.identifier.AdvertisingIdClient---zza---null
12-03 10:58:54.711 30579 30861 D FiniteState: WEBTOON2.12.10Apkpure---40627fad47208e13ff7955035d04715ba5b4eebde6c5a19701777458539c1063---com.facebook.ads.internal.dynamicloading.DynamicLoaderFactory---createErrorMessage---null
12-03 10:58:54.712 30579 30861 D FiniteState: WEBTOON2.12.10Apkpure---40627fad47208e13ff7955035d04715ba5b4eebde6c5a19701777458539c1063---com.facebook.ads.internal.dynamicloading.DynamicLoaderFallback---makeFallbackLoader---null
12-03 10:58:54.717 30579 30861 D FiniteState: WEBTOON2.12.10Apkpure---40627fad47208e13ff7955035d04715ba5b4eebde6c5a19701777458539c1063---com.facebook.ads.internal.dynamicloading.DynamicLoaderFallback$SimpleMethodCaptor$1---invoke---null
12-03 10:58:54.717 30579 30861 D FiniteState: WEBTOON2.12.10Apkpure---40627fad47208e13ff7955035d04715ba5b4eebde6c5a19701777458539c1063---com.facebook.ads.internal.dynamicloading.DynamicLoaderFallback$SimpleMethodCaptor$1---invoke---null
12-03 10:58:54.717 30579 30861 D FiniteState: WEBTOON2.12.10Apkpure---40627fad47208e13ff7955035d04715ba5b4eebde6c5a19701777458539c1063---com.facebook.ads.internal.dynamicloading.DynamicLoaderFallback$SimpleMethodCaptor$1---invoke---null
12-03 10:58:54.717 30579 30861 D FiniteState: WEBTOON2.12.10Apkpure---40627fad47208e13ff7955035d04715ba5b4eebde6c5a19701777458539c1063---com.facebook.ads.internal.dynamicloading.DynamicLoaderFallback$SimpleMethodCaptor$1---invoke---null
12-03 10:58:54.717 30579 30861 D FiniteState: WEBTOON2.12.10Apkpure---40627fad47208e13ff7955035d04715ba5b4eebde6c5a19701777458539c1063---com.facebook.ads.internal.dynamicloading.DynamicLoaderFallback$SimpleMethodCaptor$1---invoke---null
12-03 10:58:54.717 30579 30861 D FiniteState: WEBTOON2.12.10Apkpure---40627fad47208e13ff7955035d04715ba5b4eebde6c5a19701777458539c1063---com.facebook.ads.internal.dynamicloading.DynamicLoaderFallback$SimpleMethodCaptor$1---invoke---null
12-03 10:58:54.718 30579 30861 D FiniteState: WEBTOON2.12.10Apkpure---40627fad47208e13ff7955035d04715ba5b4eebde6c5a19701777458539c1063---com.facebook.ads.internal.dynamicloading.DynamicLoaderFallback$SimpleMethodCaptor$1---invoke---null
12-03 10:58:54.718 30579 30861 D FiniteState: WEBTOON2.12.10Apkpure---40627fad47208e13ff7955035d04715ba5b4eebde6c5a19701777458539c1063---com.facebook.ads.internal.dynamicloading.DynamicLoaderFallback$SimpleMethodCaptor$1---invoke---null
12-03 10:58:54.718 30579 30861 D FiniteState: WEBTOON2.12.10Apkpure---40627fad47208e13ff7955035d04715ba5b4eebde6c5a19701777458539c1063---com.facebook.ads.internal.dynamicloading.DynamicLoaderFallback$SimpleMethodCaptor$1---invoke---null
12-03 10:58:54.719 30579 30861 D FiniteState: WEBTOON2.12.10Apkpure---40627fad47208e13ff7955035d04715ba5b4eebde6c5a19701777458539c1063---com.facebook.ads.internal.dynamicloading.DynamicLoaderFallback$SimpleMethodCaptor$1---invoke---null
12-03 10:58:54.719 30579 30861 D FiniteState: WEBTOON2.12.10Apkpure---40627fad47208e13ff7955035d04715ba5b4eebde6c5a19701777458539c1063---com.facebook.ads.internal.dynamicloading.DynamicLoaderFallback$SimpleMethodCaptor$1---invoke---null
12-03 10:58:54.719 30579 30861 D FiniteState: WEBTOON2.12.10Apkpure---40627fad47208e13ff7955035d04715ba5b4eebde6c5a19701777458539c1063---com.facebook.ads.internal.dynamicloading.DynamicLoaderFallback$SimpleMethodCaptor$1---invoke---null
12-03 10:58:54.719 30579 30861 D FiniteState: WEBTOON2.12.10Apkpure---40627fad47208e13ff7955035d04715ba5b4eebde6c5a19701777458539c1063---com.facebook.ads.internal.dynamicloading.DynamicLoaderFallback$SimpleMethodCaptor$1---invoke---null
12-03 10:58:54.719 30579 30861 D FiniteState: WEBTOON2.12.10Apkpure---40627fad47208e13ff7955035d04715ba5b4eebde6c5a19701777458539c1063---com.facebook.ads.internal.dynamicloading.DynamicLoaderFallback$SimpleMethodCaptor$1---invoke---null
12-03 10:58:54.719 30579 30861 D FiniteState: WEBTOON2.12.10Apkpure---40627fad47208e13ff7955035d04715ba5b4eebde6c5a19701777458539c1063---com.facebook.ads.internal.dynamicloading.DynamicLoaderFallback$SimpleMethodCaptor$1---invoke---null
12-03 10:58:54.719 30579 30861 D FiniteState: WEBTOON2.12.10Apkpure---40627fad47208e13ff7955035d04715ba5b4eebde6c5a19701777458539c1063---com.facebook.ads.internal.dynamicloading.DynamicLoaderFallback$SimpleMethodCaptor$1---invoke---null
12-03 10:58:54.719 30579 30861 D FiniteState: WEBTOON2.12.10Apkpure---40627fad47208e13ff7955035d04715ba5b4eebde6c5a19701777458539c1063---com.facebook.ads.internal.dynamicloading.DynamicLoaderFallback$SimpleMethodCaptor$1---invoke---null
12-03 10:58:54.719 30579 30861 D FiniteState: WEBTOON2.12.10Apkpure---40627fad47208e13ff7955035d04715ba5b4eebde6c5a19701777458539c1063---com.facebook.ads.internal.dynamicloading.DynamicLoaderFallback$SimpleMethodCaptor$1---invoke---null
12-03 10:58:54.720 30579 30861 D FiniteState: WEBTOON2.12.10Apkpure---40627fad47208e13ff7955035d04715ba5b4eebde6c5a19701777458539c1063---com.facebook.ads.internal.dynamicloading.DynamicLoaderFallback$SimpleMethodCaptor$1---invoke---null
12-03 10:58:54.720 30579 30861 D FiniteState: WEBTOON2.12.10Apkpure---40627fad47208e13ff7955035d04715ba5b4eebde6c5a19701777458539c1063---com.facebook.ads.internal.dynamicloading.DynamicLoaderFallback$SimpleMethodCaptor$1---invoke---null
12-03 10:58:54.720 30579 30861 D FiniteState: WEBTOON2.12.10Apkpure---40627fad47208e13ff7955035d04715ba5b4eebde6c5a19701777458539c1063---com.facebook.ads.internal.dynamicloading.DynamicLoaderFallback$SimpleMethodCaptor$1---invoke---null
12-03 10:58:54.720 30579 30861 D FiniteState: WEBTOON2.12.10Apkpure---40627fad47208e13ff7955035d04715ba5b4eebde6c5a19701777458539c1063---com.facebook.ads.internal.dynamicloading.DynamicLoaderFallback$SimpleMethodCaptor$1---invoke---null
12-03 10:58:54.720 30579 30861 D FiniteState: WEBTOON2.12.10Apkpure---40627fad47208e13ff7955035d04715ba5b4eebde6c5a19701777458539c1063---com.facebook.ads.internal.dynamicloading.DynamicLoaderFactory---setFallbackMode---null
12-03 10:58:54.720 30579 30861 D FiniteState: WEBTOON2.12.10Apkpure---40627fad47208e13ff7955035d04715ba5b4eebde6c5a19701777458539c1063---com.facebook.ads.internal.dynamicloading.DynamicLoaderFactory---doCallInitialize---null
12-03 10:58:54.720 30579 30861 D FiniteState: WEBTOON2.12.10Apkpure---40627fad47208e13ff7955035d04715ba5b4eebde6c5a19701777458539c1063---com.facebook.ads.internal.dynamicloading.DynamicLoaderFactory---access$200---null
12-03 10:58:54.823 30579 30579 D FiniteState: WEBTOON2.12.10Apkpure---40627fad47208e13ff7955035d04715ba5b4eebde6c5a19701777458539c1063---com.facebook.ads.internal.dynamicloading.DynamicLoaderFactory---createErrorInitResult---null
12-03 10:58:54.825 30579 30579 D FiniteState: WEBTOON2.12.10Apkpure---40627fad47208e13ff7955035d04715ba5b4eebde6c5a19701777458539c1063---com.facebook.ads.internal.settings.MultithreadedBundleWrapper---putBoolean---null
