12-03 10:24:53.207 15490 15500 D FiniteState: ESPNFantasySports8.5.0Apkpure---ffe335681a8a2208272a6fc449e045ff0fcd6cd888fed019d3b709f56bff4da6---com.google.android.gms.ads.identifier.AdvertisingIdClient---finalize---null
12-03 10:24:53.207 15490 15500 D FiniteState: ESPNFantasySports8.5.0Apkpure---ffe335681a8a2208272a6fc449e045ff0fcd6cd888fed019d3b709f56bff4da6---com.google.android.gms.ads.identifier.AdvertisingIdClient---zza---null
12-03 10:24:53.207 15490 15500 D FiniteState: ESPNFantasySports8.5.0Apkpure---ffe335681a8a2208272a6fc449e045ff0fcd6cd888fed019d3b709f56bff4da6---com.google.android.gms.ads.identifier.AdvertisingIdClient---finalize---null
12-03 10:24:53.207 15490 15500 D FiniteState: ESPNFantasySports8.5.0Apkpure---ffe335681a8a2208272a6fc449e045ff0fcd6cd888fed019d3b709f56bff4da6---com.google.android.gms.ads.identifier.AdvertisingIdClient---zza---null
12-03 10:24:53.207 15490 15500 D FiniteState: ESPNFantasySports8.5.0Apkpure---ffe335681a8a2208272a6fc449e045ff0fcd6cd888fed019d3b709f56bff4da6---com.google.android.gms.ads.identifier.AdvertisingIdClient---finalize---null
12-03 10:24:53.207 15490 15500 D FiniteState: ESPNFantasySports8.5.0Apkpure---ffe335681a8a2208272a6fc449e045ff0fcd6cd888fed019d3b709f56bff4da6---com.google.android.gms.ads.identifier.AdvertisingIdClient---zza---null
12-03 10:24:53.207 15490 15500 D FiniteState: ESPNFantasySports8.5.0Apkpure---ffe335681a8a2208272a6fc449e045ff0fcd6cd888fed019d3b709f56bff4da6---com.google.android.gms.ads.identifier.AdvertisingIdClient---finalize---null
12-03 10:24:53.207 15490 15500 D FiniteState: ESPNFantasySports8.5.0Apkpure---ffe335681a8a2208272a6fc449e045ff0fcd6cd888fed019d3b709f56bff4da6---com.google.android.gms.ads.identifier.AdvertisingIdClient---zza---null
12-03 10:24:53.207 15490 15500 D FiniteState: ESPNFantasySports8.5.0Apkpure---ffe335681a8a2208272a6fc449e045ff0fcd6cd888fed019d3b709f56bff4da6---com.google.android.gms.ads.identifier.AdvertisingIdClient---finalize---null
12-03 10:24:53.207 15490 15500 D FiniteState: ESPNFantasySports8.5.0Apkpure---ffe335681a8a2208272a6fc449e045ff0fcd6cd888fed019d3b709f56bff4da6---com.google.android.gms.ads.identifier.AdvertisingIdClient---zza---null
12-03 10:24:53.207 15490 15500 D FiniteState: ESPNFantasySports8.5.0Apkpure---ffe335681a8a2208272a6fc449e045ff0fcd6cd888fed019d3b709f56bff4da6---com.google.android.gms.ads.identifier.AdvertisingIdClient---finalize---null
12-03 10:24:53.207 15490 15500 D FiniteState: ESPNFantasySports8.5.0Apkpure---ffe335681a8a2208272a6fc449e045ff0fcd6cd888fed019d3b709f56bff4da6---com.google.android.gms.ads.identifier.AdvertisingIdClient---zza---null
12-03 10:24:53.207 15490 15500 D FiniteState: ESPNFantasySports8.5.0Apkpure---ffe335681a8a2208272a6fc449e045ff0fcd6cd888fed019d3b709f56bff4da6---com.google.android.gms.ads.identifier.AdvertisingIdClient---finalize---null
12-03 10:24:53.207 15490 15500 D FiniteState: ESPNFantasySports8.5.0Apkpure---ffe335681a8a2208272a6fc449e045ff0fcd6cd888fed019d3b709f56bff4da6---com.google.android.gms.ads.identifier.AdvertisingIdClient---zza---null
12-03 10:24:53.207 15490 15500 D FiniteState: ESPNFantasySports8.5.0Apkpure---ffe335681a8a2208272a6fc449e045ff0fcd6cd888fed019d3b709f56bff4da6---com.google.android.gms.ads.identifier.AdvertisingIdClient---finalize---null
12-03 10:24:53.207 15490 15500 D FiniteState: ESPNFantasySports8.5.0Apkpure---ffe335681a8a2208272a6fc449e045ff0fcd6cd888fed019d3b709f56bff4da6---com.google.android.gms.ads.identifier.AdvertisingIdClient---zza---null
12-03 10:24:53.207 15490 15500 D FiniteState: ESPNFantasySports8.5.0Apkpure---ffe335681a8a2208272a6fc449e045ff0fcd6cd888fed019d3b709f56bff4da6---com.google.android.gms.ads.identifier.AdvertisingIdClient---finalize---null
12-03 10:24:53.209 15490 15500 D FiniteState: ESPNFantasySports8.5.0Apkpure---ffe335681a8a2208272a6fc449e045ff0fcd6cd888fed019d3b709f56bff4da6---com.google.android.gms.ads.identifier.AdvertisingIdClient---zza---null
12-03 10:24:53.209 15490 15500 D FiniteState: ESPNFantasySports8.5.0Apkpure---ffe335681a8a2208272a6fc449e045ff0fcd6cd888fed019d3b709f56bff4da6---com.google.android.gms.ads.identifier.AdvertisingIdClient---finalize---null
12-03 10:24:53.210 15490 15500 D FiniteState: ESPNFantasySports8.5.0Apkpure---ffe335681a8a2208272a6fc449e045ff0fcd6cd888fed019d3b709f56bff4da6---com.google.android.gms.ads.identifier.AdvertisingIdClient---zza---null
12-03 10:24:53.210 15490 15500 D FiniteState: ESPNFantasySports8.5.0Apkpure---ffe335681a8a2208272a6fc449e045ff0fcd6cd888fed019d3b709f56bff4da6---com.google.android.gms.ads.identifier.AdvertisingIdClient---finalize---null
12-03 10:24:53.210 15490 15500 D FiniteState: ESPNFantasySports8.5.0Apkpure---ffe335681a8a2208272a6fc449e045ff0fcd6cd888fed019d3b709f56bff4da6---com.google.android.gms.ads.identifier.AdvertisingIdClient---zza---null
12-03 10:24:53.211 15490 15500 D FiniteState: ESPNFantasySports8.5.0Apkpure---ffe335681a8a2208272a6fc449e045ff0fcd6cd888fed019d3b709f56bff4da6---com.google.android.gms.ads.identifier.AdvertisingIdClient---finalize---null
12-03 10:24:53.211 15490 15500 D FiniteState: ESPNFantasySports8.5.0Apkpure---ffe335681a8a2208272a6fc449e045ff0fcd6cd888fed019d3b709f56bff4da6---com.google.android.gms.ads.identifier.AdvertisingIdClient---zza---null
12-03 10:24:53.211 15490 15500 D FiniteState: ESPNFantasySports8.5.0Apkpure---ffe335681a8a2208272a6fc449e045ff0fcd6cd888fed019d3b709f56bff4da6---com.google.android.gms.ads.identifier.AdvertisingIdClient---finalize---null
12-03 10:24:53.211 15490 15500 D FiniteState: ESPNFantasySports8.5.0Apkpure---ffe335681a8a2208272a6fc449e045ff0fcd6cd888fed019d3b709f56bff4da6---com.google.android.gms.ads.identifier.AdvertisingIdClient---zza---null
12-03 10:24:53.211 15490 15500 D FiniteState: ESPNFantasySports8.5.0Apkpure---ffe335681a8a2208272a6fc449e045ff0fcd6cd888fed019d3b709f56bff4da6---com.google.android.gms.ads.identifier.AdvertisingIdClient---finalize---null
12-03 10:24:53.211 15490 15500 D FiniteState: ESPNFantasySports8.5.0Apkpure---ffe335681a8a2208272a6fc449e045ff0fcd6cd888fed019d3b709f56bff4da6---com.google.android.gms.ads.identifier.AdvertisingIdClient---zza---null
12-03 10:24:53.211 15490 15500 D FiniteState: ESPNFantasySports8.5.0Apkpure---ffe335681a8a2208272a6fc449e045ff0fcd6cd888fed019d3b709f56bff4da6---com.google.android.gms.ads.identifier.AdvertisingIdClient---finalize---null
12-03 10:24:53.211 15490 15500 D FiniteState: ESPNFantasySports8.5.0Apkpure---ffe335681a8a2208272a6fc449e045ff0fcd6cd888fed019d3b709f56bff4da6---com.google.android.gms.ads.identifier.AdvertisingIdClient---zza---null
12-03 10:24:53.211 15490 15500 D FiniteState: ESPNFantasySports8.5.0Apkpure---ffe335681a8a2208272a6fc449e045ff0fcd6cd888fed019d3b709f56bff4da6---com.google.android.gms.ads.identifier.AdvertisingIdClient---finalize---null
12-03 10:26:24.076 17043 17061 D FiniteState: TappytoonComicsNovels3.35.1Apkpure---abf86ca642dd75bff1f9df756cccf851cea157a438157816c0ad665a79f5d26c---com.google.android.gms.ads.identifier.AdvertisingIdClient---getAdvertisingIdInfo---null
12-03 10:26:24.079 17043 17061 D FiniteState: TappytoonComicsNovels3.35.1Apkpure---abf86ca642dd75bff1f9df756cccf851cea157a438157816c0ad665a79f5d26c---com.google.android.gms.ads.identifier.AdvertisingIdClient---zzb---null
12-03 10:26:24.081 17043 17043 D FiniteState: TappytoonComicsNovels3.35.1Apkpure---abf86ca642dd75bff1f9df756cccf851cea157a438157816c0ad665a79f5d26c---com.google.android.gms.ads.MobileAdsInitProvider---attachInfo---null
12-03 10:26:24.174 17043 17043 D FiniteState: TappytoonComicsNovels3.35.1Apkpure---abf86ca642dd75bff1f9df756cccf851cea157a438157816c0ad665a79f5d26c---com.facebook.ads.internal.dynamicloading.DynamicLoaderFactory---initialize---null
12-03 10:26:24.175 17043 17043 D FiniteState: TappytoonComicsNovels3.35.1Apkpure---abf86ca642dd75bff1f9df756cccf851cea157a438157816c0ad665a79f5d26c---com.facebook.ads.AudienceNetworkContentProvider---onCreate---null
12-03 10:26:24.179 17043 17088 D FiniteState: TappytoonComicsNovels3.35.1Apkpure---abf86ca642dd75bff1f9df756cccf851cea157a438157816c0ad665a79f5d26c---com.facebook.ads.internal.util.common.ANActivityLifecycleCallbacksListener---registerActivityCallbacks---null
12-03 10:26:24.179 17043 17088 D FiniteState: TappytoonComicsNovels3.35.1Apkpure---abf86ca642dd75bff1f9df756cccf851cea157a438157816c0ad665a79f5d26c---com.facebook.ads.internal.dynamicloading.DynamicLoaderFactory$1---run---null
12-03 10:26:24.189 17043 17097 D FiniteState: TappytoonComicsNovels3.35.1Apkpure---abf86ca642dd75bff1f9df756cccf851cea157a438157816c0ad665a79f5d26c---com.google.android.gms.ads.identifier.AdvertisingIdClient---getAdvertisingIdInfo---null
12-03 10:26:24.189 17043 17097 D FiniteState: TappytoonComicsNovels3.35.1Apkpure---abf86ca642dd75bff1f9df756cccf851cea157a438157816c0ad665a79f5d26c---com.google.android.gms.ads.identifier.AdvertisingIdClient---zzb---null
12-03 10:27:13.710 17565 17616 D FiniteState: TeachMeAnatomy5.34Apkpure---4e4b068824b6b006c5364efe2440c15bb3e778a5a90bad5a741486e6eba9e7fa---com.google.android.gms.ads.identifier.AdvertisingIdClient---getAdvertisingIdInfo---null
12-03 10:27:13.713 17565 17616 D FiniteState: TeachMeAnatomy5.34Apkpure---4e4b068824b6b006c5364efe2440c15bb3e778a5a90bad5a741486e6eba9e7fa---com.google.android.gms.ads.identifier.AdvertisingIdClient---zza---null
12-03 10:27:13.713 17565 17616 D FiniteState: TeachMeAnatomy5.34Apkpure---4e4b068824b6b006c5364efe2440c15bb3e778a5a90bad5a741486e6eba9e7fa---com.google.android.gms.ads.identifier.AdvertisingIdClient---zza---null
12-03 10:27:15.099 17565 17616 D FiniteState: TeachMeAnatomy5.34Apkpure---4e4b068824b6b006c5364efe2440c15bb3e778a5a90bad5a741486e6eba9e7fa---com.google.android.gms.ads.identifier.AdvertisingIdClient---getInfo---null
12-03 10:27:15.115 17565 17616 D FiniteState: TeachMeAnatomy5.34Apkpure---4e4b068824b6b006c5364efe2440c15bb3e778a5a90bad5a741486e6eba9e7fa---com.google.android.gms.ads.identifier.AdvertisingIdClient---finish---null
12-03 10:27:15.119 17565 17616 D FiniteState: TeachMeAnatomy5.34Apkpure---4e4b068824b6b006c5364efe2440c15bb3e778a5a90bad5a741486e6eba9e7fa---com.google.android.gms.ads.identifier.AdvertisingIdClient---getAdvertisingIdInfo---null
12-03 10:27:15.122 17565 17616 D FiniteState: TeachMeAnatomy5.34Apkpure---4e4b068824b6b006c5364efe2440c15bb3e778a5a90bad5a741486e6eba9e7fa---com.google.android.gms.ads.identifier.AdvertisingIdClient---zza---null
12-03 10:27:15.126 17565 17616 D FiniteState: TeachMeAnatomy5.34Apkpure---4e4b068824b6b006c5364efe2440c15bb3e778a5a90bad5a741486e6eba9e7fa---com.google.android.gms.ads.identifier.AdvertisingIdClient---zza---null
12-03 10:27:15.164 17565 17576 D FiniteState: TeachMeAnatomy5.34Apkpure---4e4b068824b6b006c5364efe2440c15bb3e778a5a90bad5a741486e6eba9e7fa---com.google.android.gms.ads.identifier.AdvertisingIdClient---finish---null
12-03 10:27:15.164 17565 17576 D FiniteState: TeachMeAnatomy5.34Apkpure---4e4b068824b6b006c5364efe2440c15bb3e778a5a90bad5a741486e6eba9e7fa---com.google.android.gms.ads.identifier.AdvertisingIdClient---finalize---null
12-03 10:27:15.377 17565 17616 D FiniteState: TeachMeAnatomy5.34Apkpure---4e4b068824b6b006c5364efe2440c15bb3e778a5a90bad5a741486e6eba9e7fa---com.google.android.gms.ads.identifier.AdvertisingIdClient---getInfo---null
12-03 10:27:15.378 17565 17616 D FiniteState: TeachMeAnatomy5.34Apkpure---4e4b068824b6b006c5364efe2440c15bb3e778a5a90bad5a741486e6eba9e7fa---com.google.android.gms.ads.identifier.AdvertisingIdClient---finish---null
12-03 10:27:16.149 17565 17576 D FiniteState: TeachMeAnatomy5.34Apkpure---4e4b068824b6b006c5364efe2440c15bb3e778a5a90bad5a741486e6eba9e7fa---com.google.android.gms.ads.identifier.AdvertisingIdClient---finish---null
12-03 10:27:16.149 17565 17576 D FiniteState: TeachMeAnatomy5.34Apkpure---4e4b068824b6b006c5364efe2440c15bb3e778a5a90bad5a741486e6eba9e7fa---com.google.android.gms.ads.identifier.AdvertisingIdClient---finalize---null
12-03 10:28:34.344 17998 17998 D FiniteState: SmartTools-Utilities20.6Apkpure---15efb6f40b69f3fc9c53c94dca8198f4707e1a6366be8cf141d90060c599f756---com.google.android.gms.ads.MobileAdsInitProvider---attachInfo---null
12-03 10:28:34.347 17998 17998 D FiniteState: SmartTools-Utilities20.6Apkpure---15efb6f40b69f3fc9c53c94dca8198f4707e1a6366be8cf141d90060c599f756---com.facebook.ads.internal.dynamicloading.DynamicLoaderFactory---initialize---null
12-03 10:28:34.347 17998 17998 D FiniteState: SmartTools-Utilities20.6Apkpure---15efb6f40b69f3fc9c53c94dca8198f4707e1a6366be8cf141d90060c599f756---com.facebook.ads.AudienceNetworkContentProvider---onCreate---null
12-03 10:28:34.348 17998 18025 D FiniteState: SmartTools-Utilities20.6Apkpure---15efb6f40b69f3fc9c53c94dca8198f4707e1a6366be8cf141d90060c599f756---com.facebook.ads.internal.util.common.ANActivityLifecycleCallbacksListener---registerActivityCallbacks---null
12-03 10:28:34.348 17998 18025 D FiniteState: SmartTools-Utilities20.6Apkpure---15efb6f40b69f3fc9c53c94dca8198f4707e1a6366be8cf141d90060c599f756---com.facebook.ads.internal.dynamicloading.DynamicLoaderFactory$a---run---null
12-03 10:28:34.377 17998 17998 D FiniteState: SmartTools-Utilities20.6Apkpure---15efb6f40b69f3fc9c53c94dca8198f4707e1a6366be8cf141d90060c599f756---com.facebook.ads.internal.util.common.ANActivityLifecycleCallbacksListener---onActivityCreated---null
12-03 10:28:34.485 17998 17998 D FiniteState: SmartTools-Utilities20.6Apkpure---15efb6f40b69f3fc9c53c94dca8198f4707e1a6366be8cf141d90060c599f756---com.facebook.ads.internal.util.common.ANActivityLifecycleCallbacksListener---onActivityStarted---null
12-03 10:28:34.488 17998 17998 D FiniteState: SmartTools-Utilities20.6Apkpure---15efb6f40b69f3fc9c53c94dca8198f4707e1a6366be8cf141d90060c599f756---com.facebook.ads.internal.util.common.ANActivityLifecycleCallbacksListener---onActivityResumed---null
12-03 10:28:34.495 17998 17998 D FiniteState: SmartTools-Utilities20.6Apkpure---15efb6f40b69f3fc9c53c94dca8198f4707e1a6366be8cf141d90060c599f756---com.facebook.ads.internal.settings.AdInternalSettings---setDataProcessingOptions---null
12-03 10:28:34.495 17998 17998 D FiniteState: SmartTools-Utilities20.6Apkpure---15efb6f40b69f3fc9c53c94dca8198f4707e1a6366be8cf141d90060c599f756---com.facebook.ads.internal.settings.MultithreadedBundleWrapper---putStringArray---null
12-03 10:28:34.495 17998 17998 D FiniteState: SmartTools-Utilities20.6Apkpure---15efb6f40b69f3fc9c53c94dca8198f4707e1a6366be8cf141d90060c599f756---com.facebook.ads.internal.settings.MultithreadedBundleWrapper---putInteger---null
12-03 10:28:34.495 17998 17998 D FiniteState: SmartTools-Utilities20.6Apkpure---15efb6f40b69f3fc9c53c94dca8198f4707e1a6366be8cf141d90060c599f756---com.facebook.ads.internal.settings.MultithreadedBundleWrapper---putInteger---null
12-03 10:28:34.495 17998 17998 D FiniteState: SmartTools-Utilities20.6Apkpure---15efb6f40b69f3fc9c53c94dca8198f4707e1a6366be8cf141d90060c599f756---com.facebook.ads.AdSettings---setDataProcessingOptions---null
12-03 10:28:34.750 17998 18025 D FiniteState: SmartTools-Utilities20.6Apkpure---15efb6f40b69f3fc9c53c94dca8198f4707e1a6366be8cf141d90060c599f756---com.facebook.ads.internal.dynamicloading.DynamicLoaderFactory---access$200---null
12-03 10:28:34.966 17998 17998 D FiniteState: SmartTools-Utilities20.6Apkpure---15efb6f40b69f3fc9c53c94dca8198f4707e1a6366be8cf141d90060c599f756---com.google.android.gms.ads.MobileAds---a---null
12-03 10:28:36.576 17998 17998 D FiniteState: SmartTools-Utilities20.6Apkpure---15efb6f40b69f3fc9c53c94dca8198f4707e1a6366be8cf141d90060c599f756---com.facebook.ads.AudienceNetworkAds---buildInitSettings---null
12-03 10:28:36.576 17998 17998 D FiniteState: SmartTools-Utilities20.6Apkpure---15efb6f40b69f3fc9c53c94dca8198f4707e1a6366be8cf141d90060c599f756---com.facebook.ads.internal.settings.MultithreadedBundleWrapper---putString---null
12-03 10:28:36.576 17998 17998 D FiniteState: SmartTools-Utilities20.6Apkpure---15efb6f40b69f3fc9c53c94dca8198f4707e1a6366be8cf141d90060c599f756---com.facebook.ads.internal.settings.AdInternalSettings---setMediationService---null
12-03 10:28:36.576 17998 17998 D FiniteState: SmartTools-Utilities20.6Apkpure---15efb6f40b69f3fc9c53c94dca8198f4707e1a6366be8cf141d90060c599f756---com.facebook.ads.AdSettings---setMediationService---null
12-03 10:28:36.576 17998 17998 D FiniteState: SmartTools-Utilities20.6Apkpure---15efb6f40b69f3fc9c53c94dca8198f4707e1a6366be8cf141d90060c599f756---com.facebook.ads.internal.api.InitSettingsBuilder---withMediationService---null
12-03 10:28:36.576 17998 17998 D FiniteState: SmartTools-Utilities20.6Apkpure---15efb6f40b69f3fc9c53c94dca8198f4707e1a6366be8cf141d90060c599f756---com.facebook.ads.internal.api.InitSettingsBuilder---withPlacementIds---null
12-03 10:28:36.576 17998 17998 D FiniteState: SmartTools-Utilities20.6Apkpure---15efb6f40b69f3fc9c53c94dca8198f4707e1a6366be8cf141d90060c599f756---com.facebook.ads.internal.settings.MultithreadedBundleWrapper---putStringArrayList---null
12-03 10:28:36.576 17998 17998 D FiniteState: SmartTools-Utilities20.6Apkpure---15efb6f40b69f3fc9c53c94dca8198f4707e1a6366be8cf141d90060c599f756---com.facebook.ads.internal.dynamicloading.DynamicLoaderFactory---initialize---null
12-03 10:28:36.576 17998 17998 D FiniteState: SmartTools-Utilities20.6Apkpure---15efb6f40b69f3fc9c53c94dca8198f4707e1a6366be8cf141d90060c599f756---com.facebook.ads.internal.api.InitSettingsBuilder---initialize---null
12-03 10:28:36.576 17998 18207 D FiniteState: SmartTools-Utilities20.6Apkpure---15efb6f40b69f3fc9c53c94dca8198f4707e1a6366be8cf141d90060c599f756---com.facebook.ads.internal.dynamicloading.DynamicLoaderFactory$a---run---null
12-03 10:28:36.977 17998 18207 D FiniteState: SmartTools-Utilities20.6Apkpure---15efb6f40b69f3fc9c53c94dca8198f4707e1a6366be8cf141d90060c599f756---com.facebook.ads.internal.dynamicloading.DynamicLoaderFactory---createErrorMessage---null
12-03 10:28:36.977 17998 18207 D FiniteState: SmartTools-Utilities20.6Apkpure---15efb6f40b69f3fc9c53c94dca8198f4707e1a6366be8cf141d90060c599f756---com.facebook.ads.internal.dynamicloading.DexLoadErrorReporter---reportDexLoadingIssue---null
12-03 10:28:36.978 17998 18207 D FiniteState: SmartTools-Utilities20.6Apkpure---15efb6f40b69f3fc9c53c94dca8198f4707e1a6366be8cf141d90060c599f756---com.facebook.ads.internal.dynamicloading.DynamicLoaderFallback---makeFallbackLoader---null
12-03 10:28:36.979 17998 18208 D FiniteState: SmartTools-Utilities20.6Apkpure---15efb6f40b69f3fc9c53c94dca8198f4707e1a6366be8cf141d90060c599f756---com.facebook.ads.internal.dynamicloading.DexLoadErrorReporter$a---run---null
12-03 10:28:36.980 17998 18207 D FiniteState: SmartTools-Utilities20.6Apkpure---15efb6f40b69f3fc9c53c94dca8198f4707e1a6366be8cf141d90060c599f756---com.facebook.ads.internal.dynamicloading.DynamicLoaderFallback$c$a---invoke---null
12-03 10:28:36.980 17998 18207 D FiniteState: SmartTools-Utilities20.6Apkpure---15efb6f40b69f3fc9c53c94dca8198f4707e1a6366be8cf141d90060c599f756---com.facebook.ads.internal.dynamicloading.DynamicLoaderFallback$c$a---invoke---null
12-03 10:28:36.980 17998 18207 D FiniteState: SmartTools-Utilities20.6Apkpure---15efb6f40b69f3fc9c53c94dca8198f4707e1a6366be8cf141d90060c599f756---com.facebook.ads.internal.dynamicloading.DynamicLoaderFallback$c$a---invoke---null
12-03 10:28:36.980 17998 18207 D FiniteState: SmartTools-Utilities20.6Apkpure---15efb6f40b69f3fc9c53c94dca8198f4707e1a6366be8cf141d90060c599f756---com.facebook.ads.internal.dynamicloading.DynamicLoaderFallback$c$a---invoke---null
12-03 10:28:36.980 17998 18207 D FiniteState: SmartTools-Utilities20.6Apkpure---15efb6f40b69f3fc9c53c94dca8198f4707e1a6366be8cf141d90060c599f756---com.facebook.ads.internal.dynamicloading.DynamicLoaderFallback$c$a---invoke---null
12-03 10:28:36.980 17998 18207 D FiniteState: SmartTools-Utilities20.6Apkpure---15efb6f40b69f3fc9c53c94dca8198f4707e1a6366be8cf141d90060c599f756---com.facebook.ads.internal.dynamicloading.DynamicLoaderFallback$c$a---invoke---null
12-03 10:28:36.981 17998 18207 D FiniteState: SmartTools-Utilities20.6Apkpure---15efb6f40b69f3fc9c53c94dca8198f4707e1a6366be8cf141d90060c599f756---com.facebook.ads.internal.dynamicloading.DynamicLoaderFallback$c$a---invoke---null
12-03 10:28:36.981 17998 18207 D FiniteState: SmartTools-Utilities20.6Apkpure---15efb6f40b69f3fc9c53c94dca8198f4707e1a6366be8cf141d90060c599f756---com.facebook.ads.internal.dynamicloading.DynamicLoaderFallback$c$a---invoke---null
12-03 10:28:36.981 17998 18207 D FiniteState: SmartTools-Utilities20.6Apkpure---15efb6f40b69f3fc9c53c94dca8198f4707e1a6366be8cf141d90060c599f756---com.facebook.ads.internal.dynamicloading.DynamicLoaderFallback$c$a---invoke---null
12-03 10:28:36.981 17998 18207 D FiniteState: SmartTools-Utilities20.6Apkpure---15efb6f40b69f3fc9c53c94dca8198f4707e1a6366be8cf141d90060c599f756---com.facebook.ads.internal.dynamicloading.DynamicLoaderFallback$c$a---invoke---null
12-03 10:28:36.981 17998 18207 D FiniteState: SmartTools-Utilities20.6Apkpure---15efb6f40b69f3fc9c53c94dca8198f4707e1a6366be8cf141d90060c599f756---com.facebook.ads.internal.dynamicloading.DynamicLoaderFallback$c$a---invoke---null
12-03 10:28:36.981 17998 18207 D FiniteState: SmartTools-Utilities20.6Apkpure---15efb6f40b69f3fc9c53c94dca8198f4707e1a6366be8cf141d90060c599f756---com.facebook.ads.internal.dynamicloading.DynamicLoaderFallback$c$a---invoke---null
12-03 10:28:36.981 17998 18207 D FiniteState: SmartTools-Utilities20.6Apkpure---15efb6f40b69f3fc9c53c94dca8198f4707e1a6366be8cf141d90060c599f756---com.facebook.ads.internal.dynamicloading.DynamicLoaderFallback$c$a---invoke---null
12-03 10:28:36.981 17998 18207 D FiniteState: SmartTools-Utilities20.6Apkpure---15efb6f40b69f3fc9c53c94dca8198f4707e1a6366be8cf141d90060c599f756---com.facebook.ads.internal.dynamicloading.DynamicLoaderFallback$c$a---invoke---null
12-03 10:28:36.981 17998 18207 D FiniteState: SmartTools-Utilities20.6Apkpure---15efb6f40b69f3fc9c53c94dca8198f4707e1a6366be8cf141d90060c599f756---com.facebook.ads.internal.dynamicloading.DynamicLoaderFallback$c$a---invoke---null
12-03 10:28:36.981 17998 18207 D FiniteState: SmartTools-Utilities20.6Apkpure---15efb6f40b69f3fc9c53c94dca8198f4707e1a6366be8cf141d90060c599f756---com.facebook.ads.internal.dynamicloading.DynamicLoaderFallback$c$a---invoke---null
12-03 10:28:36.981 17998 18207 D FiniteState: SmartTools-Utilities20.6Apkpure---15efb6f40b69f3fc9c53c94dca8198f4707e1a6366be8cf141d90060c599f756---com.facebook.ads.internal.dynamicloading.DynamicLoaderFallback$c$a---invoke---null
12-03 10:28:36.981 17998 18207 D FiniteState: SmartTools-Utilities20.6Apkpure---15efb6f40b69f3fc9c53c94dca8198f4707e1a6366be8cf141d90060c599f756---com.facebook.ads.internal.dynamicloading.DynamicLoaderFallback$c$a---invoke---null
12-03 10:28:36.981 17998 18207 D FiniteState: SmartTools-Utilities20.6Apkpure---15efb6f40b69f3fc9c53c94dca8198f4707e1a6366be8cf141d90060c599f756---com.facebook.ads.internal.dynamicloading.DynamicLoaderFallback$c$a---invoke---null
12-03 10:28:36.981 17998 18207 D FiniteState: SmartTools-Utilities20.6Apkpure---15efb6f40b69f3fc9c53c94dca8198f4707e1a6366be8cf141d90060c599f756---com.facebook.ads.internal.dynamicloading.DynamicLoaderFallback$c$a---invoke---null
12-03 10:28:36.981 17998 18207 D FiniteState: SmartTools-Utilities20.6Apkpure---15efb6f40b69f3fc9c53c94dca8198f4707e1a6366be8cf141d90060c599f756---com.facebook.ads.internal.dynamicloading.DynamicLoaderFallback$c$a---invoke---null
12-03 10:28:36.981 17998 18207 D FiniteState: SmartTools-Utilities20.6Apkpure---15efb6f40b69f3fc9c53c94dca8198f4707e1a6366be8cf141d90060c599f756---com.facebook.ads.internal.dynamicloading.DynamicLoaderFallback$c$a---invoke---null
12-03 10:28:36.981 17998 18207 D FiniteState: SmartTools-Utilities20.6Apkpure---15efb6f40b69f3fc9c53c94dca8198f4707e1a6366be8cf141d90060c599f756---com.facebook.ads.internal.dynamicloading.DynamicLoaderFactory---setFallbackMode---null
12-03 10:28:36.981 17998 18207 D FiniteState: SmartTools-Utilities20.6Apkpure---15efb6f40b69f3fc9c53c94dca8198f4707e1a6366be8cf141d90060c599f756---com.facebook.ads.internal.dynamicloading.DynamicLoaderFactory---doCallInitialize---null
12-03 10:28:36.982 17998 18207 D FiniteState: SmartTools-Utilities20.6Apkpure---15efb6f40b69f3fc9c53c94dca8198f4707e1a6366be8cf141d90060c599f756---com.facebook.ads.internal.dynamicloading.DynamicLoaderFactory---access$200---null
12-03 10:28:37.055 17998 18208 D FiniteState: SmartTools-Utilities20.6Apkpure---15efb6f40b69f3fc9c53c94dca8198f4707e1a6366be8cf141d90060c599f756---com.facebook.ads.internal.dynamicloading.DexLoadErrorReporter---b---null
12-03 10:28:37.056 17998 18208 D FiniteState: SmartTools-Utilities20.6Apkpure---15efb6f40b69f3fc9c53c94dca8198f4707e1a6366be8cf141d90060c599f756---com.facebook.ads.internal.api.BuildConfigApi---isUnity---null
12-03 10:28:37.057 17998 18208 D FiniteState: SmartTools-Utilities20.6Apkpure---15efb6f40b69f3fc9c53c94dca8198f4707e1a6366be8cf141d90060c599f756---com.facebook.ads.internal.dynamicloading.DexLoadErrorReporter---a---null
12-03 10:28:37.057 17998 18208 D FiniteState: SmartTools-Utilities20.6Apkpure---15efb6f40b69f3fc9c53c94dca8198f4707e1a6366be8cf141d90060c599f756---com.facebook.ads.internal.dynamicloading.DexLoadErrorReporter---b---null
12-03 10:28:37.057 17998 18208 D FiniteState: SmartTools-Utilities20.6Apkpure---15efb6f40b69f3fc9c53c94dca8198f4707e1a6366be8cf141d90060c599f756---com.facebook.ads.internal.api.BuildConfigApi---isUnity---null
12-03 10:28:37.057 17998 18208 D FiniteState: SmartTools-Utilities20.6Apkpure---15efb6f40b69f3fc9c53c94dca8198f4707e1a6366be8cf141d90060c599f756---com.facebook.ads.internal.dynamicloading.DexLoadErrorReporter---a---null
12-03 10:28:37.082 17998 17998 D FiniteState: SmartTools-Utilities20.6Apkpure---15efb6f40b69f3fc9c53c94dca8198f4707e1a6366be8cf141d90060c599f756---com.facebook.ads.internal.dynamicloading.DynamicLoaderFactory---createErrorInitResult---null
12-03 10:28:37.082 17998 17998 D FiniteState: SmartTools-Utilities20.6Apkpure---15efb6f40b69f3fc9c53c94dca8198f4707e1a6366be8cf141d90060c599f756---com.facebook.ads.internal.dynamicloading.DynamicLoaderFactory---createErrorMessage---null
12-03 10:28:37.083 17998 17998 D FiniteState: SmartTools-Utilities20.6Apkpure---15efb6f40b69f3fc9c53c94dca8198f4707e1a6366be8cf141d90060c599f756---com.facebook.ads.internal.dynamicloading.DynamicLoaderFactory$b---run---null
12-03 10:28:37.142 17998 18035 D FiniteState: SmartTools-Utilities20.6Apkpure---15efb6f40b69f3fc9c53c94dca8198f4707e1a6366be8cf141d90060c599f756---com.facebook.ads.BidderTokenProvider---getBidderToken---null
12-03 10:28:37.142 17998 18035 D FiniteState: SmartTools-Utilities20.6Apkpure---15efb6f40b69f3fc9c53c94dca8198f4707e1a6366be8cf141d90060c599f756---com.facebook.ads.internal.dynamicloading.DynamicLoaderFactory---makeLoader---null
12-03 10:29:23.465 18566 18566 D FiniteState: CarGurusUsedNewCars2.77Apkpure---652aa32ee11dd109f11feef942fa4207306b1651e8f342e047cf450d8ae7b9a5---com.google.android.gms.ads.MobileAdsInitProvider---attachInfo---null
12-03 10:29:23.610 18566 18566 D FiniteState: CarGurusUsedNewCars2.77Apkpure---652aa32ee11dd109f11feef942fa4207306b1651e8f342e047cf450d8ae7b9a5---com.google.android.gms.ads.RequestConfiguration$Builder---build---null
12-03 10:29:23.610 18566 18566 D FiniteState: CarGurusUsedNewCars2.77Apkpure---652aa32ee11dd109f11feef942fa4207306b1651e8f342e047cf450d8ae7b9a5---com.google.android.gms.ads.internal.client.zzej---zzf---null
12-03 10:29:23.627 18566 18566 D FiniteState: CarGurusUsedNewCars2.77Apkpure---652aa32ee11dd109f11feef942fa4207306b1651e8f342e047cf450d8ae7b9a5---com.google.android.gms.ads.internal.client.zzej---zzA---null
12-03 10:29:23.628 18566 18566 D FiniteState: CarGurusUsedNewCars2.77Apkpure---652aa32ee11dd109f11feef942fa4207306b1651e8f342e047cf450d8ae7b9a5---com.google.android.gms.ads.internal.client.zzax---zzd---null
12-03 10:29:23.634 18566 18566 D FiniteState: CarGurusUsedNewCars2.77Apkpure---652aa32ee11dd109f11feef942fa4207306b1651e8f342e047cf450d8ae7b9a5---com.google.android.gms.ads.internal.client.zzaq---zzc---null
12-03 10:29:23.643 18566 18566 D FiniteState: CarGurusUsedNewCars2.77Apkpure---652aa32ee11dd109f11feef942fa4207306b1651e8f342e047cf450d8ae7b9a5---com.google.android.gms.ads.internal.client.zzeq---getRemoteCreator---null
12-03 10:29:23.643 18566 18566 D FiniteState: CarGurusUsedNewCars2.77Apkpure---652aa32ee11dd109f11feef942fa4207306b1651e8f342e047cf450d8ae7b9a5---com.google.android.gms.ads.internal.client.zzcp---zze---null
12-03 10:29:23.762 18566 18566 D FiniteState: CarGurusUsedNewCars2.77Apkpure---652aa32ee11dd109f11feef942fa4207306b1651e8f342e047cf450d8ae7b9a5---com.google.android.gms.ads.internal.client.zzeq---zza---null
12-03 10:29:23.762 18566 18566 D FiniteState: CarGurusUsedNewCars2.77Apkpure---652aa32ee11dd109f11feef942fa4207306b1651e8f342e047cf450d8ae7b9a5---com.google.android.gms.ads.internal.client.zzcm---zzs---null
12-03 10:29:23.762 18566 18566 D FiniteState: CarGurusUsedNewCars2.77Apkpure---652aa32ee11dd109f11feef942fa4207306b1651e8f342e047cf450d8ae7b9a5---com.google.android.gms.ads.internal.client.zzcm---zzo---null
12-03 10:29:23.763 18566 18566 D FiniteState: CarGurusUsedNewCars2.77Apkpure---652aa32ee11dd109f11feef942fa4207306b1651e8f342e047cf450d8ae7b9a5---com.google.android.gms.ads.internal.client.zzej---zzz---null
12-03 10:29:23.764 18566 18566 D FiniteState: CarGurusUsedNewCars2.77Apkpure---652aa32ee11dd109f11feef942fa4207306b1651e8f342e047cf450d8ae7b9a5---com.google.android.gms.ads.internal.client.zzcm---zzk---null
12-03 10:29:23.764 18566 18566 D FiniteState: CarGurusUsedNewCars2.77Apkpure---652aa32ee11dd109f11feef942fa4207306b1651e8f342e047cf450d8ae7b9a5---com.google.android.gms.ads.internal.client.zzcm---zzl---null
12-03 10:29:23.779 18566 18637 D FiniteState: CarGurusUsedNewCars2.77Apkpure---652aa32ee11dd109f11feef942fa4207306b1651e8f342e047cf450d8ae7b9a5---com.google.android.gms.ads.identifier.AdvertisingIdClient---getAdvertisingIdInfo---null
12-03 10:29:23.779 18566 18637 D FiniteState: CarGurusUsedNewCars2.77Apkpure---652aa32ee11dd109f11feef942fa4207306b1651e8f342e047cf450d8ae7b9a5---com.google.android.gms.ads.identifier.AdvertisingIdClient---zzb---null
12-03 10:29:24.042 18566 18566 D FiniteState: CarGurusUsedNewCars2.77Apkpure---652aa32ee11dd109f11feef942fa4207306b1651e8f342e047cf450d8ae7b9a5---com.google.android.gms.ads.MobileAds---initialize---null
12-03 10:29:24.311 18566 18637 D FiniteState: CarGurusUsedNewCars2.77Apkpure---652aa32ee11dd109f11feef942fa4207306b1651e8f342e047cf450d8ae7b9a5---com.google.android.gms.ads.identifier.AdvertisingIdClient---zzd---null
12-03 10:29:24.314 18566 18637 D FiniteState: CarGurusUsedNewCars2.77Apkpure---652aa32ee11dd109f11feef942fa4207306b1651e8f342e047cf450d8ae7b9a5---com.google.android.gms.ads.identifier.AdvertisingIdClient---zza---null
12-03 10:29:25.000 18566 18775 D FiniteState: CarGurusUsedNewCars2.77Apkpure---652aa32ee11dd109f11feef942fa4207306b1651e8f342e047cf450d8ae7b9a5---com.google.android.gms.ads.identifier.AdvertisingIdClient---getAdvertisingIdInfo---null
12-03 10:29:25.000 18566 18775 D FiniteState: CarGurusUsedNewCars2.77Apkpure---652aa32ee11dd109f11feef942fa4207306b1651e8f342e047cf450d8ae7b9a5---com.google.android.gms.ads.identifier.AdvertisingIdClient---zzb---null
12-03 10:29:25.004 18566 18775 D FiniteState: CarGurusUsedNewCars2.77Apkpure---652aa32ee11dd109f11feef942fa4207306b1651e8f342e047cf450d8ae7b9a5---com.google.android.gms.ads.identifier.AdvertisingIdClient---zzd---null
12-03 10:29:25.005 18566 18775 D FiniteState: CarGurusUsedNewCars2.77Apkpure---652aa32ee11dd109f11feef942fa4207306b1651e8f342e047cf450d8ae7b9a5---com.google.android.gms.ads.identifier.AdvertisingIdClient---zza---null
12-03 10:29:25.032 18566 18566 D FiniteState: CarGurusUsedNewCars2.77Apkpure---652aa32ee11dd109f11feef942fa4207306b1651e8f342e047cf450d8ae7b9a5---com.google.android.gms.ads.internal.client.zzei---zzb---null
12-03 10:29:25.032 18566 18566 D FiniteState: CarGurusUsedNewCars2.77Apkpure---652aa32ee11dd109f11feef942fa4207306b1651e8f342e047cf450d8ae7b9a5---com.google.android.gms.ads.internal.client.zzej---zzy---null
12-03 10:30:13.858 19199 19217 D FiniteState: WEBTOON2.12.10Apkpure---40627fad47208e13ff7955035d04715ba5b4eebde6c5a19701777458539c1063---com.google.android.gms.ads.identifier.AdvertisingIdClient---getAdvertisingIdInfo---null
12-03 10:30:13.858 19199 19217 D FiniteState: WEBTOON2.12.10Apkpure---40627fad47208e13ff7955035d04715ba5b4eebde6c5a19701777458539c1063---com.google.android.gms.ads.identifier.AdvertisingIdClient---zzb---null
12-03 10:30:13.913 19199 19199 D FiniteState: WEBTOON2.12.10Apkpure---40627fad47208e13ff7955035d04715ba5b4eebde6c5a19701777458539c1063---com.google.android.gms.ads.MobileAdsInitProvider---attachInfo---null
12-03 10:30:13.925 19199 19262 D FiniteState: WEBTOON2.12.10Apkpure---40627fad47208e13ff7955035d04715ba5b4eebde6c5a19701777458539c1063---com.google.android.gms.ads.identifier.AdvertisingIdClient---getAdvertisingIdInfo---null
12-03 10:30:13.925 19199 19262 D FiniteState: WEBTOON2.12.10Apkpure---40627fad47208e13ff7955035d04715ba5b4eebde6c5a19701777458539c1063---com.google.android.gms.ads.identifier.AdvertisingIdClient---zzb---null
12-03 10:30:13.929 19199 19199 D FiniteState: WEBTOON2.12.10Apkpure---40627fad47208e13ff7955035d04715ba5b4eebde6c5a19701777458539c1063---com.facebook.ads.internal.dynamicloading.DynamicLoaderFactory---initialize---null
12-03 10:30:13.930 19199 19199 D FiniteState: WEBTOON2.12.10Apkpure---40627fad47208e13ff7955035d04715ba5b4eebde6c5a19701777458539c1063---com.facebook.ads.AudienceNetworkContentProvider---onCreate---null
12-03 10:30:13.930 19199 19264 D FiniteState: WEBTOON2.12.10Apkpure---40627fad47208e13ff7955035d04715ba5b4eebde6c5a19701777458539c1063---com.facebook.ads.internal.util.common.ANActivityLifecycleCallbacksListener---registerActivityCallbacks---null
12-03 10:30:13.930 19199 19264 D FiniteState: WEBTOON2.12.10Apkpure---40627fad47208e13ff7955035d04715ba5b4eebde6c5a19701777458539c1063---com.facebook.ads.internal.dynamicloading.DynamicLoaderFactory$1---run---null
12-03 10:30:14.064 19199 19318 D FiniteState: WEBTOON2.12.10Apkpure---40627fad47208e13ff7955035d04715ba5b4eebde6c5a19701777458539c1063---com.google.android.gms.ads.identifier.AdvertisingIdClient---getAdvertisingIdInfo---null
12-03 10:30:14.064 19199 19318 D FiniteState: WEBTOON2.12.10Apkpure---40627fad47208e13ff7955035d04715ba5b4eebde6c5a19701777458539c1063---com.google.android.gms.ads.identifier.AdvertisingIdClient---zzb---null
12-03 10:30:14.127 19199 19275 D FiniteState: WEBTOON2.12.10Apkpure---40627fad47208e13ff7955035d04715ba5b4eebde6c5a19701777458539c1063---com.google.android.gms.ads.identifier.AdvertisingIdClient---getAdvertisingIdInfo---null
12-03 10:30:14.128 19199 19275 D FiniteState: WEBTOON2.12.10Apkpure---40627fad47208e13ff7955035d04715ba5b4eebde6c5a19701777458539c1063---com.google.android.gms.ads.identifier.AdvertisingIdClient---zzb---null
12-03 10:30:14.137 19199 19199 D FiniteState: WEBTOON2.12.10Apkpure---40627fad47208e13ff7955035d04715ba5b4eebde6c5a19701777458539c1063---com.facebook.ads.internal.settings.AdInternalSettings---setDataProcessingOptions---null
12-03 10:30:14.137 19199 19199 D FiniteState: WEBTOON2.12.10Apkpure---40627fad47208e13ff7955035d04715ba5b4eebde6c5a19701777458539c1063---com.facebook.ads.internal.settings.MultithreadedBundleWrapper---putStringArray---null
12-03 10:30:14.138 19199 19199 D FiniteState: WEBTOON2.12.10Apkpure---40627fad47208e13ff7955035d04715ba5b4eebde6c5a19701777458539c1063---com.facebook.ads.internal.settings.MultithreadedBundleWrapper---putInteger---null
12-03 10:30:14.138 19199 19199 D FiniteState: WEBTOON2.12.10Apkpure---40627fad47208e13ff7955035d04715ba5b4eebde6c5a19701777458539c1063---com.facebook.ads.internal.settings.MultithreadedBundleWrapper---putInteger---null
12-03 10:30:14.138 19199 19199 D FiniteState: WEBTOON2.12.10Apkpure---40627fad47208e13ff7955035d04715ba5b4eebde6c5a19701777458539c1063---com.facebook.ads.AdSettings---setDataProcessingOptions---null
12-03 10:30:14.210 19199 19199 D FiniteState: WEBTOON2.12.10Apkpure---40627fad47208e13ff7955035d04715ba5b4eebde6c5a19701777458539c1063---com.facebook.ads.internal.util.common.ANActivityLifecycleCallbacksListener---onActivityCreated---null
12-03 10:30:14.220 19199 19199 D FiniteState: WEBTOON2.12.10Apkpure---40627fad47208e13ff7955035d04715ba5b4eebde6c5a19701777458539c1063---com.facebook.ads.internal.util.common.ANActivityLifecycleCallbacksListener---onActivityStarted---null
12-03 10:30:14.227 19199 19270 D FiniteState: WEBTOON2.12.10Apkpure---40627fad47208e13ff7955035d04715ba5b4eebde6c5a19701777458539c1063---com.google.android.gms.ads.identifier.AdvertisingIdClient---getAdvertisingIdInfo---null
12-03 10:30:14.227 19199 19270 D FiniteState: WEBTOON2.12.10Apkpure---40627fad47208e13ff7955035d04715ba5b4eebde6c5a19701777458539c1063---com.google.android.gms.ads.identifier.AdvertisingIdClient---zzb---null
12-03 10:30:14.228 19199 19271 D FiniteState: WEBTOON2.12.10Apkpure---40627fad47208e13ff7955035d04715ba5b4eebde6c5a19701777458539c1063---com.google.android.gms.ads.identifier.AdvertisingIdClient---getAdvertisingIdInfo---null
12-03 10:30:14.228 19199 19271 D FiniteState: WEBTOON2.12.10Apkpure---40627fad47208e13ff7955035d04715ba5b4eebde6c5a19701777458539c1063---com.google.android.gms.ads.identifier.AdvertisingIdClient---zzb---null
12-03 10:30:14.232 19199 19368 D FiniteState: WEBTOON2.12.10Apkpure---40627fad47208e13ff7955035d04715ba5b4eebde6c5a19701777458539c1063---com.google.android.gms.ads.identifier.AdvertisingIdClient---getAdvertisingIdInfo---null
12-03 10:30:14.232 19199 19368 D FiniteState: WEBTOON2.12.10Apkpure---40627fad47208e13ff7955035d04715ba5b4eebde6c5a19701777458539c1063---com.google.android.gms.ads.identifier.AdvertisingIdClient---zzb---null
12-03 10:30:14.238 19199 19199 D FiniteState: WEBTOON2.12.10Apkpure---40627fad47208e13ff7955035d04715ba5b4eebde6c5a19701777458539c1063---com.facebook.ads.internal.util.common.ANActivityLifecycleCallbacksListener---onActivityResumed---null
12-03 10:30:14.251 19199 19217 D FiniteState: WEBTOON2.12.10Apkpure---40627fad47208e13ff7955035d04715ba5b4eebde6c5a19701777458539c1063---com.google.android.gms.ads.identifier.AdvertisingIdClient---zzd---null
12-03 10:30:14.252 19199 19262 D FiniteState: WEBTOON2.12.10Apkpure---40627fad47208e13ff7955035d04715ba5b4eebde6c5a19701777458539c1063---com.google.android.gms.ads.identifier.AdvertisingIdClient---zzd---null
12-03 10:30:14.255 19199 19318 D FiniteState: WEBTOON2.12.10Apkpure---40627fad47208e13ff7955035d04715ba5b4eebde6c5a19701777458539c1063---com.google.android.gms.ads.identifier.AdvertisingIdClient---zzd---null
12-03 10:30:14.258 19199 19217 D FiniteState: WEBTOON2.12.10Apkpure---40627fad47208e13ff7955035d04715ba5b4eebde6c5a19701777458539c1063---com.google.android.gms.ads.identifier.AdvertisingIdClient---zza---null
12-03 10:30:14.259 19199 19262 D FiniteState: WEBTOON2.12.10Apkpure---40627fad47208e13ff7955035d04715ba5b4eebde6c5a19701777458539c1063---com.google.android.gms.ads.identifier.AdvertisingIdClient---zza---null
12-03 10:30:14.261 19199 19318 D FiniteState: WEBTOON2.12.10Apkpure---40627fad47208e13ff7955035d04715ba5b4eebde6c5a19701777458539c1063---com.google.android.gms.ads.identifier.AdvertisingIdClient---zza---null
12-03 10:30:14.269 19199 19275 D FiniteState: WEBTOON2.12.10Apkpure---40627fad47208e13ff7955035d04715ba5b4eebde6c5a19701777458539c1063---com.google.android.gms.ads.identifier.AdvertisingIdClient---zzd---null
12-03 10:30:14.270 19199 19275 D FiniteState: WEBTOON2.12.10Apkpure---40627fad47208e13ff7955035d04715ba5b4eebde6c5a19701777458539c1063---com.google.android.gms.ads.identifier.AdvertisingIdClient---zza---null
12-03 10:30:14.271 19199 19270 D FiniteState: WEBTOON2.12.10Apkpure---40627fad47208e13ff7955035d04715ba5b4eebde6c5a19701777458539c1063---com.google.android.gms.ads.identifier.AdvertisingIdClient---zzd---null
12-03 10:30:14.271 19199 19271 D FiniteState: WEBTOON2.12.10Apkpure---40627fad47208e13ff7955035d04715ba5b4eebde6c5a19701777458539c1063---com.google.android.gms.ads.identifier.AdvertisingIdClient---zzd---null
12-03 10:30:14.279 19199 19270 D FiniteState: WEBTOON2.12.10Apkpure---40627fad47208e13ff7955035d04715ba5b4eebde6c5a19701777458539c1063---com.google.android.gms.ads.identifier.AdvertisingIdClient---zza---null
12-03 10:30:14.283 19199 19271 D FiniteState: WEBTOON2.12.10Apkpure---40627fad47208e13ff7955035d04715ba5b4eebde6c5a19701777458539c1063---com.google.android.gms.ads.identifier.AdvertisingIdClient---zza---null
12-03 10:30:14.288 19199 19368 D FiniteState: WEBTOON2.12.10Apkpure---40627fad47208e13ff7955035d04715ba5b4eebde6c5a19701777458539c1063---com.google.android.gms.ads.identifier.AdvertisingIdClient---zzd---null
12-03 10:30:14.298 19199 19368 D FiniteState: WEBTOON2.12.10Apkpure---40627fad47208e13ff7955035d04715ba5b4eebde6c5a19701777458539c1063---com.google.android.gms.ads.identifier.AdvertisingIdClient---zza---null
12-03 10:30:14.334 19199 19264 D FiniteState: WEBTOON2.12.10Apkpure---40627fad47208e13ff7955035d04715ba5b4eebde6c5a19701777458539c1063---com.facebook.ads.internal.dynamicloading.DynamicLoaderFactory---access$200---null
12-03 10:30:14.465 19199 19267 D FiniteState: WEBTOON2.12.10Apkpure---40627fad47208e13ff7955035d04715ba5b4eebde6c5a19701777458539c1063---com.google.android.gms.ads.identifier.AdvertisingIdClient---getAdvertisingIdInfo---null
12-03 10:30:14.465 19199 19267 D FiniteState: WEBTOON2.12.10Apkpure---40627fad47208e13ff7955035d04715ba5b4eebde6c5a19701777458539c1063---com.google.android.gms.ads.identifier.AdvertisingIdClient---zzb---null
12-03 10:30:14.489 19199 19267 D FiniteState: WEBTOON2.12.10Apkpure---40627fad47208e13ff7955035d04715ba5b4eebde6c5a19701777458539c1063---com.google.android.gms.ads.identifier.AdvertisingIdClient---zzd---null
12-03 10:30:14.490 19199 19267 D FiniteState: WEBTOON2.12.10Apkpure---40627fad47208e13ff7955035d04715ba5b4eebde6c5a19701777458539c1063---com.google.android.gms.ads.identifier.AdvertisingIdClient---zza---null
12-03 10:30:14.605 19199 19199 D FiniteState: WEBTOON2.12.10Apkpure---40627fad47208e13ff7955035d04715ba5b4eebde6c5a19701777458539c1063---com.facebook.ads.AudienceNetworkAds---buildInitSettings---null
12-03 10:30:14.605 19199 19199 D FiniteState: WEBTOON2.12.10Apkpure---40627fad47208e13ff7955035d04715ba5b4eebde6c5a19701777458539c1063---com.facebook.ads.internal.dynamicloading.DynamicLoaderFactory---initialize---null
12-03 10:30:14.606 19199 19199 D FiniteState: WEBTOON2.12.10Apkpure---40627fad47208e13ff7955035d04715ba5b4eebde6c5a19701777458539c1063---com.facebook.ads.internal.api.InitSettingsBuilder---initialize---null
12-03 10:30:14.606 19199 19199 D FiniteState: WEBTOON2.12.10Apkpure---40627fad47208e13ff7955035d04715ba5b4eebde6c5a19701777458539c1063---com.facebook.ads.internal.settings.MultithreadedBundleWrapper---putSerializable---null
12-03 10:30:14.607 19199 19199 D FiniteState: WEBTOON2.12.10Apkpure---40627fad47208e13ff7955035d04715ba5b4eebde6c5a19701777458539c1063---com.facebook.ads.AdSettings---setIntegrationErrorMode---null
12-03 10:30:14.608 19199 19452 D FiniteState: WEBTOON2.12.10Apkpure---40627fad47208e13ff7955035d04715ba5b4eebde6c5a19701777458539c1063---com.facebook.ads.internal.dynamicloading.DynamicLoaderFactory$1---run---null
12-03 10:30:14.667 19199 19453 D FiniteState: WEBTOON2.12.10Apkpure---40627fad47208e13ff7955035d04715ba5b4eebde6c5a19701777458539c1063---com.google.android.gms.ads.identifier.AdvertisingIdClient---getAdvertisingIdInfo---null
12-03 10:30:14.668 19199 19453 D FiniteState: WEBTOON2.12.10Apkpure---40627fad47208e13ff7955035d04715ba5b4eebde6c5a19701777458539c1063---com.google.android.gms.ads.identifier.AdvertisingIdClient---zzb---null
12-03 10:30:14.689 19199 19453 D FiniteState: WEBTOON2.12.10Apkpure---40627fad47208e13ff7955035d04715ba5b4eebde6c5a19701777458539c1063---com.google.android.gms.ads.identifier.AdvertisingIdClient---zzd---null
12-03 10:30:14.694 19199 19453 D FiniteState: WEBTOON2.12.10Apkpure---40627fad47208e13ff7955035d04715ba5b4eebde6c5a19701777458539c1063---com.google.android.gms.ads.identifier.AdvertisingIdClient---zza---null
12-03 10:30:14.705 19199 19453 D FiniteState: WEBTOON2.12.10Apkpure---40627fad47208e13ff7955035d04715ba5b4eebde6c5a19701777458539c1063---com.google.android.gms.ads.identifier.AdvertisingIdClient---getAdvertisingIdInfo---null
12-03 10:30:14.706 19199 19453 D FiniteState: WEBTOON2.12.10Apkpure---40627fad47208e13ff7955035d04715ba5b4eebde6c5a19701777458539c1063---com.google.android.gms.ads.identifier.AdvertisingIdClient---zzb---null
12-03 10:30:14.722 19199 19453 D FiniteState: WEBTOON2.12.10Apkpure---40627fad47208e13ff7955035d04715ba5b4eebde6c5a19701777458539c1063---com.google.android.gms.ads.identifier.AdvertisingIdClient---zzd---null
12-03 10:30:14.722 19199 19453 D FiniteState: WEBTOON2.12.10Apkpure---40627fad47208e13ff7955035d04715ba5b4eebde6c5a19701777458539c1063---com.google.android.gms.ads.identifier.AdvertisingIdClient---zza---null
12-03 10:30:15.009 19199 19452 D FiniteState: WEBTOON2.12.10Apkpure---40627fad47208e13ff7955035d04715ba5b4eebde6c5a19701777458539c1063---com.facebook.ads.internal.dynamicloading.DynamicLoaderFactory---createErrorMessage---null
12-03 10:30:15.010 19199 19452 D FiniteState: WEBTOON2.12.10Apkpure---40627fad47208e13ff7955035d04715ba5b4eebde6c5a19701777458539c1063---com.facebook.ads.internal.dynamicloading.DynamicLoaderFallback---makeFallbackLoader---null
12-03 10:30:15.014 19199 19452 D FiniteState: WEBTOON2.12.10Apkpure---40627fad47208e13ff7955035d04715ba5b4eebde6c5a19701777458539c1063---com.facebook.ads.internal.dynamicloading.DynamicLoaderFallback$SimpleMethodCaptor$1---invoke---null
12-03 10:30:15.014 19199 19452 D FiniteState: WEBTOON2.12.10Apkpure---40627fad47208e13ff7955035d04715ba5b4eebde6c5a19701777458539c1063---com.facebook.ads.internal.dynamicloading.DynamicLoaderFallback$SimpleMethodCaptor$1---invoke---null
12-03 10:30:15.014 19199 19452 D FiniteState: WEBTOON2.12.10Apkpure---40627fad47208e13ff7955035d04715ba5b4eebde6c5a19701777458539c1063---com.facebook.ads.internal.dynamicloading.DynamicLoaderFallback$SimpleMethodCaptor$1---invoke---null
12-03 10:30:15.014 19199 19452 D FiniteState: WEBTOON2.12.10Apkpure---40627fad47208e13ff7955035d04715ba5b4eebde6c5a19701777458539c1063---com.facebook.ads.internal.dynamicloading.DynamicLoaderFallback$SimpleMethodCaptor$1---invoke---null
12-03 10:30:15.014 19199 19452 D FiniteState: WEBTOON2.12.10Apkpure---40627fad47208e13ff7955035d04715ba5b4eebde6c5a19701777458539c1063---com.facebook.ads.internal.dynamicloading.DynamicLoaderFallback$SimpleMethodCaptor$1---invoke---null
12-03 10:30:15.014 19199 19452 D FiniteState: WEBTOON2.12.10Apkpure---40627fad47208e13ff7955035d04715ba5b4eebde6c5a19701777458539c1063---com.facebook.ads.internal.dynamicloading.DynamicLoaderFallback$SimpleMethodCaptor$1---invoke---null
12-03 10:30:15.015 19199 19452 D FiniteState: WEBTOON2.12.10Apkpure---40627fad47208e13ff7955035d04715ba5b4eebde6c5a19701777458539c1063---com.facebook.ads.internal.dynamicloading.DynamicLoaderFallback$SimpleMethodCaptor$1---invoke---null
12-03 10:30:15.015 19199 19452 D FiniteState: WEBTOON2.12.10Apkpure---40627fad47208e13ff7955035d04715ba5b4eebde6c5a19701777458539c1063---com.facebook.ads.internal.dynamicloading.DynamicLoaderFallback$SimpleMethodCaptor$1---invoke---null
12-03 10:30:15.015 19199 19452 D FiniteState: WEBTOON2.12.10Apkpure---40627fad47208e13ff7955035d04715ba5b4eebde6c5a19701777458539c1063---com.facebook.ads.internal.dynamicloading.DynamicLoaderFallback$SimpleMethodCaptor$1---invoke---null
12-03 10:30:15.016 19199 19452 D FiniteState: WEBTOON2.12.10Apkpure---40627fad47208e13ff7955035d04715ba5b4eebde6c5a19701777458539c1063---com.facebook.ads.internal.dynamicloading.DynamicLoaderFallback$SimpleMethodCaptor$1---invoke---null
12-03 10:30:15.016 19199 19452 D FiniteState: WEBTOON2.12.10Apkpure---40627fad47208e13ff7955035d04715ba5b4eebde6c5a19701777458539c1063---com.facebook.ads.internal.dynamicloading.DynamicLoaderFallback$SimpleMethodCaptor$1---invoke---null
12-03 10:30:15.016 19199 19452 D FiniteState: WEBTOON2.12.10Apkpure---40627fad47208e13ff7955035d04715ba5b4eebde6c5a19701777458539c1063---com.facebook.ads.internal.dynamicloading.DynamicLoaderFallback$SimpleMethodCaptor$1---invoke---null
12-03 10:30:15.017 19199 19452 D FiniteState: WEBTOON2.12.10Apkpure---40627fad47208e13ff7955035d04715ba5b4eebde6c5a19701777458539c1063---com.facebook.ads.internal.dynamicloading.DynamicLoaderFallback$SimpleMethodCaptor$1---invoke---null
12-03 10:30:15.017 19199 19452 D FiniteState: WEBTOON2.12.10Apkpure---40627fad47208e13ff7955035d04715ba5b4eebde6c5a19701777458539c1063---com.facebook.ads.internal.dynamicloading.DynamicLoaderFallback$SimpleMethodCaptor$1---invoke---null
12-03 10:30:15.017 19199 19452 D FiniteState: WEBTOON2.12.10Apkpure---40627fad47208e13ff7955035d04715ba5b4eebde6c5a19701777458539c1063---com.facebook.ads.internal.dynamicloading.DynamicLoaderFallback$SimpleMethodCaptor$1---invoke---null
12-03 10:30:15.017 19199 19452 D FiniteState: WEBTOON2.12.10Apkpure---40627fad47208e13ff7955035d04715ba5b4eebde6c5a19701777458539c1063---com.facebook.ads.internal.dynamicloading.DynamicLoaderFallback$SimpleMethodCaptor$1---invoke---null
12-03 10:30:15.017 19199 19452 D FiniteState: WEBTOON2.12.10Apkpure---40627fad47208e13ff7955035d04715ba5b4eebde6c5a19701777458539c1063---com.facebook.ads.internal.dynamicloading.DynamicLoaderFallback$SimpleMethodCaptor$1---invoke---null
12-03 10:30:15.017 19199 19452 D FiniteState: WEBTOON2.12.10Apkpure---40627fad47208e13ff7955035d04715ba5b4eebde6c5a19701777458539c1063---com.facebook.ads.internal.dynamicloading.DynamicLoaderFallback$SimpleMethodCaptor$1---invoke---null
12-03 10:30:15.017 19199 19452 D FiniteState: WEBTOON2.12.10Apkpure---40627fad47208e13ff7955035d04715ba5b4eebde6c5a19701777458539c1063---com.facebook.ads.internal.dynamicloading.DynamicLoaderFallback$SimpleMethodCaptor$1---invoke---null
