12-03 08:29:12.927  7414  7999 D FiniteState: ESPNFantasySports8.5.0Apkpure---ffe335681a8a2208272a6fc449e045ff0fcd6cd888fed019d3b709f56bff4da6---com.google.android.gms.ads.identifier.AdvertisingIdClient---zzb---null
12-03 08:29:12.929  7414  7999 D FiniteState: ESPNFantasySports8.5.0Apkpure---ffe335681a8a2208272a6fc449e045ff0fcd6cd888fed019d3b709f56bff4da6---com.google.android.gms.ads.identifier.AdvertisingIdClient---zzd---null
12-03 08:29:12.929  7414  7999 D FiniteState: ESPNFantasySports8.5.0Apkpure---ffe335681a8a2208272a6fc449e045ff0fcd6cd888fed019d3b709f56bff4da6---com.google.android.gms.ads.identifier.AdvertisingIdClient---zza---null
12-03 08:29:12.930  7414  7999 D FiniteState: ESPNFantasySports8.5.0Apkpure---ffe335681a8a2208272a6fc449e045ff0fcd6cd888fed019d3b709f56bff4da6---com.google.android.gms.ads.identifier.AdvertisingIdClient---getAdvertisingIdInfo---null
12-03 08:29:12.930  7414  7999 D FiniteState: ESPNFantasySports8.5.0Apkpure---ffe335681a8a2208272a6fc449e045ff0fcd6cd888fed019d3b709f56bff4da6---com.google.android.gms.ads.identifier.AdvertisingIdClient---zzb---null
12-03 08:29:12.932  7414  7999 D FiniteState: ESPNFantasySports8.5.0Apkpure---ffe335681a8a2208272a6fc449e045ff0fcd6cd888fed019d3b709f56bff4da6---com.google.android.gms.ads.identifier.AdvertisingIdClient---zzd---null
12-03 08:29:12.932  7414  7999 D FiniteState: ESPNFantasySports8.5.0Apkpure---ffe335681a8a2208272a6fc449e045ff0fcd6cd888fed019d3b709f56bff4da6---com.google.android.gms.ads.identifier.AdvertisingIdClient---zza---null
12-03 08:29:12.933  7414  7999 D FiniteState: ESPNFantasySports8.5.0Apkpure---ffe335681a8a2208272a6fc449e045ff0fcd6cd888fed019d3b709f56bff4da6---com.google.android.gms.ads.identifier.AdvertisingIdClient---getAdvertisingIdInfo---null
12-03 08:29:12.933  7414  7999 D FiniteState: ESPNFantasySports8.5.0Apkpure---ffe335681a8a2208272a6fc449e045ff0fcd6cd888fed019d3b709f56bff4da6---com.google.android.gms.ads.identifier.AdvertisingIdClient---zzb---null
12-03 08:29:12.934  7414  7999 D FiniteState: ESPNFantasySports8.5.0Apkpure---ffe335681a8a2208272a6fc449e045ff0fcd6cd888fed019d3b709f56bff4da6---com.google.android.gms.ads.identifier.AdvertisingIdClient---zzd---null
12-03 08:29:12.934  7414  7999 D FiniteState: ESPNFantasySports8.5.0Apkpure---ffe335681a8a2208272a6fc449e045ff0fcd6cd888fed019d3b709f56bff4da6---com.google.android.gms.ads.identifier.AdvertisingIdClient---zza---null
12-03 08:29:12.935  7414  7999 D FiniteState: ESPNFantasySports8.5.0Apkpure---ffe335681a8a2208272a6fc449e045ff0fcd6cd888fed019d3b709f56bff4da6---com.google.android.gms.ads.identifier.AdvertisingIdClient---getAdvertisingIdInfo---null
12-03 08:29:12.935  7414  7999 D FiniteState: ESPNFantasySports8.5.0Apkpure---ffe335681a8a2208272a6fc449e045ff0fcd6cd888fed019d3b709f56bff4da6---com.google.android.gms.ads.identifier.AdvertisingIdClient---zzb---null
12-03 08:29:12.936  7414  7999 D FiniteState: ESPNFantasySports8.5.0Apkpure---ffe335681a8a2208272a6fc449e045ff0fcd6cd888fed019d3b709f56bff4da6---com.google.android.gms.ads.identifier.AdvertisingIdClient---zzd---null
12-03 08:29:12.937  7414  7999 D FiniteState: ESPNFantasySports8.5.0Apkpure---ffe335681a8a2208272a6fc449e045ff0fcd6cd888fed019d3b709f56bff4da6---com.google.android.gms.ads.identifier.AdvertisingIdClient---zza---null
12-03 08:29:12.937  7414  7999 D FiniteState: ESPNFantasySports8.5.0Apkpure---ffe335681a8a2208272a6fc449e045ff0fcd6cd888fed019d3b709f56bff4da6---com.google.android.gms.ads.identifier.AdvertisingIdClient---getAdvertisingIdInfo---null
12-03 08:29:12.937  7414  7999 D FiniteState: ESPNFantasySports8.5.0Apkpure---ffe335681a8a2208272a6fc449e045ff0fcd6cd888fed019d3b709f56bff4da6---com.google.android.gms.ads.identifier.AdvertisingIdClient---zzb---null
12-03 08:29:12.938  7414  7999 D FiniteState: ESPNFantasySports8.5.0Apkpure---ffe335681a8a2208272a6fc449e045ff0fcd6cd888fed019d3b709f56bff4da6---com.google.android.gms.ads.identifier.AdvertisingIdClient---zzd---null
12-03 08:29:12.940  7414  7999 D FiniteState: ESPNFantasySports8.5.0Apkpure---ffe335681a8a2208272a6fc449e045ff0fcd6cd888fed019d3b709f56bff4da6---com.google.android.gms.ads.identifier.AdvertisingIdClient---zza---null
12-03 08:29:16.188  7414  7890 D FiniteState: ESPNFantasySports8.5.0Apkpure---ffe335681a8a2208272a6fc449e045ff0fcd6cd888fed019d3b709f56bff4da6---com.google.android.gms.ads.identifier.AdvertisingIdClient---getAdvertisingIdInfo---null
12-03 08:29:16.188  7414  7890 D FiniteState: ESPNFantasySports8.5.0Apkpure---ffe335681a8a2208272a6fc449e045ff0fcd6cd888fed019d3b709f56bff4da6---com.google.android.gms.ads.identifier.AdvertisingIdClient---zzb---null
12-03 08:29:16.192  7414  7890 D FiniteState: ESPNFantasySports8.5.0Apkpure---ffe335681a8a2208272a6fc449e045ff0fcd6cd888fed019d3b709f56bff4da6---com.google.android.gms.ads.identifier.AdvertisingIdClient---zzd---null
12-03 08:29:16.193  7414  7890 D FiniteState: ESPNFantasySports8.5.0Apkpure---ffe335681a8a2208272a6fc449e045ff0fcd6cd888fed019d3b709f56bff4da6---com.google.android.gms.ads.identifier.AdvertisingIdClient---zza---null
12-03 08:29:16.193  7414  7890 D FiniteState: ESPNFantasySports8.5.0Apkpure---ffe335681a8a2208272a6fc449e045ff0fcd6cd888fed019d3b709f56bff4da6---com.google.android.gms.ads.identifier.AdvertisingIdClient---getAdvertisingIdInfo---null
12-03 08:29:16.193  7414  7890 D FiniteState: ESPNFantasySports8.5.0Apkpure---ffe335681a8a2208272a6fc449e045ff0fcd6cd888fed019d3b709f56bff4da6---com.google.android.gms.ads.identifier.AdvertisingIdClient---zzb---null
12-03 08:29:16.196  7414  7890 D FiniteState: ESPNFantasySports8.5.0Apkpure---ffe335681a8a2208272a6fc449e045ff0fcd6cd888fed019d3b709f56bff4da6---com.google.android.gms.ads.identifier.AdvertisingIdClient---zzd---null
12-03 08:29:16.197  7414  7890 D FiniteState: ESPNFantasySports8.5.0Apkpure---ffe335681a8a2208272a6fc449e045ff0fcd6cd888fed019d3b709f56bff4da6---com.google.android.gms.ads.identifier.AdvertisingIdClient---zza---null
12-03 08:29:16.225  7414  8092 D FiniteState: ESPNFantasySports8.5.0Apkpure---ffe335681a8a2208272a6fc449e045ff0fcd6cd888fed019d3b709f56bff4da6---com.google.android.gms.ads.identifier.AdvertisingIdClient---getAdvertisingIdInfo---null
12-03 08:29:16.225  7414  8092 D FiniteState: ESPNFantasySports8.5.0Apkpure---ffe335681a8a2208272a6fc449e045ff0fcd6cd888fed019d3b709f56bff4da6---com.google.android.gms.ads.identifier.AdvertisingIdClient---zzb---null
12-03 08:29:16.228  7414  8092 D FiniteState: ESPNFantasySports8.5.0Apkpure---ffe335681a8a2208272a6fc449e045ff0fcd6cd888fed019d3b709f56bff4da6---com.google.android.gms.ads.identifier.AdvertisingIdClient---zzd---null
12-03 08:29:16.229  7414  8092 D FiniteState: ESPNFantasySports8.5.0Apkpure---ffe335681a8a2208272a6fc449e045ff0fcd6cd888fed019d3b709f56bff4da6---com.google.android.gms.ads.identifier.AdvertisingIdClient---zza---null
12-03 08:29:16.230  7414  8092 D FiniteState: ESPNFantasySports8.5.0Apkpure---ffe335681a8a2208272a6fc449e045ff0fcd6cd888fed019d3b709f56bff4da6---com.google.android.gms.ads.identifier.AdvertisingIdClient---getAdvertisingIdInfo---null
12-03 08:29:16.230  7414  8092 D FiniteState: ESPNFantasySports8.5.0Apkpure---ffe335681a8a2208272a6fc449e045ff0fcd6cd888fed019d3b709f56bff4da6---com.google.android.gms.ads.identifier.AdvertisingIdClient---zzb---null
12-03 08:29:16.233  7414  8092 D FiniteState: ESPNFantasySports8.5.0Apkpure---ffe335681a8a2208272a6fc449e045ff0fcd6cd888fed019d3b709f56bff4da6---com.google.android.gms.ads.identifier.AdvertisingIdClient---zzd---null
12-03 08:29:16.234  7414  8092 D FiniteState: ESPNFantasySports8.5.0Apkpure---ffe335681a8a2208272a6fc449e045ff0fcd6cd888fed019d3b709f56bff4da6---com.google.android.gms.ads.identifier.AdvertisingIdClient---zza---null
12-03 08:29:16.234  7414  8092 D FiniteState: ESPNFantasySports8.5.0Apkpure---ffe335681a8a2208272a6fc449e045ff0fcd6cd888fed019d3b709f56bff4da6---com.google.android.gms.ads.identifier.AdvertisingIdClient---getAdvertisingIdInfo---null
12-03 08:29:16.234  7414  8092 D FiniteState: ESPNFantasySports8.5.0Apkpure---ffe335681a8a2208272a6fc449e045ff0fcd6cd888fed019d3b709f56bff4da6---com.google.android.gms.ads.identifier.AdvertisingIdClient---zzb---null
12-03 08:29:16.236  7414  8092 D FiniteState: ESPNFantasySports8.5.0Apkpure---ffe335681a8a2208272a6fc449e045ff0fcd6cd888fed019d3b709f56bff4da6---com.google.android.gms.ads.identifier.AdvertisingIdClient---zzd---null
12-03 08:29:16.236  7414  8092 D FiniteState: ESPNFantasySports8.5.0Apkpure---ffe335681a8a2208272a6fc449e045ff0fcd6cd888fed019d3b709f56bff4da6---com.google.android.gms.ads.identifier.AdvertisingIdClient---zza---null
12-03 08:29:16.237  7414  8092 D FiniteState: ESPNFantasySports8.5.0Apkpure---ffe335681a8a2208272a6fc449e045ff0fcd6cd888fed019d3b709f56bff4da6---com.google.android.gms.ads.identifier.AdvertisingIdClient---getAdvertisingIdInfo---null
12-03 08:29:16.237  7414  8092 D FiniteState: ESPNFantasySports8.5.0Apkpure---ffe335681a8a2208272a6fc449e045ff0fcd6cd888fed019d3b709f56bff4da6---com.google.android.gms.ads.identifier.AdvertisingIdClient---zzb---null
12-03 08:29:16.238  7414  8092 D FiniteState: ESPNFantasySports8.5.0Apkpure---ffe335681a8a2208272a6fc449e045ff0fcd6cd888fed019d3b709f56bff4da6---com.google.android.gms.ads.identifier.AdvertisingIdClient---zzd---null
12-03 08:29:16.239  7414  8092 D FiniteState: ESPNFantasySports8.5.0Apkpure---ffe335681a8a2208272a6fc449e045ff0fcd6cd888fed019d3b709f56bff4da6---com.google.android.gms.ads.identifier.AdvertisingIdClient---zza---null
12-03 08:29:16.239  7414  8092 D FiniteState: ESPNFantasySports8.5.0Apkpure---ffe335681a8a2208272a6fc449e045ff0fcd6cd888fed019d3b709f56bff4da6---com.google.android.gms.ads.identifier.AdvertisingIdClient---getAdvertisingIdInfo---null
12-03 08:29:16.239  7414  8092 D FiniteState: ESPNFantasySports8.5.0Apkpure---ffe335681a8a2208272a6fc449e045ff0fcd6cd888fed019d3b709f56bff4da6---com.google.android.gms.ads.identifier.AdvertisingIdClient---zzb---null
12-03 08:29:16.242  7414  8092 D FiniteState: ESPNFantasySports8.5.0Apkpure---ffe335681a8a2208272a6fc449e045ff0fcd6cd888fed019d3b709f56bff4da6---com.google.android.gms.ads.identifier.AdvertisingIdClient---zzd---null
12-03 08:29:16.242  7414  8092 D FiniteState: ESPNFantasySports8.5.0Apkpure---ffe335681a8a2208272a6fc449e045ff0fcd6cd888fed019d3b709f56bff4da6---com.google.android.gms.ads.identifier.AdvertisingIdClient---zza---null
12-03 08:29:16.243  7414  8092 D FiniteState: ESPNFantasySports8.5.0Apkpure---ffe335681a8a2208272a6fc449e045ff0fcd6cd888fed019d3b709f56bff4da6---com.google.android.gms.ads.identifier.AdvertisingIdClient---getAdvertisingIdInfo---null
12-03 08:29:16.243  7414  8092 D FiniteState: ESPNFantasySports8.5.0Apkpure---ffe335681a8a2208272a6fc449e045ff0fcd6cd888fed019d3b709f56bff4da6---com.google.android.gms.ads.identifier.AdvertisingIdClient---zzb---null
12-03 08:29:16.245  7414  8092 D FiniteState: ESPNFantasySports8.5.0Apkpure---ffe335681a8a2208272a6fc449e045ff0fcd6cd888fed019d3b709f56bff4da6---com.google.android.gms.ads.identifier.AdvertisingIdClient---zzd---null
12-03 08:29:16.246  7414  8092 D FiniteState: ESPNFantasySports8.5.0Apkpure---ffe335681a8a2208272a6fc449e045ff0fcd6cd888fed019d3b709f56bff4da6---com.google.android.gms.ads.identifier.AdvertisingIdClient---zza---null
12-03 08:29:16.246  7414  8092 D FiniteState: ESPNFantasySports8.5.0Apkpure---ffe335681a8a2208272a6fc449e045ff0fcd6cd888fed019d3b709f56bff4da6---com.google.android.gms.ads.identifier.AdvertisingIdClient---getAdvertisingIdInfo---null
12-03 08:29:16.246  7414  8092 D FiniteState: ESPNFantasySports8.5.0Apkpure---ffe335681a8a2208272a6fc449e045ff0fcd6cd888fed019d3b709f56bff4da6---com.google.android.gms.ads.identifier.AdvertisingIdClient---zzb---null
12-03 08:29:16.249  7414  8092 D FiniteState: ESPNFantasySports8.5.0Apkpure---ffe335681a8a2208272a6fc449e045ff0fcd6cd888fed019d3b709f56bff4da6---com.google.android.gms.ads.identifier.AdvertisingIdClient---zzd---null
12-03 08:29:16.251  7414  8092 D FiniteState: ESPNFantasySports8.5.0Apkpure---ffe335681a8a2208272a6fc449e045ff0fcd6cd888fed019d3b709f56bff4da6---com.google.android.gms.ads.identifier.AdvertisingIdClient---zza---null
12-03 08:29:18.345  7414  7424 D FiniteState: ESPNFantasySports8.5.0Apkpure---ffe335681a8a2208272a6fc449e045ff0fcd6cd888fed019d3b709f56bff4da6---com.google.android.gms.ads.identifier.AdvertisingIdClient---zza---null
12-03 08:29:18.345  7414  7424 D FiniteState: ESPNFantasySports8.5.0Apkpure---ffe335681a8a2208272a6fc449e045ff0fcd6cd888fed019d3b709f56bff4da6---com.google.android.gms.ads.identifier.AdvertisingIdClient---finalize---null
12-03 08:29:18.345  7414  7424 D FiniteState: ESPNFantasySports8.5.0Apkpure---ffe335681a8a2208272a6fc449e045ff0fcd6cd888fed019d3b709f56bff4da6---com.google.android.gms.ads.identifier.AdvertisingIdClient---zza---null
12-03 08:29:18.345  7414  7424 D FiniteState: ESPNFantasySports8.5.0Apkpure---ffe335681a8a2208272a6fc449e045ff0fcd6cd888fed019d3b709f56bff4da6---com.google.android.gms.ads.identifier.AdvertisingIdClient---finalize---null
12-03 08:29:18.345  7414  7424 D FiniteState: ESPNFantasySports8.5.0Apkpure---ffe335681a8a2208272a6fc449e045ff0fcd6cd888fed019d3b709f56bff4da6---com.google.android.gms.ads.identifier.AdvertisingIdClient---zza---null
12-03 08:29:18.345  7414  7424 D FiniteState: ESPNFantasySports8.5.0Apkpure---ffe335681a8a2208272a6fc449e045ff0fcd6cd888fed019d3b709f56bff4da6---com.google.android.gms.ads.identifier.AdvertisingIdClient---finalize---null
12-03 08:29:18.345  7414  7424 D FiniteState: ESPNFantasySports8.5.0Apkpure---ffe335681a8a2208272a6fc449e045ff0fcd6cd888fed019d3b709f56bff4da6---com.google.android.gms.ads.identifier.AdvertisingIdClient---zza---null
12-03 08:29:18.345  7414  7424 D FiniteState: ESPNFantasySports8.5.0Apkpure---ffe335681a8a2208272a6fc449e045ff0fcd6cd888fed019d3b709f56bff4da6---com.google.android.gms.ads.identifier.AdvertisingIdClient---finalize---null
12-03 08:29:18.345  7414  7424 D FiniteState: ESPNFantasySports8.5.0Apkpure---ffe335681a8a2208272a6fc449e045ff0fcd6cd888fed019d3b709f56bff4da6---com.google.android.gms.ads.identifier.AdvertisingIdClient---zza---null
12-03 08:29:18.345  7414  7424 D FiniteState: ESPNFantasySports8.5.0Apkpure---ffe335681a8a2208272a6fc449e045ff0fcd6cd888fed019d3b709f56bff4da6---com.google.android.gms.ads.identifier.AdvertisingIdClient---finalize---null
12-03 08:29:18.345  7414  7424 D FiniteState: ESPNFantasySports8.5.0Apkpure---ffe335681a8a2208272a6fc449e045ff0fcd6cd888fed019d3b709f56bff4da6---com.google.android.gms.ads.identifier.AdvertisingIdClient---zza---null
12-03 08:29:18.345  7414  7424 D FiniteState: ESPNFantasySports8.5.0Apkpure---ffe335681a8a2208272a6fc449e045ff0fcd6cd888fed019d3b709f56bff4da6---com.google.android.gms.ads.identifier.AdvertisingIdClient---finalize---null
12-03 08:29:18.345  7414  7424 D FiniteState: ESPNFantasySports8.5.0Apkpure---ffe335681a8a2208272a6fc449e045ff0fcd6cd888fed019d3b709f56bff4da6---com.google.android.gms.ads.identifier.AdvertisingIdClient---zza---null
12-03 08:29:18.345  7414  7424 D FiniteState: ESPNFantasySports8.5.0Apkpure---ffe335681a8a2208272a6fc449e045ff0fcd6cd888fed019d3b709f56bff4da6---com.google.android.gms.ads.identifier.AdvertisingIdClient---finalize---null
12-03 08:29:18.345  7414  7424 D FiniteState: ESPNFantasySports8.5.0Apkpure---ffe335681a8a2208272a6fc449e045ff0fcd6cd888fed019d3b709f56bff4da6---com.google.android.gms.ads.identifier.AdvertisingIdClient---zza---null
12-03 08:29:18.345  7414  7424 D FiniteState: ESPNFantasySports8.5.0Apkpure---ffe335681a8a2208272a6fc449e045ff0fcd6cd888fed019d3b709f56bff4da6---com.google.android.gms.ads.identifier.AdvertisingIdClient---finalize---null
12-03 08:29:18.345  7414  7424 D FiniteState: ESPNFantasySports8.5.0Apkpure---ffe335681a8a2208272a6fc449e045ff0fcd6cd888fed019d3b709f56bff4da6---com.google.android.gms.ads.identifier.AdvertisingIdClient---zza---null
12-03 08:29:18.345  7414  7424 D FiniteState: ESPNFantasySports8.5.0Apkpure---ffe335681a8a2208272a6fc449e045ff0fcd6cd888fed019d3b709f56bff4da6---com.google.android.gms.ads.identifier.AdvertisingIdClient---finalize---null
12-03 08:29:18.347  7414  7424 D FiniteState: ESPNFantasySports8.5.0Apkpure---ffe335681a8a2208272a6fc449e045ff0fcd6cd888fed019d3b709f56bff4da6---com.google.android.gms.ads.identifier.AdvertisingIdClient---zza---null
12-03 08:29:18.347  7414  7424 D FiniteState: ESPNFantasySports8.5.0Apkpure---ffe335681a8a2208272a6fc449e045ff0fcd6cd888fed019d3b709f56bff4da6---com.google.android.gms.ads.identifier.AdvertisingIdClient---finalize---null
12-03 08:29:18.347  7414  7424 D FiniteState: ESPNFantasySports8.5.0Apkpure---ffe335681a8a2208272a6fc449e045ff0fcd6cd888fed019d3b709f56bff4da6---com.google.android.gms.ads.identifier.AdvertisingIdClient---zza---null
12-03 08:29:18.347  7414  7424 D FiniteState: ESPNFantasySports8.5.0Apkpure---ffe335681a8a2208272a6fc449e045ff0fcd6cd888fed019d3b709f56bff4da6---com.google.android.gms.ads.identifier.AdvertisingIdClient---finalize---null
12-03 08:29:18.347  7414  7424 D FiniteState: ESPNFantasySports8.5.0Apkpure---ffe335681a8a2208272a6fc449e045ff0fcd6cd888fed019d3b709f56bff4da6---com.google.android.gms.ads.identifier.AdvertisingIdClient---zza---null
12-03 08:29:18.347  7414  7424 D FiniteState: ESPNFantasySports8.5.0Apkpure---ffe335681a8a2208272a6fc449e045ff0fcd6cd888fed019d3b709f56bff4da6---com.google.android.gms.ads.identifier.AdvertisingIdClient---finalize---null
12-03 08:29:18.347  7414  7424 D FiniteState: ESPNFantasySports8.5.0Apkpure---ffe335681a8a2208272a6fc449e045ff0fcd6cd888fed019d3b709f56bff4da6---com.google.android.gms.ads.identifier.AdvertisingIdClient---zza---null
12-03 08:29:18.347  7414  7424 D FiniteState: ESPNFantasySports8.5.0Apkpure---ffe335681a8a2208272a6fc449e045ff0fcd6cd888fed019d3b709f56bff4da6---com.google.android.gms.ads.identifier.AdvertisingIdClient---finalize---null
12-03 08:29:18.347  7414  7424 D FiniteState: ESPNFantasySports8.5.0Apkpure---ffe335681a8a2208272a6fc449e045ff0fcd6cd888fed019d3b709f56bff4da6---com.google.android.gms.ads.identifier.AdvertisingIdClient---zza---null
12-03 08:29:18.347  7414  7424 D FiniteState: ESPNFantasySports8.5.0Apkpure---ffe335681a8a2208272a6fc449e045ff0fcd6cd888fed019d3b709f56bff4da6---com.google.android.gms.ads.identifier.AdvertisingIdClient---finalize---null
12-03 08:29:18.347  7414  7424 D FiniteState: ESPNFantasySports8.5.0Apkpure---ffe335681a8a2208272a6fc449e045ff0fcd6cd888fed019d3b709f56bff4da6---com.google.android.gms.ads.identifier.AdvertisingIdClient---zza---null
12-03 08:29:18.347  7414  7424 D FiniteState: ESPNFantasySports8.5.0Apkpure---ffe335681a8a2208272a6fc449e045ff0fcd6cd888fed019d3b709f56bff4da6---com.google.android.gms.ads.identifier.AdvertisingIdClient---finalize---null
12-03 08:29:18.347  7414  7424 D FiniteState: ESPNFantasySports8.5.0Apkpure---ffe335681a8a2208272a6fc449e045ff0fcd6cd888fed019d3b709f56bff4da6---com.google.android.gms.ads.identifier.AdvertisingIdClient---zza---null
12-03 08:29:18.347  7414  7424 D FiniteState: ESPNFantasySports8.5.0Apkpure---ffe335681a8a2208272a6fc449e045ff0fcd6cd888fed019d3b709f56bff4da6---com.google.android.gms.ads.identifier.AdvertisingIdClient---finalize---null
12-03 08:29:18.347  7414  7424 D FiniteState: ESPNFantasySports8.5.0Apkpure---ffe335681a8a2208272a6fc449e045ff0fcd6cd888fed019d3b709f56bff4da6---com.google.android.gms.ads.identifier.AdvertisingIdClient---zza---null
12-03 08:29:18.347  7414  7424 D FiniteState: ESPNFantasySports8.5.0Apkpure---ffe335681a8a2208272a6fc449e045ff0fcd6cd888fed019d3b709f56bff4da6---com.google.android.gms.ads.identifier.AdvertisingIdClient---finalize---null
12-03 08:29:18.347  7414  7424 D FiniteState: ESPNFantasySports8.5.0Apkpure---ffe335681a8a2208272a6fc449e045ff0fcd6cd888fed019d3b709f56bff4da6---com.google.android.gms.ads.identifier.AdvertisingIdClient---zza---null
12-03 08:29:18.347  7414  7424 D FiniteState: ESPNFantasySports8.5.0Apkpure---ffe335681a8a2208272a6fc449e045ff0fcd6cd888fed019d3b709f56bff4da6---com.google.android.gms.ads.identifier.AdvertisingIdClient---finalize---null
12-03 08:30:02.878  8760  8777 D FiniteState: TappytoonComicsNovels3.35.1Apkpure---abf86ca642dd75bff1f9df756cccf851cea157a438157816c0ad665a79f5d26c---com.google.android.gms.ads.identifier.AdvertisingIdClient---getAdvertisingIdInfo---null
12-03 08:30:02.878  8760  8777 D FiniteState: TappytoonComicsNovels3.35.1Apkpure---abf86ca642dd75bff1f9df756cccf851cea157a438157816c0ad665a79f5d26c---com.google.android.gms.ads.identifier.AdvertisingIdClient---zzb---null
12-03 08:30:02.879  8760  8760 D FiniteState: TappytoonComicsNovels3.35.1Apkpure---abf86ca642dd75bff1f9df756cccf851cea157a438157816c0ad665a79f5d26c---com.google.android.gms.ads.MobileAdsInitProvider---attachInfo---null
12-03 08:30:02.942  8760  8760 D FiniteState: TappytoonComicsNovels3.35.1Apkpure---abf86ca642dd75bff1f9df756cccf851cea157a438157816c0ad665a79f5d26c---com.facebook.ads.internal.dynamicloading.DynamicLoaderFactory---initialize---null
12-03 08:30:02.943  8760  8760 D FiniteState: TappytoonComicsNovels3.35.1Apkpure---abf86ca642dd75bff1f9df756cccf851cea157a438157816c0ad665a79f5d26c---com.facebook.ads.AudienceNetworkContentProvider---onCreate---null
12-03 08:30:02.944  8760  8805 D FiniteState: TappytoonComicsNovels3.35.1Apkpure---abf86ca642dd75bff1f9df756cccf851cea157a438157816c0ad665a79f5d26c---com.facebook.ads.internal.util.common.ANActivityLifecycleCallbacksListener---registerActivityCallbacks---null
12-03 08:30:02.944  8760  8805 D FiniteState: TappytoonComicsNovels3.35.1Apkpure---abf86ca642dd75bff1f9df756cccf851cea157a438157816c0ad665a79f5d26c---com.facebook.ads.internal.dynamicloading.DynamicLoaderFactory$1---run---null
12-03 08:30:02.967  8760  8818 D FiniteState: TappytoonComicsNovels3.35.1Apkpure---abf86ca642dd75bff1f9df756cccf851cea157a438157816c0ad665a79f5d26c---com.google.android.gms.ads.identifier.AdvertisingIdClient---getAdvertisingIdInfo---null
12-03 08:30:02.967  8760  8818 D FiniteState: TappytoonComicsNovels3.35.1Apkpure---abf86ca642dd75bff1f9df756cccf851cea157a438157816c0ad665a79f5d26c---com.google.android.gms.ads.identifier.AdvertisingIdClient---zzb---null
12-03 08:30:21.062  9121  9168 D FiniteState: TeachMeAnatomy5.34Apkpure---4e4b068824b6b006c5364efe2440c15bb3e778a5a90bad5a741486e6eba9e7fa---com.google.android.gms.ads.identifier.AdvertisingIdClient---getAdvertisingIdInfo---null
12-03 08:30:21.066  9121  9168 D FiniteState: TeachMeAnatomy5.34Apkpure---4e4b068824b6b006c5364efe2440c15bb3e778a5a90bad5a741486e6eba9e7fa---com.google.android.gms.ads.identifier.AdvertisingIdClient---zza---null
12-03 08:30:21.066  9121  9168 D FiniteState: TeachMeAnatomy5.34Apkpure---4e4b068824b6b006c5364efe2440c15bb3e778a5a90bad5a741486e6eba9e7fa---com.google.android.gms.ads.identifier.AdvertisingIdClient---zza---null
12-03 08:30:21.861  9121  9168 D FiniteState: TeachMeAnatomy5.34Apkpure---4e4b068824b6b006c5364efe2440c15bb3e778a5a90bad5a741486e6eba9e7fa---com.google.android.gms.ads.identifier.AdvertisingIdClient---getInfo---null
12-03 08:30:21.865  9121  9168 D FiniteState: TeachMeAnatomy5.34Apkpure---4e4b068824b6b006c5364efe2440c15bb3e778a5a90bad5a741486e6eba9e7fa---com.google.android.gms.ads.identifier.AdvertisingIdClient---finish---null
12-03 08:30:21.867  9121  9168 D FiniteState: TeachMeAnatomy5.34Apkpure---4e4b068824b6b006c5364efe2440c15bb3e778a5a90bad5a741486e6eba9e7fa---com.google.android.gms.ads.identifier.AdvertisingIdClient---getAdvertisingIdInfo---null
12-03 08:30:21.867  9121  9168 D FiniteState: TeachMeAnatomy5.34Apkpure---4e4b068824b6b006c5364efe2440c15bb3e778a5a90bad5a741486e6eba9e7fa---com.google.android.gms.ads.identifier.AdvertisingIdClient---zza---null
12-03 08:30:21.867  9121  9168 D FiniteState: TeachMeAnatomy5.34Apkpure---4e4b068824b6b006c5364efe2440c15bb3e778a5a90bad5a741486e6eba9e7fa---com.google.android.gms.ads.identifier.AdvertisingIdClient---zza---null
12-03 08:30:21.894  9121  9131 D FiniteState: TeachMeAnatomy5.34Apkpure---4e4b068824b6b006c5364efe2440c15bb3e778a5a90bad5a741486e6eba9e7fa---com.google.android.gms.ads.identifier.AdvertisingIdClient---finish---null
12-03 08:30:21.894  9121  9131 D FiniteState: TeachMeAnatomy5.34Apkpure---4e4b068824b6b006c5364efe2440c15bb3e778a5a90bad5a741486e6eba9e7fa---com.google.android.gms.ads.identifier.AdvertisingIdClient---finalize---null
12-03 08:30:22.005  9121  9168 D FiniteState: TeachMeAnatomy5.34Apkpure---4e4b068824b6b006c5364efe2440c15bb3e778a5a90bad5a741486e6eba9e7fa---com.google.android.gms.ads.identifier.AdvertisingIdClient---getInfo---null
12-03 08:30:22.010  9121  9168 D FiniteState: TeachMeAnatomy5.34Apkpure---4e4b068824b6b006c5364efe2440c15bb3e778a5a90bad5a741486e6eba9e7fa---com.google.android.gms.ads.identifier.AdvertisingIdClient---finish---null
12-03 08:30:22.785  9121  9131 D FiniteState: TeachMeAnatomy5.34Apkpure---4e4b068824b6b006c5364efe2440c15bb3e778a5a90bad5a741486e6eba9e7fa---com.google.android.gms.ads.identifier.AdvertisingIdClient---finish---null
12-03 08:30:22.785  9121  9131 D FiniteState: TeachMeAnatomy5.34Apkpure---4e4b068824b6b006c5364efe2440c15bb3e778a5a90bad5a741486e6eba9e7fa---com.google.android.gms.ads.identifier.AdvertisingIdClient---finalize---null
12-03 08:31:32.670  9564  9564 D FiniteState: SmartTools-Utilities20.6Apkpure---15efb6f40b69f3fc9c53c94dca8198f4707e1a6366be8cf141d90060c599f756---com.google.android.gms.ads.MobileAdsInitProvider---attachInfo---null
12-03 08:31:32.678  9564  9564 D FiniteState: SmartTools-Utilities20.6Apkpure---15efb6f40b69f3fc9c53c94dca8198f4707e1a6366be8cf141d90060c599f756---com.facebook.ads.internal.dynamicloading.DynamicLoaderFactory---initialize---null
12-03 08:31:32.678  9564  9564 D FiniteState: SmartTools-Utilities20.6Apkpure---15efb6f40b69f3fc9c53c94dca8198f4707e1a6366be8cf141d90060c599f756---com.facebook.ads.AudienceNetworkContentProvider---onCreate---null
12-03 08:31:32.680  9564  9583 D FiniteState: SmartTools-Utilities20.6Apkpure---15efb6f40b69f3fc9c53c94dca8198f4707e1a6366be8cf141d90060c599f756---com.facebook.ads.internal.util.common.ANActivityLifecycleCallbacksListener---registerActivityCallbacks---null
12-03 08:31:32.680  9564  9583 D FiniteState: SmartTools-Utilities20.6Apkpure---15efb6f40b69f3fc9c53c94dca8198f4707e1a6366be8cf141d90060c599f756---com.facebook.ads.internal.dynamicloading.DynamicLoaderFactory$a---run---null
12-03 08:31:32.748  9564  9564 D FiniteState: SmartTools-Utilities20.6Apkpure---15efb6f40b69f3fc9c53c94dca8198f4707e1a6366be8cf141d90060c599f756---com.facebook.ads.internal.util.common.ANActivityLifecycleCallbacksListener---onActivityCreated---null
12-03 08:31:32.852  9564  9564 D FiniteState: SmartTools-Utilities20.6Apkpure---15efb6f40b69f3fc9c53c94dca8198f4707e1a6366be8cf141d90060c599f756---com.facebook.ads.internal.util.common.ANActivityLifecycleCallbacksListener---onActivityStarted---null
12-03 08:31:32.853  9564  9564 D FiniteState: SmartTools-Utilities20.6Apkpure---15efb6f40b69f3fc9c53c94dca8198f4707e1a6366be8cf141d90060c599f756---com.facebook.ads.internal.util.common.ANActivityLifecycleCallbacksListener---onActivityResumed---null
12-03 08:31:32.859  9564  9564 D FiniteState: SmartTools-Utilities20.6Apkpure---15efb6f40b69f3fc9c53c94dca8198f4707e1a6366be8cf141d90060c599f756---com.facebook.ads.internal.settings.AdInternalSettings---setDataProcessingOptions---null
12-03 08:31:32.859  9564  9564 D FiniteState: SmartTools-Utilities20.6Apkpure---15efb6f40b69f3fc9c53c94dca8198f4707e1a6366be8cf141d90060c599f756---com.facebook.ads.internal.settings.MultithreadedBundleWrapper---putStringArray---null
12-03 08:31:32.859  9564  9564 D FiniteState: SmartTools-Utilities20.6Apkpure---15efb6f40b69f3fc9c53c94dca8198f4707e1a6366be8cf141d90060c599f756---com.facebook.ads.internal.settings.MultithreadedBundleWrapper---putInteger---null
12-03 08:31:32.859  9564  9564 D FiniteState: SmartTools-Utilities20.6Apkpure---15efb6f40b69f3fc9c53c94dca8198f4707e1a6366be8cf141d90060c599f756---com.facebook.ads.internal.settings.MultithreadedBundleWrapper---putInteger---null
12-03 08:31:32.859  9564  9564 D FiniteState: SmartTools-Utilities20.6Apkpure---15efb6f40b69f3fc9c53c94dca8198f4707e1a6366be8cf141d90060c599f756---com.facebook.ads.AdSettings---setDataProcessingOptions---null
12-03 08:31:33.082  9564  9583 D FiniteState: SmartTools-Utilities20.6Apkpure---15efb6f40b69f3fc9c53c94dca8198f4707e1a6366be8cf141d90060c599f756---com.facebook.ads.internal.dynamicloading.DynamicLoaderFactory---access$200---null
12-03 08:31:33.282  9564  9564 D FiniteState: SmartTools-Utilities20.6Apkpure---15efb6f40b69f3fc9c53c94dca8198f4707e1a6366be8cf141d90060c599f756---com.google.android.gms.ads.MobileAds---a---null
12-03 08:31:34.193  9564  9564 D FiniteState: SmartTools-Utilities20.6Apkpure---15efb6f40b69f3fc9c53c94dca8198f4707e1a6366be8cf141d90060c599f756---com.facebook.ads.AudienceNetworkAds---buildInitSettings---null
12-03 08:31:34.193  9564  9564 D FiniteState: SmartTools-Utilities20.6Apkpure---15efb6f40b69f3fc9c53c94dca8198f4707e1a6366be8cf141d90060c599f756---com.facebook.ads.internal.settings.MultithreadedBundleWrapper---putString---null
12-03 08:31:34.193  9564  9564 D FiniteState: SmartTools-Utilities20.6Apkpure---15efb6f40b69f3fc9c53c94dca8198f4707e1a6366be8cf141d90060c599f756---com.facebook.ads.internal.settings.AdInternalSettings---setMediationService---null
12-03 08:31:34.193  9564  9564 D FiniteState: SmartTools-Utilities20.6Apkpure---15efb6f40b69f3fc9c53c94dca8198f4707e1a6366be8cf141d90060c599f756---com.facebook.ads.AdSettings---setMediationService---null
12-03 08:31:34.193  9564  9564 D FiniteState: SmartTools-Utilities20.6Apkpure---15efb6f40b69f3fc9c53c94dca8198f4707e1a6366be8cf141d90060c599f756---com.facebook.ads.internal.api.InitSettingsBuilder---withMediationService---null
12-03 08:31:34.193  9564  9564 D FiniteState: SmartTools-Utilities20.6Apkpure---15efb6f40b69f3fc9c53c94dca8198f4707e1a6366be8cf141d90060c599f756---com.facebook.ads.internal.api.InitSettingsBuilder---withPlacementIds---null
12-03 08:31:34.193  9564  9564 D FiniteState: SmartTools-Utilities20.6Apkpure---15efb6f40b69f3fc9c53c94dca8198f4707e1a6366be8cf141d90060c599f756---com.facebook.ads.internal.settings.MultithreadedBundleWrapper---putStringArrayList---null
12-03 08:31:34.193  9564  9564 D FiniteState: SmartTools-Utilities20.6Apkpure---15efb6f40b69f3fc9c53c94dca8198f4707e1a6366be8cf141d90060c599f756---com.facebook.ads.internal.dynamicloading.DynamicLoaderFactory---initialize---null
12-03 08:31:34.193  9564  9564 D FiniteState: SmartTools-Utilities20.6Apkpure---15efb6f40b69f3fc9c53c94dca8198f4707e1a6366be8cf141d90060c599f756---com.facebook.ads.internal.api.InitSettingsBuilder---initialize---null
12-03 08:31:34.194  9564  9706 D FiniteState: SmartTools-Utilities20.6Apkpure---15efb6f40b69f3fc9c53c94dca8198f4707e1a6366be8cf141d90060c599f756---com.facebook.ads.internal.dynamicloading.DynamicLoaderFactory$a---run---null
12-03 08:31:34.594  9564  9706 D FiniteState: SmartTools-Utilities20.6Apkpure---15efb6f40b69f3fc9c53c94dca8198f4707e1a6366be8cf141d90060c599f756---com.facebook.ads.internal.dynamicloading.DynamicLoaderFactory---createErrorMessage---null
12-03 08:31:34.595  9564  9706 D FiniteState: SmartTools-Utilities20.6Apkpure---15efb6f40b69f3fc9c53c94dca8198f4707e1a6366be8cf141d90060c599f756---com.facebook.ads.internal.dynamicloading.DynamicLoaderFallback---makeFallbackLoader---null
12-03 08:31:34.597  9564  9706 D FiniteState: SmartTools-Utilities20.6Apkpure---15efb6f40b69f3fc9c53c94dca8198f4707e1a6366be8cf141d90060c599f756---com.facebook.ads.internal.dynamicloading.DynamicLoaderFallback$c$a---invoke---null
12-03 08:31:34.597  9564  9706 D FiniteState: SmartTools-Utilities20.6Apkpure---15efb6f40b69f3fc9c53c94dca8198f4707e1a6366be8cf141d90060c599f756---com.facebook.ads.internal.dynamicloading.DynamicLoaderFallback$c$a---invoke---null
12-03 08:31:34.597  9564  9706 D FiniteState: SmartTools-Utilities20.6Apkpure---15efb6f40b69f3fc9c53c94dca8198f4707e1a6366be8cf141d90060c599f756---com.facebook.ads.internal.dynamicloading.DynamicLoaderFallback$c$a---invoke---null
12-03 08:31:34.597  9564  9706 D FiniteState: SmartTools-Utilities20.6Apkpure---15efb6f40b69f3fc9c53c94dca8198f4707e1a6366be8cf141d90060c599f756---com.facebook.ads.internal.dynamicloading.DynamicLoaderFallback$c$a---invoke---null
12-03 08:31:34.597  9564  9706 D FiniteState: SmartTools-Utilities20.6Apkpure---15efb6f40b69f3fc9c53c94dca8198f4707e1a6366be8cf141d90060c599f756---com.facebook.ads.internal.dynamicloading.DynamicLoaderFallback$c$a---invoke---null
12-03 08:31:34.597  9564  9706 D FiniteState: SmartTools-Utilities20.6Apkpure---15efb6f40b69f3fc9c53c94dca8198f4707e1a6366be8cf141d90060c599f756---com.facebook.ads.internal.dynamicloading.DynamicLoaderFallback$c$a---invoke---null
12-03 08:31:34.597  9564  9706 D FiniteState: SmartTools-Utilities20.6Apkpure---15efb6f40b69f3fc9c53c94dca8198f4707e1a6366be8cf141d90060c599f756---com.facebook.ads.internal.dynamicloading.DynamicLoaderFallback$c$a---invoke---null
12-03 08:31:34.597  9564  9706 D FiniteState: SmartTools-Utilities20.6Apkpure---15efb6f40b69f3fc9c53c94dca8198f4707e1a6366be8cf141d90060c599f756---com.facebook.ads.internal.dynamicloading.DynamicLoaderFallback$c$a---invoke---null
12-03 08:31:34.597  9564  9706 D FiniteState: SmartTools-Utilities20.6Apkpure---15efb6f40b69f3fc9c53c94dca8198f4707e1a6366be8cf141d90060c599f756---com.facebook.ads.internal.dynamicloading.DynamicLoaderFallback$c$a---invoke---null
12-03 08:31:34.597  9564  9706 D FiniteState: SmartTools-Utilities20.6Apkpure---15efb6f40b69f3fc9c53c94dca8198f4707e1a6366be8cf141d90060c599f756---com.facebook.ads.internal.dynamicloading.DynamicLoaderFallback$c$a---invoke---null
12-03 08:31:34.597  9564  9706 D FiniteState: SmartTools-Utilities20.6Apkpure---15efb6f40b69f3fc9c53c94dca8198f4707e1a6366be8cf141d90060c599f756---com.facebook.ads.internal.dynamicloading.DynamicLoaderFallback$c$a---invoke---null
12-03 08:31:34.597  9564  9706 D FiniteState: SmartTools-Utilities20.6Apkpure---15efb6f40b69f3fc9c53c94dca8198f4707e1a6366be8cf141d90060c599f756---com.facebook.ads.internal.dynamicloading.DynamicLoaderFallback$c$a---invoke---null
12-03 08:31:34.597  9564  9706 D FiniteState: SmartTools-Utilities20.6Apkpure---15efb6f40b69f3fc9c53c94dca8198f4707e1a6366be8cf141d90060c599f756---com.facebook.ads.internal.dynamicloading.DynamicLoaderFallback$c$a---invoke---null
12-03 08:31:34.597  9564  9706 D FiniteState: SmartTools-Utilities20.6Apkpure---15efb6f40b69f3fc9c53c94dca8198f4707e1a6366be8cf141d90060c599f756---com.facebook.ads.internal.dynamicloading.DynamicLoaderFallback$c$a---invoke---null
12-03 08:31:34.597  9564  9706 D FiniteState: SmartTools-Utilities20.6Apkpure---15efb6f40b69f3fc9c53c94dca8198f4707e1a6366be8cf141d90060c599f756---com.facebook.ads.internal.dynamicloading.DynamicLoaderFallback$c$a---invoke---null
12-03 08:31:34.597  9564  9706 D FiniteState: SmartTools-Utilities20.6Apkpure---15efb6f40b69f3fc9c53c94dca8198f4707e1a6366be8cf141d90060c599f756---com.facebook.ads.internal.dynamicloading.DynamicLoaderFallback$c$a---invoke---null
12-03 08:31:34.597  9564  9706 D FiniteState: SmartTools-Utilities20.6Apkpure---15efb6f40b69f3fc9c53c94dca8198f4707e1a6366be8cf141d90060c599f756---com.facebook.ads.internal.dynamicloading.DynamicLoaderFallback$c$a---invoke---null
12-03 08:31:34.597  9564  9706 D FiniteState: SmartTools-Utilities20.6Apkpure---15efb6f40b69f3fc9c53c94dca8198f4707e1a6366be8cf141d90060c599f756---com.facebook.ads.internal.dynamicloading.DynamicLoaderFallback$c$a---invoke---null
12-03 08:31:34.597  9564  9706 D FiniteState: SmartTools-Utilities20.6Apkpure---15efb6f40b69f3fc9c53c94dca8198f4707e1a6366be8cf141d90060c599f756---com.facebook.ads.internal.dynamicloading.DynamicLoaderFallback$c$a---invoke---null
12-03 08:31:34.597  9564  9706 D FiniteState: SmartTools-Utilities20.6Apkpure---15efb6f40b69f3fc9c53c94dca8198f4707e1a6366be8cf141d90060c599f756---com.facebook.ads.internal.dynamicloading.DynamicLoaderFallback$c$a---invoke---null
12-03 08:31:34.597  9564  9706 D FiniteState: SmartTools-Utilities20.6Apkpure---15efb6f40b69f3fc9c53c94dca8198f4707e1a6366be8cf141d90060c599f756---com.facebook.ads.internal.dynamicloading.DynamicLoaderFallback$c$a---invoke---null
12-03 08:31:34.598  9564  9706 D FiniteState: SmartTools-Utilities20.6Apkpure---15efb6f40b69f3fc9c53c94dca8198f4707e1a6366be8cf141d90060c599f756---com.facebook.ads.internal.dynamicloading.DynamicLoaderFallback$c$a---invoke---null
12-03 08:31:34.598  9564  9706 D FiniteState: SmartTools-Utilities20.6Apkpure---15efb6f40b69f3fc9c53c94dca8198f4707e1a6366be8cf141d90060c599f756---com.facebook.ads.internal.dynamicloading.DynamicLoaderFactory---setFallbackMode---null
12-03 08:31:34.598  9564  9706 D FiniteState: SmartTools-Utilities20.6Apkpure---15efb6f40b69f3fc9c53c94dca8198f4707e1a6366be8cf141d90060c599f756---com.facebook.ads.internal.dynamicloading.DynamicLoaderFactory---doCallInitialize---null
12-03 08:31:34.598  9564  9706 D FiniteState: SmartTools-Utilities20.6Apkpure---15efb6f40b69f3fc9c53c94dca8198f4707e1a6366be8cf141d90060c599f756---com.facebook.ads.internal.dynamicloading.DynamicLoaderFactory---access$200---null
12-03 08:31:34.698  9564  9564 D FiniteState: SmartTools-Utilities20.6Apkpure---15efb6f40b69f3fc9c53c94dca8198f4707e1a6366be8cf141d90060c599f756---com.facebook.ads.internal.dynamicloading.DynamicLoaderFactory---createErrorInitResult---null
12-03 08:31:34.698  9564  9564 D FiniteState: SmartTools-Utilities20.6Apkpure---15efb6f40b69f3fc9c53c94dca8198f4707e1a6366be8cf141d90060c599f756---com.facebook.ads.internal.dynamicloading.DynamicLoaderFactory---createErrorMessage---null
12-03 08:31:34.699  9564  9564 D FiniteState: SmartTools-Utilities20.6Apkpure---15efb6f40b69f3fc9c53c94dca8198f4707e1a6366be8cf141d90060c599f756---com.facebook.ads.internal.dynamicloading.DynamicLoaderFactory$b---run---null
12-03 08:31:34.765  9564  9740 D FiniteState: SmartTools-Utilities20.6Apkpure---15efb6f40b69f3fc9c53c94dca8198f4707e1a6366be8cf141d90060c599f756---com.facebook.ads.BidderTokenProvider---getBidderToken---null
12-03 08:31:34.766  9564  9740 D FiniteState: SmartTools-Utilities20.6Apkpure---15efb6f40b69f3fc9c53c94dca8198f4707e1a6366be8cf141d90060c599f756---com.facebook.ads.internal.dynamicloading.DynamicLoaderFactory---makeLoader---null
12-03 08:31:40.672  9564  9564 D FiniteState: SmartTools-Utilities20.6Apkpure---15efb6f40b69f3fc9c53c94dca8198f4707e1a6366be8cf141d90060c599f756---com.facebook.ads.internal.util.common.ANActivityLifecycleCallbacksListener---onActivityPaused---null
12-03 08:32:00.069  9564  9564 D FiniteState: SmartTools-Utilities20.6Apkpure---15efb6f40b69f3fc9c53c94dca8198f4707e1a6366be8cf141d90060c599f756---com.facebook.ads.internal.util.common.ANActivityLifecycleCallbacksListener---onActivityResumed---null
12-03 08:32:09.573  9564  9564 D FiniteState: SmartTools-Utilities20.6Apkpure---15efb6f40b69f3fc9c53c94dca8198f4707e1a6366be8cf141d90060c599f756---com.facebook.ads.internal.util.common.ANActivityLifecycleCallbacksListener---onActivityPaused---null
12-03 08:32:09.595  9564  9564 D FiniteState: SmartTools-Utilities20.6Apkpure---15efb6f40b69f3fc9c53c94dca8198f4707e1a6366be8cf141d90060c599f756---com.facebook.ads.internal.util.common.ANActivityLifecycleCallbacksListener---onActivityCreated---null
12-03 08:32:09.617  9564  9564 D FiniteState: SmartTools-Utilities20.6Apkpure---15efb6f40b69f3fc9c53c94dca8198f4707e1a6366be8cf141d90060c599f756---com.facebook.ads.internal.util.common.ANActivityLifecycleCallbacksListener---onActivityStarted---null
12-03 08:32:09.617  9564  9564 D FiniteState: SmartTools-Utilities20.6Apkpure---15efb6f40b69f3fc9c53c94dca8198f4707e1a6366be8cf141d90060c599f756---com.facebook.ads.internal.util.common.ANActivityLifecycleCallbacksListener---onActivityResumed---null
12-03 08:32:10.198  9564  9564 D FiniteState: SmartTools-Utilities20.6Apkpure---15efb6f40b69f3fc9c53c94dca8198f4707e1a6366be8cf141d90060c599f756---com.facebook.ads.internal.util.common.ANActivityLifecycleCallbacksListener---onActivityStopped---null
12-03 08:32:24.250 10068 10068 D FiniteState: CarGurusUsedNewCars2.77Apkpure---652aa32ee11dd109f11feef942fa4207306b1651e8f342e047cf450d8ae7b9a5---com.google.android.gms.ads.MobileAdsInitProvider---attachInfo---null
12-03 08:32:24.436 10068 10068 D FiniteState: CarGurusUsedNewCars2.77Apkpure---652aa32ee11dd109f11feef942fa4207306b1651e8f342e047cf450d8ae7b9a5---com.google.android.gms.ads.RequestConfiguration$Builder---build---null
12-03 08:32:24.436 10068 10068 D FiniteState: CarGurusUsedNewCars2.77Apkpure---652aa32ee11dd109f11feef942fa4207306b1651e8f342e047cf450d8ae7b9a5---com.google.android.gms.ads.internal.client.zzej---zzf---null
12-03 08:32:24.445 10068 10068 D FiniteState: CarGurusUsedNewCars2.77Apkpure---652aa32ee11dd109f11feef942fa4207306b1651e8f342e047cf450d8ae7b9a5---com.google.android.gms.ads.internal.client.zzej---zzA---null
12-03 08:32:24.446 10068 10068 D FiniteState: CarGurusUsedNewCars2.77Apkpure---652aa32ee11dd109f11feef942fa4207306b1651e8f342e047cf450d8ae7b9a5---com.google.android.gms.ads.internal.client.zzax---zzd---null
12-03 08:32:24.450 10068 10068 D FiniteState: CarGurusUsedNewCars2.77Apkpure---652aa32ee11dd109f11feef942fa4207306b1651e8f342e047cf450d8ae7b9a5---com.google.android.gms.ads.internal.client.zzaq---zzc---null
12-03 08:32:24.454 10068 10068 D FiniteState: CarGurusUsedNewCars2.77Apkpure---652aa32ee11dd109f11feef942fa4207306b1651e8f342e047cf450d8ae7b9a5---com.google.android.gms.ads.internal.client.zzeq---getRemoteCreator---null
12-03 08:32:24.454 10068 10068 D FiniteState: CarGurusUsedNewCars2.77Apkpure---652aa32ee11dd109f11feef942fa4207306b1651e8f342e047cf450d8ae7b9a5---com.google.android.gms.ads.internal.client.zzcp---zze---null
12-03 08:32:24.601 10068 10068 D FiniteState: CarGurusUsedNewCars2.77Apkpure---652aa32ee11dd109f11feef942fa4207306b1651e8f342e047cf450d8ae7b9a5---com.google.android.gms.ads.internal.client.zzeq---zza---null
12-03 08:32:24.601 10068 10068 D FiniteState: CarGurusUsedNewCars2.77Apkpure---652aa32ee11dd109f11feef942fa4207306b1651e8f342e047cf450d8ae7b9a5---com.google.android.gms.ads.internal.client.zzcm---zzs---null
12-03 08:32:24.601 10068 10068 D FiniteState: CarGurusUsedNewCars2.77Apkpure---652aa32ee11dd109f11feef942fa4207306b1651e8f342e047cf450d8ae7b9a5---com.google.android.gms.ads.internal.client.zzcm---zzo---null
12-03 08:32:24.602 10068 10068 D FiniteState: CarGurusUsedNewCars2.77Apkpure---652aa32ee11dd109f11feef942fa4207306b1651e8f342e047cf450d8ae7b9a5---com.google.android.gms.ads.internal.client.zzej---zzz---null
12-03 08:32:24.604 10068 10068 D FiniteState: CarGurusUsedNewCars2.77Apkpure---652aa32ee11dd109f11feef942fa4207306b1651e8f342e047cf450d8ae7b9a5---com.google.android.gms.ads.internal.client.zzcm---zzk---null
12-03 08:32:24.604 10068 10068 D FiniteState: CarGurusUsedNewCars2.77Apkpure---652aa32ee11dd109f11feef942fa4207306b1651e8f342e047cf450d8ae7b9a5---com.google.android.gms.ads.internal.client.zzcm---zzl---null
12-03 08:32:24.656 10068 10138 D FiniteState: CarGurusUsedNewCars2.77Apkpure---652aa32ee11dd109f11feef942fa4207306b1651e8f342e047cf450d8ae7b9a5---com.google.android.gms.ads.identifier.AdvertisingIdClient---getAdvertisingIdInfo---null
12-03 08:32:24.658 10068 10138 D FiniteState: CarGurusUsedNewCars2.77Apkpure---652aa32ee11dd109f11feef942fa4207306b1651e8f342e047cf450d8ae7b9a5---com.google.android.gms.ads.identifier.AdvertisingIdClient---zzb---null
12-03 08:32:25.607 10068 10068 D FiniteState: CarGurusUsedNewCars2.77Apkpure---652aa32ee11dd109f11feef942fa4207306b1651e8f342e047cf450d8ae7b9a5---com.google.android.gms.ads.MobileAds---initialize---null
12-03 08:32:26.413 10068 10138 D FiniteState: CarGurusUsedNewCars2.77Apkpure---652aa32ee11dd109f11feef942fa4207306b1651e8f342e047cf450d8ae7b9a5---com.google.android.gms.ads.identifier.AdvertisingIdClient---zzd---null
12-03 08:32:26.442 10068 10138 D FiniteState: CarGurusUsedNewCars2.77Apkpure---652aa32ee11dd109f11feef942fa4207306b1651e8f342e047cf450d8ae7b9a5---com.google.android.gms.ads.identifier.AdvertisingIdClient---zza---null
12-03 08:32:27.196 10068 10068 D FiniteState: CarGurusUsedNewCars2.77Apkpure---652aa32ee11dd109f11feef942fa4207306b1651e8f342e047cf450d8ae7b9a5---com.google.android.gms.ads.internal.client.zzei---zzb---null
12-03 08:32:27.196 10068 10068 D FiniteState: CarGurusUsedNewCars2.77Apkpure---652aa32ee11dd109f11feef942fa4207306b1651e8f342e047cf450d8ae7b9a5---com.google.android.gms.ads.internal.client.zzej---zzy---null
12-03 08:32:27.227 10068 10301 D FiniteState: CarGurusUsedNewCars2.77Apkpure---652aa32ee11dd109f11feef942fa4207306b1651e8f342e047cf450d8ae7b9a5---com.google.android.gms.ads.identifier.AdvertisingIdClient---getAdvertisingIdInfo---null
12-03 08:32:27.231 10068 10301 D FiniteState: CarGurusUsedNewCars2.77Apkpure---652aa32ee11dd109f11feef942fa4207306b1651e8f342e047cf450d8ae7b9a5---com.google.android.gms.ads.identifier.AdvertisingIdClient---zzb---null
12-03 08:32:27.238 10068 10301 D FiniteState: CarGurusUsedNewCars2.77Apkpure---652aa32ee11dd109f11feef942fa4207306b1651e8f342e047cf450d8ae7b9a5---com.google.android.gms.ads.identifier.AdvertisingIdClient---zzd---null
12-03 08:32:27.241 10068 10301 D FiniteState: CarGurusUsedNewCars2.77Apkpure---652aa32ee11dd109f11feef942fa4207306b1651e8f342e047cf450d8ae7b9a5---com.google.android.gms.ads.identifier.AdvertisingIdClient---zza---null
12-03 08:32:27.287 10068 10309 D FiniteState: CarGurusUsedNewCars2.77Apkpure---652aa32ee11dd109f11feef942fa4207306b1651e8f342e047cf450d8ae7b9a5---com.google.android.gms.ads.identifier.AdvertisingIdClient---getAdvertisingIdInfo---null
12-03 08:32:27.287 10068 10309 D FiniteState: CarGurusUsedNewCars2.77Apkpure---652aa32ee11dd109f11feef942fa4207306b1651e8f342e047cf450d8ae7b9a5---com.google.android.gms.ads.identifier.AdvertisingIdClient---zzb---null
12-03 08:32:27.302 10068 10309 D FiniteState: CarGurusUsedNewCars2.77Apkpure---652aa32ee11dd109f11feef942fa4207306b1651e8f342e047cf450d8ae7b9a5---com.google.android.gms.ads.identifier.AdvertisingIdClient---zzd---null
12-03 08:32:27.302 10068 10309 D FiniteState: CarGurusUsedNewCars2.77Apkpure---652aa32ee11dd109f11feef942fa4207306b1651e8f342e047cf450d8ae7b9a5---com.google.android.gms.ads.identifier.AdvertisingIdClient---zza---null
12-03 08:32:49.571 10683 10699 D FiniteState: WEBTOON2.12.10Apkpure---40627fad47208e13ff7955035d04715ba5b4eebde6c5a19701777458539c1063---com.google.android.gms.ads.identifier.AdvertisingIdClient---getAdvertisingIdInfo---null
12-03 08:32:49.571 10683 10699 D FiniteState: WEBTOON2.12.10Apkpure---40627fad47208e13ff7955035d04715ba5b4eebde6c5a19701777458539c1063---com.google.android.gms.ads.identifier.AdvertisingIdClient---zzb---null
12-03 08:32:49.693 10683 10683 D FiniteState: WEBTOON2.12.10Apkpure---40627fad47208e13ff7955035d04715ba5b4eebde6c5a19701777458539c1063---com.google.android.gms.ads.MobileAdsInitProvider---attachInfo---null
12-03 08:32:49.741 10683 10683 D FiniteState: WEBTOON2.12.10Apkpure---40627fad47208e13ff7955035d04715ba5b4eebde6c5a19701777458539c1063---com.facebook.ads.internal.dynamicloading.DynamicLoaderFactory---initialize---null
12-03 08:32:49.742 10683 10683 D FiniteState: WEBTOON2.12.10Apkpure---40627fad47208e13ff7955035d04715ba5b4eebde6c5a19701777458539c1063---com.facebook.ads.AudienceNetworkContentProvider---onCreate---null
12-03 08:32:49.753 10683 10739 D FiniteState: WEBTOON2.12.10Apkpure---40627fad47208e13ff7955035d04715ba5b4eebde6c5a19701777458539c1063---com.facebook.ads.internal.util.common.ANActivityLifecycleCallbacksListener---registerActivityCallbacks---null
12-03 08:32:49.753 10683 10739 D FiniteState: WEBTOON2.12.10Apkpure---40627fad47208e13ff7955035d04715ba5b4eebde6c5a19701777458539c1063---com.facebook.ads.internal.dynamicloading.DynamicLoaderFactory$1---run---null
12-03 08:32:49.782 10683 10737 D FiniteState: WEBTOON2.12.10Apkpure---40627fad47208e13ff7955035d04715ba5b4eebde6c5a19701777458539c1063---com.google.android.gms.ads.identifier.AdvertisingIdClient---getAdvertisingIdInfo---null
12-03 08:32:49.782 10683 10737 D FiniteState: WEBTOON2.12.10Apkpure---40627fad47208e13ff7955035d04715ba5b4eebde6c5a19701777458539c1063---com.google.android.gms.ads.identifier.AdvertisingIdClient---zzb---null
12-03 08:32:50.082 10683 10803 D FiniteState: WEBTOON2.12.10Apkpure---40627fad47208e13ff7955035d04715ba5b4eebde6c5a19701777458539c1063---com.google.android.gms.ads.identifier.AdvertisingIdClient---getAdvertisingIdInfo---null
12-03 08:32:50.082 10683 10803 D FiniteState: WEBTOON2.12.10Apkpure---40627fad47208e13ff7955035d04715ba5b4eebde6c5a19701777458539c1063---com.google.android.gms.ads.identifier.AdvertisingIdClient---zzb---null
12-03 08:32:50.142 10683 10757 D FiniteState: WEBTOON2.12.10Apkpure---40627fad47208e13ff7955035d04715ba5b4eebde6c5a19701777458539c1063---com.google.android.gms.ads.identifier.AdvertisingIdClient---getAdvertisingIdInfo---null
12-03 08:32:50.142 10683 10757 D FiniteState: WEBTOON2.12.10Apkpure---40627fad47208e13ff7955035d04715ba5b4eebde6c5a19701777458539c1063---com.google.android.gms.ads.identifier.AdvertisingIdClient---zzb---null
12-03 08:32:50.162 10683 10683 D FiniteState: WEBTOON2.12.10Apkpure---40627fad47208e13ff7955035d04715ba5b4eebde6c5a19701777458539c1063---com.facebook.ads.internal.settings.AdInternalSettings---setDataProcessingOptions---null
12-03 08:32:50.162 10683 10683 D FiniteState: WEBTOON2.12.10Apkpure---40627fad47208e13ff7955035d04715ba5b4eebde6c5a19701777458539c1063---com.facebook.ads.internal.settings.MultithreadedBundleWrapper---putStringArray---null
12-03 08:32:50.163 10683 10683 D FiniteState: WEBTOON2.12.10Apkpure---40627fad47208e13ff7955035d04715ba5b4eebde6c5a19701777458539c1063---com.facebook.ads.internal.settings.MultithreadedBundleWrapper---putInteger---null
12-03 08:32:50.163 10683 10683 D FiniteState: WEBTOON2.12.10Apkpure---40627fad47208e13ff7955035d04715ba5b4eebde6c5a19701777458539c1063---com.facebook.ads.internal.settings.MultithreadedBundleWrapper---putInteger---null
12-03 08:32:50.163 10683 10683 D FiniteState: WEBTOON2.12.10Apkpure---40627fad47208e13ff7955035d04715ba5b4eebde6c5a19701777458539c1063---com.facebook.ads.AdSettings---setDataProcessingOptions---null
