12-03 11:35:41.454  8701  8711 D FiniteState: ESPNFantasySports8.5.0Apkpure---ffe335681a8a2208272a6fc449e045ff0fcd6cd888fed019d3b709f56bff4da6---com.google.android.gms.ads.identifier.AdvertisingIdClient---zza---null
12-03 11:35:41.454  8701  8711 D FiniteState: ESPNFantasySports8.5.0Apkpure---ffe335681a8a2208272a6fc449e045ff0fcd6cd888fed019d3b709f56bff4da6---com.google.android.gms.ads.identifier.AdvertisingIdClient---finalize---null
12-03 11:35:41.454  8701  8711 D FiniteState: ESPNFantasySports8.5.0Apkpure---ffe335681a8a2208272a6fc449e045ff0fcd6cd888fed019d3b709f56bff4da6---com.google.android.gms.ads.identifier.AdvertisingIdClient---zza---null
12-03 11:35:41.454  8701  8711 D FiniteState: ESPNFantasySports8.5.0Apkpure---ffe335681a8a2208272a6fc449e045ff0fcd6cd888fed019d3b709f56bff4da6---com.google.android.gms.ads.identifier.AdvertisingIdClient---finalize---null
12-03 11:35:41.454  8701  8711 D FiniteState: ESPNFantasySports8.5.0Apkpure---ffe335681a8a2208272a6fc449e045ff0fcd6cd888fed019d3b709f56bff4da6---com.google.android.gms.ads.identifier.AdvertisingIdClient---zza---null
12-03 11:35:41.454  8701  8711 D FiniteState: ESPNFantasySports8.5.0Apkpure---ffe335681a8a2208272a6fc449e045ff0fcd6cd888fed019d3b709f56bff4da6---com.google.android.gms.ads.identifier.AdvertisingIdClient---finalize---null
12-03 11:37:12.226 10080 10099 D FiniteState: TappytoonComicsNovels3.35.1Apkpure---abf86ca642dd75bff1f9df756cccf851cea157a438157816c0ad665a79f5d26c---com.google.android.gms.ads.identifier.AdvertisingIdClient---getAdvertisingIdInfo---null
12-03 11:37:12.227 10080 10099 D FiniteState: TappytoonComicsNovels3.35.1Apkpure---abf86ca642dd75bff1f9df756cccf851cea157a438157816c0ad665a79f5d26c---com.google.android.gms.ads.identifier.AdvertisingIdClient---zzb---null
12-03 11:37:12.227 10080 10080 D FiniteState: TappytoonComicsNovels3.35.1Apkpure---abf86ca642dd75bff1f9df756cccf851cea157a438157816c0ad665a79f5d26c---com.google.android.gms.ads.MobileAdsInitProvider---attachInfo---null
12-03 11:37:12.319 10080 10080 D FiniteState: TappytoonComicsNovels3.35.1Apkpure---abf86ca642dd75bff1f9df756cccf851cea157a438157816c0ad665a79f5d26c---com.facebook.ads.internal.dynamicloading.DynamicLoaderFactory---initialize---null
12-03 11:37:12.320 10080 10080 D FiniteState: TappytoonComicsNovels3.35.1Apkpure---abf86ca642dd75bff1f9df756cccf851cea157a438157816c0ad665a79f5d26c---com.facebook.ads.AudienceNetworkContentProvider---onCreate---null
12-03 11:37:12.321 10080 10126 D FiniteState: TappytoonComicsNovels3.35.1Apkpure---abf86ca642dd75bff1f9df756cccf851cea157a438157816c0ad665a79f5d26c---com.facebook.ads.internal.util.common.ANActivityLifecycleCallbacksListener---registerActivityCallbacks---null
12-03 11:37:12.321 10080 10126 D FiniteState: TappytoonComicsNovels3.35.1Apkpure---abf86ca642dd75bff1f9df756cccf851cea157a438157816c0ad665a79f5d26c---com.facebook.ads.internal.dynamicloading.DynamicLoaderFactory$1---run---null
12-03 11:37:12.382 10080 10136 D FiniteState: TappytoonComicsNovels3.35.1Apkpure---abf86ca642dd75bff1f9df756cccf851cea157a438157816c0ad665a79f5d26c---com.google.android.gms.ads.identifier.AdvertisingIdClient---getAdvertisingIdInfo---null
12-03 11:37:12.382 10080 10136 D FiniteState: TappytoonComicsNovels3.35.1Apkpure---abf86ca642dd75bff1f9df756cccf851cea157a438157816c0ad665a79f5d26c---com.google.android.gms.ads.identifier.AdvertisingIdClient---zzb---null
12-03 11:38:00.936 10508 10558 D FiniteState: TeachMeAnatomy5.34Apkpure---4e4b068824b6b006c5364efe2440c15bb3e778a5a90bad5a741486e6eba9e7fa---com.google.android.gms.ads.identifier.AdvertisingIdClient---getAdvertisingIdInfo---null
12-03 11:38:00.939 10508 10558 D FiniteState: TeachMeAnatomy5.34Apkpure---4e4b068824b6b006c5364efe2440c15bb3e778a5a90bad5a741486e6eba9e7fa---com.google.android.gms.ads.identifier.AdvertisingIdClient---zza---null
12-03 11:38:00.939 10508 10558 D FiniteState: TeachMeAnatomy5.34Apkpure---4e4b068824b6b006c5364efe2440c15bb3e778a5a90bad5a741486e6eba9e7fa---com.google.android.gms.ads.identifier.AdvertisingIdClient---zza---null
12-03 11:38:01.806 10508 10558 D FiniteState: TeachMeAnatomy5.34Apkpure---4e4b068824b6b006c5364efe2440c15bb3e778a5a90bad5a741486e6eba9e7fa---com.google.android.gms.ads.identifier.AdvertisingIdClient---getInfo---null
12-03 11:38:01.810 10508 10558 D FiniteState: TeachMeAnatomy5.34Apkpure---4e4b068824b6b006c5364efe2440c15bb3e778a5a90bad5a741486e6eba9e7fa---com.google.android.gms.ads.identifier.AdvertisingIdClient---finish---null
12-03 11:38:01.811 10508 10558 D FiniteState: TeachMeAnatomy5.34Apkpure---4e4b068824b6b006c5364efe2440c15bb3e778a5a90bad5a741486e6eba9e7fa---com.google.android.gms.ads.identifier.AdvertisingIdClient---getAdvertisingIdInfo---null
12-03 11:38:01.811 10508 10558 D FiniteState: TeachMeAnatomy5.34Apkpure---4e4b068824b6b006c5364efe2440c15bb3e778a5a90bad5a741486e6eba9e7fa---com.google.android.gms.ads.identifier.AdvertisingIdClient---zza---null
12-03 11:38:01.811 10508 10558 D FiniteState: TeachMeAnatomy5.34Apkpure---4e4b068824b6b006c5364efe2440c15bb3e778a5a90bad5a741486e6eba9e7fa---com.google.android.gms.ads.identifier.AdvertisingIdClient---zza---null
12-03 11:38:02.063 10508 10558 D FiniteState: TeachMeAnatomy5.34Apkpure---4e4b068824b6b006c5364efe2440c15bb3e778a5a90bad5a741486e6eba9e7fa---com.google.android.gms.ads.identifier.AdvertisingIdClient---getInfo---null
12-03 11:38:02.064 10508 10558 D FiniteState: TeachMeAnatomy5.34Apkpure---4e4b068824b6b006c5364efe2440c15bb3e778a5a90bad5a741486e6eba9e7fa---com.google.android.gms.ads.identifier.AdvertisingIdClient---finish---null
12-03 11:38:02.632 10508 10519 D FiniteState: TeachMeAnatomy5.34Apkpure---4e4b068824b6b006c5364efe2440c15bb3e778a5a90bad5a741486e6eba9e7fa---com.google.android.gms.ads.identifier.AdvertisingIdClient---finish---null
12-03 11:38:02.632 10508 10519 D FiniteState: TeachMeAnatomy5.34Apkpure---4e4b068824b6b006c5364efe2440c15bb3e778a5a90bad5a741486e6eba9e7fa---com.google.android.gms.ads.identifier.AdvertisingIdClient---finalize---null
12-03 11:38:02.647 10508 10519 D FiniteState: TeachMeAnatomy5.34Apkpure---4e4b068824b6b006c5364efe2440c15bb3e778a5a90bad5a741486e6eba9e7fa---com.google.android.gms.ads.identifier.AdvertisingIdClient---finish---null
12-03 11:38:02.647 10508 10519 D FiniteState: TeachMeAnatomy5.34Apkpure---4e4b068824b6b006c5364efe2440c15bb3e778a5a90bad5a741486e6eba9e7fa---com.google.android.gms.ads.identifier.AdvertisingIdClient---finalize---null
12-03 11:39:20.451 10968 10968 D FiniteState: SmartTools-Utilities20.6Apkpure---15efb6f40b69f3fc9c53c94dca8198f4707e1a6366be8cf141d90060c599f756---com.google.android.gms.ads.MobileAdsInitProvider---attachInfo---null
12-03 11:39:20.457 10968 10968 D FiniteState: SmartTools-Utilities20.6Apkpure---15efb6f40b69f3fc9c53c94dca8198f4707e1a6366be8cf141d90060c599f756---com.facebook.ads.internal.dynamicloading.DynamicLoaderFactory---initialize---null
12-03 11:39:20.458 10968 10968 D FiniteState: SmartTools-Utilities20.6Apkpure---15efb6f40b69f3fc9c53c94dca8198f4707e1a6366be8cf141d90060c599f756---com.facebook.ads.AudienceNetworkContentProvider---onCreate---null
12-03 11:39:20.458 10968 10988 D FiniteState: SmartTools-Utilities20.6Apkpure---15efb6f40b69f3fc9c53c94dca8198f4707e1a6366be8cf141d90060c599f756---com.facebook.ads.internal.util.common.ANActivityLifecycleCallbacksListener---registerActivityCallbacks---null
12-03 11:39:20.458 10968 10988 D FiniteState: SmartTools-Utilities20.6Apkpure---15efb6f40b69f3fc9c53c94dca8198f4707e1a6366be8cf141d90060c599f756---com.facebook.ads.internal.dynamicloading.DynamicLoaderFactory$a---run---null
12-03 11:39:20.494 10968 10968 D FiniteState: SmartTools-Utilities20.6Apkpure---15efb6f40b69f3fc9c53c94dca8198f4707e1a6366be8cf141d90060c599f756---com.facebook.ads.internal.util.common.ANActivityLifecycleCallbacksListener---onActivityCreated---null
12-03 11:39:20.564 10968 10968 D FiniteState: SmartTools-Utilities20.6Apkpure---15efb6f40b69f3fc9c53c94dca8198f4707e1a6366be8cf141d90060c599f756---com.facebook.ads.internal.util.common.ANActivityLifecycleCallbacksListener---onActivityStarted---null
12-03 11:39:20.565 10968 10968 D FiniteState: SmartTools-Utilities20.6Apkpure---15efb6f40b69f3fc9c53c94dca8198f4707e1a6366be8cf141d90060c599f756---com.facebook.ads.internal.util.common.ANActivityLifecycleCallbacksListener---onActivityResumed---null
12-03 11:39:20.568 10968 10968 D FiniteState: SmartTools-Utilities20.6Apkpure---15efb6f40b69f3fc9c53c94dca8198f4707e1a6366be8cf141d90060c599f756---com.facebook.ads.internal.settings.AdInternalSettings---setDataProcessingOptions---null
12-03 11:39:20.568 10968 10968 D FiniteState: SmartTools-Utilities20.6Apkpure---15efb6f40b69f3fc9c53c94dca8198f4707e1a6366be8cf141d90060c599f756---com.facebook.ads.internal.settings.MultithreadedBundleWrapper---putStringArray---null
12-03 11:39:20.568 10968 10968 D FiniteState: SmartTools-Utilities20.6Apkpure---15efb6f40b69f3fc9c53c94dca8198f4707e1a6366be8cf141d90060c599f756---com.facebook.ads.internal.settings.MultithreadedBundleWrapper---putInteger---null
12-03 11:39:20.568 10968 10968 D FiniteState: SmartTools-Utilities20.6Apkpure---15efb6f40b69f3fc9c53c94dca8198f4707e1a6366be8cf141d90060c599f756---com.facebook.ads.internal.settings.MultithreadedBundleWrapper---putInteger---null
12-03 11:39:20.568 10968 10968 D FiniteState: SmartTools-Utilities20.6Apkpure---15efb6f40b69f3fc9c53c94dca8198f4707e1a6366be8cf141d90060c599f756---com.facebook.ads.AdSettings---setDataProcessingOptions---null
12-03 11:39:20.860 10968 10988 D FiniteState: SmartTools-Utilities20.6Apkpure---15efb6f40b69f3fc9c53c94dca8198f4707e1a6366be8cf141d90060c599f756---com.facebook.ads.internal.dynamicloading.DynamicLoaderFactory---access$200---null
12-03 11:39:20.946 10968 10968 D FiniteState: SmartTools-Utilities20.6Apkpure---15efb6f40b69f3fc9c53c94dca8198f4707e1a6366be8cf141d90060c599f756---com.google.android.gms.ads.MobileAds---a---null
12-03 11:39:22.004 10968 10968 D FiniteState: SmartTools-Utilities20.6Apkpure---15efb6f40b69f3fc9c53c94dca8198f4707e1a6366be8cf141d90060c599f756---com.facebook.ads.AudienceNetworkAds---buildInitSettings---null
12-03 11:39:22.004 10968 10968 D FiniteState: SmartTools-Utilities20.6Apkpure---15efb6f40b69f3fc9c53c94dca8198f4707e1a6366be8cf141d90060c599f756---com.facebook.ads.internal.settings.MultithreadedBundleWrapper---putString---null
12-03 11:39:22.004 10968 10968 D FiniteState: SmartTools-Utilities20.6Apkpure---15efb6f40b69f3fc9c53c94dca8198f4707e1a6366be8cf141d90060c599f756---com.facebook.ads.internal.settings.AdInternalSettings---setMediationService---null
12-03 11:39:22.004 10968 10968 D FiniteState: SmartTools-Utilities20.6Apkpure---15efb6f40b69f3fc9c53c94dca8198f4707e1a6366be8cf141d90060c599f756---com.facebook.ads.AdSettings---setMediationService---null
12-03 11:39:22.004 10968 10968 D FiniteState: SmartTools-Utilities20.6Apkpure---15efb6f40b69f3fc9c53c94dca8198f4707e1a6366be8cf141d90060c599f756---com.facebook.ads.internal.api.InitSettingsBuilder---withMediationService---null
12-03 11:39:22.004 10968 10968 D FiniteState: SmartTools-Utilities20.6Apkpure---15efb6f40b69f3fc9c53c94dca8198f4707e1a6366be8cf141d90060c599f756---com.facebook.ads.internal.api.InitSettingsBuilder---withPlacementIds---null
12-03 11:39:22.004 10968 10968 D FiniteState: SmartTools-Utilities20.6Apkpure---15efb6f40b69f3fc9c53c94dca8198f4707e1a6366be8cf141d90060c599f756---com.facebook.ads.internal.settings.MultithreadedBundleWrapper---putStringArrayList---null
12-03 11:39:22.004 10968 10968 D FiniteState: SmartTools-Utilities20.6Apkpure---15efb6f40b69f3fc9c53c94dca8198f4707e1a6366be8cf141d90060c599f756---com.facebook.ads.internal.dynamicloading.DynamicLoaderFactory---initialize---null
12-03 11:39:22.004 10968 10968 D FiniteState: SmartTools-Utilities20.6Apkpure---15efb6f40b69f3fc9c53c94dca8198f4707e1a6366be8cf141d90060c599f756---com.facebook.ads.internal.api.InitSettingsBuilder---initialize---null
12-03 11:39:22.004 10968 11122 D FiniteState: SmartTools-Utilities20.6Apkpure---15efb6f40b69f3fc9c53c94dca8198f4707e1a6366be8cf141d90060c599f756---com.facebook.ads.internal.dynamicloading.DynamicLoaderFactory$a---run---null
12-03 11:39:22.405 10968 11122 D FiniteState: SmartTools-Utilities20.6Apkpure---15efb6f40b69f3fc9c53c94dca8198f4707e1a6366be8cf141d90060c599f756---com.facebook.ads.internal.dynamicloading.DynamicLoaderFactory---createErrorMessage---null
12-03 11:39:22.406 10968 11122 D FiniteState: SmartTools-Utilities20.6Apkpure---15efb6f40b69f3fc9c53c94dca8198f4707e1a6366be8cf141d90060c599f756---com.facebook.ads.internal.dynamicloading.DynamicLoaderFallback---makeFallbackLoader---null
12-03 11:39:22.408 10968 11122 D FiniteState: SmartTools-Utilities20.6Apkpure---15efb6f40b69f3fc9c53c94dca8198f4707e1a6366be8cf141d90060c599f756---com.facebook.ads.internal.dynamicloading.DynamicLoaderFallback$c$a---invoke---null
12-03 11:39:22.408 10968 11122 D FiniteState: SmartTools-Utilities20.6Apkpure---15efb6f40b69f3fc9c53c94dca8198f4707e1a6366be8cf141d90060c599f756---com.facebook.ads.internal.dynamicloading.DynamicLoaderFallback$c$a---invoke---null
12-03 11:39:22.408 10968 11122 D FiniteState: SmartTools-Utilities20.6Apkpure---15efb6f40b69f3fc9c53c94dca8198f4707e1a6366be8cf141d90060c599f756---com.facebook.ads.internal.dynamicloading.DynamicLoaderFallback$c$a---invoke---null
12-03 11:39:22.408 10968 11122 D FiniteState: SmartTools-Utilities20.6Apkpure---15efb6f40b69f3fc9c53c94dca8198f4707e1a6366be8cf141d90060c599f756---com.facebook.ads.internal.dynamicloading.DynamicLoaderFallback$c$a---invoke---null
12-03 11:39:22.408 10968 11122 D FiniteState: SmartTools-Utilities20.6Apkpure---15efb6f40b69f3fc9c53c94dca8198f4707e1a6366be8cf141d90060c599f756---com.facebook.ads.internal.dynamicloading.DynamicLoaderFallback$c$a---invoke---null
12-03 11:39:22.408 10968 11122 D FiniteState: SmartTools-Utilities20.6Apkpure---15efb6f40b69f3fc9c53c94dca8198f4707e1a6366be8cf141d90060c599f756---com.facebook.ads.internal.dynamicloading.DynamicLoaderFallback$c$a---invoke---null
12-03 11:39:22.408 10968 11122 D FiniteState: SmartTools-Utilities20.6Apkpure---15efb6f40b69f3fc9c53c94dca8198f4707e1a6366be8cf141d90060c599f756---com.facebook.ads.internal.dynamicloading.DynamicLoaderFallback$c$a---invoke---null
12-03 11:39:22.408 10968 11122 D FiniteState: SmartTools-Utilities20.6Apkpure---15efb6f40b69f3fc9c53c94dca8198f4707e1a6366be8cf141d90060c599f756---com.facebook.ads.internal.dynamicloading.DynamicLoaderFallback$c$a---invoke---null
12-03 11:39:22.408 10968 11122 D FiniteState: SmartTools-Utilities20.6Apkpure---15efb6f40b69f3fc9c53c94dca8198f4707e1a6366be8cf141d90060c599f756---com.facebook.ads.internal.dynamicloading.DynamicLoaderFallback$c$a---invoke---null
12-03 11:39:22.409 10968 11122 D FiniteState: SmartTools-Utilities20.6Apkpure---15efb6f40b69f3fc9c53c94dca8198f4707e1a6366be8cf141d90060c599f756---com.facebook.ads.internal.dynamicloading.DynamicLoaderFallback$c$a---invoke---null
12-03 11:39:22.409 10968 11122 D FiniteState: SmartTools-Utilities20.6Apkpure---15efb6f40b69f3fc9c53c94dca8198f4707e1a6366be8cf141d90060c599f756---com.facebook.ads.internal.dynamicloading.DynamicLoaderFallback$c$a---invoke---null
12-03 11:39:22.409 10968 11122 D FiniteState: SmartTools-Utilities20.6Apkpure---15efb6f40b69f3fc9c53c94dca8198f4707e1a6366be8cf141d90060c599f756---com.facebook.ads.internal.dynamicloading.DynamicLoaderFallback$c$a---invoke---null
12-03 11:39:22.409 10968 11122 D FiniteState: SmartTools-Utilities20.6Apkpure---15efb6f40b69f3fc9c53c94dca8198f4707e1a6366be8cf141d90060c599f756---com.facebook.ads.internal.dynamicloading.DynamicLoaderFallback$c$a---invoke---null
12-03 11:39:22.409 10968 11122 D FiniteState: SmartTools-Utilities20.6Apkpure---15efb6f40b69f3fc9c53c94dca8198f4707e1a6366be8cf141d90060c599f756---com.facebook.ads.internal.dynamicloading.DynamicLoaderFallback$c$a---invoke---null
12-03 11:39:22.409 10968 11122 D FiniteState: SmartTools-Utilities20.6Apkpure---15efb6f40b69f3fc9c53c94dca8198f4707e1a6366be8cf141d90060c599f756---com.facebook.ads.internal.dynamicloading.DynamicLoaderFallback$c$a---invoke---null
12-03 11:39:22.409 10968 11122 D FiniteState: SmartTools-Utilities20.6Apkpure---15efb6f40b69f3fc9c53c94dca8198f4707e1a6366be8cf141d90060c599f756---com.facebook.ads.internal.dynamicloading.DynamicLoaderFallback$c$a---invoke---null
12-03 11:39:22.409 10968 11122 D FiniteState: SmartTools-Utilities20.6Apkpure---15efb6f40b69f3fc9c53c94dca8198f4707e1a6366be8cf141d90060c599f756---com.facebook.ads.internal.dynamicloading.DynamicLoaderFallback$c$a---invoke---null
12-03 11:39:22.409 10968 11122 D FiniteState: SmartTools-Utilities20.6Apkpure---15efb6f40b69f3fc9c53c94dca8198f4707e1a6366be8cf141d90060c599f756---com.facebook.ads.internal.dynamicloading.DynamicLoaderFallback$c$a---invoke---null
12-03 11:39:22.409 10968 11122 D FiniteState: SmartTools-Utilities20.6Apkpure---15efb6f40b69f3fc9c53c94dca8198f4707e1a6366be8cf141d90060c599f756---com.facebook.ads.internal.dynamicloading.DynamicLoaderFallback$c$a---invoke---null
12-03 11:39:22.409 10968 11122 D FiniteState: SmartTools-Utilities20.6Apkpure---15efb6f40b69f3fc9c53c94dca8198f4707e1a6366be8cf141d90060c599f756---com.facebook.ads.internal.dynamicloading.DynamicLoaderFallback$c$a---invoke---null
12-03 11:39:22.409 10968 11122 D FiniteState: SmartTools-Utilities20.6Apkpure---15efb6f40b69f3fc9c53c94dca8198f4707e1a6366be8cf141d90060c599f756---com.facebook.ads.internal.dynamicloading.DynamicLoaderFallback$c$a---invoke---null
12-03 11:39:22.409 10968 11122 D FiniteState: SmartTools-Utilities20.6Apkpure---15efb6f40b69f3fc9c53c94dca8198f4707e1a6366be8cf141d90060c599f756---com.facebook.ads.internal.dynamicloading.DynamicLoaderFallback$c$a---invoke---null
12-03 11:39:22.409 10968 11122 D FiniteState: SmartTools-Utilities20.6Apkpure---15efb6f40b69f3fc9c53c94dca8198f4707e1a6366be8cf141d90060c599f756---com.facebook.ads.internal.dynamicloading.DynamicLoaderFactory---setFallbackMode---null
12-03 11:39:22.409 10968 11122 D FiniteState: SmartTools-Utilities20.6Apkpure---15efb6f40b69f3fc9c53c94dca8198f4707e1a6366be8cf141d90060c599f756---com.facebook.ads.internal.dynamicloading.DynamicLoaderFactory---doCallInitialize---null
12-03 11:39:22.409 10968 11122 D FiniteState: SmartTools-Utilities20.6Apkpure---15efb6f40b69f3fc9c53c94dca8198f4707e1a6366be8cf141d90060c599f756---com.facebook.ads.internal.dynamicloading.DynamicLoaderFactory---access$200---null
12-03 11:39:22.509 10968 10968 D FiniteState: SmartTools-Utilities20.6Apkpure---15efb6f40b69f3fc9c53c94dca8198f4707e1a6366be8cf141d90060c599f756---com.facebook.ads.internal.dynamicloading.DynamicLoaderFactory---createErrorInitResult---null
12-03 11:39:22.509 10968 10968 D FiniteState: SmartTools-Utilities20.6Apkpure---15efb6f40b69f3fc9c53c94dca8198f4707e1a6366be8cf141d90060c599f756---com.facebook.ads.internal.dynamicloading.DynamicLoaderFactory---createErrorMessage---null
12-03 11:39:22.510 10968 10968 D FiniteState: SmartTools-Utilities20.6Apkpure---15efb6f40b69f3fc9c53c94dca8198f4707e1a6366be8cf141d90060c599f756---com.facebook.ads.internal.dynamicloading.DynamicLoaderFactory$b---run---null
12-03 11:39:22.574 10968 11166 D FiniteState: SmartTools-Utilities20.6Apkpure---15efb6f40b69f3fc9c53c94dca8198f4707e1a6366be8cf141d90060c599f756---com.facebook.ads.BidderTokenProvider---getBidderToken---null
12-03 11:39:22.574 10968 11166 D FiniteState: SmartTools-Utilities20.6Apkpure---15efb6f40b69f3fc9c53c94dca8198f4707e1a6366be8cf141d90060c599f756---com.facebook.ads.internal.dynamicloading.DynamicLoaderFactory---makeLoader---null
12-03 11:40:08.616 11491 11491 D FiniteState: CarGurusUsedNewCars2.77Apkpure---652aa32ee11dd109f11feef942fa4207306b1651e8f342e047cf450d8ae7b9a5---com.google.android.gms.ads.MobileAdsInitProvider---attachInfo---null
12-03 11:40:08.867 11491 11491 D FiniteState: CarGurusUsedNewCars2.77Apkpure---652aa32ee11dd109f11feef942fa4207306b1651e8f342e047cf450d8ae7b9a5---com.google.android.gms.ads.RequestConfiguration$Builder---build---null
12-03 11:40:08.868 11491 11491 D FiniteState: CarGurusUsedNewCars2.77Apkpure---652aa32ee11dd109f11feef942fa4207306b1651e8f342e047cf450d8ae7b9a5---com.google.android.gms.ads.internal.client.zzej---zzf---null
12-03 11:40:08.868 11491 11491 D FiniteState: CarGurusUsedNewCars2.77Apkpure---652aa32ee11dd109f11feef942fa4207306b1651e8f342e047cf450d8ae7b9a5---com.google.android.gms.ads.internal.client.zzej---zzA---null
12-03 11:40:08.868 11491 11491 D FiniteState: CarGurusUsedNewCars2.77Apkpure---652aa32ee11dd109f11feef942fa4207306b1651e8f342e047cf450d8ae7b9a5---com.google.android.gms.ads.internal.client.zzax---zzd---null
12-03 11:40:08.871 11491 11491 D FiniteState: CarGurusUsedNewCars2.77Apkpure---652aa32ee11dd109f11feef942fa4207306b1651e8f342e047cf450d8ae7b9a5---com.google.android.gms.ads.internal.client.zzaq---zzc---null
12-03 11:40:08.875 11491 11491 D FiniteState: CarGurusUsedNewCars2.77Apkpure---652aa32ee11dd109f11feef942fa4207306b1651e8f342e047cf450d8ae7b9a5---com.google.android.gms.ads.internal.client.zzeq---getRemoteCreator---null
12-03 11:40:08.875 11491 11491 D FiniteState: CarGurusUsedNewCars2.77Apkpure---652aa32ee11dd109f11feef942fa4207306b1651e8f342e047cf450d8ae7b9a5---com.google.android.gms.ads.internal.client.zzcp---zze---null
12-03 11:40:08.925 11491 11491 D FiniteState: CarGurusUsedNewCars2.77Apkpure---652aa32ee11dd109f11feef942fa4207306b1651e8f342e047cf450d8ae7b9a5---com.google.android.gms.ads.internal.client.zzeq---zza---null
12-03 11:40:08.925 11491 11491 D FiniteState: CarGurusUsedNewCars2.77Apkpure---652aa32ee11dd109f11feef942fa4207306b1651e8f342e047cf450d8ae7b9a5---com.google.android.gms.ads.internal.client.zzcm---zzs---null
12-03 11:40:08.926 11491 11491 D FiniteState: CarGurusUsedNewCars2.77Apkpure---652aa32ee11dd109f11feef942fa4207306b1651e8f342e047cf450d8ae7b9a5---com.google.android.gms.ads.internal.client.zzcm---zzo---null
12-03 11:40:08.926 11491 11491 D FiniteState: CarGurusUsedNewCars2.77Apkpure---652aa32ee11dd109f11feef942fa4207306b1651e8f342e047cf450d8ae7b9a5---com.google.android.gms.ads.internal.client.zzej---zzz---null
12-03 11:40:08.927 11491 11491 D FiniteState: CarGurusUsedNewCars2.77Apkpure---652aa32ee11dd109f11feef942fa4207306b1651e8f342e047cf450d8ae7b9a5---com.google.android.gms.ads.internal.client.zzcm---zzk---null
12-03 11:40:08.928 11491 11491 D FiniteState: CarGurusUsedNewCars2.77Apkpure---652aa32ee11dd109f11feef942fa4207306b1651e8f342e047cf450d8ae7b9a5---com.google.android.gms.ads.internal.client.zzcm---zzl---null
12-03 11:40:09.032 11491 11566 D FiniteState: CarGurusUsedNewCars2.77Apkpure---652aa32ee11dd109f11feef942fa4207306b1651e8f342e047cf450d8ae7b9a5---com.google.android.gms.ads.identifier.AdvertisingIdClient---getAdvertisingIdInfo---null
12-03 11:40:09.032 11491 11566 D FiniteState: CarGurusUsedNewCars2.77Apkpure---652aa32ee11dd109f11feef942fa4207306b1651e8f342e047cf450d8ae7b9a5---com.google.android.gms.ads.identifier.AdvertisingIdClient---zzb---null
12-03 11:40:09.252 11491 11491 D FiniteState: CarGurusUsedNewCars2.77Apkpure---652aa32ee11dd109f11feef942fa4207306b1651e8f342e047cf450d8ae7b9a5---com.google.android.gms.ads.MobileAds---initialize---null
12-03 11:40:09.445 11491 11566 D FiniteState: CarGurusUsedNewCars2.77Apkpure---652aa32ee11dd109f11feef942fa4207306b1651e8f342e047cf450d8ae7b9a5---com.google.android.gms.ads.identifier.AdvertisingIdClient---zzd---null
12-03 11:40:09.451 11491 11566 D FiniteState: CarGurusUsedNewCars2.77Apkpure---652aa32ee11dd109f11feef942fa4207306b1651e8f342e047cf450d8ae7b9a5---com.google.android.gms.ads.identifier.AdvertisingIdClient---zza---null
12-03 11:40:10.127 11491 11695 D FiniteState: CarGurusUsedNewCars2.77Apkpure---652aa32ee11dd109f11feef942fa4207306b1651e8f342e047cf450d8ae7b9a5---com.google.android.gms.ads.identifier.AdvertisingIdClient---getAdvertisingIdInfo---null
12-03 11:40:10.127 11491 11695 D FiniteState: CarGurusUsedNewCars2.77Apkpure---652aa32ee11dd109f11feef942fa4207306b1651e8f342e047cf450d8ae7b9a5---com.google.android.gms.ads.identifier.AdvertisingIdClient---zzb---null
12-03 11:40:10.135 11491 11695 D FiniteState: CarGurusUsedNewCars2.77Apkpure---652aa32ee11dd109f11feef942fa4207306b1651e8f342e047cf450d8ae7b9a5---com.google.android.gms.ads.identifier.AdvertisingIdClient---zzd---null
12-03 11:40:10.136 11491 11695 D FiniteState: CarGurusUsedNewCars2.77Apkpure---652aa32ee11dd109f11feef942fa4207306b1651e8f342e047cf450d8ae7b9a5---com.google.android.gms.ads.identifier.AdvertisingIdClient---zza---null
12-03 11:40:10.282 11491 11705 D FiniteState: CarGurusUsedNewCars2.77Apkpure---652aa32ee11dd109f11feef942fa4207306b1651e8f342e047cf450d8ae7b9a5---com.google.android.gms.ads.identifier.AdvertisingIdClient---getAdvertisingIdInfo---null
12-03 11:40:10.282 11491 11705 D FiniteState: CarGurusUsedNewCars2.77Apkpure---652aa32ee11dd109f11feef942fa4207306b1651e8f342e047cf450d8ae7b9a5---com.google.android.gms.ads.identifier.AdvertisingIdClient---zzb---null
12-03 11:40:10.304 11491 11705 D FiniteState: CarGurusUsedNewCars2.77Apkpure---652aa32ee11dd109f11feef942fa4207306b1651e8f342e047cf450d8ae7b9a5---com.google.android.gms.ads.identifier.AdvertisingIdClient---zzd---null
12-03 11:40:10.317 11491 11705 D FiniteState: CarGurusUsedNewCars2.77Apkpure---652aa32ee11dd109f11feef942fa4207306b1651e8f342e047cf450d8ae7b9a5---com.google.android.gms.ads.identifier.AdvertisingIdClient---zza---null
12-03 11:40:10.355 11491 11491 D FiniteState: CarGurusUsedNewCars2.77Apkpure---652aa32ee11dd109f11feef942fa4207306b1651e8f342e047cf450d8ae7b9a5---com.google.android.gms.ads.internal.client.zzei---zzb---null
12-03 11:40:10.356 11491 11491 D FiniteState: CarGurusUsedNewCars2.77Apkpure---652aa32ee11dd109f11feef942fa4207306b1651e8f342e047cf450d8ae7b9a5---com.google.android.gms.ads.internal.client.zzej---zzy---null
12-03 11:41:00.112 12241 12259 D FiniteState: WEBTOON2.12.10Apkpure---40627fad47208e13ff7955035d04715ba5b4eebde6c5a19701777458539c1063---com.google.android.gms.ads.identifier.AdvertisingIdClient---getAdvertisingIdInfo---null
12-03 11:41:00.113 12241 12259 D FiniteState: WEBTOON2.12.10Apkpure---40627fad47208e13ff7955035d04715ba5b4eebde6c5a19701777458539c1063---com.google.android.gms.ads.identifier.AdvertisingIdClient---zzb---null
12-03 11:41:00.231 12241 12241 D FiniteState: WEBTOON2.12.10Apkpure---40627fad47208e13ff7955035d04715ba5b4eebde6c5a19701777458539c1063---com.google.android.gms.ads.MobileAdsInitProvider---attachInfo---null
12-03 11:41:00.250 12241 12304 D FiniteState: WEBTOON2.12.10Apkpure---40627fad47208e13ff7955035d04715ba5b4eebde6c5a19701777458539c1063---com.google.android.gms.ads.identifier.AdvertisingIdClient---getAdvertisingIdInfo---null
12-03 11:41:00.250 12241 12304 D FiniteState: WEBTOON2.12.10Apkpure---40627fad47208e13ff7955035d04715ba5b4eebde6c5a19701777458539c1063---com.google.android.gms.ads.identifier.AdvertisingIdClient---zzb---null
12-03 11:41:00.251 12241 12241 D FiniteState: WEBTOON2.12.10Apkpure---40627fad47208e13ff7955035d04715ba5b4eebde6c5a19701777458539c1063---com.facebook.ads.internal.dynamicloading.DynamicLoaderFactory---initialize---null
12-03 11:41:00.251 12241 12241 D FiniteState: WEBTOON2.12.10Apkpure---40627fad47208e13ff7955035d04715ba5b4eebde6c5a19701777458539c1063---com.facebook.ads.AudienceNetworkContentProvider---onCreate---null
12-03 11:41:00.252 12241 12306 D FiniteState: WEBTOON2.12.10Apkpure---40627fad47208e13ff7955035d04715ba5b4eebde6c5a19701777458539c1063---com.facebook.ads.internal.util.common.ANActivityLifecycleCallbacksListener---registerActivityCallbacks---null
12-03 11:41:00.252 12241 12306 D FiniteState: WEBTOON2.12.10Apkpure---40627fad47208e13ff7955035d04715ba5b4eebde6c5a19701777458539c1063---com.facebook.ads.internal.dynamicloading.DynamicLoaderFactory$1---run---null
12-03 11:41:00.401 12241 12362 D FiniteState: WEBTOON2.12.10Apkpure---40627fad47208e13ff7955035d04715ba5b4eebde6c5a19701777458539c1063---com.google.android.gms.ads.identifier.AdvertisingIdClient---getAdvertisingIdInfo---null
12-03 11:41:00.401 12241 12362 D FiniteState: WEBTOON2.12.10Apkpure---40627fad47208e13ff7955035d04715ba5b4eebde6c5a19701777458539c1063---com.google.android.gms.ads.identifier.AdvertisingIdClient---zzb---null
12-03 11:41:00.415 12241 12316 D FiniteState: WEBTOON2.12.10Apkpure---40627fad47208e13ff7955035d04715ba5b4eebde6c5a19701777458539c1063---com.google.android.gms.ads.identifier.AdvertisingIdClient---getAdvertisingIdInfo---null
12-03 11:41:00.415 12241 12316 D FiniteState: WEBTOON2.12.10Apkpure---40627fad47208e13ff7955035d04715ba5b4eebde6c5a19701777458539c1063---com.google.android.gms.ads.identifier.AdvertisingIdClient---zzb---null
12-03 11:41:00.417 12241 12241 D FiniteState: WEBTOON2.12.10Apkpure---40627fad47208e13ff7955035d04715ba5b4eebde6c5a19701777458539c1063---com.facebook.ads.internal.settings.AdInternalSettings---setDataProcessingOptions---null
12-03 11:41:00.417 12241 12241 D FiniteState: WEBTOON2.12.10Apkpure---40627fad47208e13ff7955035d04715ba5b4eebde6c5a19701777458539c1063---com.facebook.ads.internal.settings.MultithreadedBundleWrapper---putStringArray---null
12-03 11:41:00.417 12241 12241 D FiniteState: WEBTOON2.12.10Apkpure---40627fad47208e13ff7955035d04715ba5b4eebde6c5a19701777458539c1063---com.facebook.ads.internal.settings.MultithreadedBundleWrapper---putInteger---null
12-03 11:41:00.417 12241 12241 D FiniteState: WEBTOON2.12.10Apkpure---40627fad47208e13ff7955035d04715ba5b4eebde6c5a19701777458539c1063---com.facebook.ads.internal.settings.MultithreadedBundleWrapper---putInteger---null
12-03 11:41:00.417 12241 12241 D FiniteState: WEBTOON2.12.10Apkpure---40627fad47208e13ff7955035d04715ba5b4eebde6c5a19701777458539c1063---com.facebook.ads.AdSettings---setDataProcessingOptions---null
12-03 11:41:00.486 12241 12241 D FiniteState: WEBTOON2.12.10Apkpure---40627fad47208e13ff7955035d04715ba5b4eebde6c5a19701777458539c1063---com.facebook.ads.internal.util.common.ANActivityLifecycleCallbacksListener---onActivityCreated---null
12-03 11:41:00.530 12241 12241 D FiniteState: WEBTOON2.12.10Apkpure---40627fad47208e13ff7955035d04715ba5b4eebde6c5a19701777458539c1063---com.facebook.ads.internal.util.common.ANActivityLifecycleCallbacksListener---onActivityStarted---null
12-03 11:41:00.538 12241 12312 D FiniteState: WEBTOON2.12.10Apkpure---40627fad47208e13ff7955035d04715ba5b4eebde6c5a19701777458539c1063---com.google.android.gms.ads.identifier.AdvertisingIdClient---getAdvertisingIdInfo---null
12-03 11:41:00.538 12241 12312 D FiniteState: WEBTOON2.12.10Apkpure---40627fad47208e13ff7955035d04715ba5b4eebde6c5a19701777458539c1063---com.google.android.gms.ads.identifier.AdvertisingIdClient---zzb---null
12-03 11:41:00.551 12241 12313 D FiniteState: WEBTOON2.12.10Apkpure---40627fad47208e13ff7955035d04715ba5b4eebde6c5a19701777458539c1063---com.google.android.gms.ads.identifier.AdvertisingIdClient---getAdvertisingIdInfo---null
12-03 11:41:00.551 12241 12313 D FiniteState: WEBTOON2.12.10Apkpure---40627fad47208e13ff7955035d04715ba5b4eebde6c5a19701777458539c1063---com.google.android.gms.ads.identifier.AdvertisingIdClient---zzb---null
12-03 11:41:00.560 12241 12415 D FiniteState: WEBTOON2.12.10Apkpure---40627fad47208e13ff7955035d04715ba5b4eebde6c5a19701777458539c1063---com.google.android.gms.ads.identifier.AdvertisingIdClient---getAdvertisingIdInfo---null
12-03 11:41:00.560 12241 12415 D FiniteState: WEBTOON2.12.10Apkpure---40627fad47208e13ff7955035d04715ba5b4eebde6c5a19701777458539c1063---com.google.android.gms.ads.identifier.AdvertisingIdClient---zzb---null
12-03 11:41:00.582 12241 12241 D FiniteState: WEBTOON2.12.10Apkpure---40627fad47208e13ff7955035d04715ba5b4eebde6c5a19701777458539c1063---com.facebook.ads.internal.util.common.ANActivityLifecycleCallbacksListener---onActivityResumed---null
12-03 11:41:00.627 12241 12259 D FiniteState: WEBTOON2.12.10Apkpure---40627fad47208e13ff7955035d04715ba5b4eebde6c5a19701777458539c1063---com.google.android.gms.ads.identifier.AdvertisingIdClient---zzd---null
12-03 11:41:00.631 12241 12304 D FiniteState: WEBTOON2.12.10Apkpure---40627fad47208e13ff7955035d04715ba5b4eebde6c5a19701777458539c1063---com.google.android.gms.ads.identifier.AdvertisingIdClient---zzd---null
12-03 11:41:00.633 12241 12362 D FiniteState: WEBTOON2.12.10Apkpure---40627fad47208e13ff7955035d04715ba5b4eebde6c5a19701777458539c1063---com.google.android.gms.ads.identifier.AdvertisingIdClient---zzd---null
12-03 11:41:00.641 12241 12316 D FiniteState: WEBTOON2.12.10Apkpure---40627fad47208e13ff7955035d04715ba5b4eebde6c5a19701777458539c1063---com.google.android.gms.ads.identifier.AdvertisingIdClient---zzd---null
12-03 11:41:00.647 12241 12362 D FiniteState: WEBTOON2.12.10Apkpure---40627fad47208e13ff7955035d04715ba5b4eebde6c5a19701777458539c1063---com.google.android.gms.ads.identifier.AdvertisingIdClient---zza---null
12-03 11:41:00.650 12241 12312 D FiniteState: WEBTOON2.12.10Apkpure---40627fad47208e13ff7955035d04715ba5b4eebde6c5a19701777458539c1063---com.google.android.gms.ads.identifier.AdvertisingIdClient---zzd---null
12-03 11:41:00.651 12241 12313 D FiniteState: WEBTOON2.12.10Apkpure---40627fad47208e13ff7955035d04715ba5b4eebde6c5a19701777458539c1063---com.google.android.gms.ads.identifier.AdvertisingIdClient---zzd---null
12-03 11:41:00.652 12241 12415 D FiniteState: WEBTOON2.12.10Apkpure---40627fad47208e13ff7955035d04715ba5b4eebde6c5a19701777458539c1063---com.google.android.gms.ads.identifier.AdvertisingIdClient---zzd---null
12-03 11:41:00.656 12241 12316 D FiniteState: WEBTOON2.12.10Apkpure---40627fad47208e13ff7955035d04715ba5b4eebde6c5a19701777458539c1063---com.google.android.gms.ads.identifier.AdvertisingIdClient---zza---null
12-03 11:41:00.656 12241 12259 D FiniteState: WEBTOON2.12.10Apkpure---40627fad47208e13ff7955035d04715ba5b4eebde6c5a19701777458539c1063---com.google.android.gms.ads.identifier.AdvertisingIdClient---zza---null
12-03 11:41:00.656 12241 12306 D FiniteState: WEBTOON2.12.10Apkpure---40627fad47208e13ff7955035d04715ba5b4eebde6c5a19701777458539c1063---com.facebook.ads.internal.dynamicloading.DynamicLoaderFactory---access$200---null
12-03 11:41:00.658 12241 12304 D FiniteState: WEBTOON2.12.10Apkpure---40627fad47208e13ff7955035d04715ba5b4eebde6c5a19701777458539c1063---com.google.android.gms.ads.identifier.AdvertisingIdClient---zza---null
12-03 11:41:00.659 12241 12415 D FiniteState: WEBTOON2.12.10Apkpure---40627fad47208e13ff7955035d04715ba5b4eebde6c5a19701777458539c1063---com.google.android.gms.ads.identifier.AdvertisingIdClient---zza---null
12-03 11:41:00.662 12241 12312 D FiniteState: WEBTOON2.12.10Apkpure---40627fad47208e13ff7955035d04715ba5b4eebde6c5a19701777458539c1063---com.google.android.gms.ads.identifier.AdvertisingIdClient---zza---null
12-03 11:41:00.663 12241 12313 D FiniteState: WEBTOON2.12.10Apkpure---40627fad47208e13ff7955035d04715ba5b4eebde6c5a19701777458539c1063---com.google.android.gms.ads.identifier.AdvertisingIdClient---zza---null
12-03 11:41:00.840 12241 12309 D FiniteState: WEBTOON2.12.10Apkpure---40627fad47208e13ff7955035d04715ba5b4eebde6c5a19701777458539c1063---com.google.android.gms.ads.identifier.AdvertisingIdClient---getAdvertisingIdInfo---null
12-03 11:41:00.840 12241 12309 D FiniteState: WEBTOON2.12.10Apkpure---40627fad47208e13ff7955035d04715ba5b4eebde6c5a19701777458539c1063---com.google.android.gms.ads.identifier.AdvertisingIdClient---zzb---null
12-03 11:41:00.875 12241 12309 D FiniteState: WEBTOON2.12.10Apkpure---40627fad47208e13ff7955035d04715ba5b4eebde6c5a19701777458539c1063---com.google.android.gms.ads.identifier.AdvertisingIdClient---zzd---null
12-03 11:41:00.882 12241 12309 D FiniteState: WEBTOON2.12.10Apkpure---40627fad47208e13ff7955035d04715ba5b4eebde6c5a19701777458539c1063---com.google.android.gms.ads.identifier.AdvertisingIdClient---zza---null
12-03 11:41:00.972 12241 12241 D FiniteState: WEBTOON2.12.10Apkpure---40627fad47208e13ff7955035d04715ba5b4eebde6c5a19701777458539c1063---com.facebook.ads.AudienceNetworkAds---buildInitSettings---null
12-03 11:41:00.972 12241 12241 D FiniteState: WEBTOON2.12.10Apkpure---40627fad47208e13ff7955035d04715ba5b4eebde6c5a19701777458539c1063---com.facebook.ads.internal.dynamicloading.DynamicLoaderFactory---initialize---null
12-03 11:41:00.972 12241 12241 D FiniteState: WEBTOON2.12.10Apkpure---40627fad47208e13ff7955035d04715ba5b4eebde6c5a19701777458539c1063---com.facebook.ads.internal.api.InitSettingsBuilder---initialize---null
12-03 11:41:00.973 12241 12241 D FiniteState: WEBTOON2.12.10Apkpure---40627fad47208e13ff7955035d04715ba5b4eebde6c5a19701777458539c1063---com.facebook.ads.internal.settings.MultithreadedBundleWrapper---putSerializable---null
12-03 11:41:00.973 12241 12241 D FiniteState: WEBTOON2.12.10Apkpure---40627fad47208e13ff7955035d04715ba5b4eebde6c5a19701777458539c1063---com.facebook.ads.AdSettings---setIntegrationErrorMode---null
12-03 11:41:00.988 12241 12485 D FiniteState: WEBTOON2.12.10Apkpure---40627fad47208e13ff7955035d04715ba5b4eebde6c5a19701777458539c1063---com.facebook.ads.internal.dynamicloading.DynamicLoaderFactory$1---run---null
12-03 11:41:01.020 12241 12486 D FiniteState: WEBTOON2.12.10Apkpure---40627fad47208e13ff7955035d04715ba5b4eebde6c5a19701777458539c1063---com.google.android.gms.ads.identifier.AdvertisingIdClient---getAdvertisingIdInfo---null
12-03 11:41:01.020 12241 12486 D FiniteState: WEBTOON2.12.10Apkpure---40627fad47208e13ff7955035d04715ba5b4eebde6c5a19701777458539c1063---com.google.android.gms.ads.identifier.AdvertisingIdClient---zzb---null
12-03 11:41:01.025 12241 12486 D FiniteState: WEBTOON2.12.10Apkpure---40627fad47208e13ff7955035d04715ba5b4eebde6c5a19701777458539c1063---com.google.android.gms.ads.identifier.AdvertisingIdClient---zzd---null
12-03 11:41:01.026 12241 12486 D FiniteState: WEBTOON2.12.10Apkpure---40627fad47208e13ff7955035d04715ba5b4eebde6c5a19701777458539c1063---com.google.android.gms.ads.identifier.AdvertisingIdClient---zza---null
12-03 11:41:01.032 12241 12486 D FiniteState: WEBTOON2.12.10Apkpure---40627fad47208e13ff7955035d04715ba5b4eebde6c5a19701777458539c1063---com.google.android.gms.ads.identifier.AdvertisingIdClient---getAdvertisingIdInfo---null
12-03 11:41:01.032 12241 12486 D FiniteState: WEBTOON2.12.10Apkpure---40627fad47208e13ff7955035d04715ba5b4eebde6c5a19701777458539c1063---com.google.android.gms.ads.identifier.AdvertisingIdClient---zzb---null
12-03 11:41:01.039 12241 12486 D FiniteState: WEBTOON2.12.10Apkpure---40627fad47208e13ff7955035d04715ba5b4eebde6c5a19701777458539c1063---com.google.android.gms.ads.identifier.AdvertisingIdClient---zzd---null
12-03 11:41:01.041 12241 12486 D FiniteState: WEBTOON2.12.10Apkpure---40627fad47208e13ff7955035d04715ba5b4eebde6c5a19701777458539c1063---com.google.android.gms.ads.identifier.AdvertisingIdClient---zza---null
12-03 11:41:01.391 12241 12485 D FiniteState: WEBTOON2.12.10Apkpure---40627fad47208e13ff7955035d04715ba5b4eebde6c5a19701777458539c1063---com.facebook.ads.internal.dynamicloading.DynamicLoaderFactory---createErrorMessage---null
12-03 11:41:01.392 12241 12485 D FiniteState: WEBTOON2.12.10Apkpure---40627fad47208e13ff7955035d04715ba5b4eebde6c5a19701777458539c1063---com.facebook.ads.internal.dynamicloading.DynamicLoaderFallback---makeFallbackLoader---null
12-03 11:41:01.394 12241 12485 D FiniteState: WEBTOON2.12.10Apkpure---40627fad47208e13ff7955035d04715ba5b4eebde6c5a19701777458539c1063---com.facebook.ads.internal.dynamicloading.DynamicLoaderFallback$SimpleMethodCaptor$1---invoke---null
12-03 11:41:01.394 12241 12485 D FiniteState: WEBTOON2.12.10Apkpure---40627fad47208e13ff7955035d04715ba5b4eebde6c5a19701777458539c1063---com.facebook.ads.internal.dynamicloading.DynamicLoaderFallback$SimpleMethodCaptor$1---invoke---null
12-03 11:41:01.394 12241 12485 D FiniteState: WEBTOON2.12.10Apkpure---40627fad47208e13ff7955035d04715ba5b4eebde6c5a19701777458539c1063---com.facebook.ads.internal.dynamicloading.DynamicLoaderFallback$SimpleMethodCaptor$1---invoke---null
12-03 11:41:01.394 12241 12485 D FiniteState: WEBTOON2.12.10Apkpure---40627fad47208e13ff7955035d04715ba5b4eebde6c5a19701777458539c1063---com.facebook.ads.internal.dynamicloading.DynamicLoaderFallback$SimpleMethodCaptor$1---invoke---null
12-03 11:41:01.394 12241 12485 D FiniteState: WEBTOON2.12.10Apkpure---40627fad47208e13ff7955035d04715ba5b4eebde6c5a19701777458539c1063---com.facebook.ads.internal.dynamicloading.DynamicLoaderFallback$SimpleMethodCaptor$1---invoke---null
12-03 11:41:01.394 12241 12485 D FiniteState: WEBTOON2.12.10Apkpure---40627fad47208e13ff7955035d04715ba5b4eebde6c5a19701777458539c1063---com.facebook.ads.internal.dynamicloading.DynamicLoaderFallback$SimpleMethodCaptor$1---invoke---null
12-03 11:41:01.394 12241 12485 D FiniteState: WEBTOON2.12.10Apkpure---40627fad47208e13ff7955035d04715ba5b4eebde6c5a19701777458539c1063---com.facebook.ads.internal.dynamicloading.DynamicLoaderFallback$SimpleMethodCaptor$1---invoke---null
12-03 11:41:01.394 12241 12485 D FiniteState: WEBTOON2.12.10Apkpure---40627fad47208e13ff7955035d04715ba5b4eebde6c5a19701777458539c1063---com.facebook.ads.internal.dynamicloading.DynamicLoaderFallback$SimpleMethodCaptor$1---invoke---null
12-03 11:41:01.394 12241 12485 D FiniteState: WEBTOON2.12.10Apkpure---40627fad47208e13ff7955035d04715ba5b4eebde6c5a19701777458539c1063---com.facebook.ads.internal.dynamicloading.DynamicLoaderFallback$SimpleMethodCaptor$1---invoke---null
12-03 11:41:01.394 12241 12485 D FiniteState: WEBTOON2.12.10Apkpure---40627fad47208e13ff7955035d04715ba5b4eebde6c5a19701777458539c1063---com.facebook.ads.internal.dynamicloading.DynamicLoaderFallback$SimpleMethodCaptor$1---invoke---null
12-03 11:41:01.394 12241 12485 D FiniteState: WEBTOON2.12.10Apkpure---40627fad47208e13ff7955035d04715ba5b4eebde6c5a19701777458539c1063---com.facebook.ads.internal.dynamicloading.DynamicLoaderFallback$SimpleMethodCaptor$1---invoke---null
12-03 11:41:01.394 12241 12485 D FiniteState: WEBTOON2.12.10Apkpure---40627fad47208e13ff7955035d04715ba5b4eebde6c5a19701777458539c1063---com.facebook.ads.internal.dynamicloading.DynamicLoaderFallback$SimpleMethodCaptor$1---invoke---null
12-03 11:41:01.395 12241 12485 D FiniteState: WEBTOON2.12.10Apkpure---40627fad47208e13ff7955035d04715ba5b4eebde6c5a19701777458539c1063---com.facebook.ads.internal.dynamicloading.DynamicLoaderFallback$SimpleMethodCaptor$1---invoke---null
12-03 11:41:01.395 12241 12485 D FiniteState: WEBTOON2.12.10Apkpure---40627fad47208e13ff7955035d04715ba5b4eebde6c5a19701777458539c1063---com.facebook.ads.internal.dynamicloading.DynamicLoaderFallback$SimpleMethodCaptor$1---invoke---null
12-03 11:41:01.395 12241 12485 D FiniteState: WEBTOON2.12.10Apkpure---40627fad47208e13ff7955035d04715ba5b4eebde6c5a19701777458539c1063---com.facebook.ads.internal.dynamicloading.DynamicLoaderFallback$SimpleMethodCaptor$1---invoke---null
12-03 11:41:01.395 12241 12485 D FiniteState: WEBTOON2.12.10Apkpure---40627fad47208e13ff7955035d04715ba5b4eebde6c5a19701777458539c1063---com.facebook.ads.internal.dynamicloading.DynamicLoaderFallback$SimpleMethodCaptor$1---invoke---null
12-03 11:41:01.395 12241 12485 D FiniteState: WEBTOON2.12.10Apkpure---40627fad47208e13ff7955035d04715ba5b4eebde6c5a19701777458539c1063---com.facebook.ads.internal.dynamicloading.DynamicLoaderFallback$SimpleMethodCaptor$1---invoke---null
12-03 11:41:01.395 12241 12485 D FiniteState: WEBTOON2.12.10Apkpure---40627fad47208e13ff7955035d04715ba5b4eebde6c5a19701777458539c1063---com.facebook.ads.internal.dynamicloading.DynamicLoaderFallback$SimpleMethodCaptor$1---invoke---null
12-03 11:41:01.395 12241 12485 D FiniteState: WEBTOON2.12.10Apkpure---40627fad47208e13ff7955035d04715ba5b4eebde6c5a19701777458539c1063---com.facebook.ads.internal.dynamicloading.DynamicLoaderFallback$SimpleMethodCaptor$1---invoke---null
12-03 11:41:01.395 12241 12485 D FiniteState: WEBTOON2.12.10Apkpure---40627fad47208e13ff7955035d04715ba5b4eebde6c5a19701777458539c1063---com.facebook.ads.internal.dynamicloading.DynamicLoaderFallback$SimpleMethodCaptor$1---invoke---null
12-03 11:41:01.395 12241 12485 D FiniteState: WEBTOON2.12.10Apkpure---40627fad47208e13ff7955035d04715ba5b4eebde6c5a19701777458539c1063---com.facebook.ads.internal.dynamicloading.DynamicLoaderFallback$SimpleMethodCaptor$1---invoke---null
12-03 11:41:01.395 12241 12485 D FiniteState: WEBTOON2.12.10Apkpure---40627fad47208e13ff7955035d04715ba5b4eebde6c5a19701777458539c1063---com.facebook.ads.internal.dynamicloading.DynamicLoaderFallback$SimpleMethodCaptor$1---invoke---null
12-03 11:41:01.395 12241 12485 D FiniteState: WEBTOON2.12.10Apkpure---40627fad47208e13ff7955035d04715ba5b4eebde6c5a19701777458539c1063---com.facebook.ads.internal.dynamicloading.DynamicLoaderFactory---setFallbackMode---null
12-03 11:41:01.395 12241 12485 D FiniteState: WEBTOON2.12.10Apkpure---40627fad47208e13ff7955035d04715ba5b4eebde6c5a19701777458539c1063---com.facebook.ads.internal.dynamicloading.DynamicLoaderFactory---doCallInitialize---null
12-03 11:41:01.395 12241 12485 D FiniteState: WEBTOON2.12.10Apkpure---40627fad47208e13ff7955035d04715ba5b4eebde6c5a19701777458539c1063---com.facebook.ads.internal.dynamicloading.DynamicLoaderFactory---access$200---null
12-03 11:41:01.505 12241 12241 D FiniteState: WEBTOON2.12.10Apkpure---40627fad47208e13ff7955035d04715ba5b4eebde6c5a19701777458539c1063---com.facebook.ads.internal.dynamicloading.DynamicLoaderFactory---createErrorInitResult---null
12-03 11:41:01.506 12241 12241 D FiniteState: WEBTOON2.12.10Apkpure---40627fad47208e13ff7955035d04715ba5b4eebde6c5a19701777458539c1063---com.facebook.ads.internal.settings.MultithreadedBundleWrapper---putBoolean---null
12-03 11:41:01.506 12241 12241 D FiniteState: WEBTOON2.12.10Apkpure---40627fad47208e13ff7955035d04715ba5b4eebde6c5a19701777458539c1063---com.facebook.ads.internal.settings.AdInternalSettings---setTestMode---null
12-03 11:41:01.506 12241 12241 D FiniteState: WEBTOON2.12.10Apkpure---40627fad47208e13ff7955035d04715ba5b4eebde6c5a19701777458539c1063---com.facebook.ads.AdSettings---setTestMode---null
12-03 11:41:01.506 12241 12241 D FiniteState: WEBTOON2.12.10Apkpure---40627fad47208e13ff7955035d04715ba5b4eebde6c5a19701777458539c1063---com.facebook.ads.internal.dynamicloading.DynamicLoaderFactory---createErrorMessage---null
12-03 11:41:01.506 12241 12241 D FiniteState: WEBTOON2.12.10Apkpure---40627fad47208e13ff7955035d04715ba5b4eebde6c5a19701777458539c1063---com.facebook.ads.internal.dynamicloading.DynamicLoaderFactory$2---run---null
12-03 11:41:02.406 12241 12252 D FiniteState: WEBTOON2.12.10Apkpure---40627fad47208e13ff7955035d04715ba5b4eebde6c5a19701777458539c1063---com.google.android.gms.ads.identifier.AdvertisingIdClient---zza---null
12-03 11:41:02.406 12241 12252 D FiniteState: WEBTOON2.12.10Apkpure---40627fad47208e13ff7955035d04715ba5b4eebde6c5a19701777458539c1063---com.google.android.gms.ads.identifier.AdvertisingIdClient---finalize---null
12-03 11:41:02.406 12241 12252 D FiniteState: WEBTOON2.12.10Apkpure---40627fad47208e13ff7955035d04715ba5b4eebde6c5a19701777458539c1063---com.google.android.gms.ads.identifier.AdvertisingIdClient---zza---null
12-03 11:41:02.406 12241 12252 D FiniteState: WEBTOON2.12.10Apkpure---40627fad47208e13ff7955035d04715ba5b4eebde6c5a19701777458539c1063---com.google.android.gms.ads.identifier.AdvertisingIdClient---finalize---null
12-03 11:41:02.407 12241 12252 D FiniteState: WEBTOON2.12.10Apkpure---40627fad47208e13ff7955035d04715ba5b4eebde6c5a19701777458539c1063---com.google.android.gms.ads.identifier.AdvertisingIdClient---zza---null
12-03 11:41:02.407 12241 12252 D FiniteState: WEBTOON2.12.10Apkpure---40627fad47208e13ff7955035d04715ba5b4eebde6c5a19701777458539c1063---com.google.android.gms.ads.identifier.AdvertisingIdClient---finalize---null
12-03 11:41:02.407 12241 12252 D FiniteState: WEBTOON2.12.10Apkpure---40627fad47208e13ff7955035d04715ba5b4eebde6c5a19701777458539c1063---com.google.android.gms.ads.identifier.AdvertisingIdClient---zza---null
12-03 11:41:02.407 12241 12252 D FiniteState: WEBTOON2.12.10Apkpure---40627fad47208e13ff7955035d04715ba5b4eebde6c5a19701777458539c1063---com.google.android.gms.ads.identifier.AdvertisingIdClient---finalize---null
12-03 11:41:02.407 12241 12252 D FiniteState: WEBTOON2.12.10Apkpure---40627fad47208e13ff7955035d04715ba5b4eebde6c5a19701777458539c1063---com.google.android.gms.ads.identifier.AdvertisingIdClient---zza---null
12-03 11:41:02.407 12241 12252 D FiniteState: WEBTOON2.12.10Apkpure---40627fad47208e13ff7955035d04715ba5b4eebde6c5a19701777458539c1063---com.google.android.gms.ads.identifier.AdvertisingIdClient---finalize---null
12-03 11:41:02.407 12241 12252 D FiniteState: WEBTOON2.12.10Apkpure---40627fad47208e13ff7955035d04715ba5b4eebde6c5a19701777458539c1063---com.google.android.gms.ads.identifier.AdvertisingIdClient---zza---null
12-03 11:41:02.407 12241 12252 D FiniteState: WEBTOON2.12.10Apkpure---40627fad47208e13ff7955035d04715ba5b4eebde6c5a19701777458539c1063---com.google.android.gms.ads.identifier.AdvertisingIdClient---finalize---null
12-03 11:41:02.407 12241 12252 D FiniteState: WEBTOON2.12.10Apkpure---40627fad47208e13ff7955035d04715ba5b4eebde6c5a19701777458539c1063---com.google.android.gms.ads.identifier.AdvertisingIdClient---zza---null
12-03 11:41:02.407 12241 12252 D FiniteState: WEBTOON2.12.10Apkpure---40627fad47208e13ff7955035d04715ba5b4eebde6c5a19701777458539c1063---com.google.android.gms.ads.identifier.AdvertisingIdClient---finalize---null
12-03 11:41:02.407 12241 12252 D FiniteState: WEBTOON2.12.10Apkpure---40627fad47208e13ff7955035d04715ba5b4eebde6c5a19701777458539c1063---com.google.android.gms.ads.identifier.AdvertisingIdClient---zza---null
12-03 11:41:02.407 12241 12252 D FiniteState: WEBTOON2.12.10Apkpure---40627fad47208e13ff7955035d04715ba5b4eebde6c5a19701777458539c1063---com.google.android.gms.ads.identifier.AdvertisingIdClient---finalize---null
12-03 11:41:02.407 12241 12252 D FiniteState: WEBTOON2.12.10Apkpure---40627fad47208e13ff7955035d04715ba5b4eebde6c5a19701777458539c1063---com.google.android.gms.ads.identifier.AdvertisingIdClient---zza---null
12-03 11:41:02.408 12241 12252 D FiniteState: WEBTOON2.12.10Apkpure---40627fad47208e13ff7955035d04715ba5b4eebde6c5a19701777458539c1063---com.google.android.gms.ads.identifier.AdvertisingIdClient---finalize---null
