04-03 15:15:33.015 19174 19224 D FiniteState: BooksyforCustomers2.10.2354Apkpure---5ec3556eb8efd7f46f5e4cd397d4dea0fac560d0ac57b924f86d36a8c59f515d---com.google.android.gms.ads.identifier.AdvertisingIdClient---zzb---null
04-03 15:15:33.017 19174 19309 D FiniteState: BooksyforCustomers2.10.2354Apkpure---5ec3556eb8efd7f46f5e4cd397d4dea0fac560d0ac57b924f86d36a8c59f515d---com.google.android.gms.ads.identifier.AdvertisingIdClient---getAdvertisingIdInfo---null
04-03 15:15:33.017 19174 19309 D FiniteState: BooksyforCustomers2.10.2354Apkpure---5ec3556eb8efd7f46f5e4cd397d4dea0fac560d0ac57b924f86d36a8c59f515d---com.google.android.gms.ads.identifier.AdvertisingIdClient---zzb---null
04-03 15:15:33.090 19174 19342 D FiniteState: BooksyforCustomers2.10.2354Apkpure---5ec3556eb8efd7f46f5e4cd397d4dea0fac560d0ac57b924f86d36a8c59f515d---com.google.android.gms.ads.identifier.AdvertisingIdClient---getInfo---null
04-03 15:15:33.091 19174 19226 D FiniteState: BooksyforCustomers2.10.2354Apkpure---5ec3556eb8efd7f46f5e4cd397d4dea0fac560d0ac57b924f86d36a8c59f515d---com.google.android.gms.ads.identifier.AdvertisingIdClient---getInfo---null
04-03 15:15:33.096 19174 19342 D FiniteState: BooksyforCustomers2.10.2354Apkpure---5ec3556eb8efd7f46f5e4cd397d4dea0fac560d0ac57b924f86d36a8c59f515d---com.google.android.gms.ads.identifier.AdvertisingIdClient---zza---null
04-03 15:15:33.122 19174 19226 D FiniteState: BooksyforCustomers2.10.2354Apkpure---5ec3556eb8efd7f46f5e4cd397d4dea0fac560d0ac57b924f86d36a8c59f515d---com.google.android.gms.ads.identifier.AdvertisingIdClient---zza---null
04-03 15:15:33.152 19174 19224 D FiniteState: BooksyforCustomers2.10.2354Apkpure---5ec3556eb8efd7f46f5e4cd397d4dea0fac560d0ac57b924f86d36a8c59f515d---com.google.android.gms.ads.identifier.AdvertisingIdClient---getInfo---null
04-03 15:15:33.153 19174 19309 D FiniteState: BooksyforCustomers2.10.2354Apkpure---5ec3556eb8efd7f46f5e4cd397d4dea0fac560d0ac57b924f86d36a8c59f515d---com.google.android.gms.ads.identifier.AdvertisingIdClient---getInfo---null
04-03 15:15:33.158 19174 19224 D FiniteState: BooksyforCustomers2.10.2354Apkpure---5ec3556eb8efd7f46f5e4cd397d4dea0fac560d0ac57b924f86d36a8c59f515d---com.google.android.gms.ads.identifier.AdvertisingIdClient---zza---null
04-03 15:15:33.159 19174 19309 D FiniteState: BooksyforCustomers2.10.2354Apkpure---5ec3556eb8efd7f46f5e4cd397d4dea0fac560d0ac57b924f86d36a8c59f515d---com.google.android.gms.ads.identifier.AdvertisingIdClient---zza---null
04-03 15:15:33.351 19174 19186 D FiniteState: BooksyforCustomers2.10.2354Apkpure---5ec3556eb8efd7f46f5e4cd397d4dea0fac560d0ac57b924f86d36a8c59f515d---com.google.android.gms.ads.identifier.AdvertisingIdClient---zza---null
04-03 15:15:33.351 19174 19186 D FiniteState: BooksyforCustomers2.10.2354Apkpure---5ec3556eb8efd7f46f5e4cd397d4dea0fac560d0ac57b924f86d36a8c59f515d---com.google.android.gms.ads.identifier.AdvertisingIdClient---finalize---null
04-03 15:15:33.351 19174 19186 D FiniteState: BooksyforCustomers2.10.2354Apkpure---5ec3556eb8efd7f46f5e4cd397d4dea0fac560d0ac57b924f86d36a8c59f515d---com.google.android.gms.ads.identifier.AdvertisingIdClient---zza---null
04-03 15:15:33.351 19174 19186 D FiniteState: BooksyforCustomers2.10.2354Apkpure---5ec3556eb8efd7f46f5e4cd397d4dea0fac560d0ac57b924f86d36a8c59f515d---com.google.android.gms.ads.identifier.AdvertisingIdClient---finalize---null
04-03 15:15:33.351 19174 19186 D FiniteState: BooksyforCustomers2.10.2354Apkpure---5ec3556eb8efd7f46f5e4cd397d4dea0fac560d0ac57b924f86d36a8c59f515d---com.google.android.gms.ads.identifier.AdvertisingIdClient---zza---null
04-03 15:15:33.351 19174 19186 D FiniteState: BooksyforCustomers2.10.2354Apkpure---5ec3556eb8efd7f46f5e4cd397d4dea0fac560d0ac57b924f86d36a8c59f515d---com.google.android.gms.ads.identifier.AdvertisingIdClient---finalize---null
04-03 15:15:33.351 19174 19186 D FiniteState: BooksyforCustomers2.10.2354Apkpure---5ec3556eb8efd7f46f5e4cd397d4dea0fac560d0ac57b924f86d36a8c59f515d---com.google.android.gms.ads.identifier.AdvertisingIdClient---zza---null
04-03 15:15:33.351 19174 19186 D FiniteState: BooksyforCustomers2.10.2354Apkpure---5ec3556eb8efd7f46f5e4cd397d4dea0fac560d0ac57b924f86d36a8c59f515d---com.google.android.gms.ads.identifier.AdvertisingIdClient---finalize---null
04-03 15:15:45.450 19174 19345 D FiniteState: BooksyforCustomers2.10.2354Apkpure---5ec3556eb8efd7f46f5e4cd397d4dea0fac560d0ac57b924f86d36a8c59f515d---com.google.android.gms.ads.identifier.AdvertisingIdClient---getAdvertisingIdInfo---null
04-03 15:15:45.450 19174 19345 D FiniteState: BooksyforCustomers2.10.2354Apkpure---5ec3556eb8efd7f46f5e4cd397d4dea0fac560d0ac57b924f86d36a8c59f515d---com.google.android.gms.ads.identifier.AdvertisingIdClient---zzb---null
04-03 15:15:45.472 19174 19225 D FiniteState: BooksyforCustomers2.10.2354Apkpure---5ec3556eb8efd7f46f5e4cd397d4dea0fac560d0ac57b924f86d36a8c59f515d---com.google.android.gms.ads.identifier.AdvertisingIdClient---getAdvertisingIdInfo---null
04-03 15:15:45.473 19174 19225 D FiniteState: BooksyforCustomers2.10.2354Apkpure---5ec3556eb8efd7f46f5e4cd397d4dea0fac560d0ac57b924f86d36a8c59f515d---com.google.android.gms.ads.identifier.AdvertisingIdClient---zzb---null
04-03 15:15:45.492 19174 19225 D FiniteState: BooksyforCustomers2.10.2354Apkpure---5ec3556eb8efd7f46f5e4cd397d4dea0fac560d0ac57b924f86d36a8c59f515d---com.google.android.gms.ads.identifier.AdvertisingIdClient---getInfo---null
04-03 15:15:45.492 19174 19345 D FiniteState: BooksyforCustomers2.10.2354Apkpure---5ec3556eb8efd7f46f5e4cd397d4dea0fac560d0ac57b924f86d36a8c59f515d---com.google.android.gms.ads.identifier.AdvertisingIdClient---getInfo---null
04-03 15:15:45.516 19174 19345 D FiniteState: BooksyforCustomers2.10.2354Apkpure---5ec3556eb8efd7f46f5e4cd397d4dea0fac560d0ac57b924f86d36a8c59f515d---com.google.android.gms.ads.identifier.AdvertisingIdClient---zza---null
04-03 15:15:45.546 19174 19225 D FiniteState: BooksyforCustomers2.10.2354Apkpure---5ec3556eb8efd7f46f5e4cd397d4dea0fac560d0ac57b924f86d36a8c59f515d---com.google.android.gms.ads.identifier.AdvertisingIdClient---zza---null
04-03 15:15:47.817 19174 19221 D FiniteState: BooksyforCustomers2.10.2354Apkpure---5ec3556eb8efd7f46f5e4cd397d4dea0fac560d0ac57b924f86d36a8c59f515d---com.google.android.gms.ads.identifier.AdvertisingIdClient---getAdvertisingIdInfo---null
04-03 15:15:47.817 19174 19221 D FiniteState: BooksyforCustomers2.10.2354Apkpure---5ec3556eb8efd7f46f5e4cd397d4dea0fac560d0ac57b924f86d36a8c59f515d---com.google.android.gms.ads.identifier.AdvertisingIdClient---zzb---null
04-03 15:15:47.955 19174 19594 D FiniteState: BooksyforCustomers2.10.2354Apkpure---5ec3556eb8efd7f46f5e4cd397d4dea0fac560d0ac57b924f86d36a8c59f515d---com.google.android.gms.ads.identifier.AdvertisingIdClient---getAdvertisingIdInfo---null
04-03 15:15:47.955 19174 19594 D FiniteState: BooksyforCustomers2.10.2354Apkpure---5ec3556eb8efd7f46f5e4cd397d4dea0fac560d0ac57b924f86d36a8c59f515d---com.google.android.gms.ads.identifier.AdvertisingIdClient---zzb---null
04-03 15:15:48.139 19174 19226 D FiniteState: BooksyforCustomers2.10.2354Apkpure---5ec3556eb8efd7f46f5e4cd397d4dea0fac560d0ac57b924f86d36a8c59f515d---com.google.android.gms.ads.identifier.AdvertisingIdClient---getAdvertisingIdInfo---null
04-03 15:15:48.139 19174 19226 D FiniteState: BooksyforCustomers2.10.2354Apkpure---5ec3556eb8efd7f46f5e4cd397d4dea0fac560d0ac57b924f86d36a8c59f515d---com.google.android.gms.ads.identifier.AdvertisingIdClient---zzb---null
04-03 15:15:48.148 19174 19221 D FiniteState: BooksyforCustomers2.10.2354Apkpure---5ec3556eb8efd7f46f5e4cd397d4dea0fac560d0ac57b924f86d36a8c59f515d---com.google.android.gms.ads.identifier.AdvertisingIdClient---getInfo---null
04-03 15:15:48.153 19174 19221 D FiniteState: BooksyforCustomers2.10.2354Apkpure---5ec3556eb8efd7f46f5e4cd397d4dea0fac560d0ac57b924f86d36a8c59f515d---com.google.android.gms.ads.identifier.AdvertisingIdClient---zza---null
04-03 15:15:48.187 19174 19594 D FiniteState: BooksyforCustomers2.10.2354Apkpure---5ec3556eb8efd7f46f5e4cd397d4dea0fac560d0ac57b924f86d36a8c59f515d---com.google.android.gms.ads.identifier.AdvertisingIdClient---getInfo---null
04-03 15:15:48.189 19174 19226 D FiniteState: BooksyforCustomers2.10.2354Apkpure---5ec3556eb8efd7f46f5e4cd397d4dea0fac560d0ac57b924f86d36a8c59f515d---com.google.android.gms.ads.identifier.AdvertisingIdClient---getInfo---null
04-03 15:15:48.198 19174 19594 D FiniteState: BooksyforCustomers2.10.2354Apkpure---5ec3556eb8efd7f46f5e4cd397d4dea0fac560d0ac57b924f86d36a8c59f515d---com.google.android.gms.ads.identifier.AdvertisingIdClient---zza---null
04-03 15:15:48.211 19174 19226 D FiniteState: BooksyforCustomers2.10.2354Apkpure---5ec3556eb8efd7f46f5e4cd397d4dea0fac560d0ac57b924f86d36a8c59f515d---com.google.android.gms.ads.identifier.AdvertisingIdClient---zza---null
04-03 15:15:48.219 19174 19186 D FiniteState: BooksyforCustomers2.10.2354Apkpure---5ec3556eb8efd7f46f5e4cd397d4dea0fac560d0ac57b924f86d36a8c59f515d---com.google.android.gms.ads.identifier.AdvertisingIdClient---zza---null
04-03 15:15:48.219 19174 19186 D FiniteState: BooksyforCustomers2.10.2354Apkpure---5ec3556eb8efd7f46f5e4cd397d4dea0fac560d0ac57b924f86d36a8c59f515d---com.google.android.gms.ads.identifier.AdvertisingIdClient---finalize---null
04-03 15:15:48.220 19174 19186 D FiniteState: BooksyforCustomers2.10.2354Apkpure---5ec3556eb8efd7f46f5e4cd397d4dea0fac560d0ac57b924f86d36a8c59f515d---com.google.android.gms.ads.identifier.AdvertisingIdClient---zza---null
04-03 15:15:48.220 19174 19186 D FiniteState: BooksyforCustomers2.10.2354Apkpure---5ec3556eb8efd7f46f5e4cd397d4dea0fac560d0ac57b924f86d36a8c59f515d---com.google.android.gms.ads.identifier.AdvertisingIdClient---finalize---null
04-03 15:15:50.505 19174 19186 D FiniteState: BooksyforCustomers2.10.2354Apkpure---5ec3556eb8efd7f46f5e4cd397d4dea0fac560d0ac57b924f86d36a8c59f515d---com.google.android.gms.ads.identifier.AdvertisingIdClient---zza---null
04-03 15:15:50.505 19174 19186 D FiniteState: BooksyforCustomers2.10.2354Apkpure---5ec3556eb8efd7f46f5e4cd397d4dea0fac560d0ac57b924f86d36a8c59f515d---com.google.android.gms.ads.identifier.AdvertisingIdClient---finalize---null
04-03 15:15:50.505 19174 19186 D FiniteState: BooksyforCustomers2.10.2354Apkpure---5ec3556eb8efd7f46f5e4cd397d4dea0fac560d0ac57b924f86d36a8c59f515d---com.google.android.gms.ads.identifier.AdvertisingIdClient---zza---null
04-03 15:15:50.505 19174 19186 D FiniteState: BooksyforCustomers2.10.2354Apkpure---5ec3556eb8efd7f46f5e4cd397d4dea0fac560d0ac57b924f86d36a8c59f515d---com.google.android.gms.ads.identifier.AdvertisingIdClient---finalize---null
04-03 15:15:50.505 19174 19186 D FiniteState: BooksyforCustomers2.10.2354Apkpure---5ec3556eb8efd7f46f5e4cd397d4dea0fac560d0ac57b924f86d36a8c59f515d---com.google.android.gms.ads.identifier.AdvertisingIdClient---zza---null
04-03 15:15:50.505 19174 19186 D FiniteState: BooksyforCustomers2.10.2354Apkpure---5ec3556eb8efd7f46f5e4cd397d4dea0fac560d0ac57b924f86d36a8c59f515d---com.google.android.gms.ads.identifier.AdvertisingIdClient---finalize---null
04-03 15:16:20.912 19776 19776 D FiniteState: BotHubAIChatbotHub1.0.61Apkpure---1c01d1cdb469df25e93ce5605748977c630f8538a4d1a1b5bc59af533feb4b93---com.google.android.gms.ads.MobileAdsInitProvider---attachInfo---null
04-03 15:16:21.811 19776 19776 D FiniteState: BotHubAIChatbotHub1.0.61Apkpure---1c01d1cdb469df25e93ce5605748977c630f8538a4d1a1b5bc59af533feb4b93---com.google.android.gms.ads.internal.client.LiteSdkInfo---getLiteSdkVersion---null
04-03 15:16:23.173 19776 19776 D FiniteState: BotHubAIChatbotHub1.0.61Apkpure---1c01d1cdb469df25e93ce5605748977c630f8538a4d1a1b5bc59af533feb4b93---com.google.android.gms.ads.MobileAds---d---null
04-03 15:16:42.582 20053 20127 D FiniteState: BooksyforCustomers2.10.2354Apkpure---5ec3556eb8efd7f46f5e4cd397d4dea0fac560d0ac57b924f86d36a8c59f515d---com.google.android.gms.ads.identifier.AdvertisingIdClient---getAdvertisingIdInfo---null
04-03 15:16:42.582 20053 20127 D FiniteState: BooksyforCustomers2.10.2354Apkpure---5ec3556eb8efd7f46f5e4cd397d4dea0fac560d0ac57b924f86d36a8c59f515d---com.google.android.gms.ads.identifier.AdvertisingIdClient---zzb---null
04-03 15:16:42.637 20053 20093 D FiniteState: BooksyforCustomers2.10.2354Apkpure---5ec3556eb8efd7f46f5e4cd397d4dea0fac560d0ac57b924f86d36a8c59f515d---com.google.android.gms.ads.identifier.AdvertisingIdClient---getAdvertisingIdInfo---null
04-03 15:16:42.637 20053 20093 D FiniteState: BooksyforCustomers2.10.2354Apkpure---5ec3556eb8efd7f46f5e4cd397d4dea0fac560d0ac57b924f86d36a8c59f515d---com.google.android.gms.ads.identifier.AdvertisingIdClient---zzb---null
04-03 15:16:42.677 20053 20096 D FiniteState: BooksyforCustomers2.10.2354Apkpure---5ec3556eb8efd7f46f5e4cd397d4dea0fac560d0ac57b924f86d36a8c59f515d---com.google.android.gms.ads.identifier.AdvertisingIdClient---getAdvertisingIdInfo---null
04-03 15:16:42.677 20053 20096 D FiniteState: BooksyforCustomers2.10.2354Apkpure---5ec3556eb8efd7f46f5e4cd397d4dea0fac560d0ac57b924f86d36a8c59f515d---com.google.android.gms.ads.identifier.AdvertisingIdClient---zzb---null
04-03 15:16:42.720 20053 20141 D FiniteState: BooksyforCustomers2.10.2354Apkpure---5ec3556eb8efd7f46f5e4cd397d4dea0fac560d0ac57b924f86d36a8c59f515d---com.google.android.gms.ads.identifier.AdvertisingIdClient---getAdvertisingIdInfo---null
04-03 15:16:42.720 20053 20141 D FiniteState: BooksyforCustomers2.10.2354Apkpure---5ec3556eb8efd7f46f5e4cd397d4dea0fac560d0ac57b924f86d36a8c59f515d---com.google.android.gms.ads.identifier.AdvertisingIdClient---zzb---null
04-03 15:16:43.556 20053 20127 D FiniteState: BooksyforCustomers2.10.2354Apkpure---5ec3556eb8efd7f46f5e4cd397d4dea0fac560d0ac57b924f86d36a8c59f515d---com.google.android.gms.ads.identifier.AdvertisingIdClient---getInfo---null
04-03 15:16:43.557 20053 20093 D FiniteState: BooksyforCustomers2.10.2354Apkpure---5ec3556eb8efd7f46f5e4cd397d4dea0fac560d0ac57b924f86d36a8c59f515d---com.google.android.gms.ads.identifier.AdvertisingIdClient---getInfo---null
04-03 15:16:43.558 20053 20096 D FiniteState: BooksyforCustomers2.10.2354Apkpure---5ec3556eb8efd7f46f5e4cd397d4dea0fac560d0ac57b924f86d36a8c59f515d---com.google.android.gms.ads.identifier.AdvertisingIdClient---getInfo---null
04-03 15:16:43.558 20053 20141 D FiniteState: BooksyforCustomers2.10.2354Apkpure---5ec3556eb8efd7f46f5e4cd397d4dea0fac560d0ac57b924f86d36a8c59f515d---com.google.android.gms.ads.identifier.AdvertisingIdClient---getInfo---null
04-03 15:16:43.562 20053 20127 D FiniteState: BooksyforCustomers2.10.2354Apkpure---5ec3556eb8efd7f46f5e4cd397d4dea0fac560d0ac57b924f86d36a8c59f515d---com.google.android.gms.ads.identifier.AdvertisingIdClient---zza---null
04-03 15:16:43.570 20053 20141 D FiniteState: BooksyforCustomers2.10.2354Apkpure---5ec3556eb8efd7f46f5e4cd397d4dea0fac560d0ac57b924f86d36a8c59f515d---com.google.android.gms.ads.identifier.AdvertisingIdClient---zza---null
04-03 15:16:43.571 20053 20096 D FiniteState: BooksyforCustomers2.10.2354Apkpure---5ec3556eb8efd7f46f5e4cd397d4dea0fac560d0ac57b924f86d36a8c59f515d---com.google.android.gms.ads.identifier.AdvertisingIdClient---zza---null
04-03 15:16:43.577 20053 20093 D FiniteState: BooksyforCustomers2.10.2354Apkpure---5ec3556eb8efd7f46f5e4cd397d4dea0fac560d0ac57b924f86d36a8c59f515d---com.google.android.gms.ads.identifier.AdvertisingIdClient---zza---null
04-03 15:16:43.661 20053 20097 D FiniteState: BooksyforCustomers2.10.2354Apkpure---5ec3556eb8efd7f46f5e4cd397d4dea0fac560d0ac57b924f86d36a8c59f515d---com.google.android.gms.ads.identifier.AdvertisingIdClient---getAdvertisingIdInfo---null
04-03 15:16:43.661 20053 20097 D FiniteState: BooksyforCustomers2.10.2354Apkpure---5ec3556eb8efd7f46f5e4cd397d4dea0fac560d0ac57b924f86d36a8c59f515d---com.google.android.gms.ads.identifier.AdvertisingIdClient---zzb---null
04-03 15:16:43.691 20053 20097 D FiniteState: BooksyforCustomers2.10.2354Apkpure---5ec3556eb8efd7f46f5e4cd397d4dea0fac560d0ac57b924f86d36a8c59f515d---com.google.android.gms.ads.identifier.AdvertisingIdClient---getInfo---null
04-03 15:16:43.696 20053 20097 D FiniteState: BooksyforCustomers2.10.2354Apkpure---5ec3556eb8efd7f46f5e4cd397d4dea0fac560d0ac57b924f86d36a8c59f515d---com.google.android.gms.ads.identifier.AdvertisingIdClient---zza---null
04-03 15:16:43.735 20053 20061 D FiniteState: BooksyforCustomers2.10.2354Apkpure---5ec3556eb8efd7f46f5e4cd397d4dea0fac560d0ac57b924f86d36a8c59f515d---com.google.android.gms.ads.identifier.AdvertisingIdClient---zza---null
04-03 15:16:43.735 20053 20061 D FiniteState: BooksyforCustomers2.10.2354Apkpure---5ec3556eb8efd7f46f5e4cd397d4dea0fac560d0ac57b924f86d36a8c59f515d---com.google.android.gms.ads.identifier.AdvertisingIdClient---finalize---null
04-03 15:16:43.735 20053 20061 D FiniteState: BooksyforCustomers2.10.2354Apkpure---5ec3556eb8efd7f46f5e4cd397d4dea0fac560d0ac57b924f86d36a8c59f515d---com.google.android.gms.ads.identifier.AdvertisingIdClient---zza---null
04-03 15:16:43.735 20053 20061 D FiniteState: BooksyforCustomers2.10.2354Apkpure---5ec3556eb8efd7f46f5e4cd397d4dea0fac560d0ac57b924f86d36a8c59f515d---com.google.android.gms.ads.identifier.AdvertisingIdClient---finalize---null
04-03 15:16:43.735 20053 20061 D FiniteState: BooksyforCustomers2.10.2354Apkpure---5ec3556eb8efd7f46f5e4cd397d4dea0fac560d0ac57b924f86d36a8c59f515d---com.google.android.gms.ads.identifier.AdvertisingIdClient---zza---null
04-03 15:16:43.735 20053 20061 D FiniteState: BooksyforCustomers2.10.2354Apkpure---5ec3556eb8efd7f46f5e4cd397d4dea0fac560d0ac57b924f86d36a8c59f515d---com.google.android.gms.ads.identifier.AdvertisingIdClient---finalize---null
04-03 15:16:43.735 20053 20061 D FiniteState: BooksyforCustomers2.10.2354Apkpure---5ec3556eb8efd7f46f5e4cd397d4dea0fac560d0ac57b924f86d36a8c59f515d---com.google.android.gms.ads.identifier.AdvertisingIdClient---zza---null
04-03 15:16:43.735 20053 20061 D FiniteState: BooksyforCustomers2.10.2354Apkpure---5ec3556eb8efd7f46f5e4cd397d4dea0fac560d0ac57b924f86d36a8c59f515d---com.google.android.gms.ads.identifier.AdvertisingIdClient---finalize---null
04-03 15:16:43.909 20053 20061 D FiniteState: BooksyforCustomers2.10.2354Apkpure---5ec3556eb8efd7f46f5e4cd397d4dea0fac560d0ac57b924f86d36a8c59f515d---com.google.android.gms.ads.identifier.AdvertisingIdClient---zza---null
04-03 15:16:43.909 20053 20061 D FiniteState: BooksyforCustomers2.10.2354Apkpure---5ec3556eb8efd7f46f5e4cd397d4dea0fac560d0ac57b924f86d36a8c59f515d---com.google.android.gms.ads.identifier.AdvertisingIdClient---finalize---null
04-03 15:16:53.312 20284 20284 D FiniteState: BusinessGame8.0Apkpure---4d096ee25b14689a3cfc9748cd7d11ef0a9eb772302a1dab4526d7c51922adda---com.google.android.gms.ads.MobileAdsInitProvider---attachInfo---null
04-03 15:17:06.139 20381 20411 D FiniteState: AllEventsinCity-Discover10.1Apkpure---0d79be6f44e84d21153071a07b5dcb612e0258523562d9b25000ed18674e9c85---com.google.android.gms.ads.identifier.AdvertisingIdClient---getAdvertisingIdInfo---null
04-03 15:17:06.177 20381 20411 D FiniteState: AllEventsinCity-Discover10.1Apkpure---0d79be6f44e84d21153071a07b5dcb612e0258523562d9b25000ed18674e9c85---com.google.android.gms.ads.identifier.AdvertisingIdClient---zza---null
04-03 15:17:06.178 20381 20411 D FiniteState: AllEventsinCity-Discover10.1Apkpure---0d79be6f44e84d21153071a07b5dcb612e0258523562d9b25000ed18674e9c85---com.google.android.gms.ads.identifier.AdvertisingIdClient---zza---null
04-03 15:17:06.272 20381 20437 D FiniteState: AllEventsinCity-Discover10.1Apkpure---0d79be6f44e84d21153071a07b5dcb612e0258523562d9b25000ed18674e9c85---com.google.android.gms.ads.identifier.AdvertisingIdClient---getAdvertisingIdInfo---null
04-03 15:17:06.272 20381 20437 D FiniteState: AllEventsinCity-Discover10.1Apkpure---0d79be6f44e84d21153071a07b5dcb612e0258523562d9b25000ed18674e9c85---com.google.android.gms.ads.identifier.AdvertisingIdClient---zza---null
04-03 15:17:06.274 20381 20437 D FiniteState: AllEventsinCity-Discover10.1Apkpure---0d79be6f44e84d21153071a07b5dcb612e0258523562d9b25000ed18674e9c85---com.google.android.gms.ads.identifier.AdvertisingIdClient---zza---null
04-03 15:17:06.358 20381 20408 D FiniteState: AllEventsinCity-Discover10.1Apkpure---0d79be6f44e84d21153071a07b5dcb612e0258523562d9b25000ed18674e9c85---com.google.android.gms.ads.identifier.AdvertisingIdClient---getAdvertisingIdInfo---null
04-03 15:17:06.358 20381 20408 D FiniteState: AllEventsinCity-Discover10.1Apkpure---0d79be6f44e84d21153071a07b5dcb612e0258523562d9b25000ed18674e9c85---com.google.android.gms.ads.identifier.AdvertisingIdClient---zza---null
04-03 15:17:06.359 20381 20408 D FiniteState: AllEventsinCity-Discover10.1Apkpure---0d79be6f44e84d21153071a07b5dcb612e0258523562d9b25000ed18674e9c85---com.google.android.gms.ads.identifier.AdvertisingIdClient---zza---null
04-03 15:17:06.369 20381 20450 D FiniteState: AllEventsinCity-Discover10.1Apkpure---0d79be6f44e84d21153071a07b5dcb612e0258523562d9b25000ed18674e9c85---com.google.android.gms.ads.identifier.AdvertisingIdClient---getAdvertisingIdInfo---null
04-03 15:17:06.369 20381 20450 D FiniteState: AllEventsinCity-Discover10.1Apkpure---0d79be6f44e84d21153071a07b5dcb612e0258523562d9b25000ed18674e9c85---com.google.android.gms.ads.identifier.AdvertisingIdClient---zza---null
04-03 15:17:06.371 20381 20450 D FiniteState: AllEventsinCity-Discover10.1Apkpure---0d79be6f44e84d21153071a07b5dcb612e0258523562d9b25000ed18674e9c85---com.google.android.gms.ads.identifier.AdvertisingIdClient---zza---null
04-03 15:17:06.429 20381 20411 D FiniteState: AllEventsinCity-Discover10.1Apkpure---0d79be6f44e84d21153071a07b5dcb612e0258523562d9b25000ed18674e9c85---com.google.android.gms.ads.identifier.AdvertisingIdClient---getInfo---null
04-03 15:17:06.430 20381 20437 D FiniteState: AllEventsinCity-Discover10.1Apkpure---0d79be6f44e84d21153071a07b5dcb612e0258523562d9b25000ed18674e9c85---com.google.android.gms.ads.identifier.AdvertisingIdClient---getInfo---null
04-03 15:17:06.431 20381 20408 D FiniteState: AllEventsinCity-Discover10.1Apkpure---0d79be6f44e84d21153071a07b5dcb612e0258523562d9b25000ed18674e9c85---com.google.android.gms.ads.identifier.AdvertisingIdClient---getInfo---null
04-03 15:17:06.431 20381 20450 D FiniteState: AllEventsinCity-Discover10.1Apkpure---0d79be6f44e84d21153071a07b5dcb612e0258523562d9b25000ed18674e9c85---com.google.android.gms.ads.identifier.AdvertisingIdClient---getInfo---null
04-03 15:17:06.439 20381 20450 D FiniteState: AllEventsinCity-Discover10.1Apkpure---0d79be6f44e84d21153071a07b5dcb612e0258523562d9b25000ed18674e9c85---com.google.android.gms.ads.identifier.AdvertisingIdClient---finish---null
04-03 15:17:06.439 20381 20411 D FiniteState: AllEventsinCity-Discover10.1Apkpure---0d79be6f44e84d21153071a07b5dcb612e0258523562d9b25000ed18674e9c85---com.google.android.gms.ads.identifier.AdvertisingIdClient---finish---null
04-03 15:17:06.440 20381 20408 D FiniteState: AllEventsinCity-Discover10.1Apkpure---0d79be6f44e84d21153071a07b5dcb612e0258523562d9b25000ed18674e9c85---com.google.android.gms.ads.identifier.AdvertisingIdClient---finish---null
04-03 15:17:06.446 20381 20437 D FiniteState: AllEventsinCity-Discover10.1Apkpure---0d79be6f44e84d21153071a07b5dcb612e0258523562d9b25000ed18674e9c85---com.google.android.gms.ads.identifier.AdvertisingIdClient---finish---null
04-03 15:17:06.467 20381 20405 D FiniteState: AllEventsinCity-Discover10.1Apkpure---0d79be6f44e84d21153071a07b5dcb612e0258523562d9b25000ed18674e9c85---com.google.android.gms.ads.identifier.AdvertisingIdClient---getAdvertisingIdInfo---null
04-03 15:17:06.467 20381 20405 D FiniteState: AllEventsinCity-Discover10.1Apkpure---0d79be6f44e84d21153071a07b5dcb612e0258523562d9b25000ed18674e9c85---com.google.android.gms.ads.identifier.AdvertisingIdClient---zza---null
04-03 15:17:06.476 20381 20437 D FiniteState: AllEventsinCity-Discover10.1Apkpure---0d79be6f44e84d21153071a07b5dcb612e0258523562d9b25000ed18674e9c85---com.google.android.gms.ads.identifier.AdvertisingIdClient---getAdvertisingIdInfo---null
04-03 15:17:06.476 20381 20437 D FiniteState: AllEventsinCity-Discover10.1Apkpure---0d79be6f44e84d21153071a07b5dcb612e0258523562d9b25000ed18674e9c85---com.google.android.gms.ads.identifier.AdvertisingIdClient---zza---null
04-03 15:17:06.476 20381 20405 D FiniteState: AllEventsinCity-Discover10.1Apkpure---0d79be6f44e84d21153071a07b5dcb612e0258523562d9b25000ed18674e9c85---com.google.android.gms.ads.identifier.AdvertisingIdClient---zza---null
04-03 15:17:06.480 20381 20437 D FiniteState: AllEventsinCity-Discover10.1Apkpure---0d79be6f44e84d21153071a07b5dcb612e0258523562d9b25000ed18674e9c85---com.google.android.gms.ads.identifier.AdvertisingIdClient---zza---null
04-03 15:17:06.496 20381 20405 D FiniteState: AllEventsinCity-Discover10.1Apkpure---0d79be6f44e84d21153071a07b5dcb612e0258523562d9b25000ed18674e9c85---com.google.android.gms.ads.identifier.AdvertisingIdClient---getInfo---null
04-03 15:17:06.497 20381 20437 D FiniteState: AllEventsinCity-Discover10.1Apkpure---0d79be6f44e84d21153071a07b5dcb612e0258523562d9b25000ed18674e9c85---com.google.android.gms.ads.identifier.AdvertisingIdClient---getInfo---null
04-03 15:17:06.509 20381 20405 D FiniteState: AllEventsinCity-Discover10.1Apkpure---0d79be6f44e84d21153071a07b5dcb612e0258523562d9b25000ed18674e9c85---com.google.android.gms.ads.identifier.AdvertisingIdClient---finish---null
04-03 15:17:06.529 20381 20437 D FiniteState: AllEventsinCity-Discover10.1Apkpure---0d79be6f44e84d21153071a07b5dcb612e0258523562d9b25000ed18674e9c85---com.google.android.gms.ads.identifier.AdvertisingIdClient---finish---null
04-03 15:17:06.566 20381 20389 D FiniteState: AllEventsinCity-Discover10.1Apkpure---0d79be6f44e84d21153071a07b5dcb612e0258523562d9b25000ed18674e9c85---com.google.android.gms.ads.identifier.AdvertisingIdClient---finish---null
04-03 15:17:06.566 20381 20389 D FiniteState: AllEventsinCity-Discover10.1Apkpure---0d79be6f44e84d21153071a07b5dcb612e0258523562d9b25000ed18674e9c85---com.google.android.gms.ads.identifier.AdvertisingIdClient---finalize---null
04-03 15:17:06.566 20381 20389 D FiniteState: AllEventsinCity-Discover10.1Apkpure---0d79be6f44e84d21153071a07b5dcb612e0258523562d9b25000ed18674e9c85---com.google.android.gms.ads.identifier.AdvertisingIdClient---finish---null
04-03 15:17:06.566 20381 20389 D FiniteState: AllEventsinCity-Discover10.1Apkpure---0d79be6f44e84d21153071a07b5dcb612e0258523562d9b25000ed18674e9c85---com.google.android.gms.ads.identifier.AdvertisingIdClient---finalize---null
04-03 15:17:06.566 20381 20389 D FiniteState: AllEventsinCity-Discover10.1Apkpure---0d79be6f44e84d21153071a07b5dcb612e0258523562d9b25000ed18674e9c85---com.google.android.gms.ads.identifier.AdvertisingIdClient---finish---null
04-03 15:17:06.567 20381 20389 D FiniteState: AllEventsinCity-Discover10.1Apkpure---0d79be6f44e84d21153071a07b5dcb612e0258523562d9b25000ed18674e9c85---com.google.android.gms.ads.identifier.AdvertisingIdClient---finalize---null
04-03 15:17:06.567 20381 20389 D FiniteState: AllEventsinCity-Discover10.1Apkpure---0d79be6f44e84d21153071a07b5dcb612e0258523562d9b25000ed18674e9c85---com.google.android.gms.ads.identifier.AdvertisingIdClient---finish---null
04-03 15:17:06.567 20381 20389 D FiniteState: AllEventsinCity-Discover10.1Apkpure---0d79be6f44e84d21153071a07b5dcb612e0258523562d9b25000ed18674e9c85---com.google.android.gms.ads.identifier.AdvertisingIdClient---finalize---null
04-03 15:17:06.892 20381 20389 D FiniteState: AllEventsinCity-Discover10.1Apkpure---0d79be6f44e84d21153071a07b5dcb612e0258523562d9b25000ed18674e9c85---com.google.android.gms.ads.identifier.AdvertisingIdClient---finish---null
04-03 15:17:06.893 20381 20389 D FiniteState: AllEventsinCity-Discover10.1Apkpure---0d79be6f44e84d21153071a07b5dcb612e0258523562d9b25000ed18674e9c85---com.google.android.gms.ads.identifier.AdvertisingIdClient---finalize---null
04-03 15:17:06.893 20381 20389 D FiniteState: AllEventsinCity-Discover10.1Apkpure---0d79be6f44e84d21153071a07b5dcb612e0258523562d9b25000ed18674e9c85---com.google.android.gms.ads.identifier.AdvertisingIdClient---finish---null
04-03 15:17:06.893 20381 20389 D FiniteState: AllEventsinCity-Discover10.1Apkpure---0d79be6f44e84d21153071a07b5dcb612e0258523562d9b25000ed18674e9c85---com.google.android.gms.ads.identifier.AdvertisingIdClient---finalize---null
04-03 15:17:37.297 20284 20307 D FiniteState: BusinessGame8.0Apkpure---4d096ee25b14689a3cfc9748cd7d11ef0a9eb772302a1dab4526d7c51922adda---com.google.android.gms.ads.RequestConfiguration$Builder---build---null
04-03 15:17:37.297 20284 20307 D FiniteState: BusinessGame8.0Apkpure---4d096ee25b14689a3cfc9748cd7d11ef0a9eb772302a1dab4526d7c51922adda---com.google.android.gms.ads.internal.client.zzej---zzf---null
04-03 15:17:37.313 20284 20307 D FiniteState: BusinessGame8.0Apkpure---4d096ee25b14689a3cfc9748cd7d11ef0a9eb772302a1dab4526d7c51922adda---com.google.android.gms.ads.internal.client.zzej---zzA---null
04-03 15:17:37.313 20284 20307 D FiniteState: BusinessGame8.0Apkpure---4d096ee25b14689a3cfc9748cd7d11ef0a9eb772302a1dab4526d7c51922adda---com.google.android.gms.ads.internal.client.zzax---zzd---null
04-03 15:17:37.332 20284 20307 D FiniteState: BusinessGame8.0Apkpure---4d096ee25b14689a3cfc9748cd7d11ef0a9eb772302a1dab4526d7c51922adda---com.google.android.gms.ads.internal.client.zzaq---zzc---null
04-03 15:17:37.444 20284 20307 D FiniteState: BusinessGame8.0Apkpure---4d096ee25b14689a3cfc9748cd7d11ef0a9eb772302a1dab4526d7c51922adda---com.google.android.gms.ads.internal.client.zzeq---getRemoteCreator---null
04-03 15:17:37.444 20284 20307 D FiniteState: BusinessGame8.0Apkpure---4d096ee25b14689a3cfc9748cd7d11ef0a9eb772302a1dab4526d7c51922adda---com.google.android.gms.ads.internal.client.zzcp---zze---null
04-03 15:17:37.552 20284 20307 D FiniteState: BusinessGame8.0Apkpure---4d096ee25b14689a3cfc9748cd7d11ef0a9eb772302a1dab4526d7c51922adda---com.google.android.gms.ads.internal.client.LiteSdkInfo---getLiteSdkVersion---null
04-03 15:17:37.552 20284 20307 D FiniteState: BusinessGame8.0Apkpure---4d096ee25b14689a3cfc9748cd7d11ef0a9eb772302a1dab4526d7c51922adda---com.google.android.gms.ads.internal.client.zzen---writeToParcel---null
04-03 15:17:37.555 20284 20307 D FiniteState: BusinessGame8.0Apkpure---4d096ee25b14689a3cfc9748cd7d11ef0a9eb772302a1dab4526d7c51922adda---com.google.android.gms.ads.internal.client.zzeq---zza---null
04-03 15:17:37.555 20284 20307 D FiniteState: BusinessGame8.0Apkpure---4d096ee25b14689a3cfc9748cd7d11ef0a9eb772302a1dab4526d7c51922adda---com.google.android.gms.ads.internal.client.zzcm---zzs---null
04-03 15:17:37.556 20284 20307 D FiniteState: BusinessGame8.0Apkpure---4d096ee25b14689a3cfc9748cd7d11ef0a9eb772302a1dab4526d7c51922adda---com.google.android.gms.ads.internal.client.zzcm---zzo---null
04-03 15:17:37.557 20284 20307 D FiniteState: BusinessGame8.0Apkpure---4d096ee25b14689a3cfc9748cd7d11ef0a9eb772302a1dab4526d7c51922adda---com.google.android.gms.ads.internal.client.zzej---zzz---null
04-03 15:17:37.560 20284 20307 D FiniteState: BusinessGame8.0Apkpure---4d096ee25b14689a3cfc9748cd7d11ef0a9eb772302a1dab4526d7c51922adda---com.google.android.gms.ads.internal.client.zzcm---zzk---null
04-03 15:17:37.560 20284 20307 D FiniteState: BusinessGame8.0Apkpure---4d096ee25b14689a3cfc9748cd7d11ef0a9eb772302a1dab4526d7c51922adda---com.google.android.gms.ads.internal.client.zzcm---zzl---null
04-03 15:17:37.569 20284 20307 D FiniteState: BusinessGame8.0Apkpure---4d096ee25b14689a3cfc9748cd7d11ef0a9eb772302a1dab4526d7c51922adda---com.google.android.gms.ads.MobileAds---initialize---null
04-03 15:17:37.635 20284 20307 D FiniteState: BusinessGame8.0Apkpure---4d096ee25b14689a3cfc9748cd7d11ef0a9eb772302a1dab4526d7c51922adda---com.google.android.gms.ads.internal.client.zzdw---zzv---null
04-03 15:17:37.636 20284 20307 D FiniteState: BusinessGame8.0Apkpure---4d096ee25b14689a3cfc9748cd7d11ef0a9eb772302a1dab4526d7c51922adda---com.google.android.gms.ads.AdRequest$Builder---setRequestAgent---null
04-03 15:17:37.641 20284 20307 D FiniteState: BusinessGame8.0Apkpure---4d096ee25b14689a3cfc9748cd7d11ef0a9eb772302a1dab4526d7c51922adda---com.google.android.gms.ads.internal.client.zzdw---zzt---null
04-03 15:17:37.641 20284 20307 D FiniteState: BusinessGame8.0Apkpure---4d096ee25b14689a3cfc9748cd7d11ef0a9eb772302a1dab4526d7c51922adda---com.google.android.gms.ads.AdRequest$Builder---addNetworkExtrasBundle---null
04-03 15:17:37.642 20284 20307 D FiniteState: BusinessGame8.0Apkpure---4d096ee25b14689a3cfc9748cd7d11ef0a9eb772302a1dab4526d7c51922adda---com.google.android.gms.ads.AdRequest$Builder---build---null
04-03 15:17:37.648 20284 20307 D FiniteState: BusinessGame8.0Apkpure---4d096ee25b14689a3cfc9748cd7d11ef0a9eb772302a1dab4526d7c51922adda---com.google.android.gms.ads.internal.client.zzdw---zzv---null
04-03 15:17:37.648 20284 20307 D FiniteState: BusinessGame8.0Apkpure---4d096ee25b14689a3cfc9748cd7d11ef0a9eb772302a1dab4526d7c51922adda---com.google.android.gms.ads.AdRequest$Builder---setRequestAgent---null
04-03 15:17:37.648 20284 20307 D FiniteState: BusinessGame8.0Apkpure---4d096ee25b14689a3cfc9748cd7d11ef0a9eb772302a1dab4526d7c51922adda---com.google.android.gms.ads.internal.client.zzdw---zzt---null
04-03 15:17:37.649 20284 20307 D FiniteState: BusinessGame8.0Apkpure---4d096ee25b14689a3cfc9748cd7d11ef0a9eb772302a1dab4526d7c51922adda---com.google.android.gms.ads.AdRequest$Builder---addNetworkExtrasBundle---null
04-03 15:17:37.649 20284 20307 D FiniteState: BusinessGame8.0Apkpure---4d096ee25b14689a3cfc9748cd7d11ef0a9eb772302a1dab4526d7c51922adda---com.google.android.gms.ads.AdRequest$Builder---build---null
04-03 15:17:37.652 20284 20307 D FiniteState: BusinessGame8.0Apkpure---4d096ee25b14689a3cfc9748cd7d11ef0a9eb772302a1dab4526d7c51922adda---com.google.android.gms.ads.internal.client.zzdw---zzv---null
04-03 15:17:37.653 20284 20307 D FiniteState: BusinessGame8.0Apkpure---4d096ee25b14689a3cfc9748cd7d11ef0a9eb772302a1dab4526d7c51922adda---com.google.android.gms.ads.AdRequest$Builder---setRequestAgent---null
04-03 15:17:37.654 20284 20307 D FiniteState: BusinessGame8.0Apkpure---4d096ee25b14689a3cfc9748cd7d11ef0a9eb772302a1dab4526d7c51922adda---com.google.android.gms.ads.internal.client.zzdw---zzt---null
04-03 15:17:37.654 20284 20307 D FiniteState: BusinessGame8.0Apkpure---4d096ee25b14689a3cfc9748cd7d11ef0a9eb772302a1dab4526d7c51922adda---com.google.android.gms.ads.AdRequest$Builder---addNetworkExtrasBundle---null
04-03 15:17:37.654 20284 20307 D FiniteState: BusinessGame8.0Apkpure---4d096ee25b14689a3cfc9748cd7d11ef0a9eb772302a1dab4526d7c51922adda---com.google.android.gms.ads.AdRequest$Builder---build---null
04-03 15:17:37.660 20284 20307 D FiniteState: BusinessGame8.0Apkpure---4d096ee25b14689a3cfc9748cd7d11ef0a9eb772302a1dab4526d7c51922adda---com.google.android.gms.ads.internal.client.zzdw---zzv---null
04-03 15:17:37.660 20284 20307 D FiniteState: BusinessGame8.0Apkpure---4d096ee25b14689a3cfc9748cd7d11ef0a9eb772302a1dab4526d7c51922adda---com.google.android.gms.ads.AdRequest$Builder---setRequestAgent---null
04-03 15:17:37.661 20284 20307 D FiniteState: BusinessGame8.0Apkpure---4d096ee25b14689a3cfc9748cd7d11ef0a9eb772302a1dab4526d7c51922adda---com.google.android.gms.ads.internal.client.zzdw---zzt---null
04-03 15:17:37.661 20284 20307 D FiniteState: BusinessGame8.0Apkpure---4d096ee25b14689a3cfc9748cd7d11ef0a9eb772302a1dab4526d7c51922adda---com.google.android.gms.ads.AdRequest$Builder---addNetworkExtrasBundle---null
04-03 15:17:37.661 20284 20307 D FiniteState: BusinessGame8.0Apkpure---4d096ee25b14689a3cfc9748cd7d11ef0a9eb772302a1dab4526d7c51922adda---com.google.android.gms.ads.AdRequest$Builder---build---null
04-03 15:17:39.266 20284 20284 D FiniteState: BusinessGame8.0Apkpure---4d096ee25b14689a3cfc9748cd7d11ef0a9eb772302a1dab4526d7c51922adda---com.google.android.gms.ads.BaseAdView---setAdUnitId---null
04-03 15:17:39.266 20284 20284 D FiniteState: BusinessGame8.0Apkpure---4d096ee25b14689a3cfc9748cd7d11ef0a9eb772302a1dab4526d7c51922adda---com.google.android.gms.ads.internal.client.zzea---zzs---null
04-03 15:17:39.266 20284 20284 D FiniteState: BusinessGame8.0Apkpure---4d096ee25b14689a3cfc9748cd7d11ef0a9eb772302a1dab4526d7c51922adda---com.google.android.gms.ads.BaseAdView---setAdSize---null
04-03 15:17:39.266 20284 20284 D FiniteState: BusinessGame8.0Apkpure---4d096ee25b14689a3cfc9748cd7d11ef0a9eb772302a1dab4526d7c51922adda---com.google.android.gms.ads.internal.client.zzea---zzr---null
04-03 15:17:39.267 20284 20284 D FiniteState: BusinessGame8.0Apkpure---4d096ee25b14689a3cfc9748cd7d11ef0a9eb772302a1dab4526d7c51922adda---com.google.android.gms.ads.BaseAdView---setAdListener---null
04-03 15:17:39.267 20284 20284 D FiniteState: BusinessGame8.0Apkpure---4d096ee25b14689a3cfc9748cd7d11ef0a9eb772302a1dab4526d7c51922adda---com.google.android.gms.ads.BaseAdView---setOnPaidEventListener---null
04-03 15:17:39.270 20284 20284 D FiniteState: BusinessGame8.0Apkpure---4d096ee25b14689a3cfc9748cd7d11ef0a9eb772302a1dab4526d7c51922adda---com.google.android.gms.ads.BaseAdView---loadAd---null
04-03 15:17:39.271 20284 20284 D FiniteState: BusinessGame8.0Apkpure---4d096ee25b14689a3cfc9748cd7d11ef0a9eb772302a1dab4526d7c51922adda---com.google.android.gms.ads.internal.client.zzea---zzC---null
04-03 15:17:39.271 20284 20284 D FiniteState: BusinessGame8.0Apkpure---4d096ee25b14689a3cfc9748cd7d11ef0a9eb772302a1dab4526d7c51922adda---com.google.android.gms.ads.internal.client.zzax---zzd---null
04-03 15:17:39.290 20284 20284 D FiniteState: BusinessGame8.0Apkpure---4d096ee25b14689a3cfc9748cd7d11ef0a9eb772302a1dab4526d7c51922adda---com.google.android.gms.ads.internal.client.zzk---zza---null
04-03 15:17:39.295 20284 20284 D FiniteState: BusinessGame8.0Apkpure---4d096ee25b14689a3cfc9748cd7d11ef0a9eb772302a1dab4526d7c51922adda---com.google.android.gms.ads.internal.client.zzk---getRemoteCreator---null
04-03 15:17:39.296 20284 20284 D FiniteState: BusinessGame8.0Apkpure---4d096ee25b14689a3cfc9748cd7d11ef0a9eb772302a1dab4526d7c51922adda---com.google.android.gms.ads.internal.client.zzbv---zze---null
04-03 15:17:39.296 20284 20284 D FiniteState: BusinessGame8.0Apkpure---4d096ee25b14689a3cfc9748cd7d11ef0a9eb772302a1dab4526d7c51922adda---com.google.android.gms.ads.internal.client.zzq---writeToParcel---null
04-03 15:17:39.318 20284 20284 D FiniteState: BusinessGame8.0Apkpure---4d096ee25b14689a3cfc9748cd7d11ef0a9eb772302a1dab4526d7c51922adda---com.google.android.gms.ads.internal.client.zzbs---zzD---null
04-03 15:17:39.323 20284 20284 D FiniteState: BusinessGame8.0Apkpure---4d096ee25b14689a3cfc9748cd7d11ef0a9eb772302a1dab4526d7c51922adda---com.google.android.gms.ads.internal.client.zzbs---zzP---null
04-03 15:17:39.324 20284 20284 D FiniteState: BusinessGame8.0Apkpure---4d096ee25b14689a3cfc9748cd7d11ef0a9eb772302a1dab4526d7c51922adda---com.google.android.gms.ads.internal.client.zzbs---zzN---null
04-03 15:17:39.326 20284 20284 D FiniteState: BusinessGame8.0Apkpure---4d096ee25b14689a3cfc9748cd7d11ef0a9eb772302a1dab4526d7c51922adda---com.google.android.gms.ads.internal.client.zzbs---zzn---null
04-03 15:17:39.328 20284 20284 D FiniteState: BusinessGame8.0Apkpure---4d096ee25b14689a3cfc9748cd7d11ef0a9eb772302a1dab4526d7c51922adda---com.google.android.gms.ads.internal.client.zzdx---zzs---null
04-03 15:17:39.328 20284 20284 D FiniteState: BusinessGame8.0Apkpure---4d096ee25b14689a3cfc9748cd7d11ef0a9eb772302a1dab4526d7c51922adda---com.google.android.gms.ads.RequestConfiguration---getTestDeviceIds---null
04-03 15:17:39.341 20284 20284 D FiniteState: BusinessGame8.0Apkpure---4d096ee25b14689a3cfc9748cd7d11ef0a9eb772302a1dab4526d7c51922adda---com.google.android.gms.ads.internal.client.zzdx---zzo---null
04-03 15:17:39.342 20284 20284 D FiniteState: BusinessGame8.0Apkpure---4d096ee25b14689a3cfc9748cd7d11ef0a9eb772302a1dab4526d7c51922adda---com.google.android.gms.ads.internal.client.zzl---writeToParcel---null
04-03 15:17:39.342 20284 20284 D FiniteState: BusinessGame8.0Apkpure---4d096ee25b14689a3cfc9748cd7d11ef0a9eb772302a1dab4526d7c51922adda---com.google.android.gms.ads.internal.client.zzbs---zzaa---null
04-03 15:17:39.559 20284 20284 D FiniteState: BusinessGame8.0Apkpure---4d096ee25b14689a3cfc9748cd7d11ef0a9eb772302a1dab4526d7c51922adda---com.google.android.gms.ads.internal.client.LiteSdkInfo---getLiteSdkVersion---null
04-03 15:17:39.559 20284 20284 D FiniteState: BusinessGame8.0Apkpure---4d096ee25b14689a3cfc9748cd7d11ef0a9eb772302a1dab4526d7c51922adda---com.google.android.gms.ads.internal.client.zzen---writeToParcel---null
04-03 15:17:39.589 20284 20284 D FiniteState: BusinessGame8.0Apkpure---4d096ee25b14689a3cfc9748cd7d11ef0a9eb772302a1dab4526d7c51922adda---com.google.android.gms.ads.internal.client.LiteSdkInfo---getLiteSdkVersion---null
04-03 15:17:39.589 20284 20284 D FiniteState: BusinessGame8.0Apkpure---4d096ee25b14689a3cfc9748cd7d11ef0a9eb772302a1dab4526d7c51922adda---com.google.android.gms.ads.internal.client.zzen---writeToParcel---null
04-03 15:17:39.884 20284 20284 D FiniteState: BusinessGame8.0Apkpure---4d096ee25b14689a3cfc9748cd7d11ef0a9eb772302a1dab4526d7c51922adda---com.google.android.gms.ads.BaseAdView---resume---null
04-03 15:17:39.887 20284 20284 D FiniteState: BusinessGame8.0Apkpure---4d096ee25b14689a3cfc9748cd7d11ef0a9eb772302a1dab4526d7c51922adda---com.google.android.gms.ads.internal.client.zzbs---zzB---null
04-03 15:17:39.887 20284 20284 D FiniteState: BusinessGame8.0Apkpure---4d096ee25b14689a3cfc9748cd7d11ef0a9eb772302a1dab4526d7c51922adda---com.google.android.gms.ads.internal.client.zzea---zzp---null
04-03 15:17:39.887 20284 20284 D FiniteState: BusinessGame8.0Apkpure---4d096ee25b14689a3cfc9748cd7d11ef0a9eb772302a1dab4526d7c51922adda---com.google.android.gms.ads.interstitial.InterstitialAd---load---null
04-03 15:17:39.889 20284 20284 D FiniteState: BusinessGame8.0Apkpure---4d096ee25b14689a3cfc9748cd7d11ef0a9eb772302a1dab4526d7c51922adda---com.google.android.gms.ads.internal.client.zzaw---zze---null
04-03 15:17:39.889 20284 20284 D FiniteState: BusinessGame8.0Apkpure---4d096ee25b14689a3cfc9748cd7d11ef0a9eb772302a1dab4526d7c51922adda---com.google.android.gms.ads.internal.client.zzax---zzd---null
04-03 15:17:39.906 20284 20284 D FiniteState: BusinessGame8.0Apkpure---4d096ee25b14689a3cfc9748cd7d11ef0a9eb772302a1dab4526d7c51922adda---com.google.android.gms.ads.internal.client.zzk---zza---null
04-03 15:17:39.906 20284 20284 D FiniteState: BusinessGame8.0Apkpure---4d096ee25b14689a3cfc9748cd7d11ef0a9eb772302a1dab4526d7c51922adda---com.google.android.gms.ads.internal.client.zzbv---zze---null
04-03 15:17:39.906 20284 20284 D FiniteState: BusinessGame8.0Apkpure---4d096ee25b14689a3cfc9748cd7d11ef0a9eb772302a1dab4526d7c51922adda---com.google.android.gms.ads.internal.client.zzq---writeToParcel---null
04-03 15:17:39.915 20284 20284 D FiniteState: BusinessGame8.0Apkpure---4d096ee25b14689a3cfc9748cd7d11ef0a9eb772302a1dab4526d7c51922adda---com.google.android.gms.ads.internal.client.zzdx---zzs---null
04-03 15:17:39.915 20284 20284 D FiniteState: BusinessGame8.0Apkpure---4d096ee25b14689a3cfc9748cd7d11ef0a9eb772302a1dab4526d7c51922adda---com.google.android.gms.ads.RequestConfiguration---getTestDeviceIds---null
04-03 15:17:39.922 20284 20284 D FiniteState: BusinessGame8.0Apkpure---4d096ee25b14689a3cfc9748cd7d11ef0a9eb772302a1dab4526d7c51922adda---com.google.android.gms.ads.internal.client.zzdx---zzo---null
04-03 15:17:39.925 20284 20284 D FiniteState: BusinessGame8.0Apkpure---4d096ee25b14689a3cfc9748cd7d11ef0a9eb772302a1dab4526d7c51922adda---com.google.android.gms.ads.internal.client.zzl---writeToParcel---null
04-03 15:17:39.925 20284 20284 D FiniteState: BusinessGame8.0Apkpure---4d096ee25b14689a3cfc9748cd7d11ef0a9eb772302a1dab4526d7c51922adda---com.google.android.gms.ads.internal.client.zzbs---zzy---null
04-03 15:17:39.961 20284 20284 D FiniteState: BusinessGame8.0Apkpure---4d096ee25b14689a3cfc9748cd7d11ef0a9eb772302a1dab4526d7c51922adda---com.google.android.gms.ads.internal.client.LiteSdkInfo---getLiteSdkVersion---null
04-03 15:17:39.961 20284 20284 D FiniteState: BusinessGame8.0Apkpure---4d096ee25b14689a3cfc9748cd7d11ef0a9eb772302a1dab4526d7c51922adda---com.google.android.gms.ads.internal.client.zzen---writeToParcel---null
04-03 15:17:39.977 20284 20284 D FiniteState: BusinessGame8.0Apkpure---4d096ee25b14689a3cfc9748cd7d11ef0a9eb772302a1dab4526d7c51922adda---com.google.android.gms.ads.internal.client.LiteSdkInfo---getLiteSdkVersion---null
04-03 15:17:39.977 20284 20284 D FiniteState: BusinessGame8.0Apkpure---4d096ee25b14689a3cfc9748cd7d11ef0a9eb772302a1dab4526d7c51922adda---com.google.android.gms.ads.internal.client.zzen---writeToParcel---null
04-03 15:17:40.017 20284 20284 D FiniteState: BusinessGame8.0Apkpure---4d096ee25b14689a3cfc9748cd7d11ef0a9eb772302a1dab4526d7c51922adda---com.google.android.gms.ads.appopen.AppOpenAd---load---null
04-03 15:17:40.022 20284 20284 D FiniteState: BusinessGame8.0Apkpure---4d096ee25b14689a3cfc9748cd7d11ef0a9eb772302a1dab4526d7c51922adda---com.google.android.gms.ads.internal.client.zzq---zzb---null
04-03 15:17:40.023 20284 20284 D FiniteState: BusinessGame8.0Apkpure---4d096ee25b14689a3cfc9748cd7d11ef0a9eb772302a1dab4526d7c51922adda---com.google.android.gms.ads.internal.client.zzaw---zzd---null
04-03 15:17:40.023 20284 20284 D FiniteState: BusinessGame8.0Apkpure---4d096ee25b14689a3cfc9748cd7d11ef0a9eb772302a1dab4526d7c51922adda---com.google.android.gms.ads.internal.client.zzax---zzd---null
04-03 15:17:40.040 20284 20284 D FiniteState: BusinessGame8.0Apkpure---4d096ee25b14689a3cfc9748cd7d11ef0a9eb772302a1dab4526d7c51922adda---com.google.android.gms.ads.internal.client.zzk---zza---null
04-03 15:17:40.040 20284 20284 D FiniteState: BusinessGame8.0Apkpure---4d096ee25b14689a3cfc9748cd7d11ef0a9eb772302a1dab4526d7c51922adda---com.google.android.gms.ads.internal.client.zzbv---zze---null
04-03 15:17:40.040 20284 20284 D FiniteState: BusinessGame8.0Apkpure---4d096ee25b14689a3cfc9748cd7d11ef0a9eb772302a1dab4526d7c51922adda---com.google.android.gms.ads.internal.client.zzq---writeToParcel---null
04-03 15:17:40.049 20284 20284 D FiniteState: BusinessGame8.0Apkpure---4d096ee25b14689a3cfc9748cd7d11ef0a9eb772302a1dab4526d7c51922adda---com.google.android.gms.ads.internal.client.zzw---writeToParcel---null
04-03 15:17:40.050 20284 20284 D FiniteState: BusinessGame8.0Apkpure---4d096ee25b14689a3cfc9748cd7d11ef0a9eb772302a1dab4526d7c51922adda---com.google.android.gms.ads.internal.client.zzbs---zzI---null
04-03 15:17:40.052 20284 20284 D FiniteState: BusinessGame8.0Apkpure---4d096ee25b14689a3cfc9748cd7d11ef0a9eb772302a1dab4526d7c51922adda---com.google.android.gms.ads.internal.client.zzbs---zzH---null
04-03 15:17:40.053 20284 20284 D FiniteState: BusinessGame8.0Apkpure---4d096ee25b14689a3cfc9748cd7d11ef0a9eb772302a1dab4526d7c51922adda---com.google.android.gms.ads.internal.client.zzdx---zzs---null
04-03 15:17:40.054 20284 20284 D FiniteState: BusinessGame8.0Apkpure---4d096ee25b14689a3cfc9748cd7d11ef0a9eb772302a1dab4526d7c51922adda---com.google.android.gms.ads.RequestConfiguration---getTestDeviceIds---null
04-03 15:17:40.055 20284 20284 D FiniteState: BusinessGame8.0Apkpure---4d096ee25b14689a3cfc9748cd7d11ef0a9eb772302a1dab4526d7c51922adda---com.google.android.gms.ads.internal.client.zzdx---zzo---null
04-03 15:17:40.056 20284 20284 D FiniteState: BusinessGame8.0Apkpure---4d096ee25b14689a3cfc9748cd7d11ef0a9eb772302a1dab4526d7c51922adda---com.google.android.gms.ads.internal.client.zzl---writeToParcel---null
04-03 15:17:40.056 20284 20284 D FiniteState: BusinessGame8.0Apkpure---4d096ee25b14689a3cfc9748cd7d11ef0a9eb772302a1dab4526d7c51922adda---com.google.android.gms.ads.internal.client.zzbs---zzaa---null
04-03 15:17:40.074 20284 20284 D FiniteState: BusinessGame8.0Apkpure---4d096ee25b14689a3cfc9748cd7d11ef0a9eb772302a1dab4526d7c51922adda---com.google.android.gms.ads.internal.client.LiteSdkInfo---getLiteSdkVersion---null
04-03 15:17:40.074 20284 20284 D FiniteState: BusinessGame8.0Apkpure---4d096ee25b14689a3cfc9748cd7d11ef0a9eb772302a1dab4526d7c51922adda---com.google.android.gms.ads.internal.client.zzen---writeToParcel---null
04-03 15:17:40.079 20284 20284 D FiniteState: BusinessGame8.0Apkpure---4d096ee25b14689a3cfc9748cd7d11ef0a9eb772302a1dab4526d7c51922adda---com.google.android.gms.ads.internal.client.LiteSdkInfo---getLiteSdkVersion---null
04-03 15:17:40.079 20284 20284 D FiniteState: BusinessGame8.0Apkpure---4d096ee25b14689a3cfc9748cd7d11ef0a9eb772302a1dab4526d7c51922adda---com.google.android.gms.ads.internal.client.zzen---writeToParcel---null
04-03 15:17:40.109 20284 20284 D FiniteState: BusinessGame8.0Apkpure---4d096ee25b14689a3cfc9748cd7d11ef0a9eb772302a1dab4526d7c51922adda---com.google.android.gms.ads.rewarded.RewardedAd---load---null
04-03 15:17:40.110 20284 20284 D FiniteState: BusinessGame8.0Apkpure---4d096ee25b14689a3cfc9748cd7d11ef0a9eb772302a1dab4526d7c51922adda---com.google.android.gms.ads.internal.client.zzaw---zzq---null
04-03 15:17:40.110 20284 20284 D FiniteState: BusinessGame8.0Apkpure---4d096ee25b14689a3cfc9748cd7d11ef0a9eb772302a1dab4526d7c51922adda---com.google.android.gms.ads.internal.client.zzax---zzd---null
04-03 15:17:40.144 20284 20284 D FiniteState: BusinessGame8.0Apkpure---4d096ee25b14689a3cfc9748cd7d11ef0a9eb772302a1dab4526d7c51922adda---com.google.android.gms.ads.internal.client.zzdx---zzs---null
04-03 15:17:40.145 20284 20284 D FiniteState: BusinessGame8.0Apkpure---4d096ee25b14689a3cfc9748cd7d11ef0a9eb772302a1dab4526d7c51922adda---com.google.android.gms.ads.RequestConfiguration---getTestDeviceIds---null
04-03 15:17:40.146 20284 20284 D FiniteState: BusinessGame8.0Apkpure---4d096ee25b14689a3cfc9748cd7d11ef0a9eb772302a1dab4526d7c51922adda---com.google.android.gms.ads.internal.client.zzdx---zzo---null
04-03 15:17:40.148 20284 20284 D FiniteState: BusinessGame8.0Apkpure---4d096ee25b14689a3cfc9748cd7d11ef0a9eb772302a1dab4526d7c51922adda---com.google.android.gms.ads.internal.client.zzl---writeToParcel---null
04-03 15:17:40.173 20284 20284 D FiniteState: BusinessGame8.0Apkpure---4d096ee25b14689a3cfc9748cd7d11ef0a9eb772302a1dab4526d7c51922adda---com.google.android.gms.ads.internal.client.LiteSdkInfo---getLiteSdkVersion---null
